:: TPA_CFG='net { name=enp33s0f1np1; mac=38:25:f3:79:98:2f; ip=172.24.1.3; mask=255.255.255.0; gw=10.0.0.1; ip6=fe80::3a25:f3ff:fe79:982f/64; } dpdk { pci=0000:21:00.1; } tcp {tso = 0; } dpdk { socket-mem = 8192; mbuf_mem_size = 6GB; }'
:: cmd=/home/acclnode14/libtpa/build/bin/app/fperf -c 172.24.1.52 -p 2888 -S 0 -t rr -d 30 -n 1 -m 1024 -X 1024 -R 64 -C 1 -Z 1 -K 0 -L 1 -D /tmp/fe8dt24h7b
EAL: Detected CPU lcores: 64
EAL: Detected NUMA nodes: 1
EAL: Detected static linkage of DPDK
EAL: Selected IOVA mode 'VA'
EAL: Probe PCI driver: mlx5_pci (15b3:101d) device: 0000:21:00.1 (socket 0)
    0 RR .0 min=7.42us avg=8.13us max=130.82us read(Gbits/sec)=0.014 write(Gbits/sec)=0.224 count=27363
    0 RR Total-Throughput read(Gbits/sec)=0.014 write(Gbits/sec)=0.224
    1 RR .0 min=7.42us avg=17.46us max=923467.78us read(Gbits/sec)=0.052 write(Gbits/sec)=0.826 count=100858
    1 RR Total-Throughput read(Gbits/sec)=0.052 write(Gbits/sec)=0.826
    2 RR .0 min=7.42us avg=8.18us max=45.31us read(Gbits/sec)=0.062 write(Gbits/sec)=0.990 count=120822
    2 RR Total-Throughput read(Gbits/sec)=0.062 write(Gbits/sec)=0.990
    3 RR .0 min=7.42us avg=8.17us max=44.03us read(Gbits/sec)=0.062 write(Gbits/sec)=0.991 count=120920
    3 RR Total-Throughput read(Gbits/sec)=0.062 write(Gbits/sec)=0.991
    4 RR .0 min=7.42us avg=8.19us max=50.43us read(Gbits/sec)=0.062 write(Gbits/sec)=0.989 count=120723
    4 RR Total-Throughput read(Gbits/sec)=0.062 write(Gbits/sec)=0.989
    5 RR .0 min=7.42us avg=8.19us max=57.86us read(Gbits/sec)=0.062 write(Gbits/sec)=0.989 count=120743
    5 RR Total-Throughput read(Gbits/sec)=0.062 write(Gbits/sec)=0.989
    6 RR .0 min=7.42us avg=8.18us max=52.74us read(Gbits/sec)=0.062 write(Gbits/sec)=0.990 count=120890
    6 RR Total-Throughput read(Gbits/sec)=0.062 write(Gbits/sec)=0.990
    7 RR .0 min=7.42us avg=8.18us max=55.55us read(Gbits/sec)=0.062 write(Gbits/sec)=0.990 count=120816
    7 RR Total-Throughput read(Gbits/sec)=0.062 write(Gbits/sec)=0.990
    8 RR .0 min=7.42us avg=8.18us max=57.09us read(Gbits/sec)=0.062 write(Gbits/sec)=0.990 count=120897
    8 RR Total-Throughput read(Gbits/sec)=0.062 write(Gbits/sec)=0.990
    9 RR .0 min=7.42us avg=8.19us max=53.25us read(Gbits/sec)=0.062 write(Gbits/sec)=0.988 count=120636
    9 RR Total-Throughput read(Gbits/sec)=0.062 write(Gbits/sec)=0.988
   10 RR .0 min=7.42us avg=8.20us max=51.20us read(Gbits/sec)=0.062 write(Gbits/sec)=0.988 count=120626
   10 RR Total-Throughput read(Gbits/sec)=0.062 write(Gbits/sec)=0.988
   11 RR .0 min=7.42us avg=8.20us max=49.41us read(Gbits/sec)=0.062 write(Gbits/sec)=0.988 count=120573
   11 RR Total-Throughput read(Gbits/sec)=0.062 write(Gbits/sec)=0.988
   12 RR .0 min=7.42us avg=8.18us max=48.38us read(Gbits/sec)=0.062 write(Gbits/sec)=0.990 count=120803
   12 RR Total-Throughput read(Gbits/sec)=0.062 write(Gbits/sec)=0.990
   13 RR .0 min=7.42us avg=8.19us max=58.62us read(Gbits/sec)=0.062 write(Gbits/sec)=0.989 count=120690
   13 RR Total-Throughput read(Gbits/sec)=0.062 write(Gbits/sec)=0.989
   14 RR .0 min=7.42us avg=8.20us max=45.31us read(Gbits/sec)=0.062 write(Gbits/sec)=0.988 count=120611
   14 RR Total-Throughput read(Gbits/sec)=0.062 write(Gbits/sec)=0.988
   15 RR .0 min=7.42us avg=8.20us max=45.82us read(Gbits/sec)=0.062 write(Gbits/sec)=0.988 count=120549
   15 RR Total-Throughput read(Gbits/sec)=0.062 write(Gbits/sec)=0.988
   16 RR .0 min=7.42us avg=8.20us max=48.90us read(Gbits/sec)=0.062 write(Gbits/sec)=0.988 count=120610
   16 RR Total-Throughput read(Gbits/sec)=0.062 write(Gbits/sec)=0.988
   17 RR .0 min=7.42us avg=8.19us max=56.83us read(Gbits/sec)=0.062 write(Gbits/sec)=0.988 count=120635
   17 RR Total-Throughput read(Gbits/sec)=0.062 write(Gbits/sec)=0.988
   18 RR .0 min=7.42us avg=8.18us max=55.04us read(Gbits/sec)=0.062 write(Gbits/sec)=0.990 count=120887
   18 RR Total-Throughput read(Gbits/sec)=0.062 write(Gbits/sec)=0.990
   19 RR .0 min=7.42us avg=8.18us max=58.11us read(Gbits/sec)=0.062 write(Gbits/sec)=0.990 count=120868
   19 RR Total-Throughput read(Gbits/sec)=0.062 write(Gbits/sec)=0.990
   20 RR .0 min=7.42us avg=8.20us max=49.15us read(Gbits/sec)=0.062 write(Gbits/sec)=0.988 count=120637
   20 RR Total-Throughput read(Gbits/sec)=0.062 write(Gbits/sec)=0.988
   21 RR .0 min=7.42us avg=8.21us max=49.15us read(Gbits/sec)=0.062 write(Gbits/sec)=0.987 count=120442
   21 RR Total-Throughput read(Gbits/sec)=0.062 write(Gbits/sec)=0.987
   22 RR .0 min=7.42us avg=8.18us max=53.25us read(Gbits/sec)=0.062 write(Gbits/sec)=0.991 count=120914
   22 RR Total-Throughput read(Gbits/sec)=0.062 write(Gbits/sec)=0.991
   23 RR .0 min=7.42us avg=8.21us max=45.06us read(Gbits/sec)=0.062 write(Gbits/sec)=0.987 count=120487
   23 RR Total-Throughput read(Gbits/sec)=0.062 write(Gbits/sec)=0.987
   24 RR .0 min=7.42us avg=8.17us max=41.47us read(Gbits/sec)=0.062 write(Gbits/sec)=0.991 count=121002
   24 RR Total-Throughput read(Gbits/sec)=0.062 write(Gbits/sec)=0.991
   25 RR .0 min=7.42us avg=8.19us max=59.14us read(Gbits/sec)=0.062 write(Gbits/sec)=0.989 count=120697
   25 RR Total-Throughput read(Gbits/sec)=0.062 write(Gbits/sec)=0.989
   26 RR .0 min=7.42us avg=8.19us max=46.85us read(Gbits/sec)=0.062 write(Gbits/sec)=0.989 count=120697
   26 RR Total-Throughput read(Gbits/sec)=0.062 write(Gbits/sec)=0.989
   27 RR .0 min=7.42us avg=8.20us max=46.34us read(Gbits/sec)=0.062 write(Gbits/sec)=0.988 count=120637
   27 RR Total-Throughput read(Gbits/sec)=0.062 write(Gbits/sec)=0.988
   28 RR .0 min=7.42us avg=8.17us max=49.92us read(Gbits/sec)=0.062 write(Gbits/sec)=0.991 count=121032
   28 RR Total-Throughput read(Gbits/sec)=0.062 write(Gbits/sec)=0.991
   29 RR .0 min=7.42us avg=8.09us max=172.29us read(Gbits/sec)=0.063 write(Gbits/sec)=1.001 count=122220
   29 RR Total-Throughput read(Gbits/sec)=0.063 write(Gbits/sec)=1.001

---
 0 nr_conn=1 nr_zero_io_conn=0
exiting client: 0
