:: TPA_CFG='net { name=enp33s0f1np1; mac=38:25:f3:79:98:2f; ip=172.24.1.3; mask=255.255.255.0; gw=10.0.0.1; ip6=fe80::3a25:f3ff:fe79:982f/64; } dpdk { pci=0000:21:00.1; } tcp {tso = 0; } dpdk { socket-mem = 8192; mbuf_mem_size = 6GB; }'
:: cmd=/home/acclnode14/libtpa/build/bin/app/fperf -c 172.24.1.52 -p 2888 -S 2 -t rr -d 30 -n 1 -m 1024 -X 1024 -R 960 -C 1 -Z 1 -K 3 -L 1 -D /tmp/fecybge86w
EAL: Detected CPU lcores: 64
EAL: Detected NUMA nodes: 1
EAL: Detected static linkage of DPDK
EAL: Selected IOVA mode 'VA'
EAL: Probe PCI driver: mlx5_pci (15b3:101d) device: 0000:21:00.1 (socket 0)
    0 RR .0 min=8.96us avg=9.43us max=16.64us read(Gbits/sec)=0.133 write(Gbits/sec)=0.142 count=17302
    0 RR Total-Throughput read(Gbits/sec)=0.133 write(Gbits/sec)=0.142
    1 RR .0 min=9.22us avg=20.20us max=954650.88us read(Gbits/sec)=0.687 write(Gbits/sec)=0.733 count=89510
    1 RR Total-Throughput read(Gbits/sec)=0.687 write(Gbits/sec)=0.733
    2 RR .0 min=9.22us avg=9.39us max=46.08us read(Gbits/sec)=0.809 write(Gbits/sec)=0.863 count=105361
    2 RR Total-Throughput read(Gbits/sec)=0.809 write(Gbits/sec)=0.863
    3 RR .0 min=9.22us avg=9.39us max=48.13us read(Gbits/sec)=0.810 write(Gbits/sec)=0.864 count=105409
    3 RR Total-Throughput read(Gbits/sec)=0.810 write(Gbits/sec)=0.864
    4 RR .0 min=9.22us avg=9.39us max=50.43us read(Gbits/sec)=0.809 write(Gbits/sec)=0.863 count=105397
    4 RR Total-Throughput read(Gbits/sec)=0.809 write(Gbits/sec)=0.863
    5 RR .0 min=9.22us avg=9.39us max=45.06us read(Gbits/sec)=0.810 write(Gbits/sec)=0.864 count=105425
    5 RR Total-Throughput read(Gbits/sec)=0.810 write(Gbits/sec)=0.864
    6 RR .0 min=9.22us avg=9.39us max=57.34us read(Gbits/sec)=0.809 write(Gbits/sec)=0.863 count=105391
    6 RR Total-Throughput read(Gbits/sec)=0.809 write(Gbits/sec)=0.863
    7 RR .0 min=9.22us avg=9.40us max=57.09us read(Gbits/sec)=0.809 write(Gbits/sec)=0.863 count=105352
    7 RR Total-Throughput read(Gbits/sec)=0.809 write(Gbits/sec)=0.863
    8 RR .0 min=9.22us avg=9.39us max=57.34us read(Gbits/sec)=0.809 write(Gbits/sec)=0.863 count=105396
    8 RR Total-Throughput read(Gbits/sec)=0.809 write(Gbits/sec)=0.863
    9 RR .0 min=9.22us avg=9.40us max=53.25us read(Gbits/sec)=0.809 write(Gbits/sec)=0.863 count=105355
    9 RR Total-Throughput read(Gbits/sec)=0.809 write(Gbits/sec)=0.863
   10 RR .0 min=8.96us avg=9.39us max=47.10us read(Gbits/sec)=0.809 write(Gbits/sec)=0.863 count=105394
   10 RR Total-Throughput read(Gbits/sec)=0.809 write(Gbits/sec)=0.863
   11 RR .0 min=9.22us avg=9.39us max=53.50us read(Gbits/sec)=0.809 write(Gbits/sec)=0.863 count=105399
   11 RR Total-Throughput read(Gbits/sec)=0.809 write(Gbits/sec)=0.863
   12 RR .0 min=9.22us avg=9.39us max=51.20us read(Gbits/sec)=0.809 write(Gbits/sec)=0.863 count=105382
   12 RR Total-Throughput read(Gbits/sec)=0.809 write(Gbits/sec)=0.863
   13 RR .0 min=8.96us avg=9.39us max=58.88us read(Gbits/sec)=0.810 write(Gbits/sec)=0.864 count=105412
   13 RR Total-Throughput read(Gbits/sec)=0.810 write(Gbits/sec)=0.864
   14 RR .0 min=9.22us avg=9.39us max=44.03us read(Gbits/sec)=0.810 write(Gbits/sec)=0.864 count=105411
   14 RR Total-Throughput read(Gbits/sec)=0.810 write(Gbits/sec)=0.864
   15 RR .0 min=9.22us avg=9.40us max=43.01us read(Gbits/sec)=0.809 write(Gbits/sec)=0.863 count=105351
   15 RR Total-Throughput read(Gbits/sec)=0.809 write(Gbits/sec)=0.863
   16 RR .0 min=9.22us avg=9.39us max=46.34us read(Gbits/sec)=0.809 write(Gbits/sec)=0.863 count=105396
   16 RR Total-Throughput read(Gbits/sec)=0.809 write(Gbits/sec)=0.863
   17 RR .0 min=9.22us avg=9.39us max=55.30us read(Gbits/sec)=0.809 write(Gbits/sec)=0.863 count=105387
   17 RR Total-Throughput read(Gbits/sec)=0.809 write(Gbits/sec)=0.863
   18 RR .0 min=9.22us avg=9.39us max=55.04us read(Gbits/sec)=0.809 write(Gbits/sec)=0.863 count=105390
   18 RR Total-Throughput read(Gbits/sec)=0.809 write(Gbits/sec)=0.863
   19 RR .0 min=9.22us avg=9.39us max=62.46us read(Gbits/sec)=0.809 write(Gbits/sec)=0.863 count=105398
   19 RR Total-Throughput read(Gbits/sec)=0.809 write(Gbits/sec)=0.863
   20 RR .0 min=9.22us avg=9.39us max=49.15us read(Gbits/sec)=0.809 write(Gbits/sec)=0.863 count=105392
   20 RR Total-Throughput read(Gbits/sec)=0.809 write(Gbits/sec)=0.863
   21 RR .0 min=8.96us avg=9.39us max=48.90us read(Gbits/sec)=0.809 write(Gbits/sec)=0.863 count=105381
   21 RR Total-Throughput read(Gbits/sec)=0.809 write(Gbits/sec)=0.863
   22 RR .0 min=9.22us avg=9.39us max=45.06us read(Gbits/sec)=0.810 write(Gbits/sec)=0.864 count=105419
   22 RR Total-Throughput read(Gbits/sec)=0.810 write(Gbits/sec)=0.864
   23 RR .0 min=9.22us avg=9.40us max=59.90us read(Gbits/sec)=0.809 write(Gbits/sec)=0.863 count=105350
   23 RR Total-Throughput read(Gbits/sec)=0.809 write(Gbits/sec)=0.863
   24 RR .0 min=9.22us avg=9.39us max=45.06us read(Gbits/sec)=0.809 write(Gbits/sec)=0.863 count=105366
   24 RR Total-Throughput read(Gbits/sec)=0.809 write(Gbits/sec)=0.863
   25 RR .0 min=9.22us avg=9.39us max=47.36us read(Gbits/sec)=0.809 write(Gbits/sec)=0.863 count=105392
   25 RR Total-Throughput read(Gbits/sec)=0.809 write(Gbits/sec)=0.863
   26 RR .0 min=9.22us avg=9.39us max=60.93us read(Gbits/sec)=0.810 write(Gbits/sec)=0.864 count=105423
   26 RR Total-Throughput read(Gbits/sec)=0.810 write(Gbits/sec)=0.864
   27 RR .0 min=9.22us avg=9.39us max=50.43us read(Gbits/sec)=0.809 write(Gbits/sec)=0.863 count=105395
   27 RR Total-Throughput read(Gbits/sec)=0.809 write(Gbits/sec)=0.863
   28 RR .0 min=8.96us avg=9.39us max=56.58us read(Gbits/sec)=0.810 write(Gbits/sec)=0.863 count=105407
   28 RR Total-Throughput read(Gbits/sec)=0.810 write(Gbits/sec)=0.863
   29 RR .0 min=9.22us avg=9.39us max=53.76us read(Gbits/sec)=0.809 write(Gbits/sec)=0.863 count=105382
   29 RR Total-Throughput read(Gbits/sec)=0.809 write(Gbits/sec)=0.863

---
 0 nr_conn=1 nr_zero_io_conn=0
exiting client: 0
