:: TPA_CFG='net { name=enp67s0f0np0; mac=38:25:f3:79:97:c6; ip=172.24.1.2; mask=255.255.255.0; gw=10.76.106.126; ip6=fe80::3a25:f3ff:fe79:97c6/64; } dpdk { pci=0000:43:00.0; } tcp {tso = 0; } dpdk { socket-mem = 8192; mbuf_mem_size = 6GB; }'
:: cmd=build/bin/app/fperf -c 172.24.1.52 -p 2888 -t rr -d 30 -n 4 -S 0 -m 4096 -X 4096 -R 4096 -Z 1 -K 0
    0 RR .0 min=5.63us avg=5.92us max=93.18us read(Gbits/sec)=8.556 write(Gbits/sec)=8.556 count=261094
    0 RR .1 min=5.63us avg=5.89us max=91.90us read(Gbits/sec)=7.584 write(Gbits/sec)=7.584 count=231435
    0 RR .2 min=5.63us avg=5.89us max=99.33us read(Gbits/sec)=6.514 write(Gbits/sec)=6.514 count=198805
    0 RR .3 min=5.63us avg=5.89us max=38.14us read(Gbits/sec)=5.443 write(Gbits/sec)=5.443 count=166116
    0 RR Total-Throughput read(Gbits/sec)=28.097 write(Gbits/sec)=28.097

    1 RR .0 min=5.63us avg=7.26us max=185774.59us read(Gbits/sec)=4.448 write(Gbits/sec)=4.448 count=135737
    1 RR .1 min=5.63us avg=5.89us max=33.54us read(Gbits/sec)=5.465 write(Gbits/sec)=5.465 count=166791
    1 RR .2 min=5.63us avg=5.89us max=19.20us read(Gbits/sec)=5.465 write(Gbits/sec)=5.465 count=166786
    1 RR .3 min=5.63us avg=5.89us max=16.13us read(Gbits/sec)=5.467 write(Gbits/sec)=5.467 count=166828
    1 RR Total-Throughput read(Gbits/sec)=20.845 write(Gbits/sec)=20.845

    2 RR .0 min=5.63us avg=5.90us max=805.12us read(Gbits/sec)=5.452 write(Gbits/sec)=5.452 count=166390
    2 RR .1 min=5.63us avg=6.58us max=101574.91us read(Gbits/sec)=4.905 write(Gbits/sec)=4.905 count=149689
    2 RR .2 min=5.63us avg=5.90us max=39.68us read(Gbits/sec)=5.460 write(Gbits/sec)=5.460 count=166626
    2 RR .3 min=5.63us avg=5.89us max=16.38us read(Gbits/sec)=5.461 write(Gbits/sec)=5.461 count=166673
    2 RR Total-Throughput read(Gbits/sec)=21.279 write(Gbits/sec)=21.279

    3 RR .0 min=5.63us avg=5.90us max=697.34us read(Gbits/sec)=5.454 write(Gbits/sec)=5.454 count=166448
    3 RR .1 min=5.63us avg=5.90us max=15.10us read(Gbits/sec)=5.459 write(Gbits/sec)=5.459 count=166601
    3 RR .2 min=5.63us avg=5.90us max=30.98us read(Gbits/sec)=5.458 write(Gbits/sec)=5.458 count=166573
    3 RR .3 min=5.63us avg=5.90us max=15.36us read(Gbits/sec)=5.460 write(Gbits/sec)=5.460 count=166619
    3 RR Total-Throughput read(Gbits/sec)=21.831 write(Gbits/sec)=21.831

    4 RR .0 min=5.63us avg=7.25us max=184190.46us read(Gbits/sec)=4.452 write(Gbits/sec)=4.452 count=135862
    4 RR .1 min=5.63us avg=7.12us max=169554.18us read(Gbits/sec)=4.538 write(Gbits/sec)=4.538 count=138504
    4 RR .2 min=5.63us avg=5.89us max=16.64us read(Gbits/sec)=5.465 write(Gbits/sec)=5.465 count=166775
    4 RR .3 min=5.63us avg=5.89us max=14.59us read(Gbits/sec)=5.466 write(Gbits/sec)=5.466 count=166818
    4 RR Total-Throughput read(Gbits/sec)=19.922 write(Gbits/sec)=19.922

    5 RR .0 min=5.63us avg=6.83us max=135571.20us read(Gbits/sec)=4.721 write(Gbits/sec)=4.721 count=144077
    5 RR .1 min=5.63us avg=5.89us max=14.85us read(Gbits/sec)=4.812 write(Gbits/sec)=4.812 count=146839
    5 RR .2 min=5.63us avg=5.89us max=38.40us read(Gbits/sec)=5.464 write(Gbits/sec)=5.464 count=166743
    5 RR .3 min=5.63us avg=5.89us max=15.62us read(Gbits/sec)=5.465 write(Gbits/sec)=5.465 count=166779
    5 RR Total-Throughput read(Gbits/sec)=20.461 write(Gbits/sec)=20.461

    6 RR .0 min=5.63us avg=5.89us max=33.79us read(Gbits/sec)=5.464 write(Gbits/sec)=5.464 count=166747
    6 RR .1 min=5.63us avg=6.98us max=172016.13us read(Gbits/sec)=5.177 write(Gbits/sec)=5.177 count=157996
    6 RR .2 min=5.63us avg=5.89us max=16.13us read(Gbits/sec)=5.464 write(Gbits/sec)=5.464 count=166763
    6 RR .3 min=5.63us avg=5.89us max=30.72us read(Gbits/sec)=5.465 write(Gbits/sec)=5.465 count=166792
    6 RR Total-Throughput read(Gbits/sec)=21.571 write(Gbits/sec)=21.571

    7 RR .0 min=5.63us avg=5.90us max=792.58us read(Gbits/sec)=5.456 write(Gbits/sec)=5.456 count=166516
    7 RR .1 min=5.63us avg=5.89us max=14.59us read(Gbits/sec)=5.462 write(Gbits/sec)=5.462 count=166684
    7 RR .2 min=5.63us avg=5.89us max=36.10us read(Gbits/sec)=5.461 write(Gbits/sec)=5.461 count=166653
    7 RR .3 min=5.63us avg=5.89us max=14.85us read(Gbits/sec)=5.462 write(Gbits/sec)=5.462 count=166702
    7 RR Total-Throughput read(Gbits/sec)=21.842 write(Gbits/sec)=21.842

    8 RR .0 min=5.63us avg=5.89us max=348.93us read(Gbits/sec)=5.463 write(Gbits/sec)=5.463 count=166711
    8 RR .1 min=5.63us avg=5.89us max=15.36us read(Gbits/sec)=5.466 write(Gbits/sec)=5.466 count=166816
    8 RR .2 min=5.63us avg=5.89us max=16.13us read(Gbits/sec)=5.466 write(Gbits/sec)=5.466 count=166830
    8 RR .3 min=5.63us avg=5.89us max=15.36us read(Gbits/sec)=5.467 write(Gbits/sec)=5.467 count=166852
    8 RR Total-Throughput read(Gbits/sec)=21.862 write(Gbits/sec)=21.863

    9 RR .0 min=5.63us avg=7.01us max=156886.02us read(Gbits/sec)=4.606 write(Gbits/sec)=4.606 count=140550
    9 RR .1 min=5.63us avg=5.89us max=15.10us read(Gbits/sec)=5.339 write(Gbits/sec)=5.339 count=162940
    9 RR .2 min=5.63us avg=5.89us max=16.64us read(Gbits/sec)=5.469 write(Gbits/sec)=5.469 count=166902
    9 RR .3 min=5.63us avg=6.94us max=149304.58us read(Gbits/sec)=4.653 write(Gbits/sec)=4.653 count=142006
    9 RR Total-Throughput read(Gbits/sec)=20.067 write(Gbits/sec)=20.067

   10 RR .0 min=5.63us avg=5.89us max=578.82us read(Gbits/sec)=5.467 write(Gbits/sec)=5.467 count=166837
   10 RR .1 min=5.63us avg=7.13us max=176082.69us read(Gbits/sec)=4.635 write(Gbits/sec)=4.635 count=141465
   10 RR .2 min=5.63us avg=5.88us max=30.98us read(Gbits/sec)=5.470 write(Gbits/sec)=5.470 count=166920
   10 RR .3 min=5.63us avg=5.88us max=34.05us read(Gbits/sec)=5.470 write(Gbits/sec)=5.470 count=166946
   10 RR Total-Throughput read(Gbits/sec)=21.042 write(Gbits/sec)=21.042

   11 RR .0 min=5.63us avg=5.89us max=46.59us read(Gbits/sec)=5.467 write(Gbits/sec)=5.467 count=166852
   11 RR .1 min=5.63us avg=5.89us max=36.10us read(Gbits/sec)=5.467 write(Gbits/sec)=5.467 count=166847
   11 RR .2 min=5.63us avg=5.89us max=17.41us read(Gbits/sec)=5.467 write(Gbits/sec)=5.467 count=166847
   11 RR .3 min=5.63us avg=5.89us max=15.62us read(Gbits/sec)=5.468 write(Gbits/sec)=5.468 count=166881
   11 RR Total-Throughput read(Gbits/sec)=21.870 write(Gbits/sec)=21.870

   12 RR .0 min=5.63us avg=5.89us max=797.95us read(Gbits/sec)=5.464 write(Gbits/sec)=5.464 count=166753
   12 RR .1 min=5.63us avg=5.89us max=15.87us read(Gbits/sec)=5.468 write(Gbits/sec)=5.468 count=166885
   12 RR .2 min=5.63us avg=5.89us max=15.87us read(Gbits/sec)=5.468 write(Gbits/sec)=5.468 count=166877
   12 RR .3 min=5.63us avg=7.09us max=167109.12us read(Gbits/sec)=4.554 write(Gbits/sec)=4.554 count=138984
   12 RR Total-Throughput read(Gbits/sec)=20.955 write(Gbits/sec)=20.955

   13 RR .0 min=5.63us avg=5.89us max=341.25us read(Gbits/sec)=5.462 write(Gbits/sec)=5.462 count=166677
   13 RR .1 min=5.63us avg=5.89us max=46.59us read(Gbits/sec)=5.465 write(Gbits/sec)=5.465 count=166777
   13 RR .2 min=5.63us avg=5.89us max=39.68us read(Gbits/sec)=5.464 write(Gbits/sec)=5.464 count=166759
   13 RR .3 min=5.63us avg=5.89us max=30.98us read(Gbits/sec)=5.466 write(Gbits/sec)=5.466 count=166801
   13 RR Total-Throughput read(Gbits/sec)=21.857 write(Gbits/sec)=21.857

   14 RR .0 min=5.63us avg=5.89us max=695.30us read(Gbits/sec)=5.460 write(Gbits/sec)=5.460 count=166641
   14 RR .1 min=5.63us avg=5.89us max=15.87us read(Gbits/sec)=5.465 write(Gbits/sec)=5.465 count=166780
   14 RR .2 min=5.63us avg=5.89us max=15.87us read(Gbits/sec)=5.465 write(Gbits/sec)=5.465 count=166774
   14 RR .3 min=5.63us avg=5.89us max=32.51us read(Gbits/sec)=5.466 write(Gbits/sec)=5.466 count=166808
   14 RR Total-Throughput read(Gbits/sec)=21.856 write(Gbits/sec)=21.856

   15 RR .0 min=5.63us avg=6.76us max=126763.78us read(Gbits/sec)=4.771 write(Gbits/sec)=4.771 count=145614
   15 RR .1 min=5.63us avg=5.89us max=39.42us read(Gbits/sec)=5.468 write(Gbits/sec)=5.468 count=166882
   15 RR .2 min=5.63us avg=5.89us max=38.66us read(Gbits/sec)=5.468 write(Gbits/sec)=5.468 count=166871
   15 RR .3 min=5.63us avg=5.89us max=30.72us read(Gbits/sec)=5.469 write(Gbits/sec)=5.469 count=166916
   15 RR Total-Throughput read(Gbits/sec)=21.177 write(Gbits/sec)=21.177

   16 RR .0 min=5.63us avg=5.88us max=57.34us read(Gbits/sec)=5.467 write(Gbits/sec)=5.467 count=166839
   16 RR .1 min=5.63us avg=5.89us max=15.36us read(Gbits/sec)=5.467 write(Gbits/sec)=5.467 count=166840
   16 RR .2 min=5.63us avg=6.76us max=126798.59us read(Gbits/sec)=4.773 write(Gbits/sec)=4.773 count=145647
   16 RR .3 min=5.63us avg=5.89us max=15.87us read(Gbits/sec)=5.468 write(Gbits/sec)=5.468 count=166878
   16 RR Total-Throughput read(Gbits/sec)=21.174 write(Gbits/sec)=21.174

   17 RR .0 min=5.63us avg=5.89us max=802.56us read(Gbits/sec)=5.461 write(Gbits/sec)=5.461 count=166656
   17 RR .1 min=5.63us avg=5.89us max=34.05us read(Gbits/sec)=5.465 write(Gbits/sec)=5.465 count=166781
   17 RR .2 min=5.63us avg=5.89us max=16.13us read(Gbits/sec)=5.465 write(Gbits/sec)=5.465 count=166772
   17 RR .3 min=5.63us avg=5.89us max=15.36us read(Gbits/sec)=5.466 write(Gbits/sec)=5.466 count=166811
   17 RR Total-Throughput read(Gbits/sec)=21.857 write(Gbits/sec)=21.857

   18 RR .0 min=5.63us avg=5.89us max=46.34us read(Gbits/sec)=5.467 write(Gbits/sec)=5.467 count=166845
   18 RR .1 min=5.63us avg=5.89us max=15.62us read(Gbits/sec)=5.468 write(Gbits/sec)=5.468 count=166866
   18 RR .2 min=5.63us avg=5.89us max=34.30us read(Gbits/sec)=5.467 write(Gbits/sec)=5.467 count=166843
   18 RR .3 min=5.63us avg=5.89us max=15.62us read(Gbits/sec)=5.468 write(Gbits/sec)=5.468 count=166882
   18 RR Total-Throughput read(Gbits/sec)=21.870 write(Gbits/sec)=21.870

   19 RR .0 min=5.63us avg=5.89us max=338.43us read(Gbits/sec)=5.464 write(Gbits/sec)=5.464 count=166746
   19 RR .1 min=5.63us avg=5.89us max=35.84us read(Gbits/sec)=5.468 write(Gbits/sec)=5.468 count=166861
   19 RR .2 min=5.63us avg=5.89us max=16.64us read(Gbits/sec)=5.467 write(Gbits/sec)=5.467 count=166848
   19 RR .3 min=5.63us avg=6.74us max=123824.13us read(Gbits/sec)=4.791 write(Gbits/sec)=4.791 count=146204
   19 RR Total-Throughput read(Gbits/sec)=21.190 write(Gbits/sec)=21.190

   20 RR .0 min=5.63us avg=5.89us max=705.79us read(Gbits/sec)=5.466 write(Gbits/sec)=5.466 count=166812
   20 RR .1 min=5.63us avg=5.89us max=15.62us read(Gbits/sec)=4.806 write(Gbits/sec)=4.806 count=146653
   20 RR .2 min=5.63us avg=5.89us max=44.80us read(Gbits/sec)=5.470 write(Gbits/sec)=5.470 count=166921
   20 RR .3 min=5.63us avg=5.88us max=15.62us read(Gbits/sec)=5.471 write(Gbits/sec)=5.471 count=166959
   20 RR Total-Throughput read(Gbits/sec)=21.212 write(Gbits/sec)=21.212

   21 RR .0 min=5.63us avg=6.84us max=137472.00us read(Gbits/sec)=4.714 write(Gbits/sec)=4.714 count=143847
   21 RR .1 min=5.63us avg=6.97us max=172339.71us read(Gbits/sec)=5.191 write(Gbits/sec)=5.191 count=158403
   21 RR .2 min=5.63us avg=5.88us max=32.26us read(Gbits/sec)=5.470 write(Gbits/sec)=5.470 count=166926
   21 RR .3 min=5.63us avg=5.88us max=18.69us read(Gbits/sec)=5.471 write(Gbits/sec)=5.471 count=166977
   21 RR Total-Throughput read(Gbits/sec)=20.845 write(Gbits/sec)=20.845

   22 RR .0 min=5.63us avg=6.87us max=140684.80us read(Gbits/sec)=4.698 write(Gbits/sec)=4.698 count=143363
   22 RR .1 min=5.63us avg=5.89us max=15.62us read(Gbits/sec)=5.469 write(Gbits/sec)=5.469 count=166907
   22 RR .2 min=5.63us avg=5.89us max=34.56us read(Gbits/sec)=5.468 write(Gbits/sec)=5.468 count=166878
   22 RR .3 min=5.63us avg=5.89us max=15.36us read(Gbits/sec)=5.470 write(Gbits/sec)=5.470 count=166927
   22 RR Total-Throughput read(Gbits/sec)=21.105 write(Gbits/sec)=21.105

   23 RR .0 min=5.63us avg=5.89us max=796.93us read(Gbits/sec)=5.462 write(Gbits/sec)=5.462 count=166694
   23 RR .1 min=5.63us avg=5.89us max=45.06us read(Gbits/sec)=5.467 write(Gbits/sec)=5.467 count=166837
   23 RR .2 min=5.63us avg=5.89us max=30.98us read(Gbits/sec)=5.467 write(Gbits/sec)=5.467 count=166827
   23 RR .3 min=5.63us avg=5.89us max=15.36us read(Gbits/sec)=5.468 write(Gbits/sec)=5.468 count=166866
   23 RR Total-Throughput read(Gbits/sec)=21.863 write(Gbits/sec)=21.863

   24 RR .0 min=5.63us avg=5.89us max=341.76us read(Gbits/sec)=5.463 write(Gbits/sec)=5.463 count=166726
   24 RR .1 min=5.63us avg=5.89us max=15.87us read(Gbits/sec)=5.467 write(Gbits/sec)=5.467 count=166855
   24 RR .2 min=5.63us avg=5.89us max=33.28us read(Gbits/sec)=5.467 write(Gbits/sec)=5.467 count=166828
   24 RR .3 min=5.63us avg=5.89us max=15.10us read(Gbits/sec)=5.468 write(Gbits/sec)=5.468 count=166873
   24 RR Total-Throughput read(Gbits/sec)=21.865 write(Gbits/sec)=21.865

   25 RR .0 min=5.63us avg=5.89us max=688.64us read(Gbits/sec)=5.465 write(Gbits/sec)=5.465 count=166767
   25 RR .1 min=5.63us avg=5.89us max=16.64us read(Gbits/sec)=5.468 write(Gbits/sec)=5.468 count=166866
   25 RR .2 min=5.63us avg=5.89us max=33.02us read(Gbits/sec)=5.468 write(Gbits/sec)=5.468 count=166863
   25 RR .3 min=5.63us avg=5.89us max=17.41us read(Gbits/sec)=5.469 write(Gbits/sec)=5.469 count=166892
   25 RR Total-Throughput read(Gbits/sec)=21.869 write(Gbits/sec)=21.869

   26 RR .0 min=5.63us avg=5.89us max=572.16us read(Gbits/sec)=5.466 write(Gbits/sec)=5.466 count=166802
   26 RR .1 min=5.63us avg=5.89us max=37.89us read(Gbits/sec)=5.469 write(Gbits/sec)=5.469 count=166889
   26 RR .2 min=5.63us avg=5.89us max=29.70us read(Gbits/sec)=5.468 write(Gbits/sec)=5.468 count=166878
   26 RR .3 min=5.63us avg=5.89us max=15.87us read(Gbits/sec)=5.470 write(Gbits/sec)=5.470 count=166923
   26 RR Total-Throughput read(Gbits/sec)=21.872 write(Gbits/sec)=21.872

   27 RR .0 min=5.63us avg=5.88us max=46.59us read(Gbits/sec)=5.469 write(Gbits/sec)=5.469 count=166914
   27 RR .1 min=5.63us avg=5.89us max=16.38us read(Gbits/sec)=5.470 write(Gbits/sec)=5.470 count=166922
   27 RR .2 min=5.63us avg=5.89us max=30.72us read(Gbits/sec)=5.469 write(Gbits/sec)=5.469 count=166904
   27 RR .3 min=5.63us avg=5.89us max=34.05us read(Gbits/sec)=5.470 write(Gbits/sec)=5.470 count=166945
   27 RR Total-Throughput read(Gbits/sec)=21.879 write(Gbits/sec)=21.879

   28 RR .0 min=5.63us avg=5.89us max=799.74us read(Gbits/sec)=5.465 write(Gbits/sec)=5.465 count=166778
   28 RR .1 min=5.63us avg=5.89us max=15.36us read(Gbits/sec)=5.469 write(Gbits/sec)=5.469 count=166912
   28 RR .2 min=5.63us avg=5.89us max=35.84us read(Gbits/sec)=5.469 write(Gbits/sec)=5.469 count=166904
   28 RR .3 min=5.63us avg=5.88us max=15.36us read(Gbits/sec)=5.471 write(Gbits/sec)=5.471 count=166954
   28 RR Total-Throughput read(Gbits/sec)=21.874 write(Gbits/sec)=21.874

   29 RR .0 min=5.63us avg=5.89us max=142.85us read(Gbits/sec)=5.467 write(Gbits/sec)=5.467 count=166830
   29 RR .1 min=5.63us avg=5.89us max=15.87us read(Gbits/sec)=5.467 write(Gbits/sec)=5.467 count=166841
   29 RR .2 min=5.63us avg=5.89us max=32.51us read(Gbits/sec)=5.467 write(Gbits/sec)=5.467 count=166831
   29 RR .3 min=5.63us avg=5.89us max=42.50us read(Gbits/sec)=5.467 write(Gbits/sec)=5.467 count=166856
   29 RR Total-Throughput read(Gbits/sec)=21.868 write(Gbits/sec)=21.868


---
 0 nr_conn=1 nr_zero_io_conn=0
 1 nr_conn=1 nr_zero_io_conn=0
 2 nr_conn=1 nr_zero_io_conn=0
 3 nr_conn=1 nr_zero_io_conn=0
exiting client: 2
exiting client: 1
exiting client: 0
exiting client: 3
