:: TPA_CFG='net { name=enp67s0f0np0; mac=38:25:f3:79:97:c6; ip=172.24.1.2; mask=255.255.255.0; gw=10.76.106.126; ip6=fe80::3a25:f3ff:fe79:97c6/64; } dpdk { pci=0000:43:00.0; } tcp {tso = 0; } dpdk { socket-mem = 8192; mbuf_mem_size = 6GB; }'
:: cmd=/home/balasuk/libtpa/build/bin/app/fperf -c 172.24.1.52 -p 2888 -S 0 -t rr -d 30 -n 16 -m 4096 -X 4096 -R 4096 -C 1 -Z 1 -K 0
EAL: Detected CPU lcores: 64
EAL: Detected NUMA nodes: 1
EAL: Detected static linkage of DPDK
EAL: Selected IOVA mode 'PA'
EAL: VFIO support initialized
EAL: Probe PCI driver: mlx5_pci (15b3:101d) device: 0000:43:00.0 (socket -1)
    0 RR .0 min=6.40us avg=7.25us max=149361.66us read(Gbits/sec)=17.989 write(Gbits/sec)=17.990 count=548995
    0 RR .1 min=6.40us avg=6.97us max=193.54us read(Gbits/sec)=17.846 write(Gbits/sec)=17.846 count=544622
    0 RR .2 min=6.40us avg=7.38us max=189710.34us read(Gbits/sec)=15.977 write(Gbits/sec)=15.977 count=487578
    0 RR .3 min=6.40us avg=10.39us max=984985.34us read(Gbits/sec)=10.781 write(Gbits/sec)=10.781 count=329011
    0 RR .4 min=6.40us avg=7.43us max=164810.50us read(Gbits/sec)=14.133 write(Gbits/sec)=14.133 count=431297
    0 RR .5 min=6.40us avg=7.05us max=194.56us read(Gbits/sec)=13.946 write(Gbits/sec)=13.946 count=425604
    0 RR .6 min=6.40us avg=7.08us max=195.07us read(Gbits/sec)=12.977 write(Gbits/sec)=12.977 count=396021
    0 RR .7 min=6.40us avg=7.54us max=137599.23us read(Gbits/sec)=11.315 write(Gbits/sec)=11.315 count=345305
    0 RR .8 min=6.40us avg=8.24us max=190702.08us read(Gbits/sec)=9.543 write(Gbits/sec)=9.543 count=291219
    0 RR .9 min=6.40us avg=7.18us max=196.35us read(Gbits/sec)=10.002 write(Gbits/sec)=10.002 count=305248
    0 RR .10 min=6.40us avg=7.21us max=186.88us read(Gbits/sec)=9.033 write(Gbits/sec)=9.033 count=275665
    0 RR .11 min=6.40us avg=7.25us max=190.98us read(Gbits/sec)=8.074 write(Gbits/sec)=8.074 count=246396
    0 RR .12 min=6.40us avg=7.30us max=196.61us read(Gbits/sec)=7.111 write(Gbits/sec)=7.111 count=217007
    0 RR .13 min=6.40us avg=8.48us max=190447.36us read(Gbits/sec)=5.364 write(Gbits/sec)=5.364 count=163705
    0 RR .14 min=6.40us avg=7.33us max=186.11us read(Gbits/sec)=5.288 write(Gbits/sec)=5.288 count=161385
    0 RR .15 min=6.40us avg=7.34us max=35.58us read(Gbits/sec)=4.379 write(Gbits/sec)=4.379 count=133635
    0 RR Total-Throughput read(Gbits/sec)=173.757 write(Gbits/sec)=173.758

    1 RR .0 min=6.40us avg=7.32us max=770.82us read(Gbits/sec)=4.405 write(Gbits/sec)=4.405 count=134437
    1 RR .1 min=6.40us avg=7.33us max=19.71us read(Gbits/sec)=4.405 write(Gbits/sec)=4.405 count=134437
    1 RR .2 min=6.40us avg=7.32us max=18.69us read(Gbits/sec)=4.412 write(Gbits/sec)=4.412 count=134645
    1 RR .3 min=6.40us avg=8.23us max=107058.18us read(Gbits/sec)=3.927 write(Gbits/sec)=3.927 count=119838
    1 RR .4 min=6.40us avg=7.34us max=18.94us read(Gbits/sec)=4.398 write(Gbits/sec)=4.398 count=134226
    1 RR .5 min=6.40us avg=7.33us max=18.69us read(Gbits/sec)=4.060 write(Gbits/sec)=4.060 count=123907
    1 RR .6 min=6.40us avg=7.32us max=18.94us read(Gbits/sec)=4.264 write(Gbits/sec)=4.264 count=130120
    1 RR .7 min=6.40us avg=8.63us max=146752.26us read(Gbits/sec)=3.750 write(Gbits/sec)=3.750 count=114428
    1 RR .8 min=6.40us avg=7.34us max=50.43us read(Gbits/sec)=4.399 write(Gbits/sec)=4.399 count=134234
    1 RR .9 min=6.40us avg=7.32us max=19.46us read(Gbits/sec)=4.407 write(Gbits/sec)=4.407 count=134498
    1 RR .10 min=6.40us avg=7.32us max=32.26us read(Gbits/sec)=4.410 write(Gbits/sec)=4.410 count=134594
    1 RR .11 min=6.40us avg=7.33us max=43.78us read(Gbits/sec)=4.404 write(Gbits/sec)=4.404 count=134416
    1 RR .12 min=6.40us avg=9.15us max=192243.97us read(Gbits/sec)=3.536 write(Gbits/sec)=3.536 count=107901
    1 RR .13 min=6.40us avg=8.81us max=163241.47us read(Gbits/sec)=3.675 write(Gbits/sec)=3.675 count=112151
    1 RR .14 min=6.40us avg=7.33us max=18.18us read(Gbits/sec)=4.406 write(Gbits/sec)=4.406 count=134465
    1 RR .15 min=6.40us avg=7.33us max=17.92us read(Gbits/sec)=4.407 write(Gbits/sec)=4.407 count=134499
    1 RR Total-Throughput read(Gbits/sec)=67.265 write(Gbits/sec)=67.265

    2 RR .0 min=6.40us avg=7.33us max=48.90us read(Gbits/sec)=4.402 write(Gbits/sec)=4.402 count=134327
    2 RR .1 min=6.66us avg=7.35us max=18.94us read(Gbits/sec)=3.712 write(Gbits/sec)=3.712 count=113286
    2 RR .2 min=6.40us avg=8.59us max=144378.62us read(Gbits/sec)=3.767 write(Gbits/sec)=3.767 count=114953
    2 RR .3 min=6.40us avg=7.34us max=20.22us read(Gbits/sec)=4.398 write(Gbits/sec)=4.398 count=134206
    2 RR .4 min=6.40us avg=7.35us max=18.18us read(Gbits/sec)=4.393 write(Gbits/sec)=4.393 count=134055
    2 RR .5 min=6.40us avg=8.72us max=166892.29us read(Gbits/sec)=4.003 write(Gbits/sec)=4.003 count=122172
    2 RR .6 min=6.40us avg=8.75us max=164343.55us read(Gbits/sec)=3.820 write(Gbits/sec)=3.820 count=116567
    2 RR .7 min=6.40us avg=7.34us max=39.42us read(Gbits/sec)=4.397 write(Gbits/sec)=4.397 count=134198
    2 RR .8 min=6.40us avg=7.35us max=47.87us read(Gbits/sec)=4.392 write(Gbits/sec)=4.392 count=134023
    2 RR .9 min=6.40us avg=7.34us max=18.43us read(Gbits/sec)=4.400 write(Gbits/sec)=4.400 count=134292
    2 RR .10 min=6.40us avg=7.33us max=19.46us read(Gbits/sec)=4.404 write(Gbits/sec)=4.404 count=134404
    2 RR .11 min=6.40us avg=7.34us max=18.94us read(Gbits/sec)=4.398 write(Gbits/sec)=4.398 count=134228
    2 RR .12 min=6.40us avg=7.38us max=18.94us read(Gbits/sec)=3.949 write(Gbits/sec)=3.949 count=120513
    2 RR .13 min=6.40us avg=7.35us max=17.41us read(Gbits/sec)=4.393 write(Gbits/sec)=4.393 count=134057
    2 RR .14 min=6.40us avg=7.34us max=40.45us read(Gbits/sec)=4.399 write(Gbits/sec)=4.399 count=134266
    2 RR .15 min=6.40us avg=7.34us max=18.18us read(Gbits/sec)=4.401 write(Gbits/sec)=4.401 count=134310
    2 RR Total-Throughput read(Gbits/sec)=67.627 write(Gbits/sec)=67.627

    3 RR .0 min=6.40us avg=7.35us max=1164.03us read(Gbits/sec)=4.388 write(Gbits/sec)=4.388 count=133922
    3 RR .1 min=6.66us avg=8.65us max=169758.72us read(Gbits/sec)=4.321 write(Gbits/sec)=4.321 count=131861
    3 RR .2 min=6.40us avg=7.34us max=18.69us read(Gbits/sec)=4.398 write(Gbits/sec)=4.398 count=134213
    3 RR .3 min=6.40us avg=7.36us max=42.75us read(Gbits/sec)=4.388 write(Gbits/sec)=4.388 count=133916
    3 RR .4 min=6.40us avg=7.36us max=20.48us read(Gbits/sec)=4.382 write(Gbits/sec)=4.382 count=133738
    3 RR .5 min=6.66us avg=7.35us max=19.46us read(Gbits/sec)=4.391 write(Gbits/sec)=4.391 count=134007
    3 RR .6 min=6.40us avg=7.34us max=18.94us read(Gbits/sec)=4.396 write(Gbits/sec)=4.396 count=134156
    3 RR .7 min=6.66us avg=7.36us max=19.97us read(Gbits/sec)=4.387 write(Gbits/sec)=4.387 count=133889
    3 RR .8 min=6.40us avg=7.36us max=19.46us read(Gbits/sec)=4.382 write(Gbits/sec)=4.382 count=133746
    3 RR .9 min=6.40us avg=9.07us max=185892.86us read(Gbits/sec)=3.570 write(Gbits/sec)=3.570 count=108962
    3 RR .10 min=6.40us avg=7.34us max=18.18us read(Gbits/sec)=4.395 write(Gbits/sec)=4.395 count=134118
    3 RR .11 min=6.40us avg=7.35us max=24.58us read(Gbits/sec)=4.390 write(Gbits/sec)=4.390 count=133970
    3 RR .12 min=6.40us avg=8.82us max=175657.47us read(Gbits/sec)=4.022 write(Gbits/sec)=4.022 count=122749
    3 RR .13 min=6.40us avg=7.36us max=38.91us read(Gbits/sec)=4.386 write(Gbits/sec)=4.386 count=133862
    3 RR .14 min=6.40us avg=7.35us max=18.94us read(Gbits/sec)=4.392 write(Gbits/sec)=4.392 count=134022
    3 RR .15 min=6.40us avg=8.88us max=168967.42us read(Gbits/sec)=3.644 write(Gbits/sec)=3.644 count=111220
    3 RR Total-Throughput read(Gbits/sec)=68.233 write(Gbits/sec)=68.233

    4 RR .0 min=6.40us avg=7.38us max=50.94us read(Gbits/sec)=4.372 write(Gbits/sec)=4.372 count=133434
    4 RR .1 min=6.40us avg=7.39us max=18.94us read(Gbits/sec)=4.370 write(Gbits/sec)=4.370 count=133353
    4 RR .2 min=6.40us avg=7.38us max=18.43us read(Gbits/sec)=4.378 write(Gbits/sec)=4.378 count=133601
    4 RR .3 min=6.66us avg=7.39us max=28.67us read(Gbits/sec)=4.367 write(Gbits/sec)=4.367 count=133272
    4 RR .4 min=6.40us avg=7.40us max=17.92us read(Gbits/sec)=4.361 write(Gbits/sec)=4.361 count=133092
    4 RR .5 min=6.40us avg=7.39us max=18.94us read(Gbits/sec)=4.371 write(Gbits/sec)=4.371 count=133386
    4 RR .6 min=6.40us avg=7.38us max=18.94us read(Gbits/sec)=4.376 write(Gbits/sec)=4.376 count=133550
    4 RR .7 min=6.40us avg=7.39us max=20.74us read(Gbits/sec)=4.366 write(Gbits/sec)=4.366 count=133242
    4 RR .8 min=6.40us avg=7.40us max=41.47us read(Gbits/sec)=4.361 write(Gbits/sec)=4.361 count=133099
    4 RR .9 min=6.40us avg=7.39us max=19.20us read(Gbits/sec)=4.371 write(Gbits/sec)=4.371 count=133381
    4 RR .10 min=6.40us avg=7.38us max=18.18us read(Gbits/sec)=4.375 write(Gbits/sec)=4.375 count=133522
    4 RR .11 min=6.40us avg=7.39us max=22.27us read(Gbits/sec)=4.370 write(Gbits/sec)=4.370 count=133355
    4 RR .12 min=6.66us avg=7.42us max=29.18us read(Gbits/sec)=4.349 write(Gbits/sec)=4.349 count=132719
    4 RR .13 min=6.40us avg=7.39us max=16.90us read(Gbits/sec)=4.366 write(Gbits/sec)=4.366 count=133237
    4 RR .14 min=6.40us avg=7.39us max=18.18us read(Gbits/sec)=4.370 write(Gbits/sec)=4.370 count=133372
    4 RR .15 min=6.40us avg=7.38us max=49.15us read(Gbits/sec)=4.372 write(Gbits/sec)=4.372 count=133429
    4 RR Total-Throughput read(Gbits/sec)=69.894 write(Gbits/sec)=69.894

    5 RR .0 min=6.40us avg=7.38us max=941.82us read(Gbits/sec)=4.369 write(Gbits/sec)=4.369 count=133317
    5 RR .1 min=6.66us avg=7.39us max=46.08us read(Gbits/sec)=4.370 write(Gbits/sec)=4.370 count=133364
    5 RR .2 min=6.40us avg=7.38us max=18.18us read(Gbits/sec)=4.377 write(Gbits/sec)=4.377 count=133581
    5 RR .3 min=6.66us avg=7.39us max=19.97us read(Gbits/sec)=4.367 write(Gbits/sec)=4.367 count=133278
    5 RR .4 min=6.40us avg=7.40us max=18.43us read(Gbits/sec)=4.361 write(Gbits/sec)=4.361 count=133080
    5 RR .5 min=6.66us avg=7.39us max=18.43us read(Gbits/sec)=4.370 write(Gbits/sec)=4.370 count=133366
    5 RR .6 min=6.40us avg=7.38us max=18.18us read(Gbits/sec)=4.377 write(Gbits/sec)=4.377 count=133576
    5 RR .7 min=6.40us avg=7.39us max=20.74us read(Gbits/sec)=4.367 write(Gbits/sec)=4.367 count=133260
    5 RR .8 min=6.40us avg=7.40us max=18.69us read(Gbits/sec)=4.362 write(Gbits/sec)=4.362 count=133127
    5 RR .9 min=6.40us avg=7.38us max=20.22us read(Gbits/sec)=4.372 write(Gbits/sec)=4.372 count=133412
    5 RR .10 min=6.40us avg=7.38us max=18.94us read(Gbits/sec)=4.376 write(Gbits/sec)=4.376 count=133544
    5 RR .11 min=6.40us avg=7.38us max=18.43us read(Gbits/sec)=4.373 write(Gbits/sec)=4.373 count=133450
    5 RR .12 min=6.40us avg=7.42us max=36.86us read(Gbits/sec)=4.348 write(Gbits/sec)=4.348 count=132684
    5 RR .13 min=6.40us avg=7.40us max=29.95us read(Gbits/sec)=4.364 write(Gbits/sec)=4.364 count=133182
    5 RR .14 min=6.40us avg=7.38us max=18.69us read(Gbits/sec)=4.371 write(Gbits/sec)=4.371 count=133398
    5 RR .15 min=6.40us avg=7.38us max=34.82us read(Gbits/sec)=4.372 write(Gbits/sec)=4.372 count=133418
    5 RR Total-Throughput read(Gbits/sec)=69.894 write(Gbits/sec)=69.894

    6 RR .0 min=6.40us avg=7.36us max=764.93us read(Gbits/sec)=4.380 write(Gbits/sec)=4.380 count=133668
    6 RR .1 min=6.40us avg=7.37us max=29.44us read(Gbits/sec)=4.380 write(Gbits/sec)=4.380 count=133683
    6 RR .2 min=6.40us avg=7.36us max=49.92us read(Gbits/sec)=4.387 write(Gbits/sec)=4.387 count=133881
    6 RR .3 min=6.66us avg=7.37us max=18.43us read(Gbits/sec)=4.378 write(Gbits/sec)=4.378 count=133615
    6 RR .4 min=6.40us avg=7.38us max=18.43us read(Gbits/sec)=4.373 write(Gbits/sec)=4.373 count=133444
    6 RR .5 min=6.40us avg=7.37us max=45.31us read(Gbits/sec)=4.380 write(Gbits/sec)=4.380 count=133676
    6 RR .6 min=6.40us avg=7.36us max=18.43us read(Gbits/sec)=4.387 write(Gbits/sec)=4.387 count=133869
    6 RR .7 min=6.40us avg=7.38us max=19.71us read(Gbits/sec)=4.378 write(Gbits/sec)=4.378 count=133601
    6 RR .8 min=6.40us avg=8.24us max=101907.71us read(Gbits/sec)=3.923 write(Gbits/sec)=3.923 count=119731
    6 RR .9 min=6.40us avg=7.37us max=46.34us read(Gbits/sec)=4.383 write(Gbits/sec)=4.383 count=133747
    6 RR .10 min=6.40us avg=7.36us max=44.29us read(Gbits/sec)=4.386 write(Gbits/sec)=4.386 count=133865
    6 RR .11 min=6.66us avg=7.36us max=17.92us read(Gbits/sec)=4.383 write(Gbits/sec)=4.383 count=133773
    6 RR .12 min=6.40us avg=8.79us max=155244.54us read(Gbits/sec)=3.678 write(Gbits/sec)=3.678 count=112235
    6 RR .13 min=6.40us avg=7.37us max=18.43us read(Gbits/sec)=4.381 write(Gbits/sec)=4.381 count=133705
    6 RR .14 min=6.40us avg=7.37us max=18.69us read(Gbits/sec)=4.382 write(Gbits/sec)=4.382 count=133731
    6 RR .15 min=6.40us avg=7.37us max=18.43us read(Gbits/sec)=4.382 write(Gbits/sec)=4.382 count=133744
    6 RR Total-Throughput read(Gbits/sec)=68.942 write(Gbits/sec)=68.942

    7 RR .0 min=6.40us avg=7.38us max=36.10us read(Gbits/sec)=4.373 write(Gbits/sec)=4.373 count=133440
    7 RR .1 min=6.40us avg=7.39us max=20.48us read(Gbits/sec)=4.370 write(Gbits/sec)=4.370 count=133358
    7 RR .2 min=6.40us avg=7.38us max=18.94us read(Gbits/sec)=4.377 write(Gbits/sec)=4.377 count=133564
    7 RR .3 min=6.66us avg=7.39us max=19.20us read(Gbits/sec)=4.367 write(Gbits/sec)=4.367 count=133273
    7 RR .4 min=6.40us avg=7.40us max=18.18us read(Gbits/sec)=4.362 write(Gbits/sec)=4.362 count=133125
    7 RR .5 min=6.40us avg=7.39us max=18.43us read(Gbits/sec)=4.369 write(Gbits/sec)=4.369 count=133339
    7 RR .6 min=6.40us avg=7.38us max=49.66us read(Gbits/sec)=4.376 write(Gbits/sec)=4.376 count=133549
    7 RR .7 min=6.40us avg=7.39us max=18.69us read(Gbits/sec)=4.367 write(Gbits/sec)=4.367 count=133268
    7 RR .8 min=6.40us avg=7.40us max=18.94us read(Gbits/sec)=4.362 write(Gbits/sec)=4.362 count=133110
    7 RR .9 min=6.40us avg=7.38us max=18.18us read(Gbits/sec)=4.372 write(Gbits/sec)=4.372 count=133421
    7 RR .10 min=6.40us avg=7.38us max=20.48us read(Gbits/sec)=4.376 write(Gbits/sec)=4.376 count=133548
    7 RR .11 min=6.40us avg=7.38us max=41.22us read(Gbits/sec)=4.371 write(Gbits/sec)=4.371 count=133386
    7 RR .12 min=6.40us avg=7.42us max=19.71us read(Gbits/sec)=4.348 write(Gbits/sec)=4.348 count=132708
    7 RR .13 min=6.40us avg=7.39us max=32.77us read(Gbits/sec)=4.368 write(Gbits/sec)=4.368 count=133294
    7 RR .14 min=6.40us avg=7.39us max=18.18us read(Gbits/sec)=4.370 write(Gbits/sec)=4.370 count=133381
    7 RR .15 min=6.40us avg=7.39us max=32.51us read(Gbits/sec)=4.372 write(Gbits/sec)=4.372 count=133421
    7 RR Total-Throughput read(Gbits/sec)=69.899 write(Gbits/sec)=69.899

    8 RR .0 min=6.40us avg=7.38us max=35.84us read(Gbits/sec)=1.474 write(Gbits/sec)=1.474 count=44982
    8 RR .1 min=6.40us avg=7.32us max=47.62us read(Gbits/sec)=4.409 write(Gbits/sec)=4.409 count=134557
    8 RR .2 min=6.40us avg=7.31us max=17.66us read(Gbits/sec)=4.415 write(Gbits/sec)=4.415 count=134724
    8 RR .3 min=6.40us avg=7.33us max=18.43us read(Gbits/sec)=4.406 write(Gbits/sec)=4.406 count=134458
    8 RR .4 min=6.40us avg=7.33us max=18.43us read(Gbits/sec)=4.401 write(Gbits/sec)=4.401 count=134309
    8 RR .5 min=6.40us avg=8.83us max=161048.06us read(Gbits/sec)=3.563 write(Gbits/sec)=3.563 count=108736
    8 RR .6 min=6.40us avg=7.32us max=40.45us read(Gbits/sec)=4.413 write(Gbits/sec)=4.413 count=134669
    8 RR .7 min=6.40us avg=7.33us max=19.71us read(Gbits/sec)=4.405 write(Gbits/sec)=4.405 count=134440
    8 RR .8 min=6.40us avg=7.33us max=41.73us read(Gbits/sec)=4.399 write(Gbits/sec)=4.399 count=134242
    8 RR .9 min=6.40us avg=7.32us max=47.62us read(Gbits/sec)=4.409 write(Gbits/sec)=4.409 count=134543
    8 RR .10 min=6.40us avg=7.31us max=32.00us read(Gbits/sec)=4.413 write(Gbits/sec)=4.413 count=134678
    8 RR .11 min=6.40us avg=7.32us max=21.50us read(Gbits/sec)=4.409 write(Gbits/sec)=4.409 count=134542
    8 RR .12 min=6.40us avg=7.35us max=47.87us read(Gbits/sec)=4.388 write(Gbits/sec)=4.388 count=133915
    8 RR .13 min=6.40us avg=7.33us max=18.69us read(Gbits/sec)=4.406 write(Gbits/sec)=4.406 count=134458
    8 RR .14 min=6.40us avg=7.32us max=20.74us read(Gbits/sec)=4.409 write(Gbits/sec)=4.409 count=134552
    8 RR .15 min=6.40us avg=7.32us max=36.86us read(Gbits/sec)=4.410 write(Gbits/sec)=4.410 count=134580
    8 RR Total-Throughput read(Gbits/sec)=66.727 write(Gbits/sec)=66.727

    9 RR .0 min=6.40us avg=16.98us max=934132.99us read(Gbits/sec)=3.187 write(Gbits/sec)=3.187 count=97273
    9 RR .1 min=6.40us avg=7.36us max=18.69us read(Gbits/sec)=4.387 write(Gbits/sec)=4.387 count=133875
    9 RR .2 min=6.40us avg=7.35us max=18.94us read(Gbits/sec)=4.394 write(Gbits/sec)=4.394 count=134081
    9 RR .3 min=6.40us avg=7.36us max=18.43us read(Gbits/sec)=4.385 write(Gbits/sec)=4.385 count=133836
    9 RR .4 min=6.40us avg=7.37us max=18.43us read(Gbits/sec)=4.378 write(Gbits/sec)=4.378 count=133622
    9 RR .5 min=6.40us avg=8.32us max=115873.79us read(Gbits/sec)=3.997 write(Gbits/sec)=3.997 count=121968
    9 RR .6 min=6.40us avg=7.35us max=52.99us read(Gbits/sec)=4.392 write(Gbits/sec)=4.392 count=134030
    9 RR .7 min=6.40us avg=7.37us max=19.20us read(Gbits/sec)=4.384 write(Gbits/sec)=4.384 count=133780
    9 RR .8 min=6.40us avg=7.37us max=18.43us read(Gbits/sec)=4.378 write(Gbits/sec)=4.378 count=133598
    9 RR .9 min=6.40us avg=7.36us max=18.18us read(Gbits/sec)=4.388 write(Gbits/sec)=4.388 count=133928
    9 RR .10 min=6.40us avg=7.35us max=18.94us read(Gbits/sec)=4.392 write(Gbits/sec)=4.392 count=134025
    9 RR .11 min=6.66us avg=7.36us max=18.69us read(Gbits/sec)=4.387 write(Gbits/sec)=4.387 count=133884
    9 RR .12 min=6.40us avg=7.39us max=18.43us read(Gbits/sec)=4.366 write(Gbits/sec)=4.366 count=133233
    9 RR .13 min=6.40us avg=7.36us max=37.38us read(Gbits/sec)=4.385 write(Gbits/sec)=4.385 count=133823
    9 RR .14 min=6.40us avg=7.36us max=34.82us read(Gbits/sec)=4.388 write(Gbits/sec)=4.388 count=133922
    9 RR .15 min=6.40us avg=7.36us max=17.92us read(Gbits/sec)=4.389 write(Gbits/sec)=4.389 count=133941
    9 RR Total-Throughput read(Gbits/sec)=68.576 write(Gbits/sec)=68.576

   10 RR .0 min=6.40us avg=7.33us max=36.35us read(Gbits/sec)=4.398 write(Gbits/sec)=4.398 count=134225
   10 RR .1 min=6.66us avg=7.35us max=19.46us read(Gbits/sec)=4.395 write(Gbits/sec)=4.395 count=134128
   10 RR .2 min=6.40us avg=7.33us max=38.14us read(Gbits/sec)=4.402 write(Gbits/sec)=4.402 count=134330
   10 RR .3 min=6.40us avg=8.45us max=128549.63us read(Gbits/sec)=3.827 write(Gbits/sec)=3.827 count=116782
   10 RR .4 min=6.40us avg=7.35us max=18.43us read(Gbits/sec)=4.391 write(Gbits/sec)=4.391 count=133990
   10 RR .5 min=6.40us avg=8.68us max=151028.48us read(Gbits/sec)=3.729 write(Gbits/sec)=3.729 count=113790
   10 RR .6 min=6.40us avg=7.33us max=30.46us read(Gbits/sec)=4.401 write(Gbits/sec)=4.401 count=134316
   10 RR .7 min=6.40us avg=7.35us max=20.99us read(Gbits/sec)=4.392 write(Gbits/sec)=4.392 count=134050
   10 RR .8 min=6.40us avg=7.36us max=33.28us read(Gbits/sec)=4.386 write(Gbits/sec)=4.386 count=133865
   10 RR .9 min=6.40us avg=7.34us max=49.66us read(Gbits/sec)=4.397 write(Gbits/sec)=4.397 count=134188
   10 RR .10 min=6.40us avg=8.39us max=122417.66us read(Gbits/sec)=3.855 write(Gbits/sec)=3.855 count=117660
   10 RR .11 min=6.40us avg=7.34us max=18.94us read(Gbits/sec)=4.396 write(Gbits/sec)=4.396 count=134164
   10 RR .12 min=6.40us avg=7.37us max=42.24us read(Gbits/sec)=4.376 write(Gbits/sec)=4.376 count=133537
   10 RR .13 min=6.40us avg=7.35us max=38.40us read(Gbits/sec)=4.394 write(Gbits/sec)=4.394 count=134098
   10 RR .14 min=6.40us avg=8.96us max=177111.81us read(Gbits/sec)=3.611 write(Gbits/sec)=3.611 count=110191
   10 RR .15 min=6.40us avg=7.34us max=17.66us read(Gbits/sec)=4.398 write(Gbits/sec)=4.398 count=134227
   10 RR Total-Throughput read(Gbits/sec)=67.748 write(Gbits/sec)=67.748

   11 RR .0 min=6.40us avg=7.34us max=920.06us read(Gbits/sec)=4.394 write(Gbits/sec)=4.394 count=134087
   11 RR .1 min=6.40us avg=8.50us max=107967.23us read(Gbits/sec)=3.097 write(Gbits/sec)=3.097 count=94503
   11 RR .2 min=6.40us avg=7.33us max=17.66us read(Gbits/sec)=4.404 write(Gbits/sec)=4.404 count=134389
   11 RR .3 min=6.40us avg=8.32us max=115261.44us read(Gbits/sec)=3.887 write(Gbits/sec)=3.887 count=118630
   11 RR .4 min=6.40us avg=7.35us max=18.69us read(Gbits/sec)=4.390 write(Gbits/sec)=4.390 count=133971
   11 RR .5 min=6.66us avg=7.34us max=18.43us read(Gbits/sec)=4.396 write(Gbits/sec)=4.396 count=134151
   11 RR .6 min=6.40us avg=7.33us max=19.46us read(Gbits/sec)=4.403 write(Gbits/sec)=4.403 count=134357
   11 RR .7 min=6.40us avg=7.35us max=21.76us read(Gbits/sec)=4.393 write(Gbits/sec)=4.393 count=134063
   11 RR .8 min=6.40us avg=7.35us max=17.92us read(Gbits/sec)=4.387 write(Gbits/sec)=4.387 count=133888
   11 RR .9 min=6.40us avg=7.34us max=17.92us read(Gbits/sec)=4.398 write(Gbits/sec)=4.398 count=134215
   11 RR .10 min=6.40us avg=7.33us max=18.18us read(Gbits/sec)=4.401 write(Gbits/sec)=4.401 count=134314
   11 RR .11 min=6.66us avg=9.00us max=181218.05us read(Gbits/sec)=3.596 write(Gbits/sec)=3.596 count=109743
   11 RR .12 min=6.40us avg=7.37us max=19.97us read(Gbits/sec)=4.379 write(Gbits/sec)=4.379 count=133639
   11 RR .13 min=6.40us avg=7.34us max=37.89us read(Gbits/sec)=4.395 write(Gbits/sec)=4.395 count=134122
   11 RR .14 min=6.40us avg=7.34us max=18.69us read(Gbits/sec)=4.398 write(Gbits/sec)=4.398 count=134226
   11 RR .15 min=6.40us avg=7.34us max=40.45us read(Gbits/sec)=4.399 write(Gbits/sec)=4.399 count=134240
   11 RR Total-Throughput read(Gbits/sec)=67.715 write(Gbits/sec)=67.715

   12 RR .0 min=6.66us avg=7.37us max=771.58us read(Gbits/sec)=4.376 write(Gbits/sec)=4.376 count=133554
   12 RR .1 min=6.66us avg=8.89us max=199885.57us read(Gbits/sec)=4.316 write(Gbits/sec)=4.316 count=131721
   12 RR .2 min=6.40us avg=7.36us max=35.58us read(Gbits/sec)=4.384 write(Gbits/sec)=4.384 count=133792
   12 RR .3 min=6.40us avg=7.38us max=18.94us read(Gbits/sec)=4.377 write(Gbits/sec)=4.377 count=133567
   12 RR .4 min=6.40us avg=7.39us max=17.41us read(Gbits/sec)=4.369 write(Gbits/sec)=4.369 count=133333
   12 RR .5 min=6.66us avg=7.37us max=18.18us read(Gbits/sec)=4.378 write(Gbits/sec)=4.378 count=133621
   12 RR .6 min=6.40us avg=7.36us max=39.68us read(Gbits/sec)=4.383 write(Gbits/sec)=4.383 count=133771
   12 RR .7 min=6.40us avg=8.55us max=134340.35us read(Gbits/sec)=3.781 write(Gbits/sec)=3.781 count=115392
   12 RR .8 min=6.40us avg=7.38us max=33.79us read(Gbits/sec)=4.370 write(Gbits/sec)=4.370 count=133375
   12 RR .9 min=6.40us avg=7.37us max=44.54us read(Gbits/sec)=4.378 write(Gbits/sec)=4.378 count=133597
   12 RR .10 min=6.40us avg=7.37us max=19.46us read(Gbits/sec)=4.383 write(Gbits/sec)=4.383 count=133750
   12 RR .11 min=6.40us avg=7.37us max=36.61us read(Gbits/sec)=4.378 write(Gbits/sec)=4.378 count=133595
   12 RR .12 min=6.40us avg=7.41us max=17.41us read(Gbits/sec)=4.355 write(Gbits/sec)=4.355 count=132914
   12 RR .13 min=6.40us avg=7.38us max=18.69us read(Gbits/sec)=4.376 write(Gbits/sec)=4.376 count=133537
   12 RR .14 min=6.40us avg=7.37us max=17.92us read(Gbits/sec)=4.379 write(Gbits/sec)=4.379 count=133648
   12 RR .15 min=6.40us avg=7.37us max=18.43us read(Gbits/sec)=4.379 write(Gbits/sec)=4.379 count=133647
   12 RR Total-Throughput read(Gbits/sec)=69.363 write(Gbits/sec)=69.363

   13 RR .0 min=6.40us avg=7.35us max=40.70us read(Gbits/sec)=4.388 write(Gbits/sec)=4.388 count=133908
   13 RR .1 min=6.40us avg=7.37us max=20.99us read(Gbits/sec)=4.383 write(Gbits/sec)=4.383 count=133757
   13 RR .2 min=6.40us avg=7.35us max=17.92us read(Gbits/sec)=4.392 write(Gbits/sec)=4.392 count=134043
   13 RR .3 min=6.40us avg=7.36us max=18.69us read(Gbits/sec)=4.384 write(Gbits/sec)=4.384 count=133802
   13 RR .4 min=6.40us avg=7.37us max=19.20us read(Gbits/sec)=4.377 write(Gbits/sec)=4.377 count=133580
   13 RR .5 min=6.66us avg=7.36us max=18.94us read(Gbits/sec)=4.385 write(Gbits/sec)=4.385 count=133810
   13 RR .6 min=6.40us avg=7.35us max=18.69us read(Gbits/sec)=4.390 write(Gbits/sec)=4.390 count=133971
   13 RR .7 min=6.40us avg=8.62us max=141267.46us read(Gbits/sec)=3.755 write(Gbits/sec)=3.755 count=114592
   13 RR .8 min=6.40us avg=7.37us max=18.43us read(Gbits/sec)=4.345 write(Gbits/sec)=4.345 count=132606
   13 RR .9 min=6.40us avg=8.83us max=162700.54us read(Gbits/sec)=3.664 write(Gbits/sec)=3.664 count=111813
   13 RR .10 min=6.40us avg=7.35us max=34.05us read(Gbits/sec)=4.390 write(Gbits/sec)=4.390 count=133990
   13 RR .11 min=6.40us avg=7.36us max=46.59us read(Gbits/sec)=4.387 write(Gbits/sec)=4.387 count=133873
   13 RR .12 min=6.40us avg=7.39us max=35.84us read(Gbits/sec)=4.365 write(Gbits/sec)=4.365 count=133202
   13 RR .13 min=6.40us avg=7.36us max=38.66us read(Gbits/sec)=4.384 write(Gbits/sec)=4.384 count=133779
   13 RR .14 min=6.40us avg=7.36us max=19.71us read(Gbits/sec)=4.388 write(Gbits/sec)=4.388 count=133902
   13 RR .15 min=6.40us avg=7.36us max=18.43us read(Gbits/sec)=4.387 write(Gbits/sec)=4.387 count=133882
   13 RR Total-Throughput read(Gbits/sec)=68.763 write(Gbits/sec)=68.763

   14 RR .0 min=6.40us avg=7.35us max=1163.52us read(Gbits/sec)=4.389 write(Gbits/sec)=4.389 count=133945
   14 RR .1 min=6.40us avg=7.35us max=18.18us read(Gbits/sec)=4.391 write(Gbits/sec)=4.391 count=134012
   14 RR .2 min=6.40us avg=7.34us max=19.97us read(Gbits/sec)=4.398 write(Gbits/sec)=4.398 count=134230
   14 RR .3 min=6.40us avg=7.35us max=18.43us read(Gbits/sec)=4.391 write(Gbits/sec)=4.391 count=134004
   14 RR .4 min=6.40us avg=7.36us max=18.69us read(Gbits/sec)=4.384 write(Gbits/sec)=4.384 count=133794
   14 RR .5 min=6.40us avg=7.35us max=18.69us read(Gbits/sec)=4.392 write(Gbits/sec)=4.392 count=134028
   14 RR .6 min=6.40us avg=8.89us max=171030.78us read(Gbits/sec)=3.641 write(Gbits/sec)=3.641 count=111122
   14 RR .7 min=6.40us avg=7.36us max=19.46us read(Gbits/sec)=4.389 write(Gbits/sec)=4.389 count=133943
   14 RR .8 min=6.40us avg=8.38us max=120640.26us read(Gbits/sec)=3.884 write(Gbits/sec)=3.884 count=118533
   14 RR .9 min=6.40us avg=7.35us max=18.18us read(Gbits/sec)=4.393 write(Gbits/sec)=4.393 count=134077
   14 RR .10 min=6.40us avg=7.34us max=18.94us read(Gbits/sec)=4.396 write(Gbits/sec)=4.396 count=134161
   14 RR .11 min=6.40us avg=7.35us max=19.20us read(Gbits/sec)=4.394 write(Gbits/sec)=4.394 count=134091
   14 RR .12 min=6.40us avg=7.38us max=33.02us read(Gbits/sec)=4.370 write(Gbits/sec)=4.370 count=133374
   14 RR .13 min=6.40us avg=7.35us max=48.38us read(Gbits/sec)=4.390 write(Gbits/sec)=4.390 count=133991
   14 RR .14 min=6.40us avg=7.35us max=18.69us read(Gbits/sec)=4.393 write(Gbits/sec)=4.393 count=134078
   14 RR .15 min=6.40us avg=9.13us max=192100.61us read(Gbits/sec)=3.545 write(Gbits/sec)=3.545 count=108183
   14 RR Total-Throughput read(Gbits/sec)=68.142 write(Gbits/sec)=68.142

   15 RR .0 min=6.40us avg=7.36us max=39.68us read(Gbits/sec)=4.385 write(Gbits/sec)=4.385 count=133806
   15 RR .1 min=6.66us avg=7.37us max=51.20us read(Gbits/sec)=4.382 write(Gbits/sec)=4.382 count=133723
   15 RR .2 min=6.40us avg=7.36us max=19.20us read(Gbits/sec)=4.389 write(Gbits/sec)=4.389 count=133937
   15 RR .3 min=6.40us avg=8.69us max=149630.72us read(Gbits/sec)=3.721 write(Gbits/sec)=3.721 count=113568
   15 RR .4 min=6.40us avg=7.37us max=19.46us read(Gbits/sec)=4.377 write(Gbits/sec)=4.377 count=133583
   15 RR .5 min=6.40us avg=7.37us max=18.18us read(Gbits/sec)=4.382 write(Gbits/sec)=4.382 count=133738
   15 RR .6 min=6.40us avg=7.36us max=18.18us read(Gbits/sec)=4.389 write(Gbits/sec)=4.389 count=133932
   15 RR .7 min=6.40us avg=7.37us max=19.46us read(Gbits/sec)=4.380 write(Gbits/sec)=4.380 count=133669
   15 RR .8 min=6.40us avg=7.38us max=17.92us read(Gbits/sec)=4.374 write(Gbits/sec)=4.374 count=133474
   15 RR .9 min=6.40us avg=7.37us max=23.30us read(Gbits/sec)=4.383 write(Gbits/sec)=4.383 count=133764
   15 RR .10 min=6.40us avg=7.36us max=18.18us read(Gbits/sec)=4.387 write(Gbits/sec)=4.387 count=133875
   15 RR .11 min=6.40us avg=7.36us max=35.07us read(Gbits/sec)=4.384 write(Gbits/sec)=4.384 count=133802
   15 RR .12 min=6.40us avg=7.40us max=20.48us read(Gbits/sec)=4.361 write(Gbits/sec)=4.361 count=133078
   15 RR .13 min=6.40us avg=7.37us max=35.07us read(Gbits/sec)=4.380 write(Gbits/sec)=4.380 count=133672
   15 RR .14 min=6.40us avg=7.37us max=16.90us read(Gbits/sec)=3.773 write(Gbits/sec)=3.773 count=115155
   15 RR .15 min=6.40us avg=7.36us max=52.22us read(Gbits/sec)=4.385 write(Gbits/sec)=4.385 count=133818
   15 RR Total-Throughput read(Gbits/sec)=68.831 write(Gbits/sec)=68.831

   16 RR .0 min=6.40us avg=7.35us max=41.47us read(Gbits/sec)=4.088 write(Gbits/sec)=4.088 count=124748
   16 RR .1 min=6.40us avg=7.36us max=31.49us read(Gbits/sec)=4.388 write(Gbits/sec)=4.388 count=133919
   16 RR .2 min=6.40us avg=7.34us max=50.69us read(Gbits/sec)=4.396 write(Gbits/sec)=4.396 count=134146
   16 RR .3 min=6.40us avg=8.55us max=135467.01us read(Gbits/sec)=3.785 write(Gbits/sec)=3.785 count=115508
   16 RR .4 min=6.40us avg=7.36us max=18.18us read(Gbits/sec)=4.383 write(Gbits/sec)=4.383 count=133762
   16 RR .5 min=6.40us avg=7.36us max=18.18us read(Gbits/sec)=4.389 write(Gbits/sec)=4.389 count=133944
   16 RR .6 min=6.40us avg=7.34us max=18.43us read(Gbits/sec)=4.395 write(Gbits/sec)=4.395 count=134129
   16 RR .7 min=6.40us avg=7.36us max=20.48us read(Gbits/sec)=4.385 write(Gbits/sec)=4.385 count=133827
   16 RR .8 min=6.40us avg=7.37us max=37.63us read(Gbits/sec)=4.380 write(Gbits/sec)=4.380 count=133667
   16 RR .9 min=6.40us avg=7.35us max=48.13us read(Gbits/sec)=4.390 write(Gbits/sec)=4.390 count=133974
   16 RR .10 min=6.40us avg=7.35us max=20.74us read(Gbits/sec)=4.394 write(Gbits/sec)=4.394 count=134092
   16 RR .11 min=6.40us avg=8.78us max=158872.83us read(Gbits/sec)=3.684 write(Gbits/sec)=3.684 count=112424
   16 RR .12 min=6.40us avg=7.38us max=19.46us read(Gbits/sec)=4.370 write(Gbits/sec)=4.370 count=133357
   16 RR .13 min=6.40us avg=7.36us max=29.18us read(Gbits/sec)=4.387 write(Gbits/sec)=4.387 count=133899
   16 RR .14 min=6.40us avg=8.90us max=194890.75us read(Gbits/sec)=4.141 write(Gbits/sec)=4.141 count=126377
   16 RR .15 min=6.40us avg=7.35us max=39.42us read(Gbits/sec)=4.391 write(Gbits/sec)=4.391 count=134019
   16 RR Total-Throughput read(Gbits/sec)=68.346 write(Gbits/sec)=68.346

   17 RR .0 min=6.40us avg=8.39us max=132322.05us read(Gbits/sec)=4.115 write(Gbits/sec)=4.115 count=125567
   17 RR .1 min=6.40us avg=8.45us max=127340.29us read(Gbits/sec)=3.826 write(Gbits/sec)=3.826 count=116756
   17 RR .2 min=6.40us avg=7.33us max=18.43us read(Gbits/sec)=4.405 write(Gbits/sec)=4.405 count=134436
   17 RR .3 min=6.40us avg=7.34us max=17.92us read(Gbits/sec)=4.398 write(Gbits/sec)=4.398 count=134228
   17 RR .4 min=6.40us avg=8.57us max=138352.13us read(Gbits/sec)=3.773 write(Gbits/sec)=3.773 count=115139
   17 RR .5 min=6.40us avg=7.34us max=18.43us read(Gbits/sec)=4.399 write(Gbits/sec)=4.399 count=134239
   17 RR .6 min=6.40us avg=7.33us max=44.03us read(Gbits/sec)=4.404 write(Gbits/sec)=4.404 count=134407
   17 RR .7 min=6.40us avg=7.34us max=20.74us read(Gbits/sec)=4.394 write(Gbits/sec)=4.394 count=134111
   17 RR .8 min=6.40us avg=9.10us max=188741.38us read(Gbits/sec)=3.556 write(Gbits/sec)=3.556 count=108519
   17 RR .9 min=6.40us avg=8.29us max=111903.49us read(Gbits/sec)=3.900 write(Gbits/sec)=3.900 count=119032
   17 RR .10 min=6.40us avg=7.33us max=18.18us read(Gbits/sec)=4.403 write(Gbits/sec)=4.403 count=134385
   17 RR .11 min=6.40us avg=7.33us max=47.10us read(Gbits/sec)=4.400 write(Gbits/sec)=4.400 count=134277
   17 RR .12 min=6.40us avg=7.37us max=19.46us read(Gbits/sec)=4.378 write(Gbits/sec)=4.378 count=133603
   17 RR .13 min=6.40us avg=7.34us max=33.54us read(Gbits/sec)=4.396 write(Gbits/sec)=4.396 count=134157
   17 RR .14 min=6.40us avg=7.34us max=19.97us read(Gbits/sec)=4.399 write(Gbits/sec)=4.399 count=134239
   17 RR .15 min=6.40us avg=7.34us max=18.69us read(Gbits/sec)=4.399 write(Gbits/sec)=4.399 count=134254
   17 RR Total-Throughput read(Gbits/sec)=67.545 write(Gbits/sec)=67.545

   18 RR .0 min=6.40us avg=7.30us max=44.80us read(Gbits/sec)=3.862 write(Gbits/sec)=3.862 count=117856
   18 RR .1 min=6.40us avg=7.32us max=18.94us read(Gbits/sec)=4.411 write(Gbits/sec)=4.411 count=134622
   18 RR .2 min=6.40us avg=7.30us max=47.87us read(Gbits/sec)=4.419 write(Gbits/sec)=4.419 count=134852
   18 RR .3 min=6.40us avg=9.12us max=193950.98us read(Gbits/sec)=3.548 write(Gbits/sec)=3.548 count=108285
   18 RR .4 min=6.40us avg=7.32us max=18.69us read(Gbits/sec)=4.408 write(Gbits/sec)=4.408 count=134516
   18 RR .5 min=6.40us avg=8.67us max=153774.85us read(Gbits/sec)=3.732 write(Gbits/sec)=3.732 count=113902
   18 RR .6 min=6.40us avg=8.62us max=149278.21us read(Gbits/sec)=3.755 write(Gbits/sec)=3.755 count=114591
   18 RR .7 min=6.40us avg=7.32us max=19.71us read(Gbits/sec)=4.410 write(Gbits/sec)=4.410 count=134590
   18 RR .8 min=6.40us avg=7.33us max=41.47us read(Gbits/sec)=4.403 write(Gbits/sec)=4.403 count=134382
   18 RR .9 min=6.40us avg=7.31us max=44.80us read(Gbits/sec)=4.413 write(Gbits/sec)=4.413 count=134686
   18 RR .10 min=6.40us avg=7.31us max=18.94us read(Gbits/sec)=4.416 write(Gbits/sec)=4.416 count=134763
   18 RR .11 min=6.40us avg=9.11us max=194348.29us read(Gbits/sec)=3.554 write(Gbits/sec)=3.554 count=108478
   18 RR .12 min=6.40us avg=7.34us max=45.57us read(Gbits/sec)=4.395 write(Gbits/sec)=4.395 count=134143
   18 RR .13 min=6.40us avg=8.48us max=133344.00us read(Gbits/sec)=3.815 write(Gbits/sec)=3.815 count=116422
   18 RR .14 min=6.40us avg=7.31us max=19.20us read(Gbits/sec)=4.414 write(Gbits/sec)=4.414 count=134706
   18 RR .15 min=6.40us avg=7.31us max=18.69us read(Gbits/sec)=4.414 write(Gbits/sec)=4.414 count=134717
   18 RR Total-Throughput read(Gbits/sec)=66.370 write(Gbits/sec)=66.370

   19 RR .0 min=6.40us avg=8.86us max=188478.46us read(Gbits/sec)=4.106 write(Gbits/sec)=4.106 count=125291
   19 RR .1 min=6.40us avg=7.37us max=18.94us read(Gbits/sec)=4.382 write(Gbits/sec)=4.382 count=133740
   19 RR .2 min=6.40us avg=7.36us max=19.46us read(Gbits/sec)=4.389 write(Gbits/sec)=4.389 count=133939
   19 RR .3 min=6.40us avg=7.37us max=18.94us read(Gbits/sec)=4.382 write(Gbits/sec)=4.382 count=133723
   19 RR .4 min=6.40us avg=7.38us max=18.43us read(Gbits/sec)=4.374 write(Gbits/sec)=4.374 count=133497
   19 RR .5 min=6.40us avg=7.37us max=19.46us read(Gbits/sec)=4.382 write(Gbits/sec)=4.382 count=133745
   19 RR .6 min=6.40us avg=7.36us max=44.03us read(Gbits/sec)=4.388 write(Gbits/sec)=4.388 count=133925
   19 RR .7 min=6.66us avg=7.38us max=21.25us read(Gbits/sec)=3.956 write(Gbits/sec)=3.956 count=120716
   19 RR .8 min=6.40us avg=7.38us max=19.46us read(Gbits/sec)=4.375 write(Gbits/sec)=4.375 count=133509
   19 RR .9 min=6.40us avg=8.65us max=145424.38us read(Gbits/sec)=3.741 write(Gbits/sec)=3.741 count=114171
   19 RR .10 min=6.40us avg=7.36us max=18.18us read(Gbits/sec)=4.387 write(Gbits/sec)=4.387 count=133877
   19 RR .11 min=6.40us avg=7.36us max=18.94us read(Gbits/sec)=4.384 write(Gbits/sec)=4.384 count=133800
   19 RR .12 min=6.40us avg=7.40us max=17.66us read(Gbits/sec)=4.361 write(Gbits/sec)=4.361 count=133091
   19 RR .13 min=6.40us avg=7.37us max=33.79us read(Gbits/sec)=4.380 write(Gbits/sec)=4.380 count=133661
   19 RR .14 min=6.40us avg=7.36us max=17.66us read(Gbits/sec)=4.384 write(Gbits/sec)=4.384 count=133779
   19 RR .15 min=6.40us avg=7.36us max=41.73us read(Gbits/sec)=4.384 write(Gbits/sec)=4.384 count=133800
   19 RR Total-Throughput read(Gbits/sec)=68.755 write(Gbits/sec)=68.755

   20 RR .0 min=6.40us avg=8.36us max=118605.06us read(Gbits/sec)=3.866 write(Gbits/sec)=3.866 count=117989
   20 RR .1 min=6.40us avg=8.30us max=111696.90us read(Gbits/sec)=3.898 write(Gbits/sec)=3.898 count=118964
   20 RR .2 min=6.40us avg=7.34us max=36.35us read(Gbits/sec)=4.396 write(Gbits/sec)=4.396 count=134144
   20 RR .3 min=6.40us avg=7.35us max=18.43us read(Gbits/sec)=4.389 write(Gbits/sec)=4.389 count=133941
   20 RR .4 min=6.40us avg=7.37us max=17.92us read(Gbits/sec)=4.381 write(Gbits/sec)=4.381 count=133713
   20 RR .5 min=6.66us avg=7.35us max=18.43us read(Gbits/sec)=4.390 write(Gbits/sec)=4.390 count=133966
   20 RR .6 min=6.40us avg=7.34us max=31.74us read(Gbits/sec)=4.396 write(Gbits/sec)=4.396 count=134150
   20 RR .7 min=6.40us avg=10.43us max=166331.39us read(Gbits/sec)=3.408 write(Gbits/sec)=3.408 count=104010
   20 RR .8 min=6.40us avg=7.36us max=38.14us read(Gbits/sec)=4.384 write(Gbits/sec)=4.384 count=133800
   20 RR .9 min=6.40us avg=7.35us max=18.43us read(Gbits/sec)=4.391 write(Gbits/sec)=4.391 count=134020
   20 RR .10 min=6.40us avg=7.35us max=18.69us read(Gbits/sec)=4.394 write(Gbits/sec)=4.394 count=134088
   20 RR .11 min=6.40us avg=7.35us max=48.13us read(Gbits/sec)=4.391 write(Gbits/sec)=4.391 count=133995
   20 RR .12 min=6.40us avg=7.39us max=30.98us read(Gbits/sec)=4.367 write(Gbits/sec)=4.367 count=133279
   20 RR .13 min=6.40us avg=7.36us max=42.75us read(Gbits/sec)=4.387 write(Gbits/sec)=4.387 count=133898
   20 RR .14 min=6.40us avg=7.35us max=18.43us read(Gbits/sec)=4.391 write(Gbits/sec)=4.391 count=133998
   20 RR .15 min=6.40us avg=7.35us max=18.43us read(Gbits/sec)=4.391 write(Gbits/sec)=4.391 count=134021
   20 RR Total-Throughput read(Gbits/sec)=68.221 write(Gbits/sec)=68.221

   21 RR .0 min=6.40us avg=7.33us max=40.45us read(Gbits/sec)=4.398 write(Gbits/sec)=4.398 count=134210
   21 RR .1 min=6.40us avg=7.34us max=19.20us read(Gbits/sec)=4.398 write(Gbits/sec)=4.398 count=134217
   21 RR .2 min=6.40us avg=7.33us max=18.69us read(Gbits/sec)=4.403 write(Gbits/sec)=4.403 count=134369
   21 RR .3 min=6.40us avg=11.03us max=186452.74us read(Gbits/sec)=2.942 write(Gbits/sec)=2.942 count=89787
   21 RR .4 min=6.40us avg=7.34us max=17.66us read(Gbits/sec)=4.393 write(Gbits/sec)=4.393 count=134074
   21 RR .5 min=6.66us avg=7.34us max=17.15us read(Gbits/sec)=4.396 write(Gbits/sec)=4.396 count=134149
   21 RR .6 min=6.40us avg=7.33us max=18.69us read(Gbits/sec)=4.402 write(Gbits/sec)=4.402 count=134348
   21 RR .7 min=6.40us avg=7.35us max=18.94us read(Gbits/sec)=4.393 write(Gbits/sec)=4.393 count=134071
   21 RR .8 min=6.40us avg=7.35us max=17.92us read(Gbits/sec)=4.389 write(Gbits/sec)=4.389 count=133932
   21 RR .9 min=6.40us avg=8.68us max=150932.99us read(Gbits/sec)=3.726 write(Gbits/sec)=3.726 count=113722
   21 RR .10 min=6.40us avg=7.33us max=18.43us read(Gbits/sec)=4.401 write(Gbits/sec)=4.401 count=134321
   21 RR .11 min=6.40us avg=8.34us max=118077.44us read(Gbits/sec)=3.878 write(Gbits/sec)=3.878 count=118344
   21 RR .12 min=6.40us avg=7.37us max=21.50us read(Gbits/sec)=4.377 write(Gbits/sec)=4.377 count=133593
   21 RR .13 min=6.40us avg=7.35us max=32.00us read(Gbits/sec)=4.394 write(Gbits/sec)=4.394 count=134089
   21 RR .14 min=6.40us avg=7.34us max=18.43us read(Gbits/sec)=4.398 write(Gbits/sec)=4.398 count=134226
   21 RR .15 min=6.40us avg=7.34us max=36.86us read(Gbits/sec)=4.398 write(Gbits/sec)=4.398 count=134227
   21 RR Total-Throughput read(Gbits/sec)=67.687 write(Gbits/sec)=67.687

   22 RR .0 min=6.40us avg=9.14us max=191415.81us read(Gbits/sec)=3.540 write(Gbits/sec)=3.540 count=108022
   22 RR .1 min=6.40us avg=7.36us max=18.43us read(Gbits/sec)=4.389 write(Gbits/sec)=4.389 count=133930
   22 RR .2 min=6.40us avg=7.35us max=35.07us read(Gbits/sec)=3.956 write(Gbits/sec)=3.956 count=120735
   22 RR .3 min=6.40us avg=7.36us max=18.69us read(Gbits/sec)=4.386 write(Gbits/sec)=4.386 count=133866
   22 RR .4 min=6.40us avg=7.37us max=18.94us read(Gbits/sec)=4.379 write(Gbits/sec)=4.379 count=133644
   22 RR .5 min=6.66us avg=8.31us max=112052.22us read(Gbits/sec)=3.892 write(Gbits/sec)=3.892 count=118781
   22 RR .6 min=6.40us avg=7.35us max=44.29us read(Gbits/sec)=4.393 write(Gbits/sec)=4.393 count=134063
   22 RR .7 min=6.40us avg=7.36us max=19.71us read(Gbits/sec)=4.383 write(Gbits/sec)=4.383 count=133772
   22 RR .8 min=6.40us avg=7.37us max=43.01us read(Gbits/sec)=4.377 write(Gbits/sec)=4.377 count=133578
   22 RR .9 min=6.40us avg=7.36us max=49.41us read(Gbits/sec)=4.387 write(Gbits/sec)=4.387 count=133894
   22 RR .10 min=6.40us avg=7.35us max=17.92us read(Gbits/sec)=4.391 write(Gbits/sec)=4.391 count=134010
   22 RR .11 min=6.40us avg=7.35us max=36.86us read(Gbits/sec)=4.389 write(Gbits/sec)=4.389 count=133950
   22 RR .12 min=6.40us avg=7.39us max=19.46us read(Gbits/sec)=4.366 write(Gbits/sec)=4.366 count=133238
   22 RR .13 min=6.40us avg=7.36us max=36.86us read(Gbits/sec)=4.384 write(Gbits/sec)=4.384 count=133804
   22 RR .14 min=6.40us avg=7.36us max=18.18us read(Gbits/sec)=4.388 write(Gbits/sec)=4.388 count=133906
   22 RR .15 min=6.40us avg=7.36us max=18.94us read(Gbits/sec)=4.388 write(Gbits/sec)=4.388 count=133920
   22 RR Total-Throughput read(Gbits/sec)=68.389 write(Gbits/sec)=68.389

   23 RR .0 min=6.40us avg=7.33us max=792.83us read(Gbits/sec)=4.397 write(Gbits/sec)=4.397 count=134189
   23 RR .1 min=6.40us avg=8.38us max=120980.99us read(Gbits/sec)=3.861 write(Gbits/sec)=3.861 count=117839
   23 RR .2 min=6.40us avg=8.55us max=154835.97us read(Gbits/sec)=4.157 write(Gbits/sec)=4.157 count=126870
   23 RR .3 min=6.40us avg=7.34us max=17.66us read(Gbits/sec)=4.398 write(Gbits/sec)=4.398 count=134208
   23 RR .4 min=6.40us avg=7.35us max=18.94us read(Gbits/sec)=4.391 write(Gbits/sec)=4.391 count=133998
   23 RR .5 min=6.66us avg=7.34us max=18.18us read(Gbits/sec)=4.398 write(Gbits/sec)=4.398 count=134219
   23 RR .6 min=6.40us avg=7.33us max=18.69us read(Gbits/sec)=4.179 write(Gbits/sec)=4.179 count=127530
   23 RR .7 min=6.40us avg=8.65us max=148484.61us read(Gbits/sec)=3.739 write(Gbits/sec)=3.739 count=114111
   23 RR .8 min=6.40us avg=7.35us max=19.20us read(Gbits/sec)=4.391 write(Gbits/sec)=4.391 count=134014
   23 RR .9 min=6.40us avg=7.33us max=18.43us read(Gbits/sec)=4.400 write(Gbits/sec)=4.400 count=134275
   23 RR .10 min=6.40us avg=7.33us max=17.92us read(Gbits/sec)=4.403 write(Gbits/sec)=4.403 count=134361
   23 RR .11 min=6.40us avg=7.33us max=26.62us read(Gbits/sec)=4.400 write(Gbits/sec)=4.400 count=134284
   23 RR .12 min=6.40us avg=10.50us max=175817.98us read(Gbits/sec)=3.088 write(Gbits/sec)=3.088 count=94239
   23 RR .13 min=6.40us avg=7.34us max=36.86us read(Gbits/sec)=4.398 write(Gbits/sec)=4.398 count=134228
   23 RR .14 min=6.40us avg=7.34us max=30.72us read(Gbits/sec)=4.400 write(Gbits/sec)=4.400 count=134282
   23 RR .15 min=6.40us avg=7.33us max=20.22us read(Gbits/sec)=4.400 write(Gbits/sec)=4.400 count=134290
   23 RR Total-Throughput read(Gbits/sec)=67.400 write(Gbits/sec)=67.400

   24 RR .0 min=6.40us avg=7.35us max=40.19us read(Gbits/sec)=4.388 write(Gbits/sec)=4.388 count=133924
   24 RR .1 min=6.40us avg=7.36us max=18.43us read(Gbits/sec)=4.389 write(Gbits/sec)=4.389 count=133946
   24 RR .2 min=6.40us avg=7.35us max=51.46us read(Gbits/sec)=4.395 write(Gbits/sec)=4.395 count=134118
   24 RR .3 min=6.66us avg=7.36us max=18.94us read(Gbits/sec)=4.385 write(Gbits/sec)=4.385 count=133830
   24 RR .4 min=6.40us avg=7.37us max=19.20us read(Gbits/sec)=4.379 write(Gbits/sec)=4.379 count=133648
   24 RR .5 min=6.40us avg=7.36us max=18.94us read(Gbits/sec)=4.386 write(Gbits/sec)=4.386 count=133855
   24 RR .6 min=6.40us avg=8.88us max=178288.64us read(Gbits/sec)=3.831 write(Gbits/sec)=3.831 count=116911
   24 RR .7 min=6.40us avg=7.36us max=18.94us read(Gbits/sec)=4.385 write(Gbits/sec)=4.385 count=133814
   24 RR .8 min=6.40us avg=7.37us max=34.30us read(Gbits/sec)=4.378 write(Gbits/sec)=4.378 count=133615
   24 RR .9 min=6.40us avg=7.36us max=41.73us read(Gbits/sec)=4.388 write(Gbits/sec)=4.388 count=133927
   24 RR .10 min=6.40us avg=7.35us max=18.94us read(Gbits/sec)=4.391 write(Gbits/sec)=4.391 count=134015
   24 RR .11 min=6.40us avg=8.65us max=147748.86us read(Gbits/sec)=3.737 write(Gbits/sec)=3.737 count=114060
   24 RR .12 min=6.40us avg=7.38us max=30.46us read(Gbits/sec)=4.370 write(Gbits/sec)=4.370 count=133360
   24 RR .13 min=6.66us avg=8.23us max=103553.54us read(Gbits/sec)=3.929 write(Gbits/sec)=3.929 count=119901
   24 RR .14 min=6.40us avg=7.35us max=18.18us read(Gbits/sec)=4.390 write(Gbits/sec)=4.390 count=133964
   24 RR .15 min=6.40us avg=7.36us max=34.05us read(Gbits/sec)=4.208 write(Gbits/sec)=4.208 count=128432
   24 RR Total-Throughput read(Gbits/sec)=68.330 write(Gbits/sec)=68.330

   25 RR .0 min=6.40us avg=7.34us max=1147.90us read(Gbits/sec)=4.391 write(Gbits/sec)=4.391 count=133995
   25 RR .1 min=6.66us avg=7.35us max=55.04us read(Gbits/sec)=4.394 write(Gbits/sec)=4.394 count=134100
   25 RR .2 min=6.40us avg=8.63us max=146704.64us read(Gbits/sec)=3.751 write(Gbits/sec)=3.751 count=114469
   25 RR .3 min=6.40us avg=9.05us max=185337.09us read(Gbits/sec)=3.575 write(Gbits/sec)=3.575 count=109106
   25 RR .4 min=6.40us avg=7.35us max=17.92us read(Gbits/sec)=4.388 write(Gbits/sec)=4.388 count=133902
   25 RR .5 min=6.40us avg=7.35us max=18.94us read(Gbits/sec)=4.393 write(Gbits/sec)=4.393 count=134066
   25 RR .6 min=6.40us avg=8.43us max=127071.23us read(Gbits/sec)=3.837 write(Gbits/sec)=3.837 count=117111
   25 RR .7 min=6.40us avg=7.35us max=20.22us read(Gbits/sec)=4.391 write(Gbits/sec)=4.391 count=134012
   25 RR .8 min=6.40us avg=7.36us max=18.43us read(Gbits/sec)=4.384 write(Gbits/sec)=4.384 count=133796
   25 RR .9 min=6.40us avg=7.35us max=34.82us read(Gbits/sec)=4.394 write(Gbits/sec)=4.394 count=134090
   25 RR .10 min=6.40us avg=7.34us max=17.66us read(Gbits/sec)=4.397 write(Gbits/sec)=4.397 count=134201
   25 RR .11 min=6.40us avg=7.34us max=18.18us read(Gbits/sec)=4.396 write(Gbits/sec)=4.396 count=134149
   25 RR .12 min=6.40us avg=7.38us max=18.43us read(Gbits/sec)=4.371 write(Gbits/sec)=4.371 count=133412
   25 RR .13 min=6.66us avg=7.35us max=39.94us read(Gbits/sec)=4.391 write(Gbits/sec)=4.391 count=133995
   25 RR .14 min=6.40us avg=7.35us max=18.69us read(Gbits/sec)=4.394 write(Gbits/sec)=4.394 count=134105
   25 RR .15 min=6.40us avg=8.46us max=135042.30us read(Gbits/sec)=3.980 write(Gbits/sec)=3.980 count=121458
   25 RR Total-Throughput read(Gbits/sec)=67.827 write(Gbits/sec)=67.827

   26 RR .0 min=6.40us avg=7.37us max=128.51us read(Gbits/sec)=4.376 write(Gbits/sec)=4.376 count=133536
   26 RR .1 min=6.40us avg=7.38us max=34.30us read(Gbits/sec)=4.375 write(Gbits/sec)=4.375 count=133516
   26 RR .2 min=6.40us avg=7.37us max=49.15us read(Gbits/sec)=4.381 write(Gbits/sec)=4.381 count=133705
   26 RR .3 min=6.40us avg=7.38us max=17.92us read(Gbits/sec)=4.374 write(Gbits/sec)=4.374 count=133491
   26 RR .4 min=6.40us avg=7.39us max=18.43us read(Gbits/sec)=4.367 write(Gbits/sec)=4.367 count=133258
   26 RR .5 min=6.40us avg=7.38us max=19.20us read(Gbits/sec)=4.374 write(Gbits/sec)=4.374 count=133495
   26 RR .6 min=6.40us avg=8.38us max=117669.38us read(Gbits/sec)=3.860 write(Gbits/sec)=3.860 count=117813
   26 RR .7 min=6.40us avg=7.38us max=19.71us read(Gbits/sec)=4.371 write(Gbits/sec)=4.371 count=133405
   26 RR .8 min=6.40us avg=7.39us max=35.07us read(Gbits/sec)=4.365 write(Gbits/sec)=4.365 count=133222
   26 RR .9 min=6.66us avg=7.38us max=40.45us read(Gbits/sec)=4.348 write(Gbits/sec)=4.348 count=132701
   26 RR .10 min=6.40us avg=7.37us max=18.94us read(Gbits/sec)=4.379 write(Gbits/sec)=4.379 count=133633
   26 RR .11 min=6.40us avg=7.38us max=33.28us read(Gbits/sec)=4.377 write(Gbits/sec)=4.377 count=133566
   26 RR .12 min=6.40us avg=7.41us max=17.66us read(Gbits/sec)=4.354 write(Gbits/sec)=4.354 count=132873
   26 RR .13 min=6.40us avg=7.38us max=18.18us read(Gbits/sec)=4.373 write(Gbits/sec)=4.373 count=133450
   26 RR .14 min=6.40us avg=7.38us max=39.42us read(Gbits/sec)=4.376 write(Gbits/sec)=4.376 count=133558
   26 RR .15 min=6.40us avg=7.38us max=18.43us read(Gbits/sec)=4.376 write(Gbits/sec)=4.376 count=133552
   26 RR Total-Throughput read(Gbits/sec)=69.427 write(Gbits/sec)=69.427

   27 RR .0 min=6.40us avg=7.29us max=39.42us read(Gbits/sec)=4.420 write(Gbits/sec)=4.420 count=134900
   27 RR .1 min=6.40us avg=7.30us max=19.20us read(Gbits/sec)=4.420 write(Gbits/sec)=4.420 count=134887
   27 RR .2 min=6.40us avg=7.29us max=18.43us read(Gbits/sec)=4.425 write(Gbits/sec)=4.425 count=135047
   27 RR .3 min=6.40us avg=8.36us max=122505.22us read(Gbits/sec)=3.869 write(Gbits/sec)=3.869 count=118088
   27 RR .4 min=6.40us avg=7.31us max=19.20us read(Gbits/sec)=4.412 write(Gbits/sec)=4.412 count=134643
   27 RR .5 min=6.40us avg=7.31us max=18.69us read(Gbits/sec)=4.419 write(Gbits/sec)=4.419 count=134849
   27 RR .6 min=6.40us avg=7.29us max=43.78us read(Gbits/sec)=4.375 write(Gbits/sec)=4.375 count=133517
   27 RR .7 min=6.40us avg=7.31us max=33.28us read(Gbits/sec)=4.416 write(Gbits/sec)=4.416 count=134765
   27 RR .8 min=6.40us avg=7.32us max=17.66us read(Gbits/sec)=4.410 write(Gbits/sec)=4.410 count=134588
   27 RR .9 min=6.40us avg=8.68us max=158081.02us read(Gbits/sec)=3.749 write(Gbits/sec)=3.749 count=114419
   27 RR .10 min=6.40us avg=9.14us max=199187.71us read(Gbits/sec)=3.541 write(Gbits/sec)=3.541 count=108076
   27 RR .11 min=6.40us avg=8.93us max=178883.33us read(Gbits/sec)=3.624 write(Gbits/sec)=3.624 count=110605
   27 RR .12 min=6.40us avg=9.00us max=181065.98us read(Gbits/sec)=3.595 write(Gbits/sec)=3.595 count=109704
   27 RR .13 min=6.40us avg=7.30us max=33.54us read(Gbits/sec)=4.419 write(Gbits/sec)=4.419 count=134847
   27 RR .14 min=6.40us avg=7.30us max=18.43us read(Gbits/sec)=4.422 write(Gbits/sec)=4.422 count=134955
   27 RR .15 min=6.40us avg=8.99us max=167471.10us read(Gbits/sec)=3.265 write(Gbits/sec)=3.265 count=99630
   27 RR Total-Throughput read(Gbits/sec)=65.781 write(Gbits/sec)=65.781

   28 RR .0 min=6.40us avg=7.34us max=937.47us read(Gbits/sec)=4.393 write(Gbits/sec)=4.393 count=134073
   28 RR .1 min=6.40us avg=7.34us max=20.74us read(Gbits/sec)=4.400 write(Gbits/sec)=4.400 count=134267
   28 RR .2 min=6.40us avg=7.33us max=18.43us read(Gbits/sec)=4.405 write(Gbits/sec)=4.405 count=134438
   28 RR .3 min=6.40us avg=8.77us max=159293.18us read(Gbits/sec)=3.689 write(Gbits/sec)=3.689 count=112582
   28 RR .4 min=6.40us avg=7.34us max=45.06us read(Gbits/sec)=4.393 write(Gbits/sec)=4.393 count=134079
   28 RR .5 min=6.40us avg=7.34us max=22.53us read(Gbits/sec)=4.398 write(Gbits/sec)=4.398 count=134219
   28 RR .6 min=6.40us avg=8.52us max=137961.22us read(Gbits/sec)=3.841 write(Gbits/sec)=3.841 count=117230
   28 RR .7 min=6.40us avg=7.34us max=20.48us read(Gbits/sec)=4.395 write(Gbits/sec)=4.395 count=134141
   28 RR .8 min=6.40us avg=7.35us max=18.43us read(Gbits/sec)=4.391 write(Gbits/sec)=4.391 count=133995
   28 RR .9 min=6.40us avg=7.34us max=36.10us read(Gbits/sec)=4.400 write(Gbits/sec)=4.400 count=134273
   28 RR .10 min=6.40us avg=7.33us max=19.46us read(Gbits/sec)=4.403 write(Gbits/sec)=4.403 count=134364
   28 RR .11 min=6.40us avg=7.33us max=49.41us read(Gbits/sec)=4.401 write(Gbits/sec)=4.401 count=134303
   28 RR .12 min=6.40us avg=8.72us max=150489.60us read(Gbits/sec)=3.711 write(Gbits/sec)=3.711 count=113242
   28 RR .13 min=6.40us avg=8.52us max=136236.54us read(Gbits/sec)=3.796 write(Gbits/sec)=3.796 count=115854
   28 RR .14 min=6.40us avg=7.33us max=21.25us read(Gbits/sec)=4.402 write(Gbits/sec)=4.402 count=134330
   28 RR .15 min=6.40us avg=8.88us max=186948.10us read(Gbits/sec)=3.983 write(Gbits/sec)=3.983 count=121569
   28 RR Total-Throughput read(Gbits/sec)=67.401 write(Gbits/sec)=67.401

   29 RR .0 min=6.40us avg=7.34us max=42.75us read(Gbits/sec)=4.395 write(Gbits/sec)=4.395 count=134127
   29 RR .1 min=6.40us avg=7.35us max=31.49us read(Gbits/sec)=4.394 write(Gbits/sec)=4.394 count=134087
   29 RR .2 min=6.40us avg=7.34us max=18.43us read(Gbits/sec)=4.399 write(Gbits/sec)=4.399 count=134251
   29 RR .3 min=6.40us avg=7.35us max=19.20us read(Gbits/sec)=4.391 write(Gbits/sec)=4.391 count=134001
   29 RR .4 min=6.40us avg=8.98us max=176674.82us read(Gbits/sec)=3.604 write(Gbits/sec)=3.604 count=109994
   29 RR .5 min=6.40us avg=7.35us max=17.92us read(Gbits/sec)=4.393 write(Gbits/sec)=4.393 count=134067
   29 RR .6 min=6.40us avg=7.34us max=40.70us read(Gbits/sec)=4.399 write(Gbits/sec)=4.399 count=134238
   29 RR .7 min=6.40us avg=7.35us max=19.97us read(Gbits/sec)=4.389 write(Gbits/sec)=4.389 count=133937
   29 RR .8 min=6.40us avg=7.36us max=19.20us read(Gbits/sec)=4.383 write(Gbits/sec)=4.383 count=133775
   29 RR .9 min=6.40us avg=7.35us max=20.48us read(Gbits/sec)=4.394 write(Gbits/sec)=4.394 count=134088
   29 RR .10 min=6.40us avg=7.34us max=17.41us read(Gbits/sec)=4.397 write(Gbits/sec)=4.397 count=134188
   29 RR .11 min=6.40us avg=7.34us max=35.07us read(Gbits/sec)=4.394 write(Gbits/sec)=4.394 count=134107
   29 RR .12 min=6.40us avg=7.38us max=17.15us read(Gbits/sec)=4.371 write(Gbits/sec)=4.371 count=133400
   29 RR .13 min=6.40us avg=7.35us max=32.26us read(Gbits/sec)=4.390 write(Gbits/sec)=4.390 count=133971
   29 RR .14 min=6.40us avg=8.91us max=171114.50us read(Gbits/sec)=3.633 write(Gbits/sec)=3.633 count=110877
   29 RR .15 min=6.40us avg=8.83us max=163533.31us read(Gbits/sec)=3.666 write(Gbits/sec)=3.666 count=111873
   29 RR Total-Throughput read(Gbits/sec)=67.992 write(Gbits/sec)=67.992


---
 0 nr_conn=1 nr_zero_io_conn=0
 1 nr_conn=1 nr_zero_io_conn=0
 2 nr_conn=1 nr_zero_io_conn=0
 3 nr_conn=1 nr_zero_io_conn=0
 4 nr_conn=1 nr_zero_io_conn=0
 5 nr_conn=1 nr_zero_io_conn=0
 6 nr_conn=1 nr_zero_io_conn=0
 7 nr_conn=1 nr_zero_io_conn=0
 8 nr_conn=1 nr_zero_io_conn=0
 9 nr_conn=1 nr_zero_io_conn=0
10 nr_conn=1 nr_zero_io_conn=0
11 nr_conn=1 nr_zero_io_conn=0
12 nr_conn=1 nr_zero_io_conn=0
13 nr_conn=1 nr_zero_io_conn=0
14 nr_conn=1 nr_zero_io_conn=0
15 nr_conn=1 nr_zero_io_conn=0
exiting client: 4
exiting client: 5
exiting client: 15
exiting client: 12
exiting client: 13
exiting client: 1
exiting client: 6
exiting client: 3
exiting client: 0
exiting client: 2
exiting client: 8
exiting client: 11
exiting client: 9
exiting client: 14
exiting client: 7
exiting client: 10
