:: TPA_CFG='net { name=enp67s0f0np0; mac=38:25:f3:79:97:c6; ip=172.24.1.2; mask=255.255.255.0; gw=10.76.106.126; ip6=fe80::3a25:f3ff:fe79:97c6/64; } dpdk { pci=0000:43:00.0; } tcp {tso = 0; } dpdk { socket-mem = 8192; mbuf_mem_size = 6GB; }'
:: cmd=build/bin/app/fperf -c 172.24.1.52 -p 2888 -t rr -d 30 -n 22 -S 0 -m 4096 -X 4096 -R 4096 -Z 1 -K 0
    0 RR .0 min=5.63us avg=7.34us max=173894.66us read(Gbits/sec)=22.494 write(Gbits/sec)=22.494 count=686461
    0 RR .1 min=5.89us avg=7.04us max=143319.55us read(Gbits/sec)=23.038 write(Gbits/sec)=23.038 count=703059
    0 RR .2 min=5.89us avg=6.70us max=193.28us read(Gbits/sec)=23.273 write(Gbits/sec)=23.273 count=710236
    0 RR .3 min=5.89us avg=7.26us max=179686.66us read(Gbits/sec)=20.638 write(Gbits/sec)=20.638 count=629810
    0 RR .4 min=5.89us avg=6.79us max=193.02us read(Gbits/sec)=21.103 write(Gbits/sec)=21.103 count=644021
    0 RR .5 min=5.89us avg=6.78us max=193.54us read(Gbits/sec)=20.182 write(Gbits/sec)=20.182 count=615908
    0 RR .6 min=5.89us avg=7.73us max=171312.13us read(Gbits/sec)=16.899 write(Gbits/sec)=16.899 count=515707
    0 RR .7 min=5.89us avg=6.89us max=194.30us read(Gbits/sec)=17.975 write(Gbits/sec)=17.975 count=548570
    0 RR .8 min=5.89us avg=6.93us max=195.33us read(Gbits/sec)=16.903 write(Gbits/sec)=16.903 count=515831
    0 RR .9 min=5.89us avg=7.64us max=153953.02us read(Gbits/sec)=14.450 write(Gbits/sec)=14.450 count=440971
    0 RR .10 min=5.89us avg=7.83us max=171204.86us read(Gbits/sec)=13.271 write(Gbits/sec)=13.271 count=404990
    0 RR .11 min=5.89us avg=7.02us max=194.05us read(Gbits/sec)=13.856 write(Gbits/sec)=13.856 count=422857
    0 RR .12 min=5.89us avg=7.89us max=145292.80us read(Gbits/sec)=11.537 write(Gbits/sec)=11.537 count=352091
    0 RR .13 min=5.89us avg=7.40us max=114207.23us read(Gbits/sec)=11.409 write(Gbits/sec)=11.409 count=348192
    0 RR .14 min=5.89us avg=7.49us max=109250.30us read(Gbits/sec)=10.405 write(Gbits/sec)=10.405 count=317535
    0 RR .15 min=5.89us avg=7.20us max=191.23us read(Gbits/sec)=9.912 write(Gbits/sec)=9.912 count=302504
    0 RR .16 min=5.89us avg=7.29us max=195.58us read(Gbits/sec)=8.889 write(Gbits/sec)=8.889 count=271287
    0 RR .17 min=5.89us avg=7.22us max=197.63us read(Gbits/sec)=8.085 write(Gbits/sec)=8.085 count=246746
    0 RR .18 min=6.14us avg=7.25us max=194.56us read(Gbits/sec)=7.151 write(Gbits/sec)=7.151 count=218230
    0 RR .19 min=5.89us avg=7.31us max=169.22us read(Gbits/sec)=6.195 write(Gbits/sec)=6.195 count=189060
    0 RR .20 min=5.89us avg=8.35us max=140326.40us read(Gbits/sec)=4.639 write(Gbits/sec)=4.639 count=141570
    0 RR .21 min=6.14us avg=8.59us max=143235.07us read(Gbits/sec)=3.745 write(Gbits/sec)=3.745 count=114310
    0 RR Total-Throughput read(Gbits/sec)=306.048 write(Gbits/sec)=306.048

    1 RR .0 min=6.14us avg=7.31us max=1063.17us read(Gbits/sec)=4.415 write(Gbits/sec)=4.415 count=134734
    1 RR .1 min=6.14us avg=7.30us max=36.35us read(Gbits/sec)=4.420 write(Gbits/sec)=4.420 count=134900
    1 RR .2 min=6.14us avg=7.31us max=18.43us read(Gbits/sec)=4.415 write(Gbits/sec)=4.415 count=134746
    1 RR .3 min=6.14us avg=7.34us max=18.94us read(Gbits/sec)=4.398 write(Gbits/sec)=4.398 count=134204
    1 RR .4 min=6.14us avg=7.37us max=19.71us read(Gbits/sec)=4.379 write(Gbits/sec)=4.379 count=133636
    1 RR .5 min=6.14us avg=8.31us max=118061.57us read(Gbits/sec)=3.892 write(Gbits/sec)=3.892 count=118767
    1 RR .6 min=6.14us avg=7.31us max=19.46us read(Gbits/sec)=4.414 write(Gbits/sec)=4.414 count=134698
    1 RR .7 min=6.40us avg=8.80us max=160438.27us read(Gbits/sec)=3.674 write(Gbits/sec)=3.674 count=112125
    1 RR .8 min=6.14us avg=7.36us max=35.58us read(Gbits/sec)=4.387 write(Gbits/sec)=4.387 count=133879
    1 RR .9 min=6.14us avg=7.30us max=19.46us read(Gbits/sec)=4.421 write(Gbits/sec)=4.421 count=134906
    1 RR .10 min=6.14us avg=8.98us max=181906.43us read(Gbits/sec)=3.604 write(Gbits/sec)=3.604 count=109983
    1 RR .11 min=6.14us avg=7.34us max=17.92us read(Gbits/sec)=4.395 write(Gbits/sec)=4.395 count=134139
    1 RR .12 min=6.14us avg=7.38us max=18.18us read(Gbits/sec)=4.370 write(Gbits/sec)=4.370 count=133356
    1 RR .13 min=6.14us avg=7.31us max=20.22us read(Gbits/sec)=4.409 write(Gbits/sec)=4.409 count=134547
    1 RR .14 min=6.14us avg=7.31us max=21.76us read(Gbits/sec)=4.414 write(Gbits/sec)=4.414 count=134718
    1 RR .15 min=6.14us avg=7.35us max=18.69us read(Gbits/sec)=4.391 write(Gbits/sec)=4.391 count=134006
    1 RR .16 min=6.14us avg=7.40us max=23.55us read(Gbits/sec)=4.358 write(Gbits/sec)=4.358 count=133014
    1 RR .17 min=6.14us avg=7.31us max=19.71us read(Gbits/sec)=4.413 write(Gbits/sec)=4.413 count=134685
    1 RR .18 min=6.14us avg=7.32us max=19.20us read(Gbits/sec)=4.410 write(Gbits/sec)=4.410 count=134589
    1 RR .19 min=6.14us avg=7.35us max=24.06us read(Gbits/sec)=4.390 write(Gbits/sec)=4.390 count=133981
    1 RR .20 min=6.14us avg=7.37us max=18.18us read(Gbits/sec)=4.374 write(Gbits/sec)=4.374 count=133479
    1 RR .21 min=6.14us avg=7.32us max=17.92us read(Gbits/sec)=4.407 write(Gbits/sec)=4.407 count=134510
    1 RR Total-Throughput read(Gbits/sec)=94.749 write(Gbits/sec)=94.749

    2 RR .0 min=6.14us avg=7.32us max=759.04us read(Gbits/sec)=4.409 write(Gbits/sec)=4.409 count=134557
    2 RR .1 min=6.14us avg=7.32us max=51.97us read(Gbits/sec)=4.413 write(Gbits/sec)=4.413 count=134666
    2 RR .2 min=6.14us avg=7.32us max=30.21us read(Gbits/sec)=4.409 write(Gbits/sec)=4.409 count=134544
    2 RR .3 min=6.14us avg=7.35us max=24.32us read(Gbits/sec)=4.391 write(Gbits/sec)=4.391 count=134003
    2 RR .4 min=6.14us avg=7.38us max=24.58us read(Gbits/sec)=4.373 write(Gbits/sec)=4.373 count=133449
    2 RR .5 min=6.14us avg=7.31us max=24.58us read(Gbits/sec)=4.416 write(Gbits/sec)=4.416 count=134758
    2 RR .6 min=6.14us avg=7.32us max=21.25us read(Gbits/sec)=4.408 write(Gbits/sec)=4.408 count=134529
    2 RR .7 min=6.14us avg=7.36us max=19.20us read(Gbits/sec)=4.386 write(Gbits/sec)=4.386 count=133848
    2 RR .8 min=6.14us avg=8.49us max=128120.83us read(Gbits/sec)=3.809 write(Gbits/sec)=3.809 count=116231
    2 RR .9 min=6.14us avg=7.31us max=18.43us read(Gbits/sec)=4.413 write(Gbits/sec)=4.413 count=134683
    2 RR .10 min=6.14us avg=7.32us max=18.43us read(Gbits/sec)=4.411 write(Gbits/sec)=4.411 count=134603
    2 RR .11 min=6.14us avg=7.35us max=19.46us read(Gbits/sec)=4.389 write(Gbits/sec)=4.389 count=133959
    2 RR .12 min=6.40us avg=7.39us max=34.56us read(Gbits/sec)=4.364 write(Gbits/sec)=4.364 count=133169
    2 RR .13 min=6.14us avg=7.32us max=20.22us read(Gbits/sec)=4.403 write(Gbits/sec)=4.403 count=134376
    2 RR .14 min=6.14us avg=7.32us max=19.71us read(Gbits/sec)=4.406 write(Gbits/sec)=4.406 count=134469
    2 RR .15 min=6.14us avg=9.21us max=197013.76us read(Gbits/sec)=3.513 write(Gbits/sec)=3.513 count=107199
    2 RR .16 min=6.14us avg=7.39us max=18.69us read(Gbits/sec)=4.363 write(Gbits/sec)=4.363 count=133150
    2 RR .17 min=6.14us avg=7.32us max=17.66us read(Gbits/sec)=4.408 write(Gbits/sec)=4.408 count=134519
    2 RR .18 min=6.14us avg=7.32us max=20.99us read(Gbits/sec)=4.404 write(Gbits/sec)=4.404 count=134409
    2 RR .19 min=6.14us avg=7.36us max=18.69us read(Gbits/sec)=4.385 write(Gbits/sec)=4.385 count=133811
    2 RR .20 min=6.14us avg=7.38us max=51.71us read(Gbits/sec)=4.367 write(Gbits/sec)=4.367 count=133272
    2 RR .21 min=6.14us avg=7.33us max=18.69us read(Gbits/sec)=4.401 write(Gbits/sec)=4.401 count=134316
    2 RR Total-Throughput read(Gbits/sec)=95.239 write(Gbits/sec)=95.239

    3 RR .0 min=6.14us avg=7.30us max=126.21us read(Gbits/sec)=4.422 write(Gbits/sec)=4.422 count=134948
    3 RR .1 min=6.14us avg=7.30us max=28.93us read(Gbits/sec)=4.422 write(Gbits/sec)=4.422 count=134958
    3 RR .2 min=6.14us avg=7.30us max=20.48us read(Gbits/sec)=4.418 write(Gbits/sec)=4.418 count=134835
    3 RR .3 min=6.14us avg=7.33us max=18.94us read(Gbits/sec)=4.399 write(Gbits/sec)=4.399 count=134257
    3 RR .4 min=6.14us avg=7.37us max=19.46us read(Gbits/sec)=4.380 write(Gbits/sec)=4.380 count=133673
    3 RR .5 min=6.14us avg=8.82us max=168065.54us read(Gbits/sec)=3.670 write(Gbits/sec)=3.670 count=111996
    3 RR .6 min=6.14us avg=7.30us max=18.43us read(Gbits/sec)=4.418 write(Gbits/sec)=4.418 count=134814
    3 RR .7 min=6.14us avg=7.35us max=18.94us read(Gbits/sec)=4.391 write(Gbits/sec)=4.391 count=134003
    3 RR .8 min=6.14us avg=7.37us max=44.29us read(Gbits/sec)=4.381 write(Gbits/sec)=4.381 count=133713
    3 RR .9 min=6.14us avg=7.30us max=18.94us read(Gbits/sec)=4.422 write(Gbits/sec)=4.422 count=134959
    3 RR .10 min=6.14us avg=7.30us max=22.27us read(Gbits/sec)=4.420 write(Gbits/sec)=4.420 count=134881
    3 RR .11 min=6.14us avg=7.33us max=17.66us read(Gbits/sec)=4.398 write(Gbits/sec)=4.398 count=134235
    3 RR .12 min=6.14us avg=7.39us max=18.69us read(Gbits/sec)=4.040 write(Gbits/sec)=4.040 count=123298
    3 RR .13 min=6.14us avg=7.31us max=20.48us read(Gbits/sec)=4.411 write(Gbits/sec)=4.411 count=134613
    3 RR .14 min=6.14us avg=7.30us max=17.92us read(Gbits/sec)=4.416 write(Gbits/sec)=4.416 count=134763
    3 RR .15 min=6.14us avg=7.34us max=18.69us read(Gbits/sec)=4.392 write(Gbits/sec)=4.392 count=134048
    3 RR .16 min=6.14us avg=7.39us max=19.71us read(Gbits/sec)=4.359 write(Gbits/sec)=4.359 count=133032
    3 RR .17 min=6.14us avg=7.30us max=18.43us read(Gbits/sec)=4.415 write(Gbits/sec)=4.415 count=134742
    3 RR .18 min=6.14us avg=8.41us max=127469.82us read(Gbits/sec)=3.846 write(Gbits/sec)=3.846 count=117373
    3 RR .19 min=6.14us avg=7.34us max=48.90us read(Gbits/sec)=4.392 write(Gbits/sec)=4.392 count=134053
    3 RR .20 min=6.40us avg=7.37us max=17.92us read(Gbits/sec)=4.375 write(Gbits/sec)=4.375 count=133538
    3 RR .21 min=6.14us avg=8.67us max=152067.84us read(Gbits/sec)=3.728 write(Gbits/sec)=3.728 count=113790
    3 RR Total-Throughput read(Gbits/sec)=94.516 write(Gbits/sec)=94.516

    4 RR .0 min=6.14us avg=7.21us max=47.87us read(Gbits/sec)=4.476 write(Gbits/sec)=4.476 count=136588
    4 RR .1 min=6.14us avg=7.21us max=17.66us read(Gbits/sec)=4.476 write(Gbits/sec)=4.476 count=136595
    4 RR .2 min=6.14us avg=7.22us max=43.01us read(Gbits/sec)=4.470 write(Gbits/sec)=4.470 count=136426
    4 RR .3 min=6.14us avg=8.12us max=105943.04us read(Gbits/sec)=3.977 write(Gbits/sec)=3.977 count=121379
    4 RR .4 min=6.14us avg=9.02us max=190400.51us read(Gbits/sec)=3.590 write(Gbits/sec)=3.590 count=109552
    4 RR .5 min=6.14us avg=7.21us max=30.72us read(Gbits/sec)=4.478 write(Gbits/sec)=4.478 count=136651
    4 RR .6 min=6.14us avg=8.51us max=147780.10us read(Gbits/sec)=3.802 write(Gbits/sec)=3.802 count=116033
    4 RR .7 min=6.14us avg=7.26us max=21.76us read(Gbits/sec)=4.442 write(Gbits/sec)=4.442 count=135566
    4 RR .8 min=6.14us avg=7.28us max=19.71us read(Gbits/sec)=4.432 write(Gbits/sec)=4.432 count=135264
    4 RR .9 min=6.14us avg=8.26us max=124627.97us read(Gbits/sec)=3.913 write(Gbits/sec)=3.913 count=119403
    4 RR .10 min=6.14us avg=8.72us max=169210.37us read(Gbits/sec)=3.711 write(Gbits/sec)=3.711 count=113263
    4 RR .11 min=6.14us avg=10.67us max=170470.40us read(Gbits/sec)=3.038 write(Gbits/sec)=3.038 count=92705
    4 RR .12 min=6.14us avg=8.54us max=158180.10us read(Gbits/sec)=4.071 write(Gbits/sec)=4.071 count=124228
    4 RR .13 min=6.14us avg=7.22us max=20.48us read(Gbits/sec)=4.465 write(Gbits/sec)=4.465 count=136275
    4 RR .14 min=6.14us avg=9.04us max=197685.25us read(Gbits/sec)=3.578 write(Gbits/sec)=3.578 count=109211
    4 RR .15 min=6.14us avg=7.26us max=17.92us read(Gbits/sec)=4.442 write(Gbits/sec)=4.442 count=135576
    4 RR .16 min=6.14us avg=7.31us max=20.22us read(Gbits/sec)=4.409 write(Gbits/sec)=4.409 count=134560
    4 RR .17 min=6.14us avg=8.04us max=101760.26us read(Gbits/sec)=4.016 write(Gbits/sec)=4.016 count=122567
    4 RR .18 min=6.14us avg=7.22us max=18.43us read(Gbits/sec)=4.465 write(Gbits/sec)=4.465 count=136280
    4 RR .19 min=6.14us avg=7.26us max=19.20us read(Gbits/sec)=4.442 write(Gbits/sec)=4.442 count=135571
    4 RR .20 min=6.14us avg=7.28us max=29.44us read(Gbits/sec)=4.346 write(Gbits/sec)=4.346 count=132620
    4 RR .21 min=6.14us avg=7.23us max=17.92us read(Gbits/sec)=4.461 write(Gbits/sec)=4.461 count=136143
    4 RR Total-Throughput read(Gbits/sec)=91.501 write(Gbits/sec)=91.501

    5 RR .0 min=6.14us avg=7.29us max=705.28us read(Gbits/sec)=4.426 write(Gbits/sec)=4.426 count=135080
    5 RR .1 min=6.14us avg=8.81us max=168501.50us read(Gbits/sec)=3.673 write(Gbits/sec)=3.673 count=112106
    5 RR .2 min=6.14us avg=7.29us max=19.20us read(Gbits/sec)=4.427 write(Gbits/sec)=4.427 count=135091
    5 RR .3 min=6.14us avg=7.32us max=17.92us read(Gbits/sec)=4.406 write(Gbits/sec)=4.406 count=134479
    5 RR .4 min=6.14us avg=7.36us max=17.92us read(Gbits/sec)=4.388 write(Gbits/sec)=4.388 count=133924
    5 RR .5 min=5.89us avg=7.28us max=32.26us read(Gbits/sec)=4.433 write(Gbits/sec)=4.433 count=135284
    5 RR .6 min=6.14us avg=8.59us max=146376.45us read(Gbits/sec)=3.764 write(Gbits/sec)=3.764 count=114877
    5 RR .7 min=6.14us avg=7.33us max=18.43us read(Gbits/sec)=4.404 write(Gbits/sec)=4.404 count=134414
    5 RR .8 min=6.14us avg=9.13us max=188908.29us read(Gbits/sec)=3.544 write(Gbits/sec)=3.544 count=108167
    5 RR .9 min=6.14us avg=7.28us max=19.71us read(Gbits/sec)=4.431 write(Gbits/sec)=4.431 count=135227
    5 RR .10 min=6.14us avg=7.29us max=18.69us read(Gbits/sec)=4.429 write(Gbits/sec)=4.429 count=135165
    5 RR .11 min=5.89us avg=7.32us max=27.90us read(Gbits/sec)=4.405 write(Gbits/sec)=4.405 count=134434
    5 RR .12 min=6.14us avg=7.37us max=17.92us read(Gbits/sec)=4.378 write(Gbits/sec)=4.378 count=133611
    5 RR .13 min=5.89us avg=7.29us max=19.71us read(Gbits/sec)=4.421 write(Gbits/sec)=4.421 count=134914
    5 RR .14 min=6.14us avg=8.39us max=128417.54us read(Gbits/sec)=3.852 write(Gbits/sec)=3.852 count=117572
    5 RR .15 min=6.14us avg=7.33us max=19.46us read(Gbits/sec)=4.399 write(Gbits/sec)=4.399 count=134243
    5 RR .16 min=6.14us avg=7.38us max=18.69us read(Gbits/sec)=4.366 write(Gbits/sec)=4.366 count=133247
    5 RR .17 min=6.14us avg=7.29us max=45.82us read(Gbits/sec)=4.422 write(Gbits/sec)=4.422 count=134962
    5 RR .18 min=6.14us avg=7.30us max=18.43us read(Gbits/sec)=4.419 write(Gbits/sec)=4.419 count=134856
    5 RR .19 min=6.14us avg=7.33us max=18.18us read(Gbits/sec)=4.400 write(Gbits/sec)=4.400 count=134293
    5 RR .20 min=6.14us avg=8.24us max=107386.62us read(Gbits/sec)=3.986 write(Gbits/sec)=3.986 count=121665
    5 RR .21 min=6.14us avg=7.30us max=48.90us read(Gbits/sec)=4.415 write(Gbits/sec)=4.415 count=134757
    5 RR Total-Throughput read(Gbits/sec)=93.790 write(Gbits/sec)=93.790

    6 RR .0 min=6.14us avg=7.28us max=1041.66us read(Gbits/sec)=4.436 write(Gbits/sec)=4.436 count=135361
    6 RR .1 min=6.14us avg=7.27us max=42.50us read(Gbits/sec)=4.440 write(Gbits/sec)=4.440 count=135507
    6 RR .2 min=6.14us avg=7.27us max=18.69us read(Gbits/sec)=4.436 write(Gbits/sec)=4.436 count=135382
    6 RR .3 min=6.14us avg=7.30us max=18.43us read(Gbits/sec)=4.416 write(Gbits/sec)=4.416 count=134775
    6 RR .4 min=6.14us avg=7.34us max=19.20us read(Gbits/sec)=4.397 write(Gbits/sec)=4.397 count=134190
    6 RR .5 min=6.14us avg=7.26us max=17.41us read(Gbits/sec)=4.444 write(Gbits/sec)=4.444 count=135628
    6 RR .6 min=6.14us avg=7.28us max=18.69us read(Gbits/sec)=4.435 write(Gbits/sec)=4.435 count=135353
    6 RR .7 min=6.14us avg=7.32us max=18.43us read(Gbits/sec)=4.409 write(Gbits/sec)=4.409 count=134541
    6 RR .8 min=6.14us avg=7.33us max=18.94us read(Gbits/sec)=4.399 write(Gbits/sec)=4.399 count=134263
    6 RR .9 min=6.14us avg=7.26us max=19.71us read(Gbits/sec)=4.442 write(Gbits/sec)=4.442 count=135547
    6 RR .10 min=6.14us avg=7.27us max=18.94us read(Gbits/sec)=4.438 write(Gbits/sec)=4.438 count=135451
    6 RR .11 min=6.14us avg=7.30us max=19.71us read(Gbits/sec)=4.419 write(Gbits/sec)=4.419 count=134864
    6 RR .12 min=6.14us avg=8.76us max=158162.18us read(Gbits/sec)=3.690 write(Gbits/sec)=3.690 count=112600
    6 RR .13 min=6.14us avg=7.28us max=19.20us read(Gbits/sec)=4.431 write(Gbits/sec)=4.431 count=135230
    6 RR .14 min=6.14us avg=11.41us max=189555.97us read(Gbits/sec)=2.700 write(Gbits/sec)=2.700 count=82412
    6 RR .15 min=6.14us avg=7.32us max=17.41us read(Gbits/sec)=4.410 write(Gbits/sec)=4.410 count=134577
    6 RR .16 min=6.14us avg=7.36us max=18.94us read(Gbits/sec)=4.378 write(Gbits/sec)=4.378 count=133602
    6 RR .17 min=6.14us avg=7.27us max=18.69us read(Gbits/sec)=4.435 write(Gbits/sec)=4.435 count=135336
    6 RR .18 min=6.14us avg=10.11us max=164415.49us read(Gbits/sec)=3.205 write(Gbits/sec)=3.205 count=97818
    6 RR .19 min=6.14us avg=7.31us max=18.69us read(Gbits/sec)=4.411 write(Gbits/sec)=4.411 count=134622
    6 RR .20 min=6.14us avg=7.33us max=19.20us read(Gbits/sec)=4.395 write(Gbits/sec)=4.395 count=134135
    6 RR .21 min=6.14us avg=7.28us max=17.41us read(Gbits/sec)=4.428 write(Gbits/sec)=4.428 count=135147
    6 RR Total-Throughput read(Gbits/sec)=93.594 write(Gbits/sec)=93.594

    7 RR .0 min=6.14us avg=7.25us max=748.29us read(Gbits/sec)=4.448 write(Gbits/sec)=4.448 count=135754
    7 RR .1 min=6.14us avg=7.25us max=44.03us read(Gbits/sec)=4.450 write(Gbits/sec)=4.450 count=135813
    7 RR .2 min=6.14us avg=7.26us max=28.93us read(Gbits/sec)=4.444 write(Gbits/sec)=4.444 count=135629
    7 RR .3 min=6.14us avg=7.29us max=20.48us read(Gbits/sec)=4.426 write(Gbits/sec)=4.426 count=135080
    7 RR .4 min=6.14us avg=7.32us max=18.69us read(Gbits/sec)=4.408 write(Gbits/sec)=4.408 count=134515
    7 RR .5 min=6.14us avg=7.25us max=17.92us read(Gbits/sec)=4.453 write(Gbits/sec)=4.453 count=135904
    7 RR .6 min=6.14us avg=7.26us max=19.20us read(Gbits/sec)=4.447 write(Gbits/sec)=4.447 count=135700
    7 RR .7 min=6.14us avg=8.31us max=120194.05us read(Gbits/sec)=3.887 write(Gbits/sec)=3.887 count=118638
    7 RR .8 min=6.14us avg=7.31us max=32.00us read(Gbits/sec)=4.414 write(Gbits/sec)=4.414 count=134702
    7 RR .9 min=6.14us avg=8.60us max=154058.24us read(Gbits/sec)=3.761 write(Gbits/sec)=3.761 count=114770
    7 RR .10 min=6.14us avg=7.25us max=18.43us read(Gbits/sec)=4.449 write(Gbits/sec)=4.449 count=135783
    7 RR .11 min=6.14us avg=7.28us max=19.97us read(Gbits/sec)=4.430 write(Gbits/sec)=4.430 count=135184
    7 RR .12 min=6.14us avg=9.17us max=196530.94us read(Gbits/sec)=3.530 write(Gbits/sec)=3.530 count=107721
    7 RR .13 min=6.14us avg=7.26us max=51.97us read(Gbits/sec)=4.442 write(Gbits/sec)=4.442 count=135556
    7 RR .14 min=6.14us avg=9.20us max=111363.84us read(Gbits/sec)=3.694 write(Gbits/sec)=3.694 count=112751
    7 RR .15 min=6.14us avg=7.30us max=19.46us read(Gbits/sec)=4.420 write(Gbits/sec)=4.420 count=134891
    7 RR .16 min=6.14us avg=7.35us max=18.69us read(Gbits/sec)=4.386 write(Gbits/sec)=4.386 count=133854
    7 RR .17 min=6.14us avg=8.93us max=184189.70us read(Gbits/sec)=3.623 write(Gbits/sec)=3.623 count=110583
    7 RR .18 min=6.14us avg=8.71us max=163245.57us read(Gbits/sec)=3.714 write(Gbits/sec)=3.714 count=113361
    7 RR .19 min=6.14us avg=7.30us max=18.94us read(Gbits/sec)=4.420 write(Gbits/sec)=4.420 count=134899
    7 RR .20 min=6.14us avg=7.32us max=31.23us read(Gbits/sec)=4.402 write(Gbits/sec)=4.402 count=134352
    7 RR .21 min=6.14us avg=7.26us max=17.92us read(Gbits/sec)=4.438 write(Gbits/sec)=4.438 count=135454
    7 RR Total-Throughput read(Gbits/sec)=93.088 write(Gbits/sec)=93.088

    8 RR .0 min=6.14us avg=7.29us max=48.38us read(Gbits/sec)=4.423 write(Gbits/sec)=4.423 count=134988
    8 RR .1 min=6.14us avg=7.29us max=17.92us read(Gbits/sec)=4.423 write(Gbits/sec)=4.423 count=134995
    8 RR .2 min=6.14us avg=7.30us max=20.48us read(Gbits/sec)=4.419 write(Gbits/sec)=4.419 count=134847
    8 RR .3 min=6.14us avg=7.33us max=17.66us read(Gbits/sec)=4.399 write(Gbits/sec)=4.399 count=134255
    8 RR .4 min=6.14us avg=7.37us max=19.46us read(Gbits/sec)=4.381 write(Gbits/sec)=4.381 count=133710
    8 RR .5 min=6.14us avg=7.29us max=17.41us read(Gbits/sec)=4.426 write(Gbits/sec)=4.426 count=135084
    8 RR .6 min=6.14us avg=8.29us max=116553.22us read(Gbits/sec)=3.899 write(Gbits/sec)=3.899 count=118997
    8 RR .7 min=6.14us avg=7.34us max=18.69us read(Gbits/sec)=4.393 write(Gbits/sec)=4.393 count=134068
    8 RR .8 min=6.14us avg=7.36us max=18.94us read(Gbits/sec)=4.382 write(Gbits/sec)=4.382 count=133728
    8 RR .9 min=6.14us avg=8.15us max=102753.02us read(Gbits/sec)=3.966 write(Gbits/sec)=3.966 count=121033
    8 RR .10 min=6.14us avg=7.30us max=19.97us read(Gbits/sec)=4.422 write(Gbits/sec)=4.422 count=134957
    8 RR .11 min=6.14us avg=7.34us max=17.92us read(Gbits/sec)=4.397 write(Gbits/sec)=4.397 count=134203
    8 RR .12 min=6.14us avg=7.38us max=19.46us read(Gbits/sec)=4.373 write(Gbits/sec)=4.373 count=133469
    8 RR .13 min=6.14us avg=7.30us max=18.69us read(Gbits/sec)=4.414 write(Gbits/sec)=4.414 count=134718
    8 RR .14 min=6.14us avg=7.30us max=17.66us read(Gbits/sec)=4.416 write(Gbits/sec)=4.416 count=134762
    8 RR .15 min=6.14us avg=8.98us max=179241.73us read(Gbits/sec)=3.604 write(Gbits/sec)=3.604 count=109982
    8 RR .16 min=6.14us avg=8.50us max=129272.06us read(Gbits/sec)=3.802 write(Gbits/sec)=3.802 count=116029
    8 RR .17 min=6.14us avg=7.30us max=19.71us read(Gbits/sec)=4.418 write(Gbits/sec)=4.418 count=134826
    8 RR .18 min=6.14us avg=7.31us max=34.56us read(Gbits/sec)=4.414 write(Gbits/sec)=4.414 count=134727
    8 RR .19 min=6.14us avg=7.34us max=19.71us read(Gbits/sec)=4.393 write(Gbits/sec)=4.393 count=134075
    8 RR .20 min=6.14us avg=7.36us max=17.92us read(Gbits/sec)=4.377 write(Gbits/sec)=4.377 count=133578
    8 RR .21 min=6.14us avg=7.31us max=17.41us read(Gbits/sec)=4.412 write(Gbits/sec)=4.412 count=134641
    8 RR Total-Throughput read(Gbits/sec)=94.554 write(Gbits/sec)=94.554

    9 RR .0 min=6.14us avg=7.31us max=135.94us read(Gbits/sec)=4.411 write(Gbits/sec)=4.411 count=134625
    9 RR .1 min=6.14us avg=8.65us max=150854.66us read(Gbits/sec)=3.740 write(Gbits/sec)=3.740 count=114123
    9 RR .2 min=6.14us avg=7.32us max=36.35us read(Gbits/sec)=4.408 write(Gbits/sec)=4.408 count=134522
    9 RR .3 min=6.14us avg=7.35us max=18.18us read(Gbits/sec)=4.389 write(Gbits/sec)=4.389 count=133948
    9 RR .4 min=6.14us avg=7.38us max=18.94us read(Gbits/sec)=4.372 write(Gbits/sec)=4.372 count=133411
    9 RR .5 min=6.14us avg=7.31us max=17.66us read(Gbits/sec)=4.416 write(Gbits/sec)=4.416 count=134758
    9 RR .6 min=6.14us avg=7.32us max=18.43us read(Gbits/sec)=4.407 write(Gbits/sec)=4.407 count=134506
    9 RR .7 min=6.14us avg=7.37us max=19.20us read(Gbits/sec)=4.381 write(Gbits/sec)=4.381 count=133686
    9 RR .8 min=6.14us avg=7.38us max=40.19us read(Gbits/sec)=4.371 write(Gbits/sec)=4.371 count=133396
    9 RR .9 min=6.14us avg=7.31us max=20.48us read(Gbits/sec)=4.412 write(Gbits/sec)=4.412 count=134651
    9 RR .10 min=6.14us avg=7.32us max=20.74us read(Gbits/sec)=4.409 write(Gbits/sec)=4.409 count=134555
    9 RR .11 min=6.14us avg=7.35us max=20.48us read(Gbits/sec)=4.391 write(Gbits/sec)=4.391 count=133993
    9 RR .12 min=6.40us avg=8.44us max=120765.70us read(Gbits/sec)=3.830 write(Gbits/sec)=3.830 count=116892
    9 RR .13 min=6.14us avg=7.33us max=37.38us read(Gbits/sec)=4.402 write(Gbits/sec)=4.402 count=134338
    9 RR .14 min=6.14us avg=7.32us max=19.71us read(Gbits/sec)=4.405 write(Gbits/sec)=4.405 count=134437
    9 RR .15 min=6.14us avg=7.36us max=45.57us read(Gbits/sec)=4.381 write(Gbits/sec)=4.381 count=133712
    9 RR .16 min=6.14us avg=7.41us max=18.69us read(Gbits/sec)=4.349 write(Gbits/sec)=4.349 count=132717
    9 RR .17 min=6.14us avg=7.32us max=20.99us read(Gbits/sec)=4.404 write(Gbits/sec)=4.404 count=134402
    9 RR .18 min=6.14us avg=7.33us max=36.10us read(Gbits/sec)=4.402 write(Gbits/sec)=4.402 count=134340
    9 RR .19 min=6.14us avg=7.36us max=18.69us read(Gbits/sec)=4.384 write(Gbits/sec)=4.384 count=133791
    9 RR .20 min=6.14us avg=7.39us max=18.43us read(Gbits/sec)=3.912 write(Gbits/sec)=3.912 count=119386
    9 RR .21 min=6.14us avg=7.33us max=18.69us read(Gbits/sec)=4.399 write(Gbits/sec)=4.399 count=134255
    9 RR Total-Throughput read(Gbits/sec)=94.974 write(Gbits/sec)=94.974

   10 RR .0 min=6.14us avg=7.22us max=39.17us read(Gbits/sec)=4.466 write(Gbits/sec)=4.466 count=136299
   10 RR .1 min=6.14us avg=8.26us max=122943.74us read(Gbits/sec)=3.915 write(Gbits/sec)=3.915 count=119482
   10 RR .2 min=6.14us avg=8.48us max=143813.89us read(Gbits/sec)=3.812 write(Gbits/sec)=3.812 count=116340
   10 RR .3 min=6.14us avg=7.26us max=33.79us read(Gbits/sec)=4.444 write(Gbits/sec)=4.444 count=135628
   10 RR .4 min=6.14us avg=8.81us max=169566.46us read(Gbits/sec)=3.672 write(Gbits/sec)=3.672 count=112054
   10 RR .5 min=6.14us avg=7.22us max=36.61us read(Gbits/sec)=4.469 write(Gbits/sec)=4.469 count=136379
   10 RR .6 min=6.14us avg=7.23us max=18.69us read(Gbits/sec)=4.460 write(Gbits/sec)=4.460 count=136124
   10 RR .7 min=6.14us avg=7.27us max=17.92us read(Gbits/sec)=4.439 write(Gbits/sec)=4.439 count=135462
   10 RR .8 min=6.14us avg=9.14us max=196917.76us read(Gbits/sec)=3.540 write(Gbits/sec)=3.540 count=108043
   10 RR .9 min=6.14us avg=7.22us max=20.22us read(Gbits/sec)=4.467 write(Gbits/sec)=4.467 count=136314
   10 RR .10 min=6.14us avg=7.23us max=19.20us read(Gbits/sec)=4.463 write(Gbits/sec)=4.463 count=136214
   10 RR .11 min=6.14us avg=7.27us max=17.66us read(Gbits/sec)=4.439 write(Gbits/sec)=4.439 count=135468
   10 RR .12 min=6.14us avg=7.31us max=18.94us read(Gbits/sec)=4.411 write(Gbits/sec)=4.411 count=134630
   10 RR .13 min=6.14us avg=7.24us max=51.46us read(Gbits/sec)=4.456 write(Gbits/sec)=4.456 count=135993
   10 RR .14 min=6.14us avg=7.23us max=18.18us read(Gbits/sec)=4.459 write(Gbits/sec)=4.459 count=136095
   10 RR .15 min=6.14us avg=7.27us max=17.66us read(Gbits/sec)=4.436 write(Gbits/sec)=4.436 count=135394
   10 RR .16 min=6.14us avg=8.29us max=113904.90us read(Gbits/sec)=3.893 write(Gbits/sec)=3.893 count=118802
   10 RR .17 min=6.14us avg=7.23us max=20.99us read(Gbits/sec)=4.459 write(Gbits/sec)=4.459 count=136074
   10 RR .18 min=6.14us avg=8.29us max=125802.50us read(Gbits/sec)=3.896 write(Gbits/sec)=3.896 count=118909
   10 RR .19 min=6.14us avg=7.27us max=19.71us read(Gbits/sec)=4.437 write(Gbits/sec)=4.437 count=135424
   10 RR .20 min=6.14us avg=8.87us max=191655.17us read(Gbits/sec)=4.021 write(Gbits/sec)=4.021 count=122711
   10 RR .21 min=6.14us avg=11.47us max=187242.24us read(Gbits/sec)=2.826 write(Gbits/sec)=2.826 count=86255
   10 RR Total-Throughput read(Gbits/sec)=91.880 write(Gbits/sec)=91.880

   11 RR .0 min=6.14us avg=7.34us max=702.46us read(Gbits/sec)=4.397 write(Gbits/sec)=4.397 count=134174
   11 RR .1 min=6.14us avg=7.33us max=45.31us read(Gbits/sec)=4.400 write(Gbits/sec)=4.400 count=134281
   11 RR .2 min=6.14us avg=7.34us max=18.18us read(Gbits/sec)=4.395 write(Gbits/sec)=4.395 count=134137
   11 RR .3 min=6.40us avg=7.37us max=19.97us read(Gbits/sec)=4.376 write(Gbits/sec)=4.376 count=133556
   11 RR .4 min=6.14us avg=7.40us max=18.94us read(Gbits/sec)=4.360 write(Gbits/sec)=4.360 count=133048
   11 RR .5 min=6.14us avg=7.33us max=34.82us read(Gbits/sec)=4.403 write(Gbits/sec)=4.403 count=134363
   11 RR .6 min=6.14us avg=7.34us max=20.99us read(Gbits/sec)=4.396 write(Gbits/sec)=4.396 count=134144
   11 RR .7 min=6.14us avg=7.38us max=22.02us read(Gbits/sec)=4.370 write(Gbits/sec)=4.370 count=133374
   11 RR .8 min=6.14us avg=7.40us max=41.47us read(Gbits/sec)=4.359 write(Gbits/sec)=4.359 count=133019
   11 RR .9 min=6.14us avg=7.33us max=18.69us read(Gbits/sec)=4.399 write(Gbits/sec)=4.399 count=134256
   11 RR .10 min=6.14us avg=7.34us max=18.18us read(Gbits/sec)=4.398 write(Gbits/sec)=4.398 count=134217
   11 RR .11 min=6.14us avg=7.38us max=18.69us read(Gbits/sec)=4.375 write(Gbits/sec)=4.375 count=133504
   11 RR .12 min=6.14us avg=7.42us max=18.94us read(Gbits/sec)=4.348 write(Gbits/sec)=4.348 count=132705
   11 RR .13 min=6.14us avg=7.35us max=18.43us read(Gbits/sec)=4.073 write(Gbits/sec)=4.073 count=124300
   11 RR .14 min=6.14us avg=7.34us max=18.43us read(Gbits/sec)=4.395 write(Gbits/sec)=4.395 count=134120
   11 RR .15 min=6.40us avg=7.38us max=18.43us read(Gbits/sec)=4.370 write(Gbits/sec)=4.370 count=133359
   11 RR .16 min=6.14us avg=7.43us max=18.94us read(Gbits/sec)=4.337 write(Gbits/sec)=4.337 count=132353
   11 RR .17 min=6.14us avg=7.34us max=18.94us read(Gbits/sec)=4.393 write(Gbits/sec)=4.393 count=134075
   11 RR .18 min=6.14us avg=7.34us max=20.74us read(Gbits/sec)=4.392 write(Gbits/sec)=4.392 count=134037
   11 RR .19 min=6.14us avg=7.37us max=19.20us read(Gbits/sec)=4.374 write(Gbits/sec)=4.374 count=133479
   11 RR .20 min=6.14us avg=7.40us max=17.15us read(Gbits/sec)=4.354 write(Gbits/sec)=4.354 count=132865
   11 RR .21 min=6.14us avg=8.27us max=108222.21us read(Gbits/sec)=3.906 write(Gbits/sec)=3.906 count=119221
   11 RR Total-Throughput read(Gbits/sec)=95.569 write(Gbits/sec)=95.569

   12 RR .0 min=6.14us avg=7.28us max=1037.82us read(Gbits/sec)=4.432 write(Gbits/sec)=4.432 count=135260
   12 RR .1 min=6.14us avg=7.27us max=17.92us read(Gbits/sec)=4.440 write(Gbits/sec)=4.440 count=135503
   12 RR .2 min=6.14us avg=8.34us max=122976.26us read(Gbits/sec)=3.879 write(Gbits/sec)=3.879 count=118374
   12 RR .3 min=6.14us avg=7.31us max=19.20us read(Gbits/sec)=4.416 write(Gbits/sec)=4.416 count=134776
   12 RR .4 min=6.14us avg=7.34us max=19.20us read(Gbits/sec)=4.396 write(Gbits/sec)=4.396 count=134157
   12 RR .5 min=6.14us avg=7.26us max=24.06us read(Gbits/sec)=4.443 write(Gbits/sec)=4.443 count=135585
   12 RR .6 min=6.14us avg=7.28us max=18.43us read(Gbits/sec)=4.435 write(Gbits/sec)=4.435 count=135347
   12 RR .7 min=6.14us avg=7.32us max=23.30us read(Gbits/sec)=4.407 write(Gbits/sec)=4.407 count=134508
   12 RR .8 min=6.14us avg=7.34us max=33.54us read(Gbits/sec)=4.397 write(Gbits/sec)=4.397 count=134203
   12 RR .9 min=6.14us avg=7.26us max=18.94us read(Gbits/sec)=4.441 write(Gbits/sec)=4.441 count=135529
   12 RR .10 min=6.14us avg=7.27us max=19.46us read(Gbits/sec)=4.437 write(Gbits/sec)=4.437 count=135410
   12 RR .11 min=6.14us avg=7.31us max=17.66us read(Gbits/sec)=4.413 write(Gbits/sec)=4.413 count=134690
   12 RR .12 min=6.14us avg=7.36us max=22.53us read(Gbits/sec)=4.385 write(Gbits/sec)=4.385 count=133818
   12 RR .13 min=6.14us avg=10.82us max=192391.17us read(Gbits/sec)=3.209 write(Gbits/sec)=3.209 count=97941
   12 RR .14 min=6.14us avg=7.27us max=18.18us read(Gbits/sec)=4.435 write(Gbits/sec)=4.435 count=135352
   12 RR .15 min=6.14us avg=7.32us max=17.92us read(Gbits/sec)=4.409 write(Gbits/sec)=4.409 count=134545
   12 RR .16 min=6.14us avg=7.37us max=18.18us read(Gbits/sec)=4.375 write(Gbits/sec)=4.375 count=133532
   12 RR .17 min=6.14us avg=9.84us max=154753.54us read(Gbits/sec)=3.290 write(Gbits/sec)=3.290 count=100414
   12 RR .18 min=6.14us avg=8.13us max=101770.24us read(Gbits/sec)=3.976 write(Gbits/sec)=3.976 count=121350
   12 RR .19 min=6.14us avg=7.30us max=19.20us read(Gbits/sec)=4.415 write(Gbits/sec)=4.415 count=134746
   12 RR .20 min=6.14us avg=8.28us max=111575.81us read(Gbits/sec)=3.899 write(Gbits/sec)=3.899 count=118993
   12 RR .21 min=6.14us avg=7.28us max=16.90us read(Gbits/sec)=4.428 write(Gbits/sec)=4.428 count=135148
   12 RR Total-Throughput read(Gbits/sec)=93.360 write(Gbits/sec)=93.360

   13 RR .0 min=6.14us avg=7.31us max=51.46us read(Gbits/sec)=4.415 write(Gbits/sec)=4.415 count=134720
   13 RR .1 min=6.14us avg=7.31us max=18.18us read(Gbits/sec)=4.415 write(Gbits/sec)=4.415 count=134732
   13 RR .2 min=6.14us avg=7.32us max=19.20us read(Gbits/sec)=4.411 write(Gbits/sec)=4.411 count=134629
   13 RR .3 min=6.14us avg=8.38us max=120133.63us read(Gbits/sec)=3.859 write(Gbits/sec)=3.859 count=117771
   13 RR .4 min=6.14us avg=7.37us max=49.92us read(Gbits/sec)=4.378 write(Gbits/sec)=4.378 count=133608
   13 RR .5 min=6.14us avg=7.30us max=34.82us read(Gbits/sec)=4.417 write(Gbits/sec)=4.417 count=134809
   13 RR .6 min=6.14us avg=7.32us max=18.43us read(Gbits/sec)=4.410 write(Gbits/sec)=4.410 count=134590
   13 RR .7 min=6.14us avg=7.36us max=48.38us read(Gbits/sec)=4.383 write(Gbits/sec)=4.383 count=133769
   13 RR .8 min=6.14us avg=7.38us max=34.56us read(Gbits/sec)=4.374 write(Gbits/sec)=4.374 count=133483
   13 RR .9 min=6.14us avg=7.31us max=18.18us read(Gbits/sec)=4.415 write(Gbits/sec)=4.415 count=134743
   13 RR .10 min=6.14us avg=7.31us max=18.69us read(Gbits/sec)=4.413 write(Gbits/sec)=4.413 count=134664
   13 RR .11 min=6.14us avg=7.35us max=20.22us read(Gbits/sec)=4.390 write(Gbits/sec)=4.390 count=133988
   13 RR .12 min=6.14us avg=7.39us max=17.92us read(Gbits/sec)=4.362 write(Gbits/sec)=4.362 count=133118
   13 RR .13 min=6.14us avg=8.57us max=142957.31us read(Gbits/sec)=3.771 write(Gbits/sec)=3.771 count=115073
   13 RR .14 min=6.14us avg=8.83us max=167794.69us read(Gbits/sec)=3.664 write(Gbits/sec)=3.664 count=111808
   13 RR .15 min=6.14us avg=7.36us max=18.69us read(Gbits/sec)=4.383 write(Gbits/sec)=4.383 count=133762
   13 RR .16 min=6.14us avg=7.41us max=22.53us read(Gbits/sec)=4.353 write(Gbits/sec)=4.353 count=132855
   13 RR .17 min=6.14us avg=7.32us max=18.69us read(Gbits/sec)=4.408 write(Gbits/sec)=4.408 count=134516
   13 RR .18 min=6.14us avg=7.32us max=18.94us read(Gbits/sec)=4.407 write(Gbits/sec)=4.407 count=134503
   13 RR .19 min=6.14us avg=7.35us max=20.22us read(Gbits/sec)=4.387 write(Gbits/sec)=4.387 count=133901
   13 RR .20 min=6.14us avg=7.38us max=31.23us read(Gbits/sec)=4.368 write(Gbits/sec)=4.368 count=133297
   13 RR .21 min=6.14us avg=7.33us max=18.69us read(Gbits/sec)=4.402 write(Gbits/sec)=4.402 count=134334
   13 RR Total-Throughput read(Gbits/sec)=94.784 write(Gbits/sec)=94.784

   14 RR .0 min=6.14us avg=7.26us max=126.98us read(Gbits/sec)=4.442 write(Gbits/sec)=4.442 count=135553
   14 RR .1 min=6.14us avg=7.26us max=17.66us read(Gbits/sec)=4.441 write(Gbits/sec)=4.441 count=135544
   14 RR .2 min=6.14us avg=8.20us max=110360.32us read(Gbits/sec)=3.942 write(Gbits/sec)=3.942 count=120293
   14 RR .3 min=6.14us avg=7.30us max=18.43us read(Gbits/sec)=4.417 write(Gbits/sec)=4.417 count=134807
   14 RR .4 min=6.14us avg=7.34us max=18.43us read(Gbits/sec)=4.398 write(Gbits/sec)=4.398 count=134204
   14 RR .5 min=5.89us avg=7.26us max=32.51us read(Gbits/sec)=4.445 write(Gbits/sec)=4.445 count=135639
   14 RR .6 min=6.14us avg=7.27us max=18.69us read(Gbits/sec)=4.437 write(Gbits/sec)=4.437 count=135410
   14 RR .7 min=6.14us avg=7.32us max=30.98us read(Gbits/sec)=4.409 write(Gbits/sec)=4.409 count=134556
   14 RR .8 min=6.14us avg=7.33us max=21.76us read(Gbits/sec)=4.398 write(Gbits/sec)=4.398 count=134220
   14 RR .9 min=6.14us avg=7.26us max=18.94us read(Gbits/sec)=4.443 write(Gbits/sec)=4.443 count=135578
   14 RR .10 min=6.14us avg=7.27us max=19.20us read(Gbits/sec)=4.439 write(Gbits/sec)=4.439 count=135456
   14 RR .11 min=6.14us avg=7.31us max=21.25us read(Gbits/sec)=4.414 write(Gbits/sec)=4.414 count=134704
   14 RR .12 min=6.14us avg=7.35us max=18.69us read(Gbits/sec)=4.387 write(Gbits/sec)=4.387 count=133887
   14 RR .13 min=6.14us avg=8.58us max=149097.73us read(Gbits/sec)=3.765 write(Gbits/sec)=3.765 count=114890
   14 RR .14 min=6.14us avg=7.27us max=18.69us read(Gbits/sec)=4.436 write(Gbits/sec)=4.436 count=135382
   14 RR .15 min=6.14us avg=7.32us max=18.94us read(Gbits/sec)=4.409 write(Gbits/sec)=4.409 count=134562
   14 RR .16 min=6.14us avg=7.37us max=18.69us read(Gbits/sec)=4.376 write(Gbits/sec)=4.376 count=133557
   14 RR .17 min=6.14us avg=11.37us max=191397.89us read(Gbits/sec)=2.851 write(Gbits/sec)=2.851 count=87021
   14 RR .18 min=6.14us avg=8.73us max=163359.74us read(Gbits/sec)=3.703 write(Gbits/sec)=3.703 count=113008
   14 RR .19 min=6.14us avg=7.30us max=19.71us read(Gbits/sec)=4.416 write(Gbits/sec)=4.416 count=134775
   14 RR .20 min=6.14us avg=8.61us max=145224.96us read(Gbits/sec)=3.754 write(Gbits/sec)=3.754 count=114575
   14 RR .21 min=6.14us avg=7.28us max=18.18us read(Gbits/sec)=4.429 write(Gbits/sec)=4.429 count=135175
   14 RR Total-Throughput read(Gbits/sec)=93.150 write(Gbits/sec)=93.150

   15 RR .0 min=6.14us avg=7.23us max=59.90us read(Gbits/sec)=4.460 write(Gbits/sec)=4.460 count=136105
   15 RR .1 min=6.14us avg=10.50us max=166177.79us read(Gbits/sec)=2.997 write(Gbits/sec)=2.997 count=91457
   15 RR .2 min=6.14us avg=7.24us max=19.20us read(Gbits/sec)=4.458 write(Gbits/sec)=4.458 count=136061
   15 RR .3 min=6.14us avg=7.27us max=18.18us read(Gbits/sec)=4.437 write(Gbits/sec)=4.437 count=135408
   15 RR .4 min=6.14us avg=7.31us max=20.22us read(Gbits/sec)=4.417 write(Gbits/sec)=4.417 count=134783
   15 RR .5 min=6.14us avg=7.23us max=35.58us read(Gbits/sec)=4.464 write(Gbits/sec)=4.464 count=136234
   15 RR .6 min=6.14us avg=7.24us max=20.48us read(Gbits/sec)=4.457 write(Gbits/sec)=4.457 count=136019
   15 RR .7 min=6.14us avg=8.85us max=164044.80us read(Gbits/sec)=3.447 write(Gbits/sec)=3.447 count=105191
   15 RR .8 min=6.14us avg=7.29us max=40.70us read(Gbits/sec)=4.427 write(Gbits/sec)=4.427 count=135112
   15 RR .9 min=6.14us avg=7.23us max=19.20us read(Gbits/sec)=4.463 write(Gbits/sec)=4.463 count=136194
   15 RR .10 min=6.14us avg=8.31us max=104359.17us read(Gbits/sec)=3.230 write(Gbits/sec)=3.230 count=98561
   15 RR .11 min=6.14us avg=7.28us max=18.94us read(Gbits/sec)=4.434 write(Gbits/sec)=4.434 count=135326
   15 RR .12 min=6.14us avg=7.32us max=17.92us read(Gbits/sec)=4.407 write(Gbits/sec)=4.407 count=134487
   15 RR .13 min=6.14us avg=7.23us max=20.48us read(Gbits/sec)=4.457 write(Gbits/sec)=4.457 count=136027
   15 RR .14 min=6.14us avg=7.24us max=19.20us read(Gbits/sec)=4.454 write(Gbits/sec)=4.454 count=135949
   15 RR .15 min=6.14us avg=7.28us max=18.94us read(Gbits/sec)=4.433 write(Gbits/sec)=4.433 count=135280
   15 RR .16 min=6.14us avg=8.40us max=124076.29us read(Gbits/sec)=3.845 write(Gbits/sec)=3.845 count=117345
   15 RR .17 min=6.14us avg=8.33us max=128661.76us read(Gbits/sec)=3.880 write(Gbits/sec)=3.880 count=118405
   15 RR .18 min=6.14us avg=7.24us max=22.53us read(Gbits/sec)=4.453 write(Gbits/sec)=4.453 count=135909
   15 RR .19 min=5.89us avg=7.27us max=18.94us read(Gbits/sec)=4.436 write(Gbits/sec)=4.436 count=135392
   15 RR .20 min=6.14us avg=8.93us max=178501.12us read(Gbits/sec)=3.619 write(Gbits/sec)=3.619 count=110468
   15 RR .21 min=6.14us avg=7.25us max=17.66us read(Gbits/sec)=4.449 write(Gbits/sec)=4.449 count=135770
   15 RR Total-Throughput read(Gbits/sec)=92.123 write(Gbits/sec)=92.123

   16 RR .0 min=6.14us avg=7.25us max=698.11us read(Gbits/sec)=4.450 write(Gbits/sec)=4.450 count=135789
   16 RR .1 min=6.14us avg=8.79us max=159614.72us read(Gbits/sec)=3.402 write(Gbits/sec)=3.402 count=103835
   16 RR .2 min=6.14us avg=7.25us max=18.43us read(Gbits/sec)=4.449 write(Gbits/sec)=4.449 count=135786
   16 RR .3 min=6.14us avg=7.28us max=18.18us read(Gbits/sec)=4.430 write(Gbits/sec)=4.430 count=135200
   16 RR .4 min=6.14us avg=7.32us max=18.94us read(Gbits/sec)=4.408 write(Gbits/sec)=4.408 count=134521
   16 RR .5 min=6.14us avg=8.52us max=146792.45us read(Gbits/sec)=3.798 write(Gbits/sec)=3.798 count=115893
   16 RR .6 min=6.14us avg=7.25us max=19.46us read(Gbits/sec)=4.449 write(Gbits/sec)=4.449 count=135772
   16 RR .7 min=6.14us avg=8.41us max=137733.89us read(Gbits/sec)=4.064 write(Gbits/sec)=4.064 count=124014
   16 RR .8 min=6.14us avg=8.27us max=114367.23us read(Gbits/sec)=3.906 write(Gbits/sec)=3.906 count=119214
   16 RR .9 min=6.14us avg=7.24us max=20.99us read(Gbits/sec)=4.453 write(Gbits/sec)=4.453 count=135904
   16 RR .10 min=6.14us avg=8.52us max=171993.09us read(Gbits/sec)=4.443 write(Gbits/sec)=4.443 count=135587
   16 RR .11 min=6.14us avg=7.29us max=18.43us read(Gbits/sec)=4.426 write(Gbits/sec)=4.426 count=135082
   16 RR .12 min=6.14us avg=7.33us max=21.76us read(Gbits/sec)=4.398 write(Gbits/sec)=4.398 count=134235
   16 RR .13 min=6.14us avg=7.25us max=18.18us read(Gbits/sec)=4.449 write(Gbits/sec)=4.449 count=135773
   16 RR .14 min=6.14us avg=7.25us max=44.03us read(Gbits/sec)=4.446 write(Gbits/sec)=4.446 count=135685
   16 RR .15 min=6.14us avg=10.92us max=194317.31us read(Gbits/sec)=2.968 write(Gbits/sec)=2.968 count=90592
   16 RR .16 min=6.14us avg=7.32us max=18.94us read(Gbits/sec)=4.406 write(Gbits/sec)=4.406 count=134461
   16 RR .17 min=6.14us avg=7.25us max=18.94us read(Gbits/sec)=4.447 write(Gbits/sec)=4.447 count=135723
   16 RR .18 min=6.14us avg=7.25us max=18.18us read(Gbits/sec)=4.446 write(Gbits/sec)=4.446 count=135693
   16 RR .19 min=6.14us avg=9.11us max=194961.92us read(Gbits/sec)=3.553 write(Gbits/sec)=3.553 count=108421
   16 RR .20 min=6.14us avg=7.30us max=32.77us read(Gbits/sec)=4.413 write(Gbits/sec)=4.413 count=134679
   16 RR .21 min=6.14us avg=7.26us max=17.92us read(Gbits/sec)=4.441 write(Gbits/sec)=4.441 count=135539
   16 RR Total-Throughput read(Gbits/sec)=92.646 write(Gbits/sec)=92.646

   17 RR .0 min=6.14us avg=7.20us max=1040.38us read(Gbits/sec)=4.479 write(Gbits/sec)=4.479 count=136702
   17 RR .1 min=6.14us avg=8.21us max=135216.13us read(Gbits/sec)=4.350 write(Gbits/sec)=4.350 count=132762
   17 RR .2 min=6.14us avg=8.62us max=164015.36us read(Gbits/sec)=3.750 write(Gbits/sec)=3.750 count=114427
   17 RR .3 min=6.14us avg=7.23us max=18.43us read(Gbits/sec)=4.462 write(Gbits/sec)=4.462 count=136168
   17 RR .4 min=6.14us avg=7.26us max=18.69us read(Gbits/sec)=4.442 write(Gbits/sec)=4.442 count=135551
   17 RR .5 min=6.14us avg=8.60us max=161031.17us read(Gbits/sec)=3.760 write(Gbits/sec)=3.760 count=114754
   17 RR .6 min=6.14us avg=7.20us max=17.92us read(Gbits/sec)=4.482 write(Gbits/sec)=4.482 count=136778
   17 RR .7 min=5.89us avg=7.24us max=21.50us read(Gbits/sec)=4.457 write(Gbits/sec)=4.457 count=136019
   17 RR .8 min=6.14us avg=8.36us max=126415.62us read(Gbits/sec)=3.867 write(Gbits/sec)=3.867 count=118032
   17 RR .9 min=6.14us avg=10.66us max=164285.70us read(Gbits/sec)=3.042 write(Gbits/sec)=3.042 count=92846
   17 RR .10 min=6.14us avg=8.61us max=159769.34us read(Gbits/sec)=3.756 write(Gbits/sec)=3.756 count=114642
   17 RR .11 min=6.14us avg=7.23us max=34.56us read(Gbits/sec)=4.459 write(Gbits/sec)=4.459 count=136090
   17 RR .12 min=6.14us avg=7.28us max=18.94us read(Gbits/sec)=4.432 write(Gbits/sec)=4.432 count=135260
   17 RR .13 min=5.89us avg=7.19us max=19.20us read(Gbits/sec)=4.484 write(Gbits/sec)=4.484 count=136846
   17 RR .14 min=6.14us avg=7.20us max=18.43us read(Gbits/sec)=4.480 write(Gbits/sec)=4.480 count=136743
   17 RR .15 min=6.14us avg=7.24us max=18.18us read(Gbits/sec)=4.454 write(Gbits/sec)=4.454 count=135921
   17 RR .16 min=6.14us avg=7.29us max=19.97us read(Gbits/sec)=4.418 write(Gbits/sec)=4.418 count=134838
   17 RR .17 min=6.14us avg=7.19us max=18.69us read(Gbits/sec)=4.482 write(Gbits/sec)=4.482 count=136780
   17 RR .18 min=6.14us avg=8.48us max=148349.70us read(Gbits/sec)=3.813 write(Gbits/sec)=3.813 count=116359
   17 RR .19 min=6.14us avg=11.47us max=182383.87us read(Gbits/sec)=2.827 write(Gbits/sec)=2.827 count=86279
   17 RR .20 min=6.14us avg=8.32us max=129998.34us read(Gbits/sec)=3.881 write(Gbits/sec)=3.881 count=118443
   17 RR .21 min=6.14us avg=7.20us max=18.69us read(Gbits/sec)=3.731 write(Gbits/sec)=3.731 count=113856
   17 RR Total-Throughput read(Gbits/sec)=90.307 write(Gbits/sec)=90.307

   18 RR .0 min=6.14us avg=7.24us max=51.97us read(Gbits/sec)=4.455 write(Gbits/sec)=4.455 count=135955
   18 RR .1 min=6.14us avg=7.24us max=18.18us read(Gbits/sec)=4.455 write(Gbits/sec)=4.455 count=135957
   18 RR .2 min=6.14us avg=7.25us max=20.22us read(Gbits/sec)=4.451 write(Gbits/sec)=4.451 count=135829
   18 RR .3 min=6.14us avg=7.28us max=17.66us read(Gbits/sec)=4.431 write(Gbits/sec)=4.431 count=135213
   18 RR .4 min=6.14us avg=7.32us max=18.43us read(Gbits/sec)=4.410 write(Gbits/sec)=4.410 count=134588
   18 RR .5 min=6.14us avg=7.24us max=20.48us read(Gbits/sec)=4.458 write(Gbits/sec)=4.458 count=136051
   18 RR .6 min=6.14us avg=7.25us max=18.18us read(Gbits/sec)=4.449 write(Gbits/sec)=4.449 count=135789
   18 RR .7 min=6.14us avg=7.30us max=17.92us read(Gbits/sec)=4.421 write(Gbits/sec)=4.421 count=134926
   18 RR .8 min=6.14us avg=7.31us max=19.97us read(Gbits/sec)=4.412 write(Gbits/sec)=4.412 count=134646
   18 RR .9 min=6.14us avg=8.64us max=159888.90us read(Gbits/sec)=3.743 write(Gbits/sec)=3.743 count=114227
   18 RR .10 min=6.14us avg=8.61us max=156334.34us read(Gbits/sec)=3.757 write(Gbits/sec)=3.757 count=114657
   18 RR .11 min=6.14us avg=8.57us max=147965.44us read(Gbits/sec)=3.773 write(Gbits/sec)=3.773 count=115162
   18 RR .12 min=6.14us avg=8.67us max=152726.27us read(Gbits/sec)=3.729 write(Gbits/sec)=3.729 count=113804
   18 RR .13 min=6.14us avg=8.70us max=164647.68us read(Gbits/sec)=3.714 write(Gbits/sec)=3.714 count=113347
   18 RR .14 min=6.14us avg=7.25us max=18.18us read(Gbits/sec)=4.449 write(Gbits/sec)=4.449 count=135790
   18 RR .15 min=6.14us avg=7.28us max=18.69us read(Gbits/sec)=4.430 write(Gbits/sec)=4.430 count=135183
   18 RR .16 min=6.14us avg=8.94us max=173946.11us read(Gbits/sec)=3.616 write(Gbits/sec)=3.616 count=110366
   18 RR .17 min=6.14us avg=8.34us max=127438.85us read(Gbits/sec)=3.875 write(Gbits/sec)=3.875 count=118259
   18 RR .18 min=6.14us avg=7.25us max=54.78us read(Gbits/sec)=4.448 write(Gbits/sec)=4.448 count=135741
   18 RR .19 min=6.14us avg=7.28us max=19.46us read(Gbits/sec)=4.428 write(Gbits/sec)=4.428 count=135132
   18 RR .20 min=6.14us avg=7.31us max=17.41us read(Gbits/sec)=4.406 write(Gbits/sec)=4.406 count=134471
   18 RR .21 min=6.14us avg=8.71us max=191851.26us read(Gbits/sec)=4.336 write(Gbits/sec)=4.336 count=132322
   18 RR Total-Throughput read(Gbits/sec)=92.646 write(Gbits/sec)=92.646

   19 RR .0 min=6.14us avg=7.26us max=52.22us read(Gbits/sec)=4.444 write(Gbits/sec)=4.444 count=135615
   19 RR .1 min=6.14us avg=7.26us max=17.66us read(Gbits/sec)=4.444 write(Gbits/sec)=4.444 count=135628
   19 RR .2 min=6.14us avg=8.46us max=136230.66us read(Gbits/sec)=3.824 write(Gbits/sec)=3.824 count=116707
   19 RR .3 min=6.14us avg=7.29us max=18.69us read(Gbits/sec)=4.426 write(Gbits/sec)=4.426 count=135079
   19 RR .4 min=6.14us avg=9.55us max=119723.52us read(Gbits/sec)=3.390 write(Gbits/sec)=3.390 count=103460
   19 RR .5 min=6.14us avg=8.70us max=161676.54us read(Gbits/sec)=3.718 write(Gbits/sec)=3.718 count=113459
   19 RR .6 min=6.14us avg=7.27us max=18.69us read(Gbits/sec)=4.440 write(Gbits/sec)=4.440 count=135514
   19 RR .7 min=6.14us avg=7.31us max=18.94us read(Gbits/sec)=4.413 write(Gbits/sec)=4.413 count=134663
   19 RR .8 min=6.14us avg=7.33us max=37.89us read(Gbits/sec)=4.401 write(Gbits/sec)=4.401 count=134305
   19 RR .9 min=6.14us avg=7.27us max=38.91us read(Gbits/sec)=3.914 write(Gbits/sec)=3.914 count=119455
   19 RR .10 min=6.14us avg=7.26us max=18.69us read(Gbits/sec)=4.443 write(Gbits/sec)=4.443 count=135584
   19 RR .11 min=6.14us avg=8.20us max=107792.90us read(Gbits/sec)=3.939 write(Gbits/sec)=3.939 count=120221
   19 RR .12 min=6.14us avg=7.34us max=19.46us read(Gbits/sec)=4.395 write(Gbits/sec)=4.395 count=134144
   19 RR .13 min=6.14us avg=7.26us max=19.46us read(Gbits/sec)=4.440 write(Gbits/sec)=4.440 count=135493
   19 RR .14 min=6.14us avg=7.27us max=18.94us read(Gbits/sec)=4.438 write(Gbits/sec)=4.438 count=135430
   19 RR .15 min=6.14us avg=7.31us max=18.69us read(Gbits/sec)=4.412 write(Gbits/sec)=4.412 count=134657
   19 RR .16 min=6.14us avg=7.36us max=21.76us read(Gbits/sec)=4.378 write(Gbits/sec)=4.378 count=133609
   19 RR .17 min=6.14us avg=7.26us max=17.66us read(Gbits/sec)=4.438 write(Gbits/sec)=4.438 count=135454
   19 RR .18 min=6.14us avg=9.09us max=195177.98us read(Gbits/sec)=3.559 write(Gbits/sec)=3.559 count=108628
   19 RR .19 min=6.14us avg=7.30us max=20.22us read(Gbits/sec)=4.417 write(Gbits/sec)=4.417 count=134791
   19 RR .20 min=6.14us avg=7.33us max=17.41us read(Gbits/sec)=4.395 write(Gbits/sec)=4.395 count=134116
   19 RR .21 min=6.14us avg=7.27us max=17.66us read(Gbits/sec)=4.432 write(Gbits/sec)=4.432 count=135263
   19 RR Total-Throughput read(Gbits/sec)=93.101 write(Gbits/sec)=93.101

   20 RR .0 min=6.14us avg=7.30us max=139.01us read(Gbits/sec)=4.417 write(Gbits/sec)=4.417 count=134798
   20 RR .1 min=6.14us avg=8.63us max=149637.89us read(Gbits/sec)=3.746 write(Gbits/sec)=3.746 count=114331
   20 RR .2 min=6.14us avg=7.31us max=19.71us read(Gbits/sec)=4.415 write(Gbits/sec)=4.415 count=134738
   20 RR .3 min=6.14us avg=7.34us max=17.66us read(Gbits/sec)=4.395 write(Gbits/sec)=4.395 count=134115
   20 RR .4 min=6.14us avg=7.37us max=19.20us read(Gbits/sec)=4.378 write(Gbits/sec)=4.378 count=133595
   20 RR .5 min=6.14us avg=8.63us max=149552.38us read(Gbits/sec)=3.749 write(Gbits/sec)=3.749 count=114402
   20 RR .6 min=6.14us avg=7.31us max=35.58us read(Gbits/sec)=4.413 write(Gbits/sec)=4.413 count=134676
   20 RR .7 min=6.14us avg=7.36us max=52.22us read(Gbits/sec)=4.386 write(Gbits/sec)=4.386 count=133867
   20 RR .8 min=6.14us avg=7.37us max=18.69us read(Gbits/sec)=4.377 write(Gbits/sec)=4.377 count=133573
   20 RR .9 min=6.14us avg=8.72us max=179555.84us read(Gbits/sec)=4.146 write(Gbits/sec)=4.146 count=126527
   20 RR .10 min=6.14us avg=7.30us max=18.43us read(Gbits/sec)=4.417 write(Gbits/sec)=4.417 count=134796
   20 RR .11 min=6.14us avg=7.34us max=18.18us read(Gbits/sec)=4.392 write(Gbits/sec)=4.392 count=134050
   20 RR .12 min=6.14us avg=7.39us max=18.69us read(Gbits/sec)=4.366 write(Gbits/sec)=4.366 count=133246
   20 RR .13 min=6.14us avg=7.30us max=19.20us read(Gbits/sec)=4.414 write(Gbits/sec)=4.414 count=134706
   20 RR .14 min=6.14us avg=7.31us max=19.20us read(Gbits/sec)=4.412 write(Gbits/sec)=4.412 count=134664
   20 RR .15 min=6.14us avg=7.35us max=18.43us read(Gbits/sec)=4.388 write(Gbits/sec)=4.388 count=133908
   20 RR .16 min=6.40us avg=7.40us max=21.25us read(Gbits/sec)=4.354 write(Gbits/sec)=4.354 count=132871
   20 RR .17 min=6.14us avg=7.31us max=18.43us read(Gbits/sec)=4.412 write(Gbits/sec)=4.412 count=134649
   20 RR .18 min=6.14us avg=7.31us max=17.41us read(Gbits/sec)=4.411 write(Gbits/sec)=4.411 count=134617
   20 RR .19 min=6.14us avg=7.35us max=19.20us read(Gbits/sec)=4.390 write(Gbits/sec)=4.390 count=133981
   20 RR .20 min=6.14us avg=7.37us max=17.92us read(Gbits/sec)=4.370 write(Gbits/sec)=4.370 count=133359
   20 RR .21 min=6.14us avg=8.45us max=130543.87us read(Gbits/sec)=3.826 write(Gbits/sec)=3.826 count=116773
   20 RR Total-Throughput read(Gbits/sec)=94.573 write(Gbits/sec)=94.573

   21 RR .0 min=6.14us avg=7.29us max=42.24us read(Gbits/sec)=4.423 write(Gbits/sec)=4.423 count=134980
   21 RR .1 min=6.14us avg=7.29us max=17.92us read(Gbits/sec)=4.423 write(Gbits/sec)=4.423 count=134994
   21 RR .2 min=6.14us avg=7.30us max=37.89us read(Gbits/sec)=4.419 write(Gbits/sec)=4.419 count=134871
   21 RR .3 min=6.14us avg=7.32us max=18.18us read(Gbits/sec)=4.405 write(Gbits/sec)=4.405 count=134437
   21 RR .4 min=6.14us avg=9.01us max=178205.70us read(Gbits/sec)=3.591 write(Gbits/sec)=3.591 count=109585
   21 RR .5 min=6.14us avg=8.16us max=103531.52us read(Gbits/sec)=3.959 write(Gbits/sec)=3.959 count=120832
   21 RR .6 min=6.14us avg=7.30us max=18.69us read(Gbits/sec)=4.418 write(Gbits/sec)=4.418 count=134841
   21 RR .7 min=6.14us avg=7.35us max=18.94us read(Gbits/sec)=4.392 write(Gbits/sec)=4.392 count=134023
   21 RR .8 min=6.14us avg=7.36us max=38.14us read(Gbits/sec)=4.382 write(Gbits/sec)=4.382 count=133727
   21 RR .9 min=6.14us avg=7.29us max=37.12us read(Gbits/sec)=4.423 write(Gbits/sec)=4.423 count=134996
   21 RR .10 min=6.14us avg=7.30us max=50.18us read(Gbits/sec)=4.421 write(Gbits/sec)=4.421 count=134912
   21 RR .11 min=6.14us avg=7.34us max=19.20us read(Gbits/sec)=4.397 write(Gbits/sec)=4.397 count=134190
   21 RR .12 min=6.14us avg=7.38us max=19.97us read(Gbits/sec)=4.370 write(Gbits/sec)=4.370 count=133375
   21 RR .13 min=6.14us avg=7.29us max=18.94us read(Gbits/sec)=4.419 write(Gbits/sec)=4.419 count=134875
   21 RR .14 min=6.14us avg=7.30us max=17.66us read(Gbits/sec)=4.416 write(Gbits/sec)=4.416 count=134778
   21 RR .15 min=6.14us avg=8.49us max=130864.90us read(Gbits/sec)=3.808 write(Gbits/sec)=3.808 count=116200
   21 RR .16 min=6.14us avg=7.38us max=20.74us read(Gbits/sec)=4.366 write(Gbits/sec)=4.366 count=133258
   21 RR .17 min=6.14us avg=7.30us max=17.66us read(Gbits/sec)=4.418 write(Gbits/sec)=4.418 count=134837
   21 RR .18 min=6.14us avg=7.30us max=18.69us read(Gbits/sec)=4.416 write(Gbits/sec)=4.416 count=134764
   21 RR .19 min=6.14us avg=7.34us max=18.43us read(Gbits/sec)=4.396 write(Gbits/sec)=4.396 count=134159
   21 RR .20 min=6.14us avg=7.37us max=17.66us read(Gbits/sec)=4.375 write(Gbits/sec)=4.375 count=133525
   21 RR .21 min=6.14us avg=8.93us max=176273.15us read(Gbits/sec)=3.622 write(Gbits/sec)=3.622 count=110554
   21 RR Total-Throughput read(Gbits/sec)=94.262 write(Gbits/sec)=94.262

   22 RR .0 min=6.14us avg=7.29us max=696.58us read(Gbits/sec)=4.423 write(Gbits/sec)=4.423 count=134969
   22 RR .1 min=6.14us avg=7.29us max=17.66us read(Gbits/sec)=4.427 write(Gbits/sec)=4.427 count=135104
   22 RR .2 min=6.14us avg=7.30us max=18.18us read(Gbits/sec)=4.423 write(Gbits/sec)=4.423 count=134965
   22 RR .3 min=6.14us avg=8.22us max=106298.11us read(Gbits/sec)=3.931 write(Gbits/sec)=3.931 count=119975
   22 RR .4 min=6.14us avg=7.35us max=18.94us read(Gbits/sec)=4.389 write(Gbits/sec)=4.389 count=133943
   22 RR .5 min=6.14us avg=7.29us max=18.43us read(Gbits/sec)=4.429 write(Gbits/sec)=4.429 count=135182
   22 RR .6 min=6.14us avg=7.30us max=18.69us read(Gbits/sec)=4.420 write(Gbits/sec)=4.420 count=134900
   22 RR .7 min=6.14us avg=7.34us max=38.66us read(Gbits/sec)=4.394 write(Gbits/sec)=4.394 count=134116
   22 RR .8 min=6.14us avg=7.36us max=18.18us read(Gbits/sec)=4.385 write(Gbits/sec)=4.385 count=133832
   22 RR .9 min=6.14us avg=7.29us max=19.71us read(Gbits/sec)=4.170 write(Gbits/sec)=4.170 count=127253
   22 RR .10 min=6.14us avg=7.29us max=20.22us read(Gbits/sec)=4.424 write(Gbits/sec)=4.424 count=135009
   22 RR .11 min=6.14us avg=7.33us max=18.69us read(Gbits/sec)=4.403 write(Gbits/sec)=4.403 count=134387
   22 RR .12 min=6.14us avg=8.48us max=127759.36us read(Gbits/sec)=3.812 write(Gbits/sec)=3.812 count=116348
   22 RR .13 min=6.14us avg=7.29us max=18.69us read(Gbits/sec)=4.422 write(Gbits/sec)=4.422 count=134949
   22 RR .14 min=6.14us avg=8.30us max=119208.96us read(Gbits/sec)=3.891 write(Gbits/sec)=3.891 count=118751
   22 RR .15 min=6.14us avg=7.34us max=17.66us read(Gbits/sec)=4.396 write(Gbits/sec)=4.396 count=134171
   22 RR .16 min=6.14us avg=7.39us max=19.46us read(Gbits/sec)=4.363 write(Gbits/sec)=4.363 count=133164
   22 RR .17 min=6.14us avg=7.29us max=46.08us read(Gbits/sec)=4.421 write(Gbits/sec)=4.421 count=134920
   22 RR .18 min=6.14us avg=8.86us max=172649.47us read(Gbits/sec)=3.652 write(Gbits/sec)=3.652 count=111448
   22 RR .19 min=6.14us avg=7.33us max=18.43us read(Gbits/sec)=4.399 write(Gbits/sec)=4.399 count=134265
   22 RR .20 min=6.14us avg=7.36us max=46.59us read(Gbits/sec)=4.379 write(Gbits/sec)=4.379 count=133659
   22 RR .21 min=6.14us avg=7.29us max=17.41us read(Gbits/sec)=4.421 write(Gbits/sec)=4.421 count=134918
   22 RR Total-Throughput read(Gbits/sec)=94.375 write(Gbits/sec)=94.375

   23 RR .0 min=6.14us avg=8.38us max=137963.52us read(Gbits/sec)=3.858 write(Gbits/sec)=3.858 count=117738
   23 RR .1 min=6.14us avg=9.00us max=197797.12us read(Gbits/sec)=3.596 write(Gbits/sec)=3.596 count=109740
   23 RR .2 min=6.14us avg=7.20us max=18.69us read(Gbits/sec)=4.481 write(Gbits/sec)=4.481 count=136759
   23 RR .3 min=6.14us avg=7.22us max=17.41us read(Gbits/sec)=4.467 write(Gbits/sec)=4.467 count=136332
   23 RR .4 min=6.14us avg=9.40us max=195373.06us read(Gbits/sec)=3.017 write(Gbits/sec)=3.017 count=92057
   23 RR .5 min=6.14us avg=8.97us max=194900.22us read(Gbits/sec)=3.607 write(Gbits/sec)=3.607 count=110072
   23 RR .6 min=6.14us avg=7.20us max=18.18us read(Gbits/sec)=4.481 write(Gbits/sec)=4.481 count=136742
   23 RR .7 min=6.14us avg=7.25us max=19.46us read(Gbits/sec)=4.451 write(Gbits/sec)=4.451 count=135850
   23 RR .8 min=6.14us avg=7.27us max=36.86us read(Gbits/sec)=4.440 write(Gbits/sec)=4.440 count=135509
   23 RR .9 min=6.14us avg=8.11us max=118399.49us read(Gbits/sec)=4.214 write(Gbits/sec)=4.214 count=128604
   23 RR .10 min=6.14us avg=8.34us max=133939.46us read(Gbits/sec)=3.878 write(Gbits/sec)=3.878 count=118365
   23 RR .11 min=6.14us avg=7.24us max=19.20us read(Gbits/sec)=4.457 write(Gbits/sec)=4.457 count=136021
   23 RR .12 min=6.14us avg=7.28us max=18.94us read(Gbits/sec)=4.428 write(Gbits/sec)=4.428 count=135142
   23 RR .13 min=6.14us avg=11.15us max=187090.18us read(Gbits/sec)=2.907 write(Gbits/sec)=2.907 count=88728
   23 RR .14 min=6.14us avg=7.20us max=18.43us read(Gbits/sec)=4.480 write(Gbits/sec)=4.480 count=136730
   23 RR .15 min=6.14us avg=7.24us max=19.71us read(Gbits/sec)=4.458 write(Gbits/sec)=4.458 count=136046
   23 RR .16 min=6.14us avg=8.72us max=160717.31us read(Gbits/sec)=3.704 write(Gbits/sec)=3.704 count=113040
   23 RR .17 min=6.14us avg=7.20us max=18.18us read(Gbits/sec)=4.480 write(Gbits/sec)=4.480 count=136714
   23 RR .18 min=6.14us avg=7.21us max=18.94us read(Gbits/sec)=4.477 write(Gbits/sec)=4.477 count=136618
   23 RR .19 min=6.14us avg=7.24us max=18.94us read(Gbits/sec)=4.456 write(Gbits/sec)=4.456 count=136001
   23 RR .20 min=6.14us avg=7.27us max=17.92us read(Gbits/sec)=4.436 write(Gbits/sec)=4.436 count=135366
   23 RR .21 min=6.14us avg=8.18us max=117772.29us read(Gbits/sec)=3.947 write(Gbits/sec)=3.947 count=120476
   23 RR Total-Throughput read(Gbits/sec)=90.721 write(Gbits/sec)=90.721

   24 RR .0 min=6.14us avg=7.28us max=49.66us read(Gbits/sec)=4.430 write(Gbits/sec)=4.430 count=135192
   24 RR .1 min=6.14us avg=7.28us max=19.20us read(Gbits/sec)=4.431 write(Gbits/sec)=4.431 count=135238
   24 RR .2 min=6.14us avg=7.29us max=37.63us read(Gbits/sec)=4.427 write(Gbits/sec)=4.427 count=135091
   24 RR .3 min=6.14us avg=7.32us max=18.94us read(Gbits/sec)=4.409 write(Gbits/sec)=4.409 count=134558
   24 RR .4 min=6.14us avg=8.78us max=179858.94us read(Gbits/sec)=4.140 write(Gbits/sec)=4.140 count=126355
   24 RR .5 min=6.14us avg=7.28us max=44.03us read(Gbits/sec)=4.433 write(Gbits/sec)=4.433 count=135292
   24 RR .6 min=6.14us avg=7.29us max=19.20us read(Gbits/sec)=4.426 write(Gbits/sec)=4.426 count=135073
   24 RR .7 min=6.14us avg=8.90us max=172180.48us read(Gbits/sec)=3.635 write(Gbits/sec)=3.635 count=110930
   24 RR .8 min=6.14us avg=7.34us max=17.66us read(Gbits/sec)=4.397 write(Gbits/sec)=4.397 count=134183
   24 RR .9 min=6.14us avg=7.28us max=22.02us read(Gbits/sec)=4.431 write(Gbits/sec)=4.431 count=135238
   24 RR .10 min=6.14us avg=7.29us max=48.90us read(Gbits/sec)=4.428 write(Gbits/sec)=4.428 count=135139
   24 RR .11 min=6.14us avg=7.32us max=22.53us read(Gbits/sec)=4.405 write(Gbits/sec)=4.405 count=134430
   24 RR .12 min=6.14us avg=7.37us max=18.94us read(Gbits/sec)=4.378 write(Gbits/sec)=4.378 count=133623
   24 RR .13 min=6.14us avg=7.28us max=18.69us read(Gbits/sec)=4.427 write(Gbits/sec)=4.427 count=135113
   24 RR .14 min=6.14us avg=7.29us max=17.66us read(Gbits/sec)=4.424 write(Gbits/sec)=4.424 count=135022
   24 RR .15 min=6.14us avg=8.32us max=116856.32us read(Gbits/sec)=3.884 write(Gbits/sec)=3.884 count=118531
   24 RR .16 min=6.14us avg=7.37us max=18.94us read(Gbits/sec)=4.374 write(Gbits/sec)=4.374 count=133484
   24 RR .17 min=6.14us avg=7.29us max=20.22us read(Gbits/sec)=4.425 write(Gbits/sec)=4.425 count=135031
   24 RR .18 min=6.14us avg=9.00us max=186131.97us read(Gbits/sec)=3.596 write(Gbits/sec)=3.596 count=109752
   24 RR .19 min=6.14us avg=7.32us max=19.97us read(Gbits/sec)=4.406 write(Gbits/sec)=4.406 count=134478
   24 RR .20 min=6.14us avg=8.36us max=118333.95us read(Gbits/sec)=3.863 write(Gbits/sec)=3.863 count=117896
   24 RR .21 min=6.14us avg=7.29us max=18.18us read(Gbits/sec)=4.426 write(Gbits/sec)=4.426 count=135079
   24 RR Total-Throughput read(Gbits/sec)=94.197 write(Gbits/sec)=94.197

   25 RR .0 min=6.14us avg=7.29us max=120.83us read(Gbits/sec)=4.424 write(Gbits/sec)=4.424 count=135008
   25 RR .1 min=6.14us avg=7.29us max=19.20us read(Gbits/sec)=4.426 write(Gbits/sec)=4.426 count=135069
   25 RR .2 min=6.14us avg=7.30us max=17.92us read(Gbits/sec)=4.420 write(Gbits/sec)=4.420 count=134883
   25 RR .3 min=6.14us avg=8.49us max=133245.18us read(Gbits/sec)=3.810 write(Gbits/sec)=3.810 count=116270
   25 RR .4 min=6.14us avg=7.35us max=18.18us read(Gbits/sec)=4.388 write(Gbits/sec)=4.388 count=133907
   25 RR .5 min=6.14us avg=7.29us max=30.21us read(Gbits/sec)=4.427 write(Gbits/sec)=4.427 count=135109
   25 RR .6 min=6.14us avg=7.30us max=18.18us read(Gbits/sec)=4.419 write(Gbits/sec)=4.419 count=134857
   25 RR .7 min=6.14us avg=8.37us max=119372.29us read(Gbits/sec)=3.860 write(Gbits/sec)=3.860 count=117805
   25 RR .8 min=6.14us avg=8.81us max=160050.69us read(Gbits/sec)=3.670 write(Gbits/sec)=3.670 count=112000
   25 RR .9 min=6.14us avg=7.29us max=19.46us read(Gbits/sec)=4.425 write(Gbits/sec)=4.425 count=135051
   25 RR .10 min=6.14us avg=7.31us max=43.01us read(Gbits/sec)=3.690 write(Gbits/sec)=3.690 count=112604
   25 RR .11 min=6.14us avg=7.34us max=19.71us read(Gbits/sec)=4.398 write(Gbits/sec)=4.398 count=134221
   25 RR .12 min=6.14us avg=7.38us max=18.69us read(Gbits/sec)=4.372 write(Gbits/sec)=4.372 count=133428
   25 RR .13 min=6.14us avg=7.30us max=17.92us read(Gbits/sec)=4.419 write(Gbits/sec)=4.419 count=134855
   25 RR .14 min=6.14us avg=7.30us max=18.43us read(Gbits/sec)=4.419 write(Gbits/sec)=4.419 count=134853
   25 RR .15 min=6.14us avg=7.34us max=19.71us read(Gbits/sec)=4.394 write(Gbits/sec)=4.394 count=134106
   25 RR .16 min=6.14us avg=7.39us max=20.74us read(Gbits/sec)=4.360 write(Gbits/sec)=4.360 count=133068
   25 RR .17 min=6.14us avg=7.30us max=40.45us read(Gbits/sec)=4.417 write(Gbits/sec)=4.417 count=134800
   25 RR .18 min=6.14us avg=7.30us max=18.43us read(Gbits/sec)=4.415 write(Gbits/sec)=4.415 count=134746
   25 RR .19 min=6.14us avg=7.34us max=18.69us read(Gbits/sec)=4.396 write(Gbits/sec)=4.396 count=134168
   25 RR .20 min=6.14us avg=7.36us max=47.87us read(Gbits/sec)=4.378 write(Gbits/sec)=4.378 count=133601
   25 RR .21 min=6.14us avg=7.30us max=17.92us read(Gbits/sec)=4.417 write(Gbits/sec)=4.417 count=134806
   25 RR Total-Throughput read(Gbits/sec)=94.343 write(Gbits/sec)=94.343

   26 RR .0 min=6.14us avg=7.32us max=40.70us read(Gbits/sec)=4.411 write(Gbits/sec)=4.411 count=134599
   26 RR .1 min=6.14us avg=7.32us max=18.43us read(Gbits/sec)=4.410 write(Gbits/sec)=4.410 count=134582
   26 RR .2 min=6.14us avg=7.32us max=33.28us read(Gbits/sec)=4.407 write(Gbits/sec)=4.407 count=134490
   26 RR .3 min=6.14us avg=7.35us max=17.66us read(Gbits/sec)=4.387 write(Gbits/sec)=4.387 count=133890
   26 RR .4 min=6.14us avg=7.38us max=18.18us read(Gbits/sec)=4.370 write(Gbits/sec)=4.370 count=133367
   26 RR .5 min=6.14us avg=7.31us max=17.41us read(Gbits/sec)=4.413 write(Gbits/sec)=4.413 count=134666
   26 RR .6 min=6.14us avg=7.32us max=18.18us read(Gbits/sec)=4.405 write(Gbits/sec)=4.405 count=134437
   26 RR .7 min=6.14us avg=7.37us max=19.20us read(Gbits/sec)=4.379 write(Gbits/sec)=4.379 count=133639
   26 RR .8 min=6.14us avg=7.38us max=37.12us read(Gbits/sec)=4.370 write(Gbits/sec)=4.370 count=133350
   26 RR .9 min=6.14us avg=7.31us max=19.46us read(Gbits/sec)=4.411 write(Gbits/sec)=4.411 count=134624
   26 RR .10 min=6.14us avg=8.55us max=165049.86us read(Gbits/sec)=4.406 write(Gbits/sec)=4.406 count=134452
   26 RR .11 min=6.14us avg=7.36us max=18.69us read(Gbits/sec)=4.384 write(Gbits/sec)=4.384 count=133805
   26 RR .12 min=6.14us avg=7.40us max=18.18us read(Gbits/sec)=4.359 write(Gbits/sec)=4.359 count=133014
   26 RR .13 min=6.14us avg=7.32us max=19.97us read(Gbits/sec)=4.405 write(Gbits/sec)=4.405 count=134441
   26 RR .14 min=6.14us avg=7.32us max=20.48us read(Gbits/sec)=4.404 write(Gbits/sec)=4.404 count=134408
   26 RR .15 min=6.14us avg=9.00us max=176612.10us read(Gbits/sec)=3.594 write(Gbits/sec)=3.594 count=109693
   26 RR .16 min=6.14us avg=7.40us max=18.69us read(Gbits/sec)=4.356 write(Gbits/sec)=4.356 count=132954
   26 RR .17 min=6.14us avg=7.32us max=18.69us read(Gbits/sec)=4.404 write(Gbits/sec)=4.404 count=134399
   26 RR .18 min=6.14us avg=7.33us max=18.69us read(Gbits/sec)=4.403 write(Gbits/sec)=4.403 count=134388
   26 RR .19 min=6.14us avg=7.36us max=20.22us read(Gbits/sec)=4.384 write(Gbits/sec)=4.384 count=133794
   26 RR .20 min=6.40us avg=7.38us max=17.92us read(Gbits/sec)=4.365 write(Gbits/sec)=4.365 count=133206
   26 RR .21 min=6.14us avg=8.96us max=177548.29us read(Gbits/sec)=3.609 write(Gbits/sec)=3.609 count=110131
   26 RR Total-Throughput read(Gbits/sec)=95.036 write(Gbits/sec)=95.036

   27 RR .0 min=6.14us avg=8.85us max=171529.47us read(Gbits/sec)=3.655 write(Gbits/sec)=3.655 count=111556
   27 RR .1 min=6.14us avg=7.29us max=18.43us read(Gbits/sec)=4.423 write(Gbits/sec)=4.423 count=134991
   27 RR .2 min=6.14us avg=7.30us max=19.71us read(Gbits/sec)=4.420 write(Gbits/sec)=4.420 count=134874
   27 RR .3 min=6.14us avg=7.33us max=18.18us read(Gbits/sec)=4.399 write(Gbits/sec)=4.399 count=134256
   27 RR .4 min=6.14us avg=7.37us max=19.20us read(Gbits/sec)=4.381 write(Gbits/sec)=4.381 count=133705
   27 RR .5 min=5.89us avg=8.14us max=101908.99us read(Gbits/sec)=3.971 write(Gbits/sec)=3.971 count=121191
   27 RR .6 min=6.14us avg=8.15us max=102164.48us read(Gbits/sec)=3.964 write(Gbits/sec)=3.964 count=120980
   27 RR .7 min=6.40us avg=7.34us max=52.99us read(Gbits/sec)=4.392 write(Gbits/sec)=4.392 count=134038
   27 RR .8 min=6.14us avg=7.37us max=38.40us read(Gbits/sec)=4.380 write(Gbits/sec)=4.380 count=133687
   27 RR .9 min=6.14us avg=8.72us max=160450.56us read(Gbits/sec)=3.709 write(Gbits/sec)=3.709 count=113194
   27 RR .10 min=6.14us avg=7.30us max=18.43us read(Gbits/sec)=4.421 write(Gbits/sec)=4.421 count=134921
   27 RR .11 min=6.14us avg=7.34us max=27.39us read(Gbits/sec)=4.396 write(Gbits/sec)=4.396 count=134158
   27 RR .12 min=6.14us avg=7.38us max=18.94us read(Gbits/sec)=4.370 write(Gbits/sec)=4.370 count=133355
   27 RR .13 min=6.14us avg=7.30us max=17.92us read(Gbits/sec)=4.418 write(Gbits/sec)=4.418 count=134819
   27 RR .14 min=6.14us avg=7.30us max=18.94us read(Gbits/sec)=4.417 write(Gbits/sec)=4.417 count=134806
   27 RR .15 min=6.14us avg=7.34us max=19.46us read(Gbits/sec)=4.393 write(Gbits/sec)=4.393 count=134085
   27 RR .16 min=6.14us avg=7.39us max=19.46us read(Gbits/sec)=4.359 write(Gbits/sec)=4.359 count=133020
   27 RR .17 min=6.14us avg=7.30us max=20.74us read(Gbits/sec)=4.416 write(Gbits/sec)=4.416 count=134781
   27 RR .18 min=6.14us avg=7.30us max=34.56us read(Gbits/sec)=4.415 write(Gbits/sec)=4.415 count=134740
   27 RR .19 min=6.14us avg=7.34us max=18.69us read(Gbits/sec)=4.396 write(Gbits/sec)=4.396 count=134167
   27 RR .20 min=6.14us avg=7.36us max=29.70us read(Gbits/sec)=4.377 write(Gbits/sec)=4.377 count=133574
   27 RR .21 min=6.14us avg=7.30us max=17.41us read(Gbits/sec)=4.416 write(Gbits/sec)=4.416 count=134765
   27 RR Total-Throughput read(Gbits/sec)=94.488 write(Gbits/sec)=94.488

   28 RR .0 min=6.14us avg=7.27us max=1051.90us read(Gbits/sec)=4.437 write(Gbits/sec)=4.437 count=135402
   28 RR .1 min=6.14us avg=7.25us max=17.41us read(Gbits/sec)=4.446 write(Gbits/sec)=4.446 count=135693
   28 RR .2 min=6.14us avg=7.26us max=19.20us read(Gbits/sec)=4.441 write(Gbits/sec)=4.441 count=135544
   28 RR .3 min=6.14us avg=7.29us max=18.18us read(Gbits/sec)=4.422 write(Gbits/sec)=4.422 count=134954
   28 RR .4 min=6.14us avg=7.33us max=18.18us read(Gbits/sec)=4.402 write(Gbits/sec)=4.402 count=134329
   28 RR .5 min=6.14us avg=9.04us max=193031.94us read(Gbits/sec)=3.581 write(Gbits/sec)=3.581 count=109278
   28 RR .6 min=6.14us avg=7.26us max=18.43us read(Gbits/sec)=4.441 write(Gbits/sec)=4.441 count=135528
   28 RR .7 min=6.14us avg=7.32us max=18.18us read(Gbits/sec)=4.123 write(Gbits/sec)=4.123 count=125837
   28 RR .8 min=6.14us avg=7.32us max=18.43us read(Gbits/sec)=4.406 write(Gbits/sec)=4.406 count=134473
   28 RR .9 min=6.14us avg=7.26us max=19.20us read(Gbits/sec)=4.446 write(Gbits/sec)=4.446 count=135683
   28 RR .10 min=6.14us avg=7.26us max=18.69us read(Gbits/sec)=4.443 write(Gbits/sec)=4.443 count=135589
   28 RR .11 min=6.14us avg=7.31us max=19.20us read(Gbits/sec)=4.228 write(Gbits/sec)=4.228 count=129024
   28 RR .12 min=6.14us avg=7.34us max=17.66us read(Gbits/sec)=4.394 write(Gbits/sec)=4.394 count=134110
   28 RR .13 min=6.14us avg=7.29us max=18.69us read(Gbits/sec)=3.707 write(Gbits/sec)=3.707 count=113125
   28 RR .14 min=6.14us avg=8.78us max=167192.58us read(Gbits/sec)=3.685 write(Gbits/sec)=3.685 count=112460
   28 RR .15 min=6.14us avg=7.29us max=18.18us read(Gbits/sec)=4.422 write(Gbits/sec)=4.422 count=134951
   28 RR .16 min=6.14us avg=9.09us max=187689.22us read(Gbits/sec)=3.557 write(Gbits/sec)=3.557 count=108560
   28 RR .17 min=6.14us avg=8.76us max=168248.32us read(Gbits/sec)=3.692 write(Gbits/sec)=3.692 count=112681
   28 RR .18 min=6.14us avg=7.26us max=38.91us read(Gbits/sec)=4.440 write(Gbits/sec)=4.440 count=135491
   28 RR .19 min=6.14us avg=7.30us max=19.97us read(Gbits/sec)=4.420 write(Gbits/sec)=4.420 count=134897
   28 RR .20 min=6.14us avg=7.33us max=17.66us read(Gbits/sec)=4.399 write(Gbits/sec)=4.399 count=134252
   28 RR .21 min=6.14us avg=7.26us max=18.94us read(Gbits/sec)=4.441 write(Gbits/sec)=4.441 count=135530
   28 RR Total-Throughput read(Gbits/sec)=92.974 write(Gbits/sec)=92.974

   29 RR .0 min=6.14us avg=8.30us max=120231.42us read(Gbits/sec)=3.894 write(Gbits/sec)=3.894 count=118828
   29 RR .1 min=6.14us avg=7.28us max=18.18us read(Gbits/sec)=4.432 write(Gbits/sec)=4.432 count=135270
   29 RR .2 min=6.14us avg=7.29us max=36.10us read(Gbits/sec)=4.428 write(Gbits/sec)=4.428 count=135154
   29 RR .3 min=6.14us avg=7.32us max=19.20us read(Gbits/sec)=4.408 write(Gbits/sec)=4.408 count=134538
   29 RR .4 min=6.14us avg=7.35us max=20.22us read(Gbits/sec)=4.390 write(Gbits/sec)=4.390 count=133977
   29 RR .5 min=6.14us avg=7.28us max=17.66us read(Gbits/sec)=4.435 write(Gbits/sec)=4.435 count=135340
   29 RR .6 min=6.14us avg=7.29us max=18.18us read(Gbits/sec)=4.427 write(Gbits/sec)=4.427 count=135096
   29 RR .7 min=6.14us avg=8.51us max=143247.10us read(Gbits/sec)=4.044 write(Gbits/sec)=4.044 count=123411
   29 RR .8 min=6.14us avg=7.34us max=40.96us read(Gbits/sec)=4.393 write(Gbits/sec)=4.393 count=134079
   29 RR .9 min=6.14us avg=7.28us max=19.46us read(Gbits/sec)=4.433 write(Gbits/sec)=4.433 count=135278
   29 RR .10 min=6.14us avg=7.28us max=18.43us read(Gbits/sec)=4.431 write(Gbits/sec)=4.431 count=135233
   29 RR .11 min=6.14us avg=8.93us max=182367.23us read(Gbits/sec)=3.776 write(Gbits/sec)=3.776 count=115232
   29 RR .12 min=6.14us avg=7.35us max=20.74us read(Gbits/sec)=4.387 write(Gbits/sec)=4.387 count=133877
   29 RR .13 min=6.14us avg=10.25us max=180957.70us read(Gbits/sec)=3.673 write(Gbits/sec)=3.673 count=112086
   29 RR .14 min=6.14us avg=8.29us max=118282.24us read(Gbits/sec)=3.899 write(Gbits/sec)=3.899 count=119008
   29 RR .15 min=6.14us avg=7.33us max=18.94us read(Gbits/sec)=4.402 write(Gbits/sec)=4.402 count=134345
   29 RR .16 min=6.14us avg=7.38us max=18.69us read(Gbits/sec)=4.369 write(Gbits/sec)=4.369 count=133353
   29 RR .17 min=6.14us avg=7.28us max=49.66us read(Gbits/sec)=4.427 write(Gbits/sec)=4.427 count=135112
   29 RR .18 min=6.14us avg=7.29us max=29.70us read(Gbits/sec)=4.425 write(Gbits/sec)=4.425 count=135058
   29 RR .19 min=6.14us avg=8.43us max=127591.42us read(Gbits/sec)=3.832 write(Gbits/sec)=3.832 count=116965
   29 RR .20 min=6.14us avg=7.34us max=18.18us read(Gbits/sec)=4.392 write(Gbits/sec)=4.392 count=134035
   29 RR .21 min=6.14us avg=7.29us max=17.92us read(Gbits/sec)=4.426 write(Gbits/sec)=4.426 count=135094
   29 RR Total-Throughput read(Gbits/sec)=93.723 write(Gbits/sec)=93.723


---
 0 nr_conn=1 nr_zero_io_conn=0
 1 nr_conn=1 nr_zero_io_conn=0
 2 nr_conn=1 nr_zero_io_conn=0
 3 nr_conn=1 nr_zero_io_conn=0
 4 nr_conn=1 nr_zero_io_conn=0
 5 nr_conn=1 nr_zero_io_conn=0
 6 nr_conn=1 nr_zero_io_conn=0
 7 nr_conn=1 nr_zero_io_conn=0
 8 nr_conn=1 nr_zero_io_conn=0
 9 nr_conn=1 nr_zero_io_conn=0
10 nr_conn=1 nr_zero_io_conn=0
11 nr_conn=1 nr_zero_io_conn=0
12 nr_conn=1 nr_zero_io_conn=0
13 nr_conn=1 nr_zero_io_conn=0
14 nr_conn=1 nr_zero_io_conn=0
15 nr_conn=1 nr_zero_io_conn=0
16 nr_conn=1 nr_zero_io_conn=0
17 nr_conn=1 nr_zero_io_conn=0
18 nr_conn=1 nr_zero_io_conn=0
19 nr_conn=1 nr_zero_io_conn=0
20 nr_conn=1 nr_zero_io_conn=0
21 nr_conn=1 nr_zero_io_conn=0
exiting client: 20
exiting client: 16
exiting client: 13
exiting client: 1
exiting client: 14
exiting client: 6
exiting client: 9
exiting client: 2
exiting client: 15
exiting client: 5
exiting client: 8
exiting client: 21
exiting client: 12
exiting client: 17
exiting client: 4
exiting client: 10
exiting client: 3
exiting client: 7
exiting client: 11
exiting client: 18
exiting client: 0
exiting client: 19
