:: TPA_CFG='net { name=enp67s0f0np0; mac=38:25:f3:79:97:c6; ip=172.24.1.2; mask=255.255.255.0; gw=10.76.106.126; ip6=fe80::3a25:f3ff:fe79:97c6/64; } dpdk { pci=0000:43:00.0; } tcp {tso = 0; } dpdk { socket-mem = 8192; mbuf_mem_size = 6GB; }'
:: cmd=/home/balasuk/libtpa/build/bin/app/fperf -c 172.24.1.52 -p 2888 -S 0 -t rr -d 30 -n 22 -m 4096 -X 4096 -R 4096 -C 1 -Z 1 -K 0
EAL: Detected CPU lcores: 64
EAL: Detected NUMA nodes: 1
EAL: Detected static linkage of DPDK
EAL: Selected IOVA mode 'PA'
EAL: VFIO support initialized
EAL: Probe PCI driver: mlx5_pci (15b3:101d) device: 0000:43:00.0 (socket -1)
    0 RR .0 min=6.14us avg=7.03us max=1365.25us read(Gbits/sec)=25.401 write(Gbits/sec)=25.401 count=775175
    0 RR .1 min=6.14us avg=7.45us max=156315.39us read(Gbits/sec)=23.191 write(Gbits/sec)=23.191 count=707722
    0 RR .2 min=6.14us avg=7.06us max=210.43us read(Gbits/sec)=23.527 write(Gbits/sec)=23.527 count=717995
    0 RR .3 min=6.14us avg=7.10us max=204.54us read(Gbits/sec)=22.496 write(Gbits/sec)=22.496 count=686527
    0 RR .4 min=6.14us avg=7.15us max=213.76us read(Gbits/sec)=21.412 write(Gbits/sec)=21.412 count=653445
    0 RR .5 min=6.14us avg=7.64us max=157597.95us read(Gbits/sec)=19.177 write(Gbits/sec)=19.177 count=585245
    0 RR .6 min=6.14us avg=7.19us max=212.99us read(Gbits/sec)=19.448 write(Gbits/sec)=19.448 count=593512
    0 RR .7 min=6.14us avg=7.84us max=163943.17us read(Gbits/sec)=17.002 write(Gbits/sec)=17.002 count=518849
    0 RR .8 min=6.14us avg=7.30us max=210.43us read(Gbits/sec)=17.289 write(Gbits/sec)=17.289 count=527621
    0 RR .9 min=6.14us avg=7.95us max=178624.51us read(Gbits/sec)=14.876 write(Gbits/sec)=14.876 count=453997
    0 RR .10 min=6.14us avg=7.83us max=203116.29us read(Gbits/sec)=14.045 write(Gbits/sec)=14.045 count=428629
    0 RR .11 min=6.14us avg=7.38us max=215.30us read(Gbits/sec)=13.777 write(Gbits/sec)=13.777 count=420448
    0 RR .12 min=6.14us avg=7.43us max=194.05us read(Gbits/sec)=12.702 write(Gbits/sec)=12.702 count=387652
    0 RR .13 min=6.14us avg=8.03us max=181644.80us read(Gbits/sec)=10.913 write(Gbits/sec)=10.913 count=333047
    0 RR .14 min=6.40us avg=7.49us max=210.94us read(Gbits/sec)=10.764 write(Gbits/sec)=10.764 count=328490
    0 RR .15 min=6.14us avg=7.54us max=237.06us read(Gbits/sec)=9.797 write(Gbits/sec)=9.797 count=298986
    0 RR .16 min=6.40us avg=8.04us max=107654.91us read(Gbits/sec)=8.304 write(Gbits/sec)=8.304 count=253418
    0 RR .17 min=6.14us avg=7.62us max=209.41us read(Gbits/sec)=7.860 write(Gbits/sec)=7.860 count=239861
    0 RR .18 min=6.14us avg=7.65us max=215.30us read(Gbits/sec)=6.939 write(Gbits/sec)=6.939 count=211774
    0 RR .19 min=6.40us avg=7.69us max=210.69us read(Gbits/sec)=6.007 write(Gbits/sec)=6.007 count=183314
    0 RR .20 min=6.40us avg=8.80us max=138895.62us read(Gbits/sec)=4.445 write(Gbits/sec)=4.445 count=135661
    0 RR .21 min=6.40us avg=7.79us max=30.72us read(Gbits/sec)=4.128 write(Gbits/sec)=4.128 count=125996
    0 RR Total-Throughput read(Gbits/sec)=313.500 write(Gbits/sec)=313.501

    1 RR .0 min=6.40us avg=7.74us max=929.02us read(Gbits/sec)=4.168 write(Gbits/sec)=4.168 count=127204
    1 RR .1 min=6.66us avg=7.74us max=19.20us read(Gbits/sec)=4.172 write(Gbits/sec)=4.172 count=127311
    1 RR .2 min=6.40us avg=7.74us max=20.99us read(Gbits/sec)=4.177 write(Gbits/sec)=4.177 count=127479
    1 RR .3 min=6.40us avg=7.74us max=19.46us read(Gbits/sec)=4.174 write(Gbits/sec)=4.174 count=127384
    1 RR .4 min=6.66us avg=7.77us max=19.46us read(Gbits/sec)=4.158 write(Gbits/sec)=4.158 count=126895
    1 RR .5 min=6.66us avg=7.74us max=49.92us read(Gbits/sec)=4.171 write(Gbits/sec)=4.171 count=127282
    1 RR .6 min=6.66us avg=7.74us max=18.94us read(Gbits/sec)=4.174 write(Gbits/sec)=4.175 count=127398
    1 RR .7 min=6.66us avg=8.77us max=113017.34us read(Gbits/sec)=3.687 write(Gbits/sec)=3.687 count=112531
    1 RR .8 min=6.66us avg=7.74us max=49.15us read(Gbits/sec)=4.170 write(Gbits/sec)=4.170 count=127250
    1 RR .9 min=6.40us avg=7.74us max=52.48us read(Gbits/sec)=4.171 write(Gbits/sec)=4.171 count=127305
    1 RR .10 min=6.66us avg=7.73us max=19.20us read(Gbits/sec)=4.177 write(Gbits/sec)=4.177 count=127490
    1 RR .11 min=6.40us avg=9.29us max=161068.03us read(Gbits/sec)=3.483 write(Gbits/sec)=3.483 count=106309
    1 RR .12 min=6.40us avg=7.75us max=45.57us read(Gbits/sec)=4.165 write(Gbits/sec)=4.165 count=127107
    1 RR .13 min=6.66us avg=7.74us max=18.94us read(Gbits/sec)=4.170 write(Gbits/sec)=4.170 count=127248
    1 RR .14 min=6.40us avg=7.74us max=43.26us read(Gbits/sec)=4.175 write(Gbits/sec)=4.175 count=127409
    1 RR .15 min=6.66us avg=7.74us max=20.22us read(Gbits/sec)=4.171 write(Gbits/sec)=4.171 count=127279
    1 RR .16 min=6.40us avg=7.77us max=19.71us read(Gbits/sec)=4.154 write(Gbits/sec)=4.154 count=126784
    1 RR .17 min=6.40us avg=7.75us max=18.94us read(Gbits/sec)=4.167 write(Gbits/sec)=4.167 count=127169
    1 RR .18 min=6.40us avg=7.74us max=19.71us read(Gbits/sec)=4.172 write(Gbits/sec)=4.172 count=127312
    1 RR .19 min=6.40us avg=7.74us max=18.18us read(Gbits/sec)=4.170 write(Gbits/sec)=4.170 count=127279
    1 RR .20 min=6.40us avg=7.75us max=18.43us read(Gbits/sec)=4.161 write(Gbits/sec)=4.161 count=126981
    1 RR .21 min=6.66us avg=7.75us max=18.18us read(Gbits/sec)=4.162 write(Gbits/sec)=4.162 count=127029
    1 RR Total-Throughput read(Gbits/sec)=90.550 write(Gbits/sec)=90.550

    2 RR .0 min=6.66us avg=7.76us max=1357.57us read(Gbits/sec)=4.155 write(Gbits/sec)=4.155 count=126796
    2 RR .1 min=6.66us avg=7.76us max=18.69us read(Gbits/sec)=4.161 write(Gbits/sec)=4.161 count=126978
    2 RR .2 min=6.66us avg=7.75us max=18.69us read(Gbits/sec)=4.167 write(Gbits/sec)=4.167 count=127164
    2 RR .3 min=6.66us avg=7.76us max=20.48us read(Gbits/sec)=4.163 write(Gbits/sec)=4.163 count=127047
    2 RR .4 min=6.66us avg=7.79us max=20.22us read(Gbits/sec)=4.148 write(Gbits/sec)=4.148 count=126585
    2 RR .5 min=6.66us avg=7.76us max=18.43us read(Gbits/sec)=4.161 write(Gbits/sec)=4.161 count=126972
    2 RR .6 min=6.66us avg=7.76us max=18.43us read(Gbits/sec)=4.164 write(Gbits/sec)=4.164 count=127089
    2 RR .7 min=6.40us avg=9.78us max=198352.13us read(Gbits/sec)=3.313 write(Gbits/sec)=3.313 count=101097
    2 RR .8 min=6.40us avg=7.76us max=35.07us read(Gbits/sec)=4.159 write(Gbits/sec)=4.159 count=126910
    2 RR .9 min=6.40us avg=7.76us max=19.71us read(Gbits/sec)=4.161 write(Gbits/sec)=4.161 count=126980
    2 RR .10 min=6.40us avg=7.75us max=19.20us read(Gbits/sec)=4.167 write(Gbits/sec)=4.167 count=127168
    2 RR .11 min=6.66us avg=7.76us max=31.74us read(Gbits/sec)=4.160 write(Gbits/sec)=4.160 count=126956
    2 RR .12 min=6.40us avg=7.78us max=18.43us read(Gbits/sec)=4.152 write(Gbits/sec)=4.152 count=126723
    2 RR .13 min=6.40us avg=7.76us max=17.66us read(Gbits/sec)=4.158 write(Gbits/sec)=4.158 count=126908
    2 RR .14 min=6.40us avg=7.75us max=38.40us read(Gbits/sec)=4.164 write(Gbits/sec)=4.164 count=127071
    2 RR .15 min=6.40us avg=7.76us max=36.35us read(Gbits/sec)=4.160 write(Gbits/sec)=4.160 count=126971
    2 RR .16 min=6.66us avg=7.79us max=19.20us read(Gbits/sec)=4.143 write(Gbits/sec)=4.143 count=126441
    2 RR .17 min=6.66us avg=7.76us max=22.27us read(Gbits/sec)=4.156 write(Gbits/sec)=4.156 count=126832
    2 RR .18 min=6.66us avg=7.76us max=18.69us read(Gbits/sec)=4.160 write(Gbits/sec)=4.160 count=126972
    2 RR .19 min=6.40us avg=7.76us max=19.20us read(Gbits/sec)=4.160 write(Gbits/sec)=4.160 count=126962
    2 RR .20 min=6.66us avg=7.77us max=18.94us read(Gbits/sec)=4.150 write(Gbits/sec)=4.150 count=126663
    2 RR .21 min=6.40us avg=7.77us max=32.77us read(Gbits/sec)=4.152 write(Gbits/sec)=4.152 count=126714
    2 RR Total-Throughput read(Gbits/sec)=90.634 write(Gbits/sec)=90.634

    3 RR .0 min=6.40us avg=7.72us max=53.25us read(Gbits/sec)=4.175 write(Gbits/sec)=4.175 count=127416
    3 RR .1 min=6.40us avg=7.74us max=18.43us read(Gbits/sec)=4.175 write(Gbits/sec)=4.175 count=127425
    3 RR .2 min=6.40us avg=7.73us max=18.18us read(Gbits/sec)=4.181 write(Gbits/sec)=4.181 count=127599
    3 RR .3 min=6.66us avg=7.73us max=19.46us read(Gbits/sec)=4.177 write(Gbits/sec)=4.177 count=127464
    3 RR .4 min=6.66us avg=7.76us max=18.18us read(Gbits/sec)=4.161 write(Gbits/sec)=4.161 count=126986
    3 RR .5 min=6.66us avg=7.74us max=18.43us read(Gbits/sec)=4.174 write(Gbits/sec)=4.174 count=127396
    3 RR .6 min=6.40us avg=7.73us max=19.20us read(Gbits/sec)=4.178 write(Gbits/sec)=4.178 count=127511
    3 RR .7 min=6.66us avg=7.74us max=18.94us read(Gbits/sec)=4.173 write(Gbits/sec)=4.173 count=127350
    3 RR .8 min=6.66us avg=7.74us max=41.22us read(Gbits/sec)=4.171 write(Gbits/sec)=4.171 count=127295
    3 RR .9 min=6.40us avg=7.73us max=20.99us read(Gbits/sec)=4.175 write(Gbits/sec)=4.175 count=127424
    3 RR .10 min=6.40us avg=7.73us max=20.22us read(Gbits/sec)=4.180 write(Gbits/sec)=4.180 count=127577
    3 RR .11 min=6.66us avg=9.04us max=138851.84us read(Gbits/sec)=3.580 write(Gbits/sec)=3.580 count=109270
    3 RR .12 min=6.40us avg=7.74us max=18.94us read(Gbits/sec)=4.169 write(Gbits/sec)=4.169 count=127233
    3 RR .13 min=6.40us avg=7.74us max=18.43us read(Gbits/sec)=4.115 write(Gbits/sec)=4.115 count=125577
    3 RR .14 min=6.40us avg=7.73us max=41.47us read(Gbits/sec)=4.178 write(Gbits/sec)=4.178 count=127507
    3 RR .15 min=6.66us avg=7.74us max=20.99us read(Gbits/sec)=4.174 write(Gbits/sec)=4.174 count=127386
    3 RR .16 min=6.66us avg=7.76us max=20.74us read(Gbits/sec)=4.158 write(Gbits/sec)=4.158 count=126885
    3 RR .17 min=6.66us avg=7.74us max=22.27us read(Gbits/sec)=4.170 write(Gbits/sec)=4.170 count=127265
    3 RR .18 min=6.40us avg=7.73us max=19.20us read(Gbits/sec)=4.175 write(Gbits/sec)=4.175 count=127424
    3 RR .19 min=6.40us avg=7.74us max=51.97us read(Gbits/sec)=4.173 write(Gbits/sec)=4.173 count=127345
    3 RR .20 min=6.40us avg=9.12us max=144868.86us read(Gbits/sec)=3.546 write(Gbits/sec)=3.546 count=108236
    3 RR .21 min=6.40us avg=7.75us max=18.43us read(Gbits/sec)=4.165 write(Gbits/sec)=4.165 count=127113
    3 RR Total-Throughput read(Gbits/sec)=90.525 write(Gbits/sec)=90.525

    4 RR .0 min=6.40us avg=7.69us max=353.28us read(Gbits/sec)=4.194 write(Gbits/sec)=4.194 count=127994
    4 RR .1 min=6.66us avg=7.70us max=18.94us read(Gbits/sec)=4.196 write(Gbits/sec)=4.196 count=128039
    4 RR .2 min=6.66us avg=7.69us max=18.43us read(Gbits/sec)=4.202 write(Gbits/sec)=4.202 count=128230
    4 RR .3 min=6.40us avg=7.70us max=19.71us read(Gbits/sec)=4.198 write(Gbits/sec)=4.198 count=128107
    4 RR .4 min=6.40us avg=7.73us max=22.27us read(Gbits/sec)=4.180 write(Gbits/sec)=4.180 count=127567
    4 RR .5 min=6.66us avg=7.70us max=20.22us read(Gbits/sec)=4.195 write(Gbits/sec)=4.195 count=128011
    4 RR .6 min=6.66us avg=8.60us max=101817.86us read(Gbits/sec)=3.762 write(Gbits/sec)=3.762 count=114800
    4 RR .7 min=6.66us avg=7.70us max=19.71us read(Gbits/sec)=4.194 write(Gbits/sec)=4.194 count=127994
    4 RR .8 min=6.40us avg=7.70us max=19.20us read(Gbits/sec)=4.191 write(Gbits/sec)=4.191 count=127899
    4 RR .9 min=6.40us avg=7.70us max=18.69us read(Gbits/sec)=4.195 write(Gbits/sec)=4.195 count=128018
    4 RR .10 min=6.40us avg=7.69us max=19.97us read(Gbits/sec)=4.201 write(Gbits/sec)=4.201 count=128213
    4 RR .11 min=6.40us avg=7.70us max=19.20us read(Gbits/sec)=4.195 write(Gbits/sec)=4.195 count=128030
    4 RR .12 min=6.40us avg=7.71us max=38.40us read(Gbits/sec)=4.185 write(Gbits/sec)=4.185 count=127726
    4 RR .13 min=6.40us avg=9.63us max=197417.73us read(Gbits/sec)=3.408 write(Gbits/sec)=3.408 count=104015
    4 RR .14 min=6.40us avg=7.69us max=20.48us read(Gbits/sec)=4.198 write(Gbits/sec)=4.198 count=128118
    4 RR .15 min=6.40us avg=7.70us max=18.43us read(Gbits/sec)=4.195 write(Gbits/sec)=4.195 count=128029
    4 RR .16 min=6.40us avg=9.22us max=157394.94us read(Gbits/sec)=3.508 write(Gbits/sec)=3.508 count=107049
    4 RR .17 min=6.40us avg=7.70us max=17.66us read(Gbits/sec)=4.191 write(Gbits/sec)=4.191 count=127915
    4 RR .18 min=6.66us avg=7.70us max=18.43us read(Gbits/sec)=4.196 write(Gbits/sec)=4.196 count=128062
    4 RR .19 min=6.40us avg=7.70us max=18.18us read(Gbits/sec)=4.194 write(Gbits/sec)=4.194 count=128003
    4 RR .20 min=6.66us avg=7.71us max=17.41us read(Gbits/sec)=4.184 write(Gbits/sec)=4.184 count=127678
    4 RR .21 min=6.40us avg=7.71us max=18.69us read(Gbits/sec)=4.185 write(Gbits/sec)=4.185 count=127716
    4 RR Total-Throughput read(Gbits/sec)=90.346 write(Gbits/sec)=90.346

    5 RR .0 min=6.66us avg=8.70us max=106481.66us read(Gbits/sec)=3.713 write(Gbits/sec)=3.713 count=113326
    5 RR .1 min=6.66us avg=7.75us max=19.20us read(Gbits/sec)=4.166 write(Gbits/sec)=4.166 count=127126
    5 RR .2 min=6.40us avg=7.74us max=18.69us read(Gbits/sec)=4.173 write(Gbits/sec)=4.173 count=127359
    5 RR .3 min=6.66us avg=7.75us max=19.97us read(Gbits/sec)=4.168 write(Gbits/sec)=4.168 count=127208
    5 RR .4 min=6.40us avg=7.78us max=19.46us read(Gbits/sec)=4.153 write(Gbits/sec)=4.153 count=126740
    5 RR .5 min=6.66us avg=7.75us max=46.08us read(Gbits/sec)=4.166 write(Gbits/sec)=4.166 count=127152
    5 RR .6 min=6.66us avg=7.75us max=18.94us read(Gbits/sec)=4.170 write(Gbits/sec)=4.170 count=127273
    5 RR .7 min=6.66us avg=7.75us max=41.73us read(Gbits/sec)=4.165 write(Gbits/sec)=4.165 count=127117
    5 RR .8 min=6.66us avg=7.76us max=38.14us read(Gbits/sec)=4.163 write(Gbits/sec)=4.163 count=127060
    5 RR .9 min=6.66us avg=7.75us max=18.43us read(Gbits/sec)=4.166 write(Gbits/sec)=4.166 count=127148
    5 RR .10 min=6.40us avg=7.74us max=18.94us read(Gbits/sec)=4.173 write(Gbits/sec)=4.173 count=127363
    5 RR .11 min=6.66us avg=7.75us max=18.94us read(Gbits/sec)=4.167 write(Gbits/sec)=4.167 count=127157
    5 RR .12 min=6.66us avg=7.77us max=21.25us read(Gbits/sec)=4.157 write(Gbits/sec)=4.157 count=126880
    5 RR .13 min=6.66us avg=7.75us max=19.97us read(Gbits/sec)=4.165 write(Gbits/sec)=4.165 count=127101
    5 RR .14 min=6.40us avg=7.74us max=38.40us read(Gbits/sec)=4.170 write(Gbits/sec)=4.170 count=127250
    5 RR .15 min=6.66us avg=7.75us max=32.77us read(Gbits/sec)=4.166 write(Gbits/sec)=4.166 count=127138
    5 RR .16 min=6.66us avg=7.78us max=19.71us read(Gbits/sec)=4.149 write(Gbits/sec)=4.149 count=126613
    5 RR .17 min=6.66us avg=9.05us max=137255.94us read(Gbits/sec)=3.576 write(Gbits/sec)=3.576 count=109124
    5 RR .18 min=6.40us avg=7.75us max=20.22us read(Gbits/sec)=4.166 write(Gbits/sec)=4.166 count=127142
    5 RR .19 min=6.66us avg=7.75us max=20.48us read(Gbits/sec)=4.166 write(Gbits/sec)=4.166 count=127130
    5 RR .20 min=6.40us avg=7.76us max=18.69us read(Gbits/sec)=4.155 write(Gbits/sec)=4.155 count=126794
    5 RR .21 min=6.66us avg=7.76us max=18.69us read(Gbits/sec)=4.156 write(Gbits/sec)=4.156 count=126844
    5 RR Total-Throughput read(Gbits/sec)=90.570 write(Gbits/sec)=90.570

    6 RR .0 min=6.40us avg=7.78us max=954.11us read(Gbits/sec)=4.148 write(Gbits/sec)=4.148 count=126586
    6 RR .1 min=6.66us avg=9.01us max=130803.20us read(Gbits/sec)=3.593 write(Gbits/sec)=3.593 count=109645
    6 RR .2 min=6.66us avg=7.77us max=18.94us read(Gbits/sec)=4.157 write(Gbits/sec)=4.157 count=126855
    6 RR .3 min=6.40us avg=7.78us max=18.43us read(Gbits/sec)=4.154 write(Gbits/sec)=4.154 count=126772
    6 RR .4 min=6.40us avg=7.80us max=21.50us read(Gbits/sec)=4.138 write(Gbits/sec)=4.138 count=126285
    6 RR .5 min=6.66us avg=7.78us max=18.43us read(Gbits/sec)=4.151 write(Gbits/sec)=4.151 count=126670
    6 RR .6 min=6.40us avg=7.78us max=19.46us read(Gbits/sec)=4.154 write(Gbits/sec)=4.154 count=126770
    6 RR .7 min=6.66us avg=7.78us max=19.71us read(Gbits/sec)=4.150 write(Gbits/sec)=4.150 count=126638
    6 RR .8 min=6.66us avg=7.78us max=19.46us read(Gbits/sec)=4.148 write(Gbits/sec)=4.148 count=126574
    6 RR .9 min=6.40us avg=7.78us max=20.74us read(Gbits/sec)=4.151 write(Gbits/sec)=4.151 count=126681
    6 RR .10 min=6.40us avg=7.77us max=19.46us read(Gbits/sec)=4.157 write(Gbits/sec)=4.157 count=126862
    6 RR .11 min=6.40us avg=7.78us max=19.46us read(Gbits/sec)=4.151 write(Gbits/sec)=4.151 count=126673
    6 RR .12 min=6.66us avg=7.79us max=36.10us read(Gbits/sec)=4.142 write(Gbits/sec)=4.142 count=126402
    6 RR .13 min=6.40us avg=7.78us max=18.94us read(Gbits/sec)=4.149 write(Gbits/sec)=4.149 count=126617
    6 RR .14 min=6.40us avg=7.78us max=19.20us read(Gbits/sec)=4.153 write(Gbits/sec)=4.153 count=126745
    6 RR .15 min=6.66us avg=7.78us max=19.20us read(Gbits/sec)=4.151 write(Gbits/sec)=4.151 count=126676
    6 RR .16 min=6.66us avg=7.80us max=35.07us read(Gbits/sec)=4.135 write(Gbits/sec)=4.135 count=126189
    6 RR .17 min=6.40us avg=7.79us max=18.94us read(Gbits/sec)=4.146 write(Gbits/sec)=4.146 count=126527
    6 RR .18 min=6.40us avg=7.78us max=19.97us read(Gbits/sec)=4.150 write(Gbits/sec)=4.150 count=126661
    6 RR .19 min=6.40us avg=7.78us max=17.66us read(Gbits/sec)=4.149 write(Gbits/sec)=4.149 count=126623
    6 RR .20 min=6.40us avg=7.79us max=17.66us read(Gbits/sec)=4.139 write(Gbits/sec)=4.139 count=126320
    6 RR .21 min=6.40us avg=7.79us max=18.94us read(Gbits/sec)=4.141 write(Gbits/sec)=4.141 count=126382
    6 RR Total-Throughput read(Gbits/sec)=90.705 write(Gbits/sec)=90.705

    7 RR .0 min=6.66us avg=7.75us max=224.00us read(Gbits/sec)=4.161 write(Gbits/sec)=4.161 count=126980
    7 RR .1 min=6.40us avg=7.76us max=45.57us read(Gbits/sec)=4.161 write(Gbits/sec)=4.161 count=126993
    7 RR .2 min=6.66us avg=9.10us max=141253.38us read(Gbits/sec)=3.558 write(Gbits/sec)=3.558 count=108583
    7 RR .3 min=6.40us avg=7.76us max=48.38us read(Gbits/sec)=4.163 write(Gbits/sec)=4.163 count=127032
    7 RR .4 min=6.66us avg=7.79us max=23.04us read(Gbits/sec)=4.147 write(Gbits/sec)=4.147 count=126551
    7 RR .5 min=6.66us avg=7.76us max=17.92us read(Gbits/sec)=4.160 write(Gbits/sec)=4.160 count=126952
    7 RR .6 min=6.40us avg=7.76us max=21.25us read(Gbits/sec)=4.164 write(Gbits/sec)=4.164 count=127074
    7 RR .7 min=6.66us avg=7.77us max=18.18us read(Gbits/sec)=4.159 write(Gbits/sec)=4.159 count=126921
    7 RR .8 min=6.40us avg=8.93us max=123872.00us read(Gbits/sec)=3.624 write(Gbits/sec)=3.624 count=110599
    7 RR .9 min=6.40us avg=7.76us max=18.69us read(Gbits/sec)=4.160 write(Gbits/sec)=4.160 count=126941
    7 RR .10 min=6.40us avg=7.75us max=45.82us read(Gbits/sec)=4.167 write(Gbits/sec)=4.167 count=127159
    7 RR .11 min=6.40us avg=7.76us max=46.85us read(Gbits/sec)=4.160 write(Gbits/sec)=4.160 count=126952
    7 RR .12 min=6.66us avg=7.78us max=46.59us read(Gbits/sec)=4.152 write(Gbits/sec)=4.152 count=126710
    7 RR .13 min=6.40us avg=7.76us max=21.50us read(Gbits/sec)=4.159 write(Gbits/sec)=4.159 count=126916
    7 RR .14 min=6.66us avg=7.76us max=38.14us read(Gbits/sec)=4.162 write(Gbits/sec)=4.162 count=127020
    7 RR .15 min=6.66us avg=7.76us max=20.22us read(Gbits/sec)=4.159 write(Gbits/sec)=4.159 count=126939
    7 RR .16 min=6.40us avg=7.79us max=55.81us read(Gbits/sec)=4.143 write(Gbits/sec)=4.143 count=126436
    7 RR .17 min=6.66us avg=7.77us max=52.99us read(Gbits/sec)=4.155 write(Gbits/sec)=4.155 count=126794
    7 RR .18 min=6.40us avg=7.76us max=19.20us read(Gbits/sec)=4.160 write(Gbits/sec)=4.160 count=126944
    7 RR .19 min=6.40us avg=7.76us max=18.69us read(Gbits/sec)=4.159 write(Gbits/sec)=4.159 count=126925
    7 RR .20 min=6.40us avg=7.78us max=18.94us read(Gbits/sec)=4.149 write(Gbits/sec)=4.149 count=126615
    7 RR .21 min=6.40us avg=7.78us max=18.18us read(Gbits/sec)=4.150 write(Gbits/sec)=4.150 count=126639
    7 RR Total-Throughput read(Gbits/sec)=90.329 write(Gbits/sec)=90.329

    8 RR .0 min=6.40us avg=9.20us max=161402.37us read(Gbits/sec)=3.516 write(Gbits/sec)=3.516 count=107288
    8 RR .1 min=6.40us avg=7.66us max=18.18us read(Gbits/sec)=4.219 write(Gbits/sec)=4.219 count=128746
    8 RR .2 min=6.40us avg=7.65us max=18.94us read(Gbits/sec)=4.224 write(Gbits/sec)=4.224 count=128916
    8 RR .3 min=6.40us avg=7.65us max=18.18us read(Gbits/sec)=4.220 write(Gbits/sec)=4.220 count=128787
    8 RR .4 min=6.40us avg=9.64us max=196288.51us read(Gbits/sec)=3.360 write(Gbits/sec)=3.360 count=102554
    8 RR .5 min=6.40us avg=7.66us max=19.46us read(Gbits/sec)=4.217 write(Gbits/sec)=4.217 count=128699
    8 RR .6 min=6.40us avg=9.61us max=196982.78us read(Gbits/sec)=3.371 write(Gbits/sec)=3.371 count=102867
    8 RR .7 min=6.40us avg=7.66us max=19.46us read(Gbits/sec)=4.218 write(Gbits/sec)=4.218 count=128733
    8 RR .8 min=6.40us avg=7.66us max=35.58us read(Gbits/sec)=4.214 write(Gbits/sec)=4.214 count=128596
    8 RR .9 min=6.40us avg=9.54us max=191094.78us read(Gbits/sec)=3.395 write(Gbits/sec)=3.395 count=103609
    8 RR .10 min=6.40us avg=7.64us max=49.92us read(Gbits/sec)=4.224 write(Gbits/sec)=4.224 count=128916
    8 RR .11 min=6.40us avg=7.66us max=35.58us read(Gbits/sec)=4.218 write(Gbits/sec)=4.218 count=128717
    8 RR .12 min=6.40us avg=7.67us max=17.66us read(Gbits/sec)=4.208 write(Gbits/sec)=4.208 count=128433
    8 RR .13 min=6.40us avg=9.59us max=194700.03us read(Gbits/sec)=3.375 write(Gbits/sec)=3.375 count=103011
    8 RR .14 min=6.40us avg=7.65us max=18.69us read(Gbits/sec)=4.221 write(Gbits/sec)=4.221 count=128819
    8 RR .15 min=6.40us avg=7.66us max=34.30us read(Gbits/sec)=4.217 write(Gbits/sec)=4.217 count=128700
    8 RR .16 min=6.40us avg=7.68us max=52.22us read(Gbits/sec)=4.199 write(Gbits/sec)=4.199 count=128157
    8 RR .17 min=6.40us avg=7.66us max=18.94us read(Gbits/sec)=4.213 write(Gbits/sec)=4.213 count=128576
    8 RR .18 min=6.40us avg=7.65us max=19.20us read(Gbits/sec)=4.219 write(Gbits/sec)=4.219 count=128750
    8 RR .19 min=6.40us avg=7.66us max=20.22us read(Gbits/sec)=4.216 write(Gbits/sec)=4.216 count=128661
    8 RR .20 min=6.40us avg=7.67us max=18.94us read(Gbits/sec)=4.205 write(Gbits/sec)=4.205 count=128332
    8 RR .21 min=6.40us avg=7.67us max=18.69us read(Gbits/sec)=4.207 write(Gbits/sec)=4.207 count=128381
    8 RR Total-Throughput read(Gbits/sec)=88.676 write(Gbits/sec)=88.676

    9 RR .0 min=6.40us avg=7.72us max=52.48us read(Gbits/sec)=4.178 write(Gbits/sec)=4.178 count=127511
    9 RR .1 min=6.66us avg=7.73us max=43.01us read(Gbits/sec)=4.179 write(Gbits/sec)=4.179 count=127522
    9 RR .2 min=6.40us avg=7.72us max=18.69us read(Gbits/sec)=4.183 write(Gbits/sec)=4.183 count=127664
    9 RR .3 min=6.66us avg=7.73us max=19.71us read(Gbits/sec)=4.180 write(Gbits/sec)=4.180 count=127578
    9 RR .4 min=6.66us avg=7.75us max=22.78us read(Gbits/sec)=4.165 write(Gbits/sec)=4.165 count=127106
    9 RR .5 min=6.40us avg=7.73us max=18.43us read(Gbits/sec)=4.178 write(Gbits/sec)=4.178 count=127502
    9 RR .6 min=6.40us avg=7.73us max=45.31us read(Gbits/sec)=4.180 write(Gbits/sec)=4.180 count=127575
    9 RR .7 min=6.66us avg=7.73us max=19.20us read(Gbits/sec)=4.177 write(Gbits/sec)=4.177 count=127472
    9 RR .8 min=6.40us avg=9.16us max=150720.26us read(Gbits/sec)=3.531 write(Gbits/sec)=3.531 count=107767
    9 RR .9 min=6.40us avg=9.40us max=171969.54us read(Gbits/sec)=3.444 write(Gbits/sec)=3.444 count=105096
    9 RR .10 min=6.40us avg=7.72us max=33.02us read(Gbits/sec)=4.184 write(Gbits/sec)=4.184 count=127681
    9 RR .11 min=6.66us avg=7.73us max=24.83us read(Gbits/sec)=4.177 write(Gbits/sec)=4.177 count=127480
    9 RR .12 min=6.66us avg=7.74us max=19.97us read(Gbits/sec)=4.169 write(Gbits/sec)=4.169 count=127238
    9 RR .13 min=6.40us avg=7.73us max=18.94us read(Gbits/sec)=4.177 write(Gbits/sec)=4.177 count=127461
    9 RR .14 min=6.40us avg=7.72us max=48.90us read(Gbits/sec)=4.180 write(Gbits/sec)=4.180 count=127576
    9 RR .15 min=6.40us avg=7.73us max=20.22us read(Gbits/sec)=4.177 write(Gbits/sec)=4.177 count=127484
    9 RR .16 min=6.66us avg=7.75us max=42.24us read(Gbits/sec)=4.161 write(Gbits/sec)=4.161 count=126979
    9 RR .17 min=6.66us avg=7.73us max=43.26us read(Gbits/sec)=4.173 write(Gbits/sec)=4.173 count=127350
    9 RR .18 min=6.66us avg=7.73us max=20.22us read(Gbits/sec)=4.178 write(Gbits/sec)=4.178 count=127518
    9 RR .19 min=6.40us avg=7.73us max=18.69us read(Gbits/sec)=4.176 write(Gbits/sec)=4.176 count=127443
    9 RR .20 min=6.66us avg=7.74us max=18.94us read(Gbits/sec)=4.166 write(Gbits/sec)=4.166 count=127139
    9 RR .21 min=6.40us avg=7.74us max=20.99us read(Gbits/sec)=4.168 write(Gbits/sec)=4.168 count=127205
    9 RR Total-Throughput read(Gbits/sec)=90.482 write(Gbits/sec)=90.482

   10 RR .0 min=6.40us avg=9.38us max=172362.24us read(Gbits/sec)=3.449 write(Gbits/sec)=3.449 count=105240
   10 RR .1 min=6.66us avg=7.70us max=18.43us read(Gbits/sec)=4.192 write(Gbits/sec)=4.192 count=127938
   10 RR .2 min=6.40us avg=7.70us max=18.18us read(Gbits/sec)=4.197 write(Gbits/sec)=4.197 count=128069
   10 RR .3 min=6.40us avg=7.71us max=20.22us read(Gbits/sec)=4.193 write(Gbits/sec)=4.193 count=127961
   10 RR .4 min=6.40us avg=7.73us max=18.69us read(Gbits/sec)=4.178 write(Gbits/sec)=4.178 count=127493
   10 RR .5 min=6.40us avg=7.71us max=19.71us read(Gbits/sec)=4.191 write(Gbits/sec)=4.191 count=127901
   10 RR .6 min=6.40us avg=7.70us max=19.97us read(Gbits/sec)=4.194 write(Gbits/sec)=4.194 count=127990
   10 RR .7 min=6.66us avg=7.71us max=18.69us read(Gbits/sec)=4.190 write(Gbits/sec)=4.190 count=127881
   10 RR .8 min=6.40us avg=7.71us max=18.43us read(Gbits/sec)=4.187 write(Gbits/sec)=4.187 count=127788
   10 RR .9 min=6.40us avg=7.71us max=38.66us read(Gbits/sec)=4.191 write(Gbits/sec)=4.191 count=127890
   10 RR .10 min=6.40us avg=7.70us max=18.43us read(Gbits/sec)=4.197 write(Gbits/sec)=4.197 count=128096
   10 RR .11 min=6.40us avg=7.71us max=20.74us read(Gbits/sec)=4.191 write(Gbits/sec)=4.191 count=127896
   10 RR .12 min=6.40us avg=7.72us max=19.20us read(Gbits/sec)=4.181 write(Gbits/sec)=4.181 count=127599
   10 RR .13 min=6.40us avg=7.71us max=17.92us read(Gbits/sec)=4.189 write(Gbits/sec)=4.189 count=127829
   10 RR .14 min=6.40us avg=7.70us max=18.94us read(Gbits/sec)=4.193 write(Gbits/sec)=4.193 count=127974
   10 RR .15 min=6.40us avg=7.71us max=19.71us read(Gbits/sec)=4.190 write(Gbits/sec)=4.190 count=127887
   10 RR .16 min=6.40us avg=7.73us max=35.84us read(Gbits/sec)=4.173 write(Gbits/sec)=4.173 count=127346
   10 RR .17 min=6.40us avg=7.71us max=18.43us read(Gbits/sec)=4.185 write(Gbits/sec)=4.185 count=127726
   10 RR .18 min=6.40us avg=7.70us max=18.18us read(Gbits/sec)=4.191 write(Gbits/sec)=4.191 count=127912
   10 RR .19 min=6.40us avg=7.71us max=19.97us read(Gbits/sec)=4.189 write(Gbits/sec)=4.189 count=127839
   10 RR .20 min=6.40us avg=12.41us max=196533.50us read(Gbits/sec)=2.615 write(Gbits/sec)=2.615 count=79809
   10 RR .21 min=6.40us avg=7.71us max=17.92us read(Gbits/sec)=4.186 write(Gbits/sec)=4.186 count=127758
   10 RR Total-Throughput read(Gbits/sec)=89.841 write(Gbits/sec)=89.841

   11 RR .0 min=6.40us avg=7.76us max=41.98us read(Gbits/sec)=4.156 write(Gbits/sec)=4.156 count=126830
   11 RR .1 min=6.66us avg=7.77us max=18.94us read(Gbits/sec)=4.156 write(Gbits/sec)=4.156 count=126846
   11 RR .2 min=6.40us avg=7.77us max=48.90us read(Gbits/sec)=4.160 write(Gbits/sec)=4.160 count=126950
   11 RR .3 min=6.40us avg=7.77us max=17.92us read(Gbits/sec)=4.158 write(Gbits/sec)=4.158 count=126895
   11 RR .4 min=6.66us avg=7.80us max=21.76us read(Gbits/sec)=4.143 write(Gbits/sec)=4.143 count=126434
   11 RR .5 min=6.66us avg=7.77us max=45.82us read(Gbits/sec)=4.155 write(Gbits/sec)=4.155 count=126802
   11 RR .6 min=6.40us avg=7.77us max=20.22us read(Gbits/sec)=4.157 write(Gbits/sec)=4.157 count=126863
   11 RR .7 min=6.66us avg=7.78us max=19.20us read(Gbits/sec)=4.154 write(Gbits/sec)=4.154 count=126772
   11 RR .8 min=6.66us avg=7.78us max=38.14us read(Gbits/sec)=4.152 write(Gbits/sec)=4.152 count=126705
   11 RR .9 min=6.66us avg=7.77us max=19.46us read(Gbits/sec)=4.155 write(Gbits/sec)=4.155 count=126800
   11 RR .10 min=6.40us avg=7.76us max=19.20us read(Gbits/sec)=4.161 write(Gbits/sec)=4.161 count=126977
   11 RR .11 min=6.40us avg=7.77us max=18.43us read(Gbits/sec)=4.155 write(Gbits/sec)=4.155 count=126799
   11 RR .12 min=6.66us avg=8.71us max=101554.94us read(Gbits/sec)=3.713 write(Gbits/sec)=3.713 count=113327
   11 RR .13 min=6.66us avg=7.77us max=20.48us read(Gbits/sec)=4.154 write(Gbits/sec)=4.154 count=126766
   11 RR .14 min=6.40us avg=7.77us max=33.79us read(Gbits/sec)=4.157 write(Gbits/sec)=4.157 count=126876
   11 RR .15 min=6.66us avg=7.77us max=37.63us read(Gbits/sec)=4.155 write(Gbits/sec)=4.155 count=126798
   11 RR .16 min=6.66us avg=7.80us max=19.46us read(Gbits/sec)=4.138 write(Gbits/sec)=4.138 count=126285
   11 RR .17 min=6.66us avg=7.78us max=20.22us read(Gbits/sec)=4.150 write(Gbits/sec)=4.150 count=126654
   11 RR .18 min=6.40us avg=7.77us max=18.43us read(Gbits/sec)=4.156 write(Gbits/sec)=4.156 count=126837
   11 RR .19 min=6.40us avg=7.78us max=17.66us read(Gbits/sec)=4.154 write(Gbits/sec)=4.154 count=126766
   11 RR .20 min=6.66us avg=7.80us max=18.18us read(Gbits/sec)=3.893 write(Gbits/sec)=3.893 count=118813
   11 RR .21 min=6.40us avg=7.78us max=18.94us read(Gbits/sec)=4.149 write(Gbits/sec)=4.149 count=126635
   11 RR Total-Throughput read(Gbits/sec)=90.681 write(Gbits/sec)=90.681

   12 RR .0 min=6.40us avg=7.68us max=946.94us read(Gbits/sec)=4.200 write(Gbits/sec)=4.200 count=128178
   12 RR .1 min=6.40us avg=7.68us max=19.20us read(Gbits/sec)=4.205 write(Gbits/sec)=4.205 count=128315
   12 RR .2 min=6.66us avg=7.67us max=18.94us read(Gbits/sec)=4.209 write(Gbits/sec)=4.209 count=128454
   12 RR .3 min=6.66us avg=7.69us max=18.69us read(Gbits/sec)=3.789 write(Gbits/sec)=3.789 count=115625
   12 RR .4 min=6.40us avg=7.70us max=46.08us read(Gbits/sec)=4.192 write(Gbits/sec)=4.192 count=127942
   12 RR .5 min=6.40us avg=7.68us max=35.33us read(Gbits/sec)=4.203 write(Gbits/sec)=4.203 count=128274
   12 RR .6 min=6.66us avg=7.68us max=20.99us read(Gbits/sec)=4.207 write(Gbits/sec)=4.207 count=128396
   12 RR .7 min=6.40us avg=7.68us max=22.02us read(Gbits/sec)=4.203 write(Gbits/sec)=4.203 count=128254
   12 RR .8 min=6.66us avg=7.69us max=19.97us read(Gbits/sec)=4.199 write(Gbits/sec)=4.199 count=128156
   12 RR .9 min=6.66us avg=7.68us max=20.99us read(Gbits/sec)=4.204 write(Gbits/sec)=4.204 count=128314
   12 RR .10 min=6.40us avg=7.67us max=18.69us read(Gbits/sec)=4.210 write(Gbits/sec)=4.210 count=128475
   12 RR .11 min=6.66us avg=7.68us max=23.04us read(Gbits/sec)=4.203 write(Gbits/sec)=4.203 count=128277
   12 RR .12 min=6.40us avg=7.70us max=18.18us read(Gbits/sec)=4.194 write(Gbits/sec)=4.194 count=127987
   12 RR .13 min=6.66us avg=7.68us max=19.46us read(Gbits/sec)=4.202 write(Gbits/sec)=4.202 count=128229
   12 RR .14 min=6.40us avg=7.67us max=18.69us read(Gbits/sec)=4.207 write(Gbits/sec)=4.207 count=128382
   12 RR .15 min=6.66us avg=7.68us max=19.46us read(Gbits/sec)=4.203 write(Gbits/sec)=4.203 count=128273
   12 RR .16 min=6.40us avg=9.63us max=194323.71us read(Gbits/sec)=3.358 write(Gbits/sec)=3.358 count=102492
   12 RR .17 min=6.40us avg=7.68us max=18.43us read(Gbits/sec)=4.199 write(Gbits/sec)=4.199 count=128156
   12 RR .18 min=6.40us avg=7.68us max=19.71us read(Gbits/sec)=4.205 write(Gbits/sec)=4.205 count=128347
   12 RR .19 min=6.66us avg=9.22us max=162170.88us read(Gbits/sec)=3.510 write(Gbits/sec)=3.510 count=107114
   12 RR .20 min=6.66us avg=8.68us max=118053.63us read(Gbits/sec)=3.942 write(Gbits/sec)=3.942 count=120296
   12 RR .21 min=6.66us avg=7.69us max=30.46us read(Gbits/sec)=4.198 write(Gbits/sec)=4.198 count=128112
   12 RR Total-Throughput read(Gbits/sec)=90.242 write(Gbits/sec)=90.242

   13 RR .0 min=6.40us avg=7.71us max=1381.63us read(Gbits/sec)=4.181 write(Gbits/sec)=4.181 count=127606
   13 RR .1 min=6.66us avg=7.71us max=18.94us read(Gbits/sec)=4.189 write(Gbits/sec)=4.189 count=127834
   13 RR .2 min=6.66us avg=7.70us max=19.20us read(Gbits/sec)=4.193 write(Gbits/sec)=4.193 count=127952
   13 RR .3 min=6.40us avg=9.08us max=162194.69us read(Gbits/sec)=3.912 write(Gbits/sec)=3.912 count=119396
   13 RR .4 min=6.40us avg=7.73us max=17.92us read(Gbits/sec)=4.175 write(Gbits/sec)=4.175 count=127424
   13 RR .5 min=6.40us avg=7.71us max=21.76us read(Gbits/sec)=4.185 write(Gbits/sec)=4.185 count=127733
   13 RR .6 min=6.40us avg=7.71us max=19.71us read(Gbits/sec)=4.191 write(Gbits/sec)=4.191 count=127894
   13 RR .7 min=6.40us avg=7.71us max=18.94us read(Gbits/sec)=4.186 write(Gbits/sec)=4.186 count=127738
   13 RR .8 min=6.40us avg=7.71us max=32.26us read(Gbits/sec)=4.184 write(Gbits/sec)=4.184 count=127680
   13 RR .9 min=6.66us avg=7.71us max=18.94us read(Gbits/sec)=4.187 write(Gbits/sec)=4.187 count=127792
   13 RR .10 min=6.66us avg=7.70us max=19.46us read(Gbits/sec)=4.194 write(Gbits/sec)=4.194 count=127979
   13 RR .11 min=6.40us avg=7.71us max=38.66us read(Gbits/sec)=4.188 write(Gbits/sec)=4.188 count=127807
   13 RR .12 min=6.40us avg=9.14us max=149037.31us read(Gbits/sec)=3.538 write(Gbits/sec)=3.538 count=107971
   13 RR .13 min=6.40us avg=7.71us max=21.25us read(Gbits/sec)=4.185 write(Gbits/sec)=4.185 count=127724
   13 RR .14 min=6.40us avg=9.20us max=155847.94us read(Gbits/sec)=3.519 write(Gbits/sec)=3.519 count=107385
   13 RR .15 min=6.40us avg=7.71us max=40.70us read(Gbits/sec)=4.189 write(Gbits/sec)=4.189 count=127833
   13 RR .16 min=6.66us avg=7.74us max=20.22us read(Gbits/sec)=4.169 write(Gbits/sec)=4.169 count=127245
   13 RR .17 min=6.40us avg=9.06us max=144807.94us read(Gbits/sec)=3.569 write(Gbits/sec)=3.569 count=108938
   13 RR .18 min=6.40us avg=7.71us max=19.46us read(Gbits/sec)=4.189 write(Gbits/sec)=4.189 count=127832
   13 RR .19 min=6.40us avg=7.71us max=18.43us read(Gbits/sec)=4.188 write(Gbits/sec)=4.188 count=127799
   13 RR .20 min=6.66us avg=7.72us max=18.94us read(Gbits/sec)=4.177 write(Gbits/sec)=4.177 count=127463
   13 RR .21 min=6.40us avg=7.71us max=19.46us read(Gbits/sec)=4.183 write(Gbits/sec)=4.183 count=127659
   13 RR Total-Throughput read(Gbits/sec)=89.870 write(Gbits/sec)=89.870

   14 RR .0 min=6.40us avg=7.63us max=47.87us read(Gbits/sec)=4.225 write(Gbits/sec)=4.225 count=128948
   14 RR .1 min=6.66us avg=7.64us max=18.94us read(Gbits/sec)=4.225 write(Gbits/sec)=4.225 count=128951
   14 RR .2 min=6.40us avg=7.64us max=18.18us read(Gbits/sec)=4.230 write(Gbits/sec)=4.230 count=129095
   14 RR .3 min=6.66us avg=8.62us max=109502.21us read(Gbits/sec)=3.752 write(Gbits/sec)=3.752 count=114508
   14 RR .4 min=6.40us avg=7.70us max=20.48us read(Gbits/sec)=3.425 write(Gbits/sec)=3.425 count=104522
   14 RR .5 min=6.66us avg=8.89us max=136673.02us read(Gbits/sec)=3.640 write(Gbits/sec)=3.640 count=111072
   14 RR .6 min=6.40us avg=7.64us max=48.38us read(Gbits/sec)=4.228 write(Gbits/sec)=4.228 count=129035
   14 RR .7 min=6.40us avg=7.64us max=35.07us read(Gbits/sec)=4.224 write(Gbits/sec)=4.224 count=128897
   14 RR .8 min=6.40us avg=8.54us max=101479.68us read(Gbits/sec)=3.785 write(Gbits/sec)=3.785 count=115506
   14 RR .9 min=6.40us avg=7.64us max=18.69us read(Gbits/sec)=4.225 write(Gbits/sec)=4.225 count=128935
   14 RR .10 min=6.40us avg=7.63us max=18.43us read(Gbits/sec)=4.230 write(Gbits/sec)=4.230 count=129103
   14 RR .11 min=6.40us avg=7.64us max=40.45us read(Gbits/sec)=4.224 write(Gbits/sec)=4.224 count=128912
   14 RR .12 min=6.66us avg=9.25us max=165891.33us read(Gbits/sec)=3.499 write(Gbits/sec)=3.499 count=106789
   14 RR .13 min=6.40us avg=7.64us max=19.97us read(Gbits/sec)=4.223 write(Gbits/sec)=4.223 count=128872
   14 RR .14 min=6.40us avg=7.64us max=18.69us read(Gbits/sec)=4.227 write(Gbits/sec)=4.227 count=128988
   14 RR .15 min=6.40us avg=9.13us max=159424.51us read(Gbits/sec)=3.543 write(Gbits/sec)=3.543 count=108131
   14 RR .16 min=6.40us avg=7.66us max=40.45us read(Gbits/sec)=4.209 write(Gbits/sec)=4.209 count=128440
   14 RR .17 min=6.40us avg=7.65us max=21.76us read(Gbits/sec)=4.220 write(Gbits/sec)=4.220 count=128778
   14 RR .18 min=6.40us avg=7.64us max=18.94us read(Gbits/sec)=4.225 write(Gbits/sec)=4.225 count=128941
   14 RR .19 min=6.40us avg=7.64us max=18.43us read(Gbits/sec)=4.224 write(Gbits/sec)=4.224 count=128897
   14 RR .20 min=6.40us avg=7.66us max=19.20us read(Gbits/sec)=4.211 write(Gbits/sec)=4.211 count=128527
   14 RR .21 min=6.40us avg=7.65us max=17.66us read(Gbits/sec)=4.218 write(Gbits/sec)=4.218 count=128730
   14 RR Total-Throughput read(Gbits/sec)=89.211 write(Gbits/sec)=89.211

   15 RR .0 min=6.40us avg=7.80us max=352.51us read(Gbits/sec)=4.133 write(Gbits/sec)=4.133 count=126140
   15 RR .1 min=6.66us avg=7.81us max=19.71us read(Gbits/sec)=4.134 write(Gbits/sec)=4.134 count=126152
   15 RR .2 min=6.66us avg=7.80us max=19.97us read(Gbits/sec)=4.140 write(Gbits/sec)=4.140 count=126332
   15 RR .3 min=6.66us avg=7.81us max=20.74us read(Gbits/sec)=4.136 write(Gbits/sec)=4.136 count=126227
   15 RR .4 min=6.66us avg=9.37us max=190445.31us read(Gbits/sec)=4.090 write(Gbits/sec)=4.090 count=124810
   15 RR .5 min=6.40us avg=7.81us max=51.71us read(Gbits/sec)=4.134 write(Gbits/sec)=4.134 count=126154
   15 RR .6 min=6.66us avg=7.81us max=32.26us read(Gbits/sec)=4.137 write(Gbits/sec)=4.137 count=126254
   15 RR .7 min=6.66us avg=7.81us max=19.20us read(Gbits/sec)=4.133 write(Gbits/sec)=4.133 count=126138
   15 RR .8 min=6.66us avg=7.82us max=42.50us read(Gbits/sec)=4.131 write(Gbits/sec)=4.131 count=126081
   15 RR .9 min=6.66us avg=7.81us max=19.71us read(Gbits/sec)=4.134 write(Gbits/sec)=4.134 count=126158
   15 RR .10 min=6.40us avg=7.80us max=19.71us read(Gbits/sec)=4.140 write(Gbits/sec)=4.140 count=126347
   15 RR .11 min=6.40us avg=7.81us max=18.69us read(Gbits/sec)=4.134 write(Gbits/sec)=4.134 count=126155
   15 RR .12 min=6.66us avg=7.83us max=20.22us read(Gbits/sec)=4.125 write(Gbits/sec)=4.125 count=125881
   15 RR .13 min=6.66us avg=7.82us max=19.97us read(Gbits/sec)=4.132 write(Gbits/sec)=4.132 count=126090
   15 RR .14 min=6.40us avg=7.81us max=46.59us read(Gbits/sec)=4.136 write(Gbits/sec)=4.136 count=126220
   15 RR .15 min=6.40us avg=7.81us max=38.14us read(Gbits/sec)=4.134 write(Gbits/sec)=4.134 count=126150
   15 RR .16 min=6.66us avg=7.84us max=19.20us read(Gbits/sec)=4.117 write(Gbits/sec)=4.117 count=125632
   15 RR .17 min=6.66us avg=7.82us max=18.18us read(Gbits/sec)=4.129 write(Gbits/sec)=4.129 count=126015
   15 RR .18 min=6.66us avg=7.81us max=19.20us read(Gbits/sec)=4.134 write(Gbits/sec)=4.134 count=126177
   15 RR .19 min=6.66us avg=7.81us max=18.43us read(Gbits/sec)=4.133 write(Gbits/sec)=4.133 count=126126
   15 RR .20 min=6.40us avg=7.82us max=53.76us read(Gbits/sec)=4.123 write(Gbits/sec)=4.123 count=125821
   15 RR .21 min=6.40us avg=7.82us max=18.43us read(Gbits/sec)=4.128 write(Gbits/sec)=4.128 count=125992
   15 RR Total-Throughput read(Gbits/sec)=90.865 write(Gbits/sec)=90.865

   16 RR .0 min=6.66us avg=7.74us max=42.24us read(Gbits/sec)=4.167 write(Gbits/sec)=4.167 count=127155
   16 RR .1 min=6.40us avg=7.75us max=20.74us read(Gbits/sec)=4.167 write(Gbits/sec)=4.167 count=127163
   16 RR .2 min=6.40us avg=7.74us max=18.43us read(Gbits/sec)=4.171 write(Gbits/sec)=4.171 count=127293
   16 RR .3 min=6.40us avg=7.75us max=19.20us read(Gbits/sec)=4.168 write(Gbits/sec)=4.168 count=127192
   16 RR .4 min=6.66us avg=7.78us max=20.22us read(Gbits/sec)=4.153 write(Gbits/sec)=4.153 count=126730
   16 RR .5 min=6.66us avg=7.75us max=34.56us read(Gbits/sec)=4.166 write(Gbits/sec)=4.166 count=127131
   16 RR .6 min=6.40us avg=9.03us max=135804.67us read(Gbits/sec)=3.583 write(Gbits/sec)=3.583 count=109345
   16 RR .7 min=6.66us avg=7.75us max=19.97us read(Gbits/sec)=4.165 write(Gbits/sec)=4.165 count=127121
   16 RR .8 min=6.40us avg=7.76us max=18.69us read(Gbits/sec)=4.162 write(Gbits/sec)=4.162 count=127015
   16 RR .9 min=6.40us avg=7.75us max=17.92us read(Gbits/sec)=4.166 write(Gbits/sec)=4.166 count=127151
   16 RR .10 min=6.40us avg=7.74us max=18.43us read(Gbits/sec)=4.172 write(Gbits/sec)=4.172 count=127311
   16 RR .11 min=6.66us avg=9.80us max=200114.43us read(Gbits/sec)=3.306 write(Gbits/sec)=3.306 count=100897
   16 RR .12 min=6.40us avg=7.76us max=48.90us read(Gbits/sec)=4.160 write(Gbits/sec)=4.160 count=126942
   16 RR .13 min=6.40us avg=7.75us max=18.43us read(Gbits/sec)=4.164 write(Gbits/sec)=4.164 count=127094
   16 RR .14 min=6.40us avg=7.75us max=18.94us read(Gbits/sec)=4.167 write(Gbits/sec)=4.167 count=127183
   16 RR .15 min=6.40us avg=7.75us max=20.22us read(Gbits/sec)=4.165 write(Gbits/sec)=4.165 count=127117
   16 RR .16 min=6.40us avg=7.78us max=33.28us read(Gbits/sec)=4.147 write(Gbits/sec)=4.147 count=126554
   16 RR .17 min=6.66us avg=7.76us max=50.94us read(Gbits/sec)=4.160 write(Gbits/sec)=4.160 count=126961
   16 RR .18 min=6.40us avg=7.75us max=19.97us read(Gbits/sec)=4.166 write(Gbits/sec)=4.166 count=127142
   16 RR .19 min=6.40us avg=7.75us max=18.43us read(Gbits/sec)=4.165 write(Gbits/sec)=4.165 count=127123
   16 RR .20 min=6.66us avg=7.77us max=18.43us read(Gbits/sec)=4.153 write(Gbits/sec)=4.153 count=126755
   16 RR .21 min=6.66us avg=7.76us max=18.94us read(Gbits/sec)=4.160 write(Gbits/sec)=4.160 count=126953
   16 RR Total-Throughput read(Gbits/sec)=90.153 write(Gbits/sec)=90.153

   17 RR .0 min=6.66us avg=7.74us max=42.75us read(Gbits/sec)=4.162 write(Gbits/sec)=4.162 count=127026
   17 RR .1 min=6.66us avg=7.75us max=44.80us read(Gbits/sec)=4.167 write(Gbits/sec)=4.167 count=127167
   17 RR .2 min=6.40us avg=7.74us max=18.69us read(Gbits/sec)=4.173 write(Gbits/sec)=4.173 count=127364
   17 RR .3 min=6.40us avg=7.75us max=51.46us read(Gbits/sec)=4.168 write(Gbits/sec)=4.168 count=127201
   17 RR .4 min=6.66us avg=7.78us max=47.62us read(Gbits/sec)=4.153 write(Gbits/sec)=4.153 count=126745
   17 RR .5 min=6.40us avg=7.75us max=28.67us read(Gbits/sec)=4.167 write(Gbits/sec)=4.167 count=127162
   17 RR .6 min=6.40us avg=7.75us max=19.46us read(Gbits/sec)=4.170 write(Gbits/sec)=4.170 count=127264
   17 RR .7 min=6.66us avg=7.75us max=19.97us read(Gbits/sec)=4.166 write(Gbits/sec)=4.166 count=127132
   17 RR .8 min=6.66us avg=9.04us max=137042.43us read(Gbits/sec)=3.578 write(Gbits/sec)=3.578 count=109188
   17 RR .9 min=6.66us avg=7.75us max=21.25us read(Gbits/sec)=4.167 write(Gbits/sec)=4.167 count=127176
   17 RR .10 min=6.40us avg=7.74us max=45.31us read(Gbits/sec)=4.173 write(Gbits/sec)=4.173 count=127345
   17 RR .11 min=6.40us avg=7.75us max=19.71us read(Gbits/sec)=4.166 write(Gbits/sec)=4.166 count=127154
   17 RR .12 min=6.66us avg=7.77us max=31.23us read(Gbits/sec)=4.157 write(Gbits/sec)=4.157 count=126855
   17 RR .13 min=6.66us avg=7.75us max=18.94us read(Gbits/sec)=4.165 write(Gbits/sec)=4.165 count=127108
   17 RR .14 min=6.66us avg=7.75us max=32.77us read(Gbits/sec)=4.168 write(Gbits/sec)=4.168 count=127212
   17 RR .15 min=6.66us avg=7.75us max=18.94us read(Gbits/sec)=4.167 write(Gbits/sec)=4.167 count=127158
   17 RR .16 min=6.66us avg=7.77us max=19.97us read(Gbits/sec)=4.149 write(Gbits/sec)=4.149 count=126613
   17 RR .17 min=6.40us avg=7.75us max=18.69us read(Gbits/sec)=4.162 write(Gbits/sec)=4.162 count=127008
   17 RR .18 min=6.40us avg=8.76us max=111218.43us read(Gbits/sec)=3.691 write(Gbits/sec)=3.691 count=112659
   17 RR .19 min=6.66us avg=7.75us max=18.69us read(Gbits/sec)=4.166 write(Gbits/sec)=4.166 count=127143
   17 RR .20 min=6.40us avg=7.76us max=48.64us read(Gbits/sec)=4.155 write(Gbits/sec)=4.155 count=126804
   17 RR .21 min=6.40us avg=7.75us max=18.43us read(Gbits/sec)=4.161 write(Gbits/sec)=4.161 count=126989
   17 RR Total-Throughput read(Gbits/sec)=90.551 write(Gbits/sec)=90.551

   18 RR .0 min=6.66us avg=8.68us max=110004.22us read(Gbits/sec)=3.724 write(Gbits/sec)=3.724 count=113640
   18 RR .1 min=6.40us avg=9.31us max=168961.02us read(Gbits/sec)=3.477 write(Gbits/sec)=3.477 count=106123
   18 RR .2 min=6.40us avg=7.68us max=18.43us read(Gbits/sec)=4.204 write(Gbits/sec)=4.204 count=128300
   18 RR .3 min=6.40us avg=7.69us max=19.20us read(Gbits/sec)=4.202 write(Gbits/sec)=4.202 count=128227
   18 RR .4 min=6.40us avg=7.72us max=20.74us read(Gbits/sec)=4.185 write(Gbits/sec)=4.185 count=127718
   18 RR .5 min=6.40us avg=7.69us max=18.69us read(Gbits/sec)=4.197 write(Gbits/sec)=4.197 count=128097
   18 RR .6 min=6.40us avg=7.69us max=19.97us read(Gbits/sec)=4.201 write(Gbits/sec)=4.201 count=128220
   18 RR .7 min=6.40us avg=7.69us max=18.69us read(Gbits/sec)=4.197 write(Gbits/sec)=4.197 count=128091
   18 RR .8 min=6.66us avg=7.70us max=20.22us read(Gbits/sec)=4.194 write(Gbits/sec)=4.194 count=128003
   18 RR .9 min=6.66us avg=7.69us max=20.99us read(Gbits/sec)=4.198 write(Gbits/sec)=4.198 count=128121
   18 RR .10 min=6.40us avg=7.68us max=19.46us read(Gbits/sec)=4.204 write(Gbits/sec)=4.204 count=128307
   18 RR .11 min=6.40us avg=7.69us max=19.97us read(Gbits/sec)=4.198 write(Gbits/sec)=4.198 count=128108
   18 RR .12 min=6.40us avg=7.71us max=19.71us read(Gbits/sec)=4.189 write(Gbits/sec)=4.189 count=127837
   18 RR .13 min=6.40us avg=7.69us max=18.18us read(Gbits/sec)=4.196 write(Gbits/sec)=4.196 count=128059
   18 RR .14 min=6.40us avg=7.69us max=18.69us read(Gbits/sec)=4.200 write(Gbits/sec)=4.200 count=128174
   18 RR .15 min=6.40us avg=7.69us max=42.24us read(Gbits/sec)=4.198 write(Gbits/sec)=4.198 count=128124
   18 RR .16 min=6.66us avg=7.72us max=37.12us read(Gbits/sec)=4.180 write(Gbits/sec)=4.180 count=127560
   18 RR .17 min=6.40us avg=9.55us max=188025.86us read(Gbits/sec)=3.387 write(Gbits/sec)=3.387 count=103364
   18 RR .18 min=6.40us avg=8.70us max=111596.54us read(Gbits/sec)=3.718 write(Gbits/sec)=3.718 count=113468
   18 RR .19 min=6.66us avg=7.69us max=18.69us read(Gbits/sec)=4.197 write(Gbits/sec)=4.197 count=128101
   18 RR .20 min=6.40us avg=7.71us max=18.18us read(Gbits/sec)=4.186 write(Gbits/sec)=4.186 count=127745
   18 RR .21 min=6.40us avg=7.69us max=17.92us read(Gbits/sec)=4.193 write(Gbits/sec)=4.193 count=127980
   18 RR Total-Throughput read(Gbits/sec)=89.827 write(Gbits/sec)=89.827

   19 RR .0 min=6.66us avg=7.66us max=1363.46us read(Gbits/sec)=4.209 write(Gbits/sec)=4.209 count=128460
   19 RR .1 min=6.40us avg=7.66us max=45.57us read(Gbits/sec)=4.216 write(Gbits/sec)=4.216 count=128652
   19 RR .2 min=6.40us avg=8.99us max=145336.83us read(Gbits/sec)=3.599 write(Gbits/sec)=3.599 count=109835
   19 RR .3 min=6.40us avg=7.66us max=18.94us read(Gbits/sec)=4.218 write(Gbits/sec)=4.218 count=128717
   19 RR .4 min=6.40us avg=7.69us max=19.20us read(Gbits/sec)=4.201 write(Gbits/sec)=4.201 count=128214
   19 RR .5 min=6.40us avg=7.66us max=18.43us read(Gbits/sec)=4.215 write(Gbits/sec)=4.215 count=128631
   19 RR .6 min=6.40us avg=9.20us max=161807.87us read(Gbits/sec)=3.520 write(Gbits/sec)=3.520 count=107437
   19 RR .7 min=6.40us avg=9.17us max=159570.94us read(Gbits/sec)=3.528 write(Gbits/sec)=3.528 count=107671
   19 RR .8 min=6.66us avg=7.66us max=44.29us read(Gbits/sec)=4.212 write(Gbits/sec)=4.212 count=128549
   19 RR .9 min=6.40us avg=7.66us max=45.82us read(Gbits/sec)=4.214 write(Gbits/sec)=4.214 count=128609
   19 RR .10 min=6.40us avg=7.65us max=42.50us read(Gbits/sec)=4.221 write(Gbits/sec)=4.221 count=128810
   19 RR .11 min=6.40us avg=7.66us max=21.50us read(Gbits/sec)=4.214 write(Gbits/sec)=4.214 count=128616
   19 RR .12 min=6.40us avg=7.67us max=22.02us read(Gbits/sec)=4.206 write(Gbits/sec)=4.206 count=128346
   19 RR .13 min=6.66us avg=7.66us max=18.94us read(Gbits/sec)=4.212 write(Gbits/sec)=4.212 count=128545
   19 RR .14 min=6.40us avg=7.65us max=39.68us read(Gbits/sec)=4.218 write(Gbits/sec)=4.218 count=128724
   19 RR .15 min=6.40us avg=7.66us max=19.97us read(Gbits/sec)=4.214 write(Gbits/sec)=4.214 count=128615
   19 RR .16 min=6.40us avg=7.68us max=19.97us read(Gbits/sec)=4.197 write(Gbits/sec)=4.197 count=128090
   19 RR .17 min=6.40us avg=7.67us max=19.97us read(Gbits/sec)=4.209 write(Gbits/sec)=4.209 count=128457
   19 RR .18 min=6.40us avg=7.66us max=21.76us read(Gbits/sec)=4.215 write(Gbits/sec)=4.215 count=128641
   19 RR .19 min=6.40us avg=7.66us max=18.43us read(Gbits/sec)=4.214 write(Gbits/sec)=4.214 count=128619
   19 RR .20 min=6.40us avg=8.90us max=133275.90us read(Gbits/sec)=3.630 write(Gbits/sec)=3.630 count=110783
   19 RR .21 min=6.40us avg=9.58us max=193707.52us read(Gbits/sec)=3.378 write(Gbits/sec)=3.378 count=103097
   19 RR Total-Throughput read(Gbits/sec)=89.262 write(Gbits/sec)=89.262

   20 RR .0 min=6.40us avg=7.80us max=44.03us read(Gbits/sec)=3.803 write(Gbits/sec)=3.803 count=116051
   20 RR .1 min=6.40us avg=7.78us max=47.36us read(Gbits/sec)=4.150 write(Gbits/sec)=4.150 count=126654
   20 RR .2 min=6.40us avg=7.77us max=18.69us read(Gbits/sec)=4.156 write(Gbits/sec)=4.156 count=126833
   20 RR .3 min=6.40us avg=7.78us max=18.94us read(Gbits/sec)=4.152 write(Gbits/sec)=4.152 count=126718
   20 RR .4 min=6.40us avg=7.81us max=19.97us read(Gbits/sec)=4.138 write(Gbits/sec)=4.138 count=126274
   20 RR .5 min=6.40us avg=7.78us max=20.48us read(Gbits/sec)=4.151 write(Gbits/sec)=4.151 count=126669
   20 RR .6 min=6.40us avg=7.78us max=20.74us read(Gbits/sec)=4.153 write(Gbits/sec)=4.153 count=126750
   20 RR .7 min=6.40us avg=7.78us max=18.43us read(Gbits/sec)=4.150 write(Gbits/sec)=4.150 count=126644
   20 RR .8 min=6.40us avg=7.79us max=19.46us read(Gbits/sec)=4.147 write(Gbits/sec)=4.147 count=126560
   20 RR .9 min=6.66us avg=7.81us max=48.64us read(Gbits/sec)=3.778 write(Gbits/sec)=3.778 count=115295
   20 RR .10 min=6.40us avg=7.77us max=18.43us read(Gbits/sec)=4.156 write(Gbits/sec)=4.156 count=126840
   20 RR .11 min=6.40us avg=7.78us max=18.69us read(Gbits/sec)=4.150 write(Gbits/sec)=4.150 count=126650
   20 RR .12 min=6.40us avg=7.79us max=17.92us read(Gbits/sec)=4.141 write(Gbits/sec)=4.141 count=126386
   20 RR .13 min=6.40us avg=7.78us max=19.71us read(Gbits/sec)=4.148 write(Gbits/sec)=4.148 count=126592
   20 RR .14 min=6.40us avg=7.78us max=18.94us read(Gbits/sec)=4.152 write(Gbits/sec)=4.152 count=126713
   20 RR .15 min=6.40us avg=7.78us max=34.82us read(Gbits/sec)=4.150 write(Gbits/sec)=4.150 count=126644
   20 RR .16 min=6.40us avg=7.80us max=46.34us read(Gbits/sec)=4.133 write(Gbits/sec)=4.133 count=126135
   20 RR .17 min=6.40us avg=7.79us max=18.43us read(Gbits/sec)=4.145 write(Gbits/sec)=4.145 count=126500
   20 RR .18 min=6.40us avg=7.78us max=19.20us read(Gbits/sec)=4.150 write(Gbits/sec)=4.150 count=126659
   20 RR .19 min=6.40us avg=7.78us max=18.94us read(Gbits/sec)=4.149 write(Gbits/sec)=4.149 count=126613
   20 RR .20 min=6.66us avg=7.82us max=19.97us read(Gbits/sec)=3.823 write(Gbits/sec)=3.823 count=116678
   20 RR .21 min=6.40us avg=7.79us max=19.71us read(Gbits/sec)=4.144 write(Gbits/sec)=4.144 count=126485
   20 RR Total-Throughput read(Gbits/sec)=90.219 write(Gbits/sec)=90.219

   21 RR .0 min=6.40us avg=8.61us max=108975.62us read(Gbits/sec)=4.052 write(Gbits/sec)=4.052 count=123667
   21 RR .1 min=6.40us avg=7.73us max=19.97us read(Gbits/sec)=4.177 write(Gbits/sec)=4.177 count=127477
   21 RR .2 min=6.40us avg=7.72us max=19.46us read(Gbits/sec)=4.183 write(Gbits/sec)=4.183 count=127655
   21 RR .3 min=6.40us avg=7.73us max=18.43us read(Gbits/sec)=4.180 write(Gbits/sec)=4.180 count=127555
   21 RR .4 min=6.66us avg=7.76us max=19.71us read(Gbits/sec)=4.164 write(Gbits/sec)=4.164 count=127075
   21 RR .5 min=6.66us avg=7.73us max=17.92us read(Gbits/sec)=4.177 write(Gbits/sec)=4.177 count=127475
   21 RR .6 min=6.40us avg=7.73us max=36.35us read(Gbits/sec)=4.180 write(Gbits/sec)=4.180 count=127573
   21 RR .7 min=6.66us avg=7.73us max=19.20us read(Gbits/sec)=4.177 write(Gbits/sec)=4.177 count=127460
   21 RR .8 min=6.40us avg=7.74us max=33.54us read(Gbits/sec)=4.173 write(Gbits/sec)=4.173 count=127354
   21 RR .9 min=6.40us avg=8.55us max=102093.57us read(Gbits/sec)=4.106 write(Gbits/sec)=4.106 count=125320
   21 RR .10 min=6.66us avg=8.84us max=122451.20us read(Gbits/sec)=3.659 write(Gbits/sec)=3.659 count=111661
   21 RR .11 min=6.66us avg=7.73us max=46.08us read(Gbits/sec)=4.177 write(Gbits/sec)=4.177 count=127484
   21 RR .12 min=6.66us avg=7.74us max=42.50us read(Gbits/sec)=4.168 write(Gbits/sec)=4.168 count=127207
   21 RR .13 min=6.40us avg=7.73us max=19.20us read(Gbits/sec)=4.175 write(Gbits/sec)=4.175 count=127425
   21 RR .14 min=6.66us avg=7.72us max=35.84us read(Gbits/sec)=4.180 write(Gbits/sec)=4.180 count=127574
   21 RR .15 min=6.66us avg=7.73us max=18.43us read(Gbits/sec)=4.177 write(Gbits/sec)=4.177 count=127485
   21 RR .16 min=6.66us avg=7.75us max=20.22us read(Gbits/sec)=4.159 write(Gbits/sec)=4.159 count=126933
   21 RR .17 min=6.66us avg=7.74us max=19.20us read(Gbits/sec)=4.171 write(Gbits/sec)=4.171 count=127305
   21 RR .18 min=6.40us avg=7.73us max=20.48us read(Gbits/sec)=4.177 write(Gbits/sec)=4.177 count=127484
   21 RR .19 min=6.40us avg=7.73us max=18.18us read(Gbits/sec)=4.176 write(Gbits/sec)=4.176 count=127438
   21 RR .20 min=6.66us avg=10.60us max=150520.06us read(Gbits/sec)=3.279 write(Gbits/sec)=3.279 count=100057
   21 RR .21 min=6.40us avg=7.73us max=23.55us read(Gbits/sec)=4.172 write(Gbits/sec)=4.172 count=127327
   21 RR Total-Throughput read(Gbits/sec)=90.241 write(Gbits/sec)=90.241

   22 RR .0 min=6.66us avg=7.72us max=35.07us read(Gbits/sec)=4.178 write(Gbits/sec)=4.178 count=127516
   22 RR .1 min=6.40us avg=7.73us max=18.43us read(Gbits/sec)=4.178 write(Gbits/sec)=4.178 count=127507
   22 RR .2 min=6.66us avg=7.72us max=18.69us read(Gbits/sec)=4.182 write(Gbits/sec)=4.182 count=127633
   22 RR .3 min=6.66us avg=7.73us max=19.71us read(Gbits/sec)=4.179 write(Gbits/sec)=4.179 count=127548
   22 RR .4 min=6.40us avg=7.75us max=47.62us read(Gbits/sec)=4.164 write(Gbits/sec)=4.164 count=127069
   22 RR .5 min=6.66us avg=7.73us max=17.92us read(Gbits/sec)=4.177 write(Gbits/sec)=4.177 count=127486
   22 RR .6 min=6.40us avg=7.73us max=18.69us read(Gbits/sec)=4.181 write(Gbits/sec)=4.181 count=127595
   22 RR .7 min=6.66us avg=7.73us max=18.94us read(Gbits/sec)=4.177 write(Gbits/sec)=4.177 count=127471
   22 RR .8 min=6.66us avg=7.74us max=19.20us read(Gbits/sec)=4.174 write(Gbits/sec)=4.174 count=127374
   22 RR .9 min=6.66us avg=7.73us max=18.94us read(Gbits/sec)=4.177 write(Gbits/sec)=4.177 count=127471
   22 RR .10 min=6.40us avg=7.72us max=18.94us read(Gbits/sec)=4.184 write(Gbits/sec)=4.184 count=127701
   22 RR .11 min=6.40us avg=7.73us max=29.44us read(Gbits/sec)=4.178 write(Gbits/sec)=4.178 count=127494
   22 RR .12 min=6.40us avg=8.82us max=117309.70us read(Gbits/sec)=3.668 write(Gbits/sec)=3.668 count=111938
   22 RR .13 min=6.40us avg=7.73us max=18.18us read(Gbits/sec)=4.174 write(Gbits/sec)=4.174 count=127382
   22 RR .14 min=6.40us avg=7.72us max=19.46us read(Gbits/sec)=4.180 write(Gbits/sec)=4.180 count=127559
   22 RR .15 min=6.66us avg=9.21us max=141558.27us read(Gbits/sec)=3.245 write(Gbits/sec)=3.245 count=99044
   22 RR .16 min=6.40us avg=7.75us max=37.63us read(Gbits/sec)=4.164 write(Gbits/sec)=4.164 count=127081
   22 RR .17 min=6.66us avg=7.74us max=20.74us read(Gbits/sec)=4.172 write(Gbits/sec)=4.172 count=127311
   22 RR .18 min=6.40us avg=7.73us max=19.71us read(Gbits/sec)=4.178 write(Gbits/sec)=4.178 count=127495
   22 RR .19 min=6.66us avg=7.73us max=18.69us read(Gbits/sec)=4.177 write(Gbits/sec)=4.177 count=127478
   22 RR .20 min=6.66us avg=7.74us max=18.18us read(Gbits/sec)=4.166 write(Gbits/sec)=4.166 count=127156
   22 RR .21 min=6.40us avg=7.74us max=17.66us read(Gbits/sec)=4.171 write(Gbits/sec)=4.171 count=127300
   22 RR Total-Throughput read(Gbits/sec)=90.425 write(Gbits/sec)=90.424

   23 RR .0 min=6.66us avg=7.77us max=1163.52us read(Gbits/sec)=4.151 write(Gbits/sec)=4.151 count=126671
   23 RR .1 min=6.66us avg=7.77us max=49.66us read(Gbits/sec)=4.156 write(Gbits/sec)=4.156 count=126825
   23 RR .2 min=6.40us avg=7.76us max=19.20us read(Gbits/sec)=4.160 write(Gbits/sec)=4.160 count=126965
   23 RR .3 min=6.40us avg=7.77us max=18.69us read(Gbits/sec)=4.158 write(Gbits/sec)=4.158 count=126881
   23 RR .4 min=6.66us avg=7.80us max=23.04us read(Gbits/sec)=4.142 write(Gbits/sec)=4.142 count=126391
   23 RR .5 min=6.40us avg=7.77us max=18.43us read(Gbits/sec)=4.155 write(Gbits/sec)=4.155 count=126799
   23 RR .6 min=6.66us avg=7.77us max=39.68us read(Gbits/sec)=4.158 write(Gbits/sec)=4.158 count=126884
   23 RR .7 min=6.66us avg=7.77us max=18.69us read(Gbits/sec)=4.154 write(Gbits/sec)=4.154 count=126770
   23 RR .8 min=6.40us avg=7.78us max=34.56us read(Gbits/sec)=4.151 write(Gbits/sec)=4.151 count=126691
   23 RR .9 min=6.66us avg=7.77us max=20.74us read(Gbits/sec)=4.155 write(Gbits/sec)=4.155 count=126811
   23 RR .10 min=6.66us avg=7.76us max=30.72us read(Gbits/sec)=4.161 write(Gbits/sec)=4.161 count=126979
   23 RR .11 min=6.40us avg=7.77us max=25.34us read(Gbits/sec)=4.155 write(Gbits/sec)=4.155 count=126792
   23 RR .12 min=6.66us avg=7.78us max=18.18us read(Gbits/sec)=4.147 write(Gbits/sec)=4.147 count=126551
   23 RR .13 min=6.66us avg=7.77us max=18.43us read(Gbits/sec)=4.153 write(Gbits/sec)=4.153 count=126741
   23 RR .14 min=6.40us avg=7.76us max=36.10us read(Gbits/sec)=4.158 write(Gbits/sec)=4.158 count=126908
   23 RR .15 min=6.66us avg=8.95us max=138072.83us read(Gbits/sec)=3.892 write(Gbits/sec)=3.892 count=118770
   23 RR .16 min=6.66us avg=7.79us max=20.74us read(Gbits/sec)=4.138 write(Gbits/sec)=4.138 count=126299
   23 RR .17 min=6.40us avg=7.80us max=18.43us read(Gbits/sec)=3.728 write(Gbits/sec)=3.728 count=113766
   23 RR .18 min=6.40us avg=7.77us max=19.46us read(Gbits/sec)=4.154 write(Gbits/sec)=4.154 count=126777
   23 RR .19 min=6.40us avg=7.77us max=18.69us read(Gbits/sec)=4.155 write(Gbits/sec)=4.155 count=126795
   23 RR .20 min=6.66us avg=7.79us max=18.94us read(Gbits/sec)=4.143 write(Gbits/sec)=4.143 count=126441
   23 RR .21 min=6.40us avg=7.78us max=18.69us read(Gbits/sec)=4.149 write(Gbits/sec)=4.149 count=126629
   23 RR Total-Throughput read(Gbits/sec)=90.671 write(Gbits/sec)=90.671

   24 RR .0 min=6.66us avg=7.80us max=1363.97us read(Gbits/sec)=4.135 write(Gbits/sec)=4.135 count=126178
   24 RR .1 min=6.66us avg=7.80us max=18.94us read(Gbits/sec)=4.139 write(Gbits/sec)=4.139 count=126324
   24 RR .2 min=6.40us avg=7.80us max=19.46us read(Gbits/sec)=4.144 write(Gbits/sec)=4.144 count=126475
   24 RR .3 min=6.40us avg=7.80us max=18.94us read(Gbits/sec)=4.141 write(Gbits/sec)=4.141 count=126378
   24 RR .4 min=6.66us avg=7.83us max=22.02us read(Gbits/sec)=4.125 write(Gbits/sec)=4.125 count=125874
   24 RR .5 min=6.66us avg=7.80us max=18.43us read(Gbits/sec)=4.138 write(Gbits/sec)=4.138 count=126286
   24 RR .6 min=6.40us avg=7.80us max=20.74us read(Gbits/sec)=4.142 write(Gbits/sec)=4.142 count=126404
   24 RR .7 min=6.66us avg=7.81us max=18.69us read(Gbits/sec)=4.138 write(Gbits/sec)=4.138 count=126286
   24 RR .8 min=6.66us avg=7.81us max=18.94us read(Gbits/sec)=4.135 write(Gbits/sec)=4.135 count=126189
   24 RR .9 min=6.66us avg=7.80us max=18.69us read(Gbits/sec)=4.139 write(Gbits/sec)=4.139 count=126303
   24 RR .10 min=6.66us avg=7.79us max=20.22us read(Gbits/sec)=4.144 write(Gbits/sec)=4.144 count=126473
   24 RR .11 min=6.66us avg=7.80us max=37.38us read(Gbits/sec)=4.139 write(Gbits/sec)=4.139 count=126302
   24 RR .12 min=6.40us avg=7.82us max=18.18us read(Gbits/sec)=4.129 write(Gbits/sec)=4.129 count=126012
   24 RR .13 min=6.66us avg=7.81us max=48.38us read(Gbits/sec)=4.136 write(Gbits/sec)=4.136 count=126223
   24 RR .14 min=6.66us avg=7.80us max=19.20us read(Gbits/sec)=4.141 write(Gbits/sec)=4.141 count=126378
   24 RR .15 min=6.40us avg=7.80us max=18.43us read(Gbits/sec)=4.138 write(Gbits/sec)=4.138 count=126289
   24 RR .16 min=6.66us avg=7.83us max=51.46us read(Gbits/sec)=4.121 write(Gbits/sec)=4.121 count=125773
   24 RR .17 min=6.66us avg=8.97us max=139345.92us read(Gbits/sec)=3.961 write(Gbits/sec)=3.961 count=120884
   24 RR .18 min=6.66us avg=7.80us max=19.46us read(Gbits/sec)=4.138 write(Gbits/sec)=4.138 count=126280
   24 RR .19 min=6.66us avg=7.80us max=18.18us read(Gbits/sec)=4.138 write(Gbits/sec)=4.138 count=126286
   24 RR .20 min=6.66us avg=7.82us max=19.71us read(Gbits/sec)=4.128 write(Gbits/sec)=4.128 count=125969
   24 RR .21 min=6.40us avg=7.81us max=20.74us read(Gbits/sec)=4.133 write(Gbits/sec)=4.133 count=126128
   24 RR Total-Throughput read(Gbits/sec)=90.820 write(Gbits/sec)=90.820

   25 RR .0 min=6.66us avg=7.80us max=146.18us read(Gbits/sec)=4.134 write(Gbits/sec)=4.134 count=126160
   25 RR .1 min=6.66us avg=7.82us max=25.86us read(Gbits/sec)=4.132 write(Gbits/sec)=4.132 count=126103
   25 RR .2 min=6.40us avg=7.81us max=38.91us read(Gbits/sec)=4.137 write(Gbits/sec)=4.137 count=126264
   25 RR .3 min=6.66us avg=7.81us max=21.76us read(Gbits/sec)=4.136 write(Gbits/sec)=4.136 count=126218
   25 RR .4 min=6.66us avg=7.84us max=19.46us read(Gbits/sec)=4.119 write(Gbits/sec)=4.119 count=125719
   25 RR .5 min=6.66us avg=7.81us max=18.69us read(Gbits/sec)=4.133 write(Gbits/sec)=4.133 count=126140
   25 RR .6 min=6.40us avg=7.81us max=38.91us read(Gbits/sec)=4.136 write(Gbits/sec)=4.136 count=126217
   25 RR .7 min=6.66us avg=7.82us max=19.97us read(Gbits/sec)=4.132 write(Gbits/sec)=4.132 count=126100
   25 RR .8 min=6.66us avg=7.82us max=39.68us read(Gbits/sec)=4.129 write(Gbits/sec)=4.129 count=126024
   25 RR .9 min=6.40us avg=7.81us max=19.71us read(Gbits/sec)=4.133 write(Gbits/sec)=4.133 count=126123
   25 RR .10 min=6.40us avg=7.80us max=41.73us read(Gbits/sec)=4.139 write(Gbits/sec)=4.139 count=126301
   25 RR .11 min=6.66us avg=7.81us max=18.43us read(Gbits/sec)=4.133 write(Gbits/sec)=4.133 count=126127
   25 RR .12 min=6.66us avg=7.83us max=20.22us read(Gbits/sec)=4.124 write(Gbits/sec)=4.124 count=125856
   25 RR .13 min=6.66us avg=7.82us max=40.70us read(Gbits/sec)=4.131 write(Gbits/sec)=4.131 count=126067
   25 RR .14 min=6.40us avg=7.81us max=42.75us read(Gbits/sec)=4.136 write(Gbits/sec)=4.136 count=126216
   25 RR .15 min=6.66us avg=7.81us max=40.96us read(Gbits/sec)=4.133 write(Gbits/sec)=4.133 count=126119
   25 RR .16 min=6.66us avg=7.84us max=20.99us read(Gbits/sec)=4.115 write(Gbits/sec)=4.115 count=125587
   25 RR .17 min=6.40us avg=7.82us max=19.20us read(Gbits/sec)=4.128 write(Gbits/sec)=4.128 count=125967
   25 RR .18 min=6.40us avg=7.81us max=19.97us read(Gbits/sec)=4.132 write(Gbits/sec)=4.132 count=126107
   25 RR .19 min=6.66us avg=7.81us max=18.69us read(Gbits/sec)=4.132 write(Gbits/sec)=4.132 count=126118
   25 RR .20 min=6.66us avg=7.83us max=18.18us read(Gbits/sec)=4.122 write(Gbits/sec)=4.122 count=125787
   25 RR .21 min=6.40us avg=7.82us max=18.94us read(Gbits/sec)=4.127 write(Gbits/sec)=4.127 count=125950
   25 RR Total-Throughput read(Gbits/sec)=90.872 write(Gbits/sec)=90.872

   26 RR .0 min=6.66us avg=7.70us max=358.40us read(Gbits/sec)=4.189 write(Gbits/sec)=4.189 count=127831
   26 RR .1 min=6.66us avg=7.71us max=20.22us read(Gbits/sec)=4.190 write(Gbits/sec)=4.190 count=127866
   26 RR .2 min=6.66us avg=7.70us max=43.52us read(Gbits/sec)=4.195 write(Gbits/sec)=4.195 count=128010
   26 RR .3 min=6.66us avg=8.89us max=129779.20us read(Gbits/sec)=3.638 write(Gbits/sec)=3.638 count=111027
   26 RR .4 min=6.66us avg=7.73us max=19.46us read(Gbits/sec)=4.178 write(Gbits/sec)=4.178 count=127501
   26 RR .5 min=6.66us avg=7.71us max=19.71us read(Gbits/sec)=4.189 write(Gbits/sec)=4.189 count=127850
   26 RR .6 min=6.66us avg=7.70us max=18.43us read(Gbits/sec)=4.192 write(Gbits/sec)=4.192 count=127940
   26 RR .7 min=6.66us avg=7.71us max=18.94us read(Gbits/sec)=4.188 write(Gbits/sec)=4.188 count=127822
   26 RR .8 min=6.66us avg=7.71us max=19.46us read(Gbits/sec)=4.185 write(Gbits/sec)=4.185 count=127727
   26 RR .9 min=6.40us avg=7.71us max=20.22us read(Gbits/sec)=4.189 write(Gbits/sec)=4.189 count=127847
   26 RR .10 min=6.40us avg=7.70us max=19.20us read(Gbits/sec)=4.195 write(Gbits/sec)=4.195 count=128025
   26 RR .11 min=6.40us avg=7.71us max=20.22us read(Gbits/sec)=4.189 write(Gbits/sec)=4.189 count=127855
   26 RR .12 min=6.40us avg=7.72us max=39.42us read(Gbits/sec)=4.179 write(Gbits/sec)=4.179 count=127549
   26 RR .13 min=6.40us avg=7.71us max=17.92us read(Gbits/sec)=4.189 write(Gbits/sec)=4.189 count=127849
   26 RR .14 min=6.40us avg=10.86us max=180941.57us read(Gbits/sec)=2.986 write(Gbits/sec)=2.986 count=91115
   26 RR .15 min=6.40us avg=7.70us max=18.94us read(Gbits/sec)=4.191 write(Gbits/sec)=4.191 count=127898
   26 RR .16 min=6.66us avg=7.74us max=45.82us read(Gbits/sec)=4.170 write(Gbits/sec)=4.170 count=127270
   26 RR .17 min=6.66us avg=7.71us max=19.46us read(Gbits/sec)=4.184 write(Gbits/sec)=4.184 count=127701
   26 RR .18 min=6.66us avg=7.71us max=18.18us read(Gbits/sec)=4.189 write(Gbits/sec)=4.189 count=127848
   26 RR .19 min=6.66us avg=7.71us max=19.20us read(Gbits/sec)=4.188 write(Gbits/sec)=4.188 count=127827
   26 RR .20 min=6.40us avg=7.72us max=18.94us read(Gbits/sec)=4.177 write(Gbits/sec)=4.177 count=127471
   26 RR .21 min=6.66us avg=7.71us max=34.56us read(Gbits/sec)=4.183 write(Gbits/sec)=4.183 count=127649
   26 RR Total-Throughput read(Gbits/sec)=90.355 write(Gbits/sec)=90.355

   27 RR .0 min=6.40us avg=7.70us max=42.75us read(Gbits/sec)=4.188 write(Gbits/sec)=4.188 count=127798
   27 RR .1 min=6.40us avg=7.71us max=46.34us read(Gbits/sec)=4.188 write(Gbits/sec)=4.188 count=127806
   27 RR .2 min=6.40us avg=7.70us max=18.94us read(Gbits/sec)=4.192 write(Gbits/sec)=4.192 count=127939
   27 RR .3 min=6.66us avg=7.74us max=48.38us read(Gbits/sec)=3.708 write(Gbits/sec)=3.708 count=113146
   27 RR .4 min=6.66us avg=7.77us max=18.43us read(Gbits/sec)=3.660 write(Gbits/sec)=3.660 count=111705
   27 RR .5 min=6.40us avg=7.71us max=18.94us read(Gbits/sec)=4.187 write(Gbits/sec)=4.187 count=127786
   27 RR .6 min=6.40us avg=7.71us max=20.74us read(Gbits/sec)=4.190 write(Gbits/sec)=4.190 count=127884
   27 RR .7 min=6.40us avg=7.71us max=18.43us read(Gbits/sec)=4.187 write(Gbits/sec)=4.187 count=127766
   27 RR .8 min=6.40us avg=7.72us max=37.63us read(Gbits/sec)=4.183 write(Gbits/sec)=4.183 count=127662
   27 RR .9 min=6.40us avg=7.71us max=18.94us read(Gbits/sec)=4.186 write(Gbits/sec)=4.186 count=127760
   27 RR .10 min=6.40us avg=7.70us max=41.73us read(Gbits/sec)=4.193 write(Gbits/sec)=4.193 count=127969
   27 RR .11 min=6.40us avg=7.71us max=46.08us read(Gbits/sec)=4.186 write(Gbits/sec)=4.186 count=127753
   27 RR .12 min=6.40us avg=7.73us max=39.68us read(Gbits/sec)=4.177 write(Gbits/sec)=4.177 count=127472
   27 RR .13 min=6.66us avg=7.71us max=19.20us read(Gbits/sec)=4.185 write(Gbits/sec)=4.185 count=127712
   27 RR .14 min=6.40us avg=7.70us max=36.61us read(Gbits/sec)=4.190 write(Gbits/sec)=4.190 count=127882
   27 RR .15 min=6.40us avg=7.71us max=22.02us read(Gbits/sec)=4.187 write(Gbits/sec)=4.187 count=127779
   27 RR .16 min=6.66us avg=8.98us max=133512.19us read(Gbits/sec)=3.601 write(Gbits/sec)=3.601 count=109906
   27 RR .17 min=6.40us avg=8.67us max=107112.45us read(Gbits/sec)=3.726 write(Gbits/sec)=3.726 count=113707
   27 RR .18 min=6.40us avg=7.71us max=18.43us read(Gbits/sec)=4.187 write(Gbits/sec)=4.187 count=127785
   27 RR .19 min=6.40us avg=7.71us max=18.18us read(Gbits/sec)=4.186 write(Gbits/sec)=4.186 count=127759
   27 RR .20 min=6.40us avg=7.73us max=19.20us read(Gbits/sec)=4.175 write(Gbits/sec)=4.175 count=127411
   27 RR .21 min=6.40us avg=7.72us max=17.66us read(Gbits/sec)=4.180 write(Gbits/sec)=4.180 count=127564
   27 RR Total-Throughput read(Gbits/sec)=90.043 write(Gbits/sec)=90.043

   28 RR .0 min=6.40us avg=9.06us max=147203.58us read(Gbits/sec)=3.566 write(Gbits/sec)=3.566 count=108832
   28 RR .1 min=6.40us avg=7.67us max=19.71us read(Gbits/sec)=4.209 write(Gbits/sec)=4.209 count=128449
   28 RR .2 min=6.40us avg=7.67us max=18.94us read(Gbits/sec)=4.212 write(Gbits/sec)=4.212 count=128557
   28 RR .3 min=6.40us avg=9.12us max=173713.92us read(Gbits/sec)=3.946 write(Gbits/sec)=3.946 count=120422
   28 RR .4 min=6.40us avg=8.68us max=124293.12us read(Gbits/sec)=4.173 write(Gbits/sec)=4.173 count=127336
   28 RR .5 min=6.66us avg=10.18us max=125208.83us read(Gbits/sec)=3.184 write(Gbits/sec)=3.184 count=97162
   28 RR .6 min=6.40us avg=7.67us max=18.43us read(Gbits/sec)=4.210 write(Gbits/sec)=4.210 count=128489
   28 RR .7 min=6.40us avg=7.67us max=19.97us read(Gbits/sec)=4.207 write(Gbits/sec)=4.207 count=128381
   28 RR .8 min=6.40us avg=7.68us max=33.79us read(Gbits/sec)=4.204 write(Gbits/sec)=4.204 count=128303
   28 RR .9 min=6.40us avg=7.67us max=18.94us read(Gbits/sec)=4.207 write(Gbits/sec)=4.207 count=128399
   28 RR .10 min=6.40us avg=7.66us max=18.43us read(Gbits/sec)=4.214 write(Gbits/sec)=4.214 count=128607
   28 RR .11 min=6.40us avg=7.67us max=19.46us read(Gbits/sec)=4.207 write(Gbits/sec)=4.207 count=128378
   28 RR .12 min=6.40us avg=7.69us max=18.43us read(Gbits/sec)=4.198 write(Gbits/sec)=4.198 count=128102
   28 RR .13 min=6.40us avg=7.68us max=19.46us read(Gbits/sec)=4.206 write(Gbits/sec)=4.206 count=128346
   28 RR .14 min=6.40us avg=9.19us max=153240.83us read(Gbits/sec)=3.405 write(Gbits/sec)=3.405 count=103920
   28 RR .15 min=6.40us avg=7.67us max=37.12us read(Gbits/sec)=4.209 write(Gbits/sec)=4.209 count=128438
   28 RR .16 min=6.40us avg=7.70us max=30.98us read(Gbits/sec)=4.189 write(Gbits/sec)=4.189 count=127850
   28 RR .17 min=6.40us avg=7.68us max=20.48us read(Gbits/sec)=4.203 write(Gbits/sec)=4.203 count=128266
   28 RR .18 min=6.66us avg=8.81us max=122788.86us read(Gbits/sec)=3.672 write(Gbits/sec)=3.672 count=112075
   28 RR .19 min=6.40us avg=7.67us max=17.41us read(Gbits/sec)=4.207 write(Gbits/sec)=4.207 count=128386
   28 RR .20 min=6.40us avg=7.69us max=51.20us read(Gbits/sec)=4.195 write(Gbits/sec)=4.195 count=128026
   28 RR .21 min=6.40us avg=7.68us max=17.92us read(Gbits/sec)=4.201 write(Gbits/sec)=4.201 count=128215
   28 RR Total-Throughput read(Gbits/sec)=89.223 write(Gbits/sec)=89.223

   29 RR .0 min=6.40us avg=7.62us max=43.52us read(Gbits/sec)=4.230 write(Gbits/sec)=4.230 count=129089
   29 RR .1 min=6.40us avg=9.56us max=196171.26us read(Gbits/sec)=3.389 write(Gbits/sec)=3.389 count=103430
   29 RR .2 min=6.40us avg=7.62us max=18.69us read(Gbits/sec)=4.235 write(Gbits/sec)=4.235 count=129254
   29 RR .3 min=6.66us avg=7.63us max=18.69us read(Gbits/sec)=4.233 write(Gbits/sec)=4.233 count=129196
   29 RR .4 min=6.40us avg=7.66us max=22.53us read(Gbits/sec)=4.215 write(Gbits/sec)=4.215 count=128643
   29 RR .5 min=6.66us avg=7.63us max=18.18us read(Gbits/sec)=4.230 write(Gbits/sec)=4.230 count=129086
   29 RR .6 min=6.40us avg=7.63us max=42.50us read(Gbits/sec)=4.233 write(Gbits/sec)=4.233 count=129188
   29 RR .7 min=6.40us avg=7.63us max=20.48us read(Gbits/sec)=4.229 write(Gbits/sec)=4.229 count=129073
   29 RR .8 min=6.40us avg=7.64us max=39.17us read(Gbits/sec)=4.226 write(Gbits/sec)=4.226 count=128965
   29 RR .9 min=6.40us avg=7.63us max=18.94us read(Gbits/sec)=4.230 write(Gbits/sec)=4.230 count=129087
   29 RR .10 min=6.40us avg=7.62us max=34.82us read(Gbits/sec)=4.236 write(Gbits/sec)=4.236 count=129262
   29 RR .11 min=6.40us avg=7.63us max=44.03us read(Gbits/sec)=4.230 write(Gbits/sec)=4.230 count=129084
   29 RR .12 min=6.40us avg=9.46us max=187551.23us read(Gbits/sec)=3.420 write(Gbits/sec)=3.420 count=104380
   29 RR .13 min=6.66us avg=7.63us max=18.69us read(Gbits/sec)=4.229 write(Gbits/sec)=4.229 count=129051
   29 RR .14 min=6.40us avg=8.99us max=153598.21us read(Gbits/sec)=3.716 write(Gbits/sec)=3.716 count=113404
   29 RR .15 min=6.40us avg=9.01us max=149375.74us read(Gbits/sec)=3.590 write(Gbits/sec)=3.590 count=109553
   29 RR .16 min=6.40us avg=7.65us max=19.71us read(Gbits/sec)=4.215 write(Gbits/sec)=4.215 count=128624
   29 RR .17 min=6.40us avg=9.08us max=155524.86us read(Gbits/sec)=3.561 write(Gbits/sec)=3.561 count=108677
   29 RR .18 min=6.66us avg=7.63us max=19.46us read(Gbits/sec)=4.231 write(Gbits/sec)=4.231 count=129117
   29 RR .19 min=6.40us avg=7.63us max=18.94us read(Gbits/sec)=4.229 write(Gbits/sec)=4.229 count=129067
   29 RR .20 min=6.40us avg=7.65us max=17.92us read(Gbits/sec)=4.217 write(Gbits/sec)=4.217 count=128690
   29 RR .21 min=6.40us avg=7.64us max=17.66us read(Gbits/sec)=4.224 write(Gbits/sec)=4.224 count=128921
   29 RR Total-Throughput read(Gbits/sec)=89.547 write(Gbits/sec)=89.547


---
 0 nr_conn=1 nr_zero_io_conn=0
 1 nr_conn=1 nr_zero_io_conn=0
 2 nr_conn=1 nr_zero_io_conn=0
 3 nr_conn=1 nr_zero_io_conn=0
 4 nr_conn=1 nr_zero_io_conn=0
 5 nr_conn=1 nr_zero_io_conn=0
 6 nr_conn=1 nr_zero_io_conn=0
 7 nr_conn=1 nr_zero_io_conn=0
 8 nr_conn=1 nr_zero_io_conn=0
 9 nr_conn=1 nr_zero_io_conn=0
10 nr_conn=1 nr_zero_io_conn=0
11 nr_conn=1 nr_zero_io_conn=0
12 nr_conn=1 nr_zero_io_conn=0
13 nr_conn=1 nr_zero_io_conn=0
14 nr_conn=1 nr_zero_io_conn=0
15 nr_conn=1 nr_zero_io_conn=0
16 nr_conn=1 nr_zero_io_conn=0
17 nr_conn=1 nr_zero_io_conn=0
18 nr_conn=1 nr_zero_io_conn=0
19 nr_conn=1 nr_zero_io_conn=0
20 nr_conn=1 nr_zero_io_conn=0
21 nr_conn=1 nr_zero_io_conn=0
exiting client: 0
exiting client: 2
exiting client: 19
exiting client: 4
exiting client: 8
exiting client: 13
exiting client: 9
exiting client: 20
exiting client: 5
exiting client: 11
exiting client: 1
exiting client: 16
exiting client: 3
exiting client: 17
exiting client: 6
exiting client: 10
exiting client: 15
exiting client: 12
exiting client: 21
exiting client: 18
exiting client: 7
exiting client: 14
