:: TPA_CFG='net { name=enp67s0f0np0; mac=38:25:f3:79:97:c6; ip=172.24.1.2; mask=255.255.255.0; gw=10.76.106.126; ip6=fe80::3a25:f3ff:fe79:97c6/64; } dpdk { pci=0000:43:00.0; } tcp {tso = 0; } dpdk { socket-mem = 8192; mbuf_mem_size = 6GB; }'
:: cmd=build/bin/app/fperf -c 172.24.1.52 -p 2888 -t rr -d 30 -n 24 -S 0 -m 4096 -X 4096 -R 4096 -Z 1 -K 0
    0 RR .0 min=5.89us avg=6.83us max=9549.57us read(Gbits/sec)=26.533 write(Gbits/sec)=26.533 count=809722
    0 RR .1 min=5.89us avg=7.16us max=142652.42us read(Gbits/sec)=24.992 write(Gbits/sec)=24.992 count=762707
    0 RR .2 min=5.89us avg=6.85us max=210.18us read(Gbits/sec)=25.184 write(Gbits/sec)=25.184 count=768561
    0 RR .3 min=5.89us avg=7.42us max=172952.58us read(Gbits/sec)=22.409 write(Gbits/sec)=22.409 count=683865
    0 RR .4 min=5.89us avg=7.14us max=117645.82us read(Gbits/sec)=22.350 write(Gbits/sec)=22.350 count=682074
    0 RR .5 min=5.89us avg=6.95us max=194.56us read(Gbits/sec)=22.024 write(Gbits/sec)=22.024 count=672110
    0 RR .6 min=5.89us avg=7.00us max=209.41us read(Gbits/sec)=20.952 write(Gbits/sec)=20.952 count=639417
    0 RR .7 min=5.89us avg=7.32us max=159917.82us read(Gbits/sec)=19.140 write(Gbits/sec)=19.140 count=584104
    0 RR .8 min=5.89us avg=7.13us max=193.54us read(Gbits/sec)=18.727 write(Gbits/sec)=18.727 count=571499
    0 RR .9 min=5.89us avg=7.37us max=136611.84us read(Gbits/sec)=17.215 write(Gbits/sec)=17.215 count=525353
    0 RR .10 min=5.89us avg=7.54us max=178002.18us read(Gbits/sec)=15.949 write(Gbits/sec)=15.949 count=486721
    0 RR .11 min=5.89us avg=7.23us max=193.28us read(Gbits/sec)=15.682 write(Gbits/sec)=15.682 count=478592
    0 RR .12 min=5.89us avg=7.57us max=104612.10us read(Gbits/sec)=13.700 write(Gbits/sec)=13.700 count=418100
    0 RR .13 min=5.89us avg=7.29us max=211.71us read(Gbits/sec)=13.686 write(Gbits/sec)=13.686 count=417655
    0 RR .14 min=5.89us avg=7.34us max=207.87us read(Gbits/sec)=12.677 write(Gbits/sec)=12.678 count=386890
    0 RR .15 min=5.89us avg=7.42us max=195.33us read(Gbits/sec)=11.608 write(Gbits/sec)=11.608 count=354260
    0 RR .16 min=5.89us avg=7.97us max=123395.07us read(Gbits/sec)=9.941 write(Gbits/sec)=9.941 count=303383
    0 RR .17 min=5.89us avg=7.50us max=190.21us read(Gbits/sec)=9.668 write(Gbits/sec)=9.668 count=295044
    0 RR .18 min=5.89us avg=7.55us max=192.77us read(Gbits/sec)=8.701 write(Gbits/sec)=8.701 count=265538
    0 RR .19 min=6.14us avg=7.63us max=195.07us read(Gbits/sec)=7.726 write(Gbits/sec)=7.726 count=235790
    0 RR .20 min=5.89us avg=7.73us max=180.74us read(Gbits/sec)=6.744 write(Gbits/sec)=6.744 count=205801
    0 RR .21 min=6.14us avg=7.72us max=113.66us read(Gbits/sec)=5.874 write(Gbits/sec)=5.874 count=179272
    0 RR .22 min=6.14us avg=7.80us max=30.46us read(Gbits/sec)=4.971 write(Gbits/sec)=4.971 count=151699
    0 RR .23 min=6.14us avg=7.87us max=22.27us read(Gbits/sec)=4.087 write(Gbits/sec)=4.087 count=124722
    0 RR Total-Throughput read(Gbits/sec)=360.540 write(Gbits/sec)=360.540

    1 RR .0 min=6.40us avg=7.68us max=738.82us read(Gbits/sec)=4.206 write(Gbits/sec)=4.206 count=128345
    1 RR .1 min=6.40us avg=7.66us max=19.46us read(Gbits/sec)=4.215 write(Gbits/sec)=4.215 count=128620
    1 RR .2 min=6.14us avg=7.67us max=17.41us read(Gbits/sec)=4.210 write(Gbits/sec)=4.210 count=128483
    1 RR .3 min=6.14us avg=7.70us max=19.20us read(Gbits/sec)=4.194 write(Gbits/sec)=4.194 count=128007
    1 RR .4 min=6.40us avg=7.73us max=19.71us read(Gbits/sec)=4.179 write(Gbits/sec)=4.179 count=127533
    1 RR .5 min=6.14us avg=7.67us max=34.56us read(Gbits/sec)=4.213 write(Gbits/sec)=4.213 count=128558
    1 RR .6 min=6.14us avg=7.68us max=35.84us read(Gbits/sec)=4.207 write(Gbits/sec)=4.207 count=128387
    1 RR .7 min=6.40us avg=8.85us max=126756.35us read(Gbits/sec)=3.656 write(Gbits/sec)=3.656 count=111566
    1 RR .8 min=6.40us avg=7.72us max=30.46us read(Gbits/sec)=4.182 write(Gbits/sec)=4.182 count=127637
    1 RR .9 min=6.14us avg=7.67us max=18.94us read(Gbits/sec)=4.212 write(Gbits/sec)=4.212 count=128545
    1 RR .10 min=6.14us avg=7.67us max=19.46us read(Gbits/sec)=4.211 write(Gbits/sec)=4.211 count=128522
    1 RR .11 min=6.14us avg=9.48us max=183208.19us read(Gbits/sec)=3.418 write(Gbits/sec)=3.418 count=104313
    1 RR .12 min=6.40us avg=9.14us max=165486.59us read(Gbits/sec)=3.820 write(Gbits/sec)=3.820 count=116587
    1 RR .13 min=6.40us avg=9.05us max=149071.87us read(Gbits/sec)=3.575 write(Gbits/sec)=3.575 count=109115
    1 RR .14 min=6.14us avg=7.67us max=17.92us read(Gbits/sec)=4.209 write(Gbits/sec)=4.209 count=128450
    1 RR .15 min=6.14us avg=7.71us max=21.25us read(Gbits/sec)=4.189 write(Gbits/sec)=4.189 count=127862
    1 RR .16 min=6.14us avg=7.75us max=19.20us read(Gbits/sec)=4.166 write(Gbits/sec)=4.166 count=127141
    1 RR .17 min=6.14us avg=7.67us max=21.50us read(Gbits/sec)=4.207 write(Gbits/sec)=4.207 count=128390
    1 RR .18 min=6.40us avg=7.68us max=20.22us read(Gbits/sec)=4.205 write(Gbits/sec)=4.205 count=128336
    1 RR .19 min=6.40us avg=7.72us max=19.20us read(Gbits/sec)=3.605 write(Gbits/sec)=3.605 count=110010
    1 RR .20 min=6.40us avg=7.73us max=48.38us read(Gbits/sec)=4.174 write(Gbits/sec)=4.174 count=127388
    1 RR .21 min=6.14us avg=7.67us max=19.97us read(Gbits/sec)=4.206 write(Gbits/sec)=4.206 count=128374
    1 RR .22 min=6.14us avg=7.68us max=19.20us read(Gbits/sec)=4.205 write(Gbits/sec)=4.205 count=128343
    1 RR .23 min=6.40us avg=7.68us max=18.69us read(Gbits/sec)=4.207 write(Gbits/sec)=4.207 count=128393
    1 RR Total-Throughput read(Gbits/sec)=97.871 write(Gbits/sec)=97.871

    2 RR .0 min=6.40us avg=7.76us max=1050.37us read(Gbits/sec)=4.164 write(Gbits/sec)=4.164 count=127090
    2 RR .1 min=6.14us avg=7.74us max=39.42us read(Gbits/sec)=4.176 write(Gbits/sec)=4.176 count=127447
    2 RR .2 min=6.14us avg=7.74us max=19.46us read(Gbits/sec)=4.172 write(Gbits/sec)=4.172 count=127325
    2 RR .3 min=6.14us avg=7.77us max=19.20us read(Gbits/sec)=4.157 write(Gbits/sec)=4.157 count=126856
    2 RR .4 min=6.40us avg=7.80us max=48.64us read(Gbits/sec)=4.140 write(Gbits/sec)=4.140 count=126346
    2 RR .5 min=6.14us avg=7.74us max=34.30us read(Gbits/sec)=4.175 write(Gbits/sec)=4.175 count=127402
    2 RR .6 min=6.14us avg=7.75us max=18.69us read(Gbits/sec)=4.169 write(Gbits/sec)=4.169 count=127223
    2 RR .7 min=6.40us avg=7.77us max=54.02us read(Gbits/sec)=4.157 write(Gbits/sec)=4.157 count=126872
    2 RR .8 min=6.40us avg=7.80us max=34.05us read(Gbits/sec)=4.139 write(Gbits/sec)=4.139 count=126312
    2 RR .9 min=6.14us avg=9.04us max=134354.69us read(Gbits/sec)=3.582 write(Gbits/sec)=3.582 count=109321
    2 RR .10 min=6.14us avg=7.74us max=19.20us read(Gbits/sec)=4.174 write(Gbits/sec)=4.174 count=127373
    2 RR .11 min=6.40us avg=7.77us max=37.12us read(Gbits/sec)=4.157 write(Gbits/sec)=4.157 count=126853
    2 RR .12 min=6.40us avg=7.80us max=20.22us read(Gbits/sec)=4.141 write(Gbits/sec)=4.141 count=126385
    2 RR .13 min=6.14us avg=7.74us max=19.71us read(Gbits/sec)=4.174 write(Gbits/sec)=4.174 count=127383
    2 RR .14 min=6.40us avg=7.75us max=18.94us read(Gbits/sec)=4.170 write(Gbits/sec)=4.170 count=127248
    2 RR .15 min=6.14us avg=7.78us max=18.94us read(Gbits/sec)=4.151 write(Gbits/sec)=4.151 count=126677
    2 RR .16 min=6.40us avg=7.82us max=18.69us read(Gbits/sec)=4.128 write(Gbits/sec)=4.128 count=125972
    2 RR .17 min=6.14us avg=7.74us max=19.20us read(Gbits/sec)=4.170 write(Gbits/sec)=4.170 count=127266
    2 RR .18 min=6.14us avg=7.75us max=19.46us read(Gbits/sec)=4.166 write(Gbits/sec)=4.166 count=127140
    2 RR .19 min=6.40us avg=10.85us max=196476.16us read(Gbits/sec)=3.399 write(Gbits/sec)=3.399 count=103720
    2 RR .20 min=6.40us avg=7.80us max=33.28us read(Gbits/sec)=4.137 write(Gbits/sec)=4.137 count=126270
    2 RR .21 min=6.14us avg=7.74us max=19.46us read(Gbits/sec)=4.169 write(Gbits/sec)=4.169 count=127233
    2 RR .22 min=6.14us avg=7.75us max=20.48us read(Gbits/sec)=4.165 write(Gbits/sec)=4.165 count=127118
    2 RR .23 min=6.40us avg=10.14us max=122365.18us read(Gbits/sec)=3.196 write(Gbits/sec)=3.196 count=97539
    2 RR Total-Throughput read(Gbits/sec)=97.527 write(Gbits/sec)=97.527

    3 RR .0 min=6.40us avg=7.83us max=68.61us read(Gbits/sec)=4.126 write(Gbits/sec)=4.126 count=125918
    3 RR .1 min=6.14us avg=7.82us max=18.69us read(Gbits/sec)=4.132 write(Gbits/sec)=4.132 count=126086
    3 RR .2 min=6.14us avg=7.83us max=44.29us read(Gbits/sec)=4.128 write(Gbits/sec)=4.128 count=125969
    3 RR .3 min=6.14us avg=7.86us max=23.81us read(Gbits/sec)=4.113 write(Gbits/sec)=4.113 count=125527
    3 RR .4 min=6.40us avg=7.88us max=33.02us read(Gbits/sec)=4.098 write(Gbits/sec)=4.098 count=125056
    3 RR .5 min=6.14us avg=7.83us max=38.40us read(Gbits/sec)=4.128 write(Gbits/sec)=4.128 count=125995
    3 RR .6 min=6.14us avg=7.83us max=18.94us read(Gbits/sec)=4.126 write(Gbits/sec)=4.126 count=125912
    3 RR .7 min=6.40us avg=7.86us max=20.22us read(Gbits/sec)=4.113 write(Gbits/sec)=4.113 count=125512
    3 RR .8 min=6.14us avg=7.89us max=39.68us read(Gbits/sec)=4.096 write(Gbits/sec)=4.096 count=125012
    3 RR .9 min=6.14us avg=7.82us max=22.02us read(Gbits/sec)=4.129 write(Gbits/sec)=4.129 count=126019
    3 RR .10 min=6.14us avg=7.83us max=20.22us read(Gbits/sec)=4.128 write(Gbits/sec)=4.128 count=125978
    3 RR .11 min=6.40us avg=7.86us max=19.46us read(Gbits/sec)=4.112 write(Gbits/sec)=4.112 count=125490
    3 RR .12 min=6.14us avg=7.88us max=21.25us read(Gbits/sec)=4.097 write(Gbits/sec)=4.097 count=125041
    3 RR .13 min=6.14us avg=7.82us max=22.53us read(Gbits/sec)=4.129 write(Gbits/sec)=4.129 count=126002
    3 RR .14 min=6.40us avg=7.83us max=23.30us read(Gbits/sec)=4.125 write(Gbits/sec)=4.125 count=125887
    3 RR .15 min=6.40us avg=7.86us max=20.99us read(Gbits/sec)=4.107 write(Gbits/sec)=4.107 count=125353
    3 RR .16 min=6.40us avg=7.90us max=20.48us read(Gbits/sec)=4.084 write(Gbits/sec)=4.084 count=124641
    3 RR .17 min=6.14us avg=7.83us max=20.99us read(Gbits/sec)=4.125 write(Gbits/sec)=4.125 count=125901
    3 RR .18 min=6.14us avg=7.83us max=22.78us read(Gbits/sec)=4.122 write(Gbits/sec)=4.122 count=125796
    3 RR .19 min=6.40us avg=9.80us max=188861.44us read(Gbits/sec)=3.305 write(Gbits/sec)=3.305 count=100861
    3 RR .20 min=6.40us avg=7.88us max=20.99us read(Gbits/sec)=4.094 write(Gbits/sec)=4.094 count=124952
    3 RR .21 min=6.14us avg=7.83us max=18.43us read(Gbits/sec)=4.124 write(Gbits/sec)=4.124 count=125866
    3 RR .22 min=6.40us avg=7.84us max=19.97us read(Gbits/sec)=4.122 write(Gbits/sec)=4.122 count=125794
    3 RR .23 min=6.14us avg=7.83us max=18.94us read(Gbits/sec)=4.124 write(Gbits/sec)=4.124 count=125851
    3 RR Total-Throughput read(Gbits/sec)=97.985 write(Gbits/sec)=97.985

    4 RR .0 min=6.40us avg=7.89us max=154.37us read(Gbits/sec)=4.097 write(Gbits/sec)=4.097 count=125024
    4 RR .1 min=6.14us avg=7.87us max=18.18us read(Gbits/sec)=4.103 write(Gbits/sec)=4.103 count=125228
    4 RR .2 min=6.14us avg=7.88us max=17.92us read(Gbits/sec)=4.098 write(Gbits/sec)=4.098 count=125075
    4 RR .3 min=6.40us avg=7.91us max=20.22us read(Gbits/sec)=4.085 write(Gbits/sec)=4.085 count=124668
    4 RR .4 min=6.40us avg=7.94us max=39.42us read(Gbits/sec)=4.069 write(Gbits/sec)=4.069 count=124186
    4 RR .5 min=6.14us avg=7.88us max=24.06us read(Gbits/sec)=4.101 write(Gbits/sec)=4.101 count=125140
    4 RR .6 min=6.14us avg=7.89us max=18.69us read(Gbits/sec)=4.095 write(Gbits/sec)=4.095 count=124986
    4 RR .7 min=6.40us avg=7.91us max=17.92us read(Gbits/sec)=4.085 write(Gbits/sec)=4.085 count=124664
    4 RR .8 min=6.40us avg=7.94us max=36.61us read(Gbits/sec)=4.068 write(Gbits/sec)=4.068 count=124152
    4 RR .9 min=6.14us avg=7.88us max=19.20us read(Gbits/sec)=4.101 write(Gbits/sec)=4.101 count=125147
    4 RR .10 min=6.40us avg=7.88us max=20.48us read(Gbits/sec)=4.099 write(Gbits/sec)=4.099 count=125081
    4 RR .11 min=6.40us avg=7.91us max=23.55us read(Gbits/sec)=4.084 write(Gbits/sec)=4.084 count=124639
    4 RR .12 min=6.40us avg=7.94us max=21.50us read(Gbits/sec)=4.069 write(Gbits/sec)=4.069 count=124179
    4 RR .13 min=6.14us avg=7.88us max=23.04us read(Gbits/sec)=4.101 write(Gbits/sec)=4.101 count=125153
    4 RR .14 min=6.14us avg=7.89us max=19.46us read(Gbits/sec)=4.096 write(Gbits/sec)=4.096 count=125010
    4 RR .15 min=6.40us avg=7.92us max=19.97us read(Gbits/sec)=4.079 write(Gbits/sec)=4.079 count=124487
    4 RR .16 min=6.40us avg=7.96us max=21.76us read(Gbits/sec)=4.055 write(Gbits/sec)=4.055 count=123756
    4 RR .17 min=6.40us avg=7.88us max=48.90us read(Gbits/sec)=4.096 write(Gbits/sec)=4.096 count=125006
    4 RR .18 min=6.14us avg=7.89us max=22.27us read(Gbits/sec)=4.092 write(Gbits/sec)=4.092 count=124872
    4 RR .19 min=6.40us avg=7.92us max=19.71us read(Gbits/sec)=4.077 write(Gbits/sec)=4.077 count=124422
    4 RR .20 min=6.40us avg=7.95us max=18.94us read(Gbits/sec)=4.057 write(Gbits/sec)=4.057 count=123832
    4 RR .21 min=6.14us avg=7.88us max=37.12us read(Gbits/sec)=4.095 write(Gbits/sec)=4.095 count=124973
    4 RR .22 min=6.40us avg=7.89us max=55.04us read(Gbits/sec)=4.092 write(Gbits/sec)=4.092 count=124883
    4 RR .23 min=6.14us avg=7.89us max=18.94us read(Gbits/sec)=4.030 write(Gbits/sec)=4.030 count=122998
    4 RR Total-Throughput read(Gbits/sec)=98.025 write(Gbits/sec)=98.025

    5 RR .0 min=6.40us avg=7.78us max=120.32us read(Gbits/sec)=4.152 write(Gbits/sec)=4.152 count=126697
    5 RR .1 min=6.14us avg=7.77us max=19.20us read(Gbits/sec)=4.157 write(Gbits/sec)=4.157 count=126860
    5 RR .2 min=6.40us avg=8.93us max=124086.78us read(Gbits/sec)=3.624 write(Gbits/sec)=3.624 count=110587
    5 RR .3 min=6.14us avg=7.81us max=21.25us read(Gbits/sec)=4.138 write(Gbits/sec)=4.138 count=126293
    5 RR .4 min=6.40us avg=7.83us max=20.22us read(Gbits/sec)=4.122 write(Gbits/sec)=4.122 count=125808
    5 RR .5 min=6.14us avg=8.73us max=104884.22us read(Gbits/sec)=3.708 write(Gbits/sec)=3.708 count=113162
    5 RR .6 min=6.14us avg=7.78us max=37.63us read(Gbits/sec)=4.150 write(Gbits/sec)=4.150 count=126660
    5 RR .7 min=6.40us avg=7.80us max=19.20us read(Gbits/sec)=4.139 write(Gbits/sec)=4.139 count=126303
    5 RR .8 min=6.40us avg=7.84us max=40.70us read(Gbits/sec)=4.121 write(Gbits/sec)=4.121 count=125756
    5 RR .9 min=6.14us avg=7.79us max=47.10us read(Gbits/sec)=4.146 write(Gbits/sec)=4.146 count=126536
    5 RR .10 min=6.14us avg=7.78us max=22.78us read(Gbits/sec)=4.153 write(Gbits/sec)=4.153 count=126731
    5 RR .11 min=6.40us avg=7.81us max=23.04us read(Gbits/sec)=4.137 write(Gbits/sec)=4.137 count=126262
    5 RR .12 min=6.40us avg=7.83us max=19.46us read(Gbits/sec)=4.123 write(Gbits/sec)=4.123 count=125819
    5 RR .13 min=6.14us avg=7.77us max=19.20us read(Gbits/sec)=4.154 write(Gbits/sec)=4.154 count=126783
    5 RR .14 min=6.14us avg=7.78us max=18.43us read(Gbits/sec)=4.150 write(Gbits/sec)=4.150 count=126645
    5 RR .15 min=6.14us avg=7.81us max=19.20us read(Gbits/sec)=4.133 write(Gbits/sec)=4.133 count=126134
    5 RR .16 min=6.14us avg=7.86us max=21.50us read(Gbits/sec)=4.107 write(Gbits/sec)=4.107 count=125331
    5 RR .17 min=6.14us avg=7.78us max=36.10us read(Gbits/sec)=4.150 write(Gbits/sec)=4.150 count=126650
    5 RR .18 min=6.14us avg=7.78us max=22.78us read(Gbits/sec)=4.147 write(Gbits/sec)=4.147 count=126554
    5 RR .19 min=6.14us avg=7.82us max=18.94us read(Gbits/sec)=4.130 write(Gbits/sec)=4.130 count=126044
    5 RR .20 min=6.14us avg=7.85us max=20.74us read(Gbits/sec)=4.111 write(Gbits/sec)=4.111 count=125459
    5 RR .21 min=5.89us avg=7.78us max=47.87us read(Gbits/sec)=4.146 write(Gbits/sec)=4.146 count=126544
    5 RR .22 min=6.40us avg=7.79us max=18.94us read(Gbits/sec)=4.147 write(Gbits/sec)=4.147 count=126550
    5 RR .23 min=6.14us avg=8.90us max=123421.18us read(Gbits/sec)=3.687 write(Gbits/sec)=3.687 count=112514
    5 RR Total-Throughput read(Gbits/sec)=97.931 write(Gbits/sec)=97.931

    6 RR .0 min=6.40us avg=9.32us max=171843.58us read(Gbits/sec)=3.473 write(Gbits/sec)=3.473 count=105980
    6 RR .1 min=6.14us avg=7.64us max=19.97us read(Gbits/sec)=4.228 write(Gbits/sec)=4.228 count=129015
    6 RR .2 min=6.14us avg=9.26us max=170183.68us read(Gbits/sec)=3.497 write(Gbits/sec)=3.497 count=106725
    6 RR .3 min=6.14us avg=7.67us max=18.94us read(Gbits/sec)=4.209 write(Gbits/sec)=4.209 count=128449
    6 RR .4 min=6.14us avg=8.64us max=102886.14us read(Gbits/sec)=3.742 write(Gbits/sec)=3.742 count=114193
    6 RR .5 min=6.14us avg=7.64us max=19.46us read(Gbits/sec)=4.226 write(Gbits/sec)=4.226 count=128957
    6 RR .6 min=6.40us avg=7.65us max=37.12us read(Gbits/sec)=4.220 write(Gbits/sec)=4.220 count=128788
    6 RR .7 min=6.14us avg=7.67us max=20.74us read(Gbits/sec)=4.210 write(Gbits/sec)=4.210 count=128471
    6 RR .8 min=6.40us avg=9.27us max=159329.79us read(Gbits/sec)=3.494 write(Gbits/sec)=3.494 count=106631
    6 RR .9 min=6.14us avg=9.03us max=147643.39us read(Gbits/sec)=3.586 write(Gbits/sec)=3.586 count=109451
    6 RR .10 min=6.14us avg=7.65us max=20.22us read(Gbits/sec)=4.224 write(Gbits/sec)=4.224 count=128901
    6 RR .11 min=6.14us avg=7.67us max=26.11us read(Gbits/sec)=4.209 write(Gbits/sec)=4.209 count=128443
    6 RR .12 min=6.40us avg=8.62us max=101914.37us read(Gbits/sec)=3.751 write(Gbits/sec)=3.751 count=114480
    6 RR .13 min=6.14us avg=7.64us max=17.92us read(Gbits/sec)=4.226 write(Gbits/sec)=4.226 count=128960
    6 RR .14 min=6.14us avg=7.65us max=45.82us read(Gbits/sec)=4.220 write(Gbits/sec)=4.220 count=128793
    6 RR .15 min=6.14us avg=7.68us max=19.20us read(Gbits/sec)=4.201 write(Gbits/sec)=4.201 count=128223
    6 RR .16 min=6.40us avg=7.73us max=18.94us read(Gbits/sec)=4.174 write(Gbits/sec)=4.174 count=127400
    6 RR .17 min=6.14us avg=7.65us max=19.20us read(Gbits/sec)=4.221 write(Gbits/sec)=4.221 count=128824
    6 RR .18 min=6.14us avg=7.66us max=42.75us read(Gbits/sec)=4.216 write(Gbits/sec)=4.216 count=128670
    6 RR .19 min=6.40us avg=7.69us max=19.97us read(Gbits/sec)=4.198 write(Gbits/sec)=4.198 count=128128
    6 RR .20 min=6.40us avg=7.72us max=19.71us read(Gbits/sec)=4.178 write(Gbits/sec)=4.178 count=127525
    6 RR .21 min=6.14us avg=7.65us max=18.69us read(Gbits/sec)=4.217 write(Gbits/sec)=4.217 count=128709
    6 RR .22 min=6.40us avg=7.66us max=19.20us read(Gbits/sec)=4.216 write(Gbits/sec)=4.216 count=128665
    6 RR .23 min=6.14us avg=7.65us max=18.43us read(Gbits/sec)=4.219 write(Gbits/sec)=4.219 count=128747
    6 RR Total-Throughput read(Gbits/sec)=97.354 write(Gbits/sec)=97.354

    7 RR .0 min=6.14us avg=7.67us max=1067.26us read(Gbits/sec)=4.209 write(Gbits/sec)=4.209 count=128436
    7 RR .1 min=6.14us avg=7.65us max=19.46us read(Gbits/sec)=4.221 write(Gbits/sec)=4.221 count=128802
    7 RR .2 min=6.14us avg=7.66us max=19.46us read(Gbits/sec)=4.216 write(Gbits/sec)=4.216 count=128664
    7 RR .3 min=6.14us avg=9.04us max=141769.47us read(Gbits/sec)=3.582 write(Gbits/sec)=3.582 count=109319
    7 RR .4 min=6.40us avg=7.71us max=19.46us read(Gbits/sec)=4.190 write(Gbits/sec)=4.190 count=127879
    7 RR .5 min=6.14us avg=7.66us max=35.33us read(Gbits/sec)=4.219 write(Gbits/sec)=4.219 count=128759
    7 RR .6 min=6.40us avg=11.54us max=173700.35us read(Gbits/sec)=2.813 write(Gbits/sec)=2.813 count=85845
    7 RR .7 min=6.14us avg=7.69us max=18.69us read(Gbits/sec)=4.200 write(Gbits/sec)=4.200 count=128179
    7 RR .8 min=6.40us avg=7.72us max=48.64us read(Gbits/sec)=4.183 write(Gbits/sec)=4.183 count=127645
    7 RR .9 min=6.14us avg=7.66us max=48.64us read(Gbits/sec)=4.218 write(Gbits/sec)=4.218 count=128741
    7 RR .10 min=6.14us avg=7.66us max=20.74us read(Gbits/sec)=4.216 write(Gbits/sec)=4.216 count=128670
    7 RR .11 min=6.14us avg=7.69us max=18.94us read(Gbits/sec)=4.199 write(Gbits/sec)=4.199 count=128157
    7 RR .12 min=6.14us avg=7.72us max=20.99us read(Gbits/sec)=4.183 write(Gbits/sec)=4.183 count=127662
    7 RR .13 min=6.14us avg=7.65us max=18.69us read(Gbits/sec)=4.219 write(Gbits/sec)=4.219 count=128743
    7 RR .14 min=6.14us avg=7.66us max=18.18us read(Gbits/sec)=4.213 write(Gbits/sec)=4.213 count=128587
    7 RR .15 min=6.14us avg=7.69us max=19.97us read(Gbits/sec)=4.198 write(Gbits/sec)=4.198 count=128107
    7 RR .16 min=6.40us avg=8.71us max=106687.23us read(Gbits/sec)=3.712 write(Gbits/sec)=3.712 count=113294
    7 RR .17 min=6.40us avg=7.66us max=46.59us read(Gbits/sec)=4.213 write(Gbits/sec)=4.213 count=128588
    7 RR .18 min=6.14us avg=7.67us max=26.88us read(Gbits/sec)=4.211 write(Gbits/sec)=4.211 count=128506
    7 RR .19 min=6.40us avg=7.70us max=23.30us read(Gbits/sec)=4.192 write(Gbits/sec)=4.192 count=127926
    7 RR .20 min=6.40us avg=7.73us max=19.46us read(Gbits/sec)=4.171 write(Gbits/sec)=4.171 count=127289
    7 RR .21 min=6.14us avg=7.66us max=18.18us read(Gbits/sec)=4.211 write(Gbits/sec)=4.211 count=128520
    7 RR .22 min=6.40us avg=9.69us max=199501.06us read(Gbits/sec)=3.343 write(Gbits/sec)=3.343 count=102036
    7 RR .23 min=6.14us avg=7.67us max=18.69us read(Gbits/sec)=4.212 write(Gbits/sec)=4.212 count=128541
    7 RR Total-Throughput read(Gbits/sec)=97.544 write(Gbits/sec)=97.544

    8 RR .0 min=6.40us avg=7.75us max=745.47us read(Gbits/sec)=4.167 write(Gbits/sec)=4.167 count=127168
    8 RR .1 min=6.14us avg=7.80us max=18.18us read(Gbits/sec)=3.606 write(Gbits/sec)=3.606 count=110044
    8 RR .2 min=6.14us avg=7.74us max=33.02us read(Gbits/sec)=4.171 write(Gbits/sec)=4.171 count=127287
    8 RR .3 min=6.14us avg=7.77us max=17.92us read(Gbits/sec)=4.156 write(Gbits/sec)=4.156 count=126817
    8 RR .4 min=6.40us avg=7.80us max=21.25us read(Gbits/sec)=4.141 write(Gbits/sec)=4.141 count=126362
    8 RR .5 min=6.14us avg=7.74us max=18.43us read(Gbits/sec)=4.173 write(Gbits/sec)=4.173 count=127357
    8 RR .6 min=6.14us avg=7.75us max=22.27us read(Gbits/sec)=4.168 write(Gbits/sec)=4.168 count=127186
    8 RR .7 min=6.40us avg=7.77us max=18.69us read(Gbits/sec)=4.155 write(Gbits/sec)=4.155 count=126798
    8 RR .8 min=6.14us avg=7.80us max=52.99us read(Gbits/sec)=4.138 write(Gbits/sec)=4.138 count=126296
    8 RR .9 min=6.14us avg=7.74us max=18.94us read(Gbits/sec)=4.173 write(Gbits/sec)=4.173 count=127363
    8 RR .10 min=6.14us avg=7.80us max=19.20us read(Gbits/sec)=3.626 write(Gbits/sec)=3.626 count=110642
    8 RR .11 min=6.14us avg=7.78us max=26.62us read(Gbits/sec)=4.155 write(Gbits/sec)=4.155 count=126796
    8 RR .12 min=6.40us avg=7.80us max=42.75us read(Gbits/sec)=4.139 write(Gbits/sec)=4.139 count=126313
    8 RR .13 min=6.40us avg=8.97us max=130988.54us read(Gbits/sec)=3.607 write(Gbits/sec)=3.607 count=110092
    8 RR .14 min=6.14us avg=7.75us max=17.92us read(Gbits/sec)=4.169 write(Gbits/sec)=4.169 count=127229
    8 RR .15 min=6.40us avg=9.07us max=134047.23us read(Gbits/sec)=3.569 write(Gbits/sec)=3.569 count=108920
    8 RR .16 min=6.40us avg=7.81us max=19.20us read(Gbits/sec)=4.131 write(Gbits/sec)=4.131 count=126080
    8 RR .17 min=6.14us avg=7.75us max=39.17us read(Gbits/sec)=4.167 write(Gbits/sec)=4.167 count=127183
    8 RR .18 min=6.40us avg=7.75us max=18.94us read(Gbits/sec)=4.166 write(Gbits/sec)=4.166 count=127130
    8 RR .19 min=6.40us avg=7.78us max=19.71us read(Gbits/sec)=4.148 write(Gbits/sec)=4.148 count=126578
    8 RR .20 min=6.14us avg=7.81us max=19.71us read(Gbits/sec)=4.128 write(Gbits/sec)=4.128 count=125989
    8 RR .21 min=6.40us avg=7.75us max=20.99us read(Gbits/sec)=4.167 write(Gbits/sec)=4.167 count=127165
    8 RR .22 min=6.14us avg=7.75us max=20.22us read(Gbits/sec)=4.164 write(Gbits/sec)=4.164 count=127083
    8 RR .23 min=6.14us avg=7.75us max=18.94us read(Gbits/sec)=4.166 write(Gbits/sec)=4.166 count=127147
    8 RR Total-Throughput read(Gbits/sec)=97.549 write(Gbits/sec)=97.549

    9 RR .0 min=6.40us avg=7.78us max=154.37us read(Gbits/sec)=4.154 write(Gbits/sec)=4.154 count=126763
    9 RR .1 min=6.14us avg=9.06us max=158362.37us read(Gbits/sec)=4.035 write(Gbits/sec)=4.035 count=123154
    9 RR .2 min=6.14us avg=7.77us max=19.20us read(Gbits/sec)=4.156 write(Gbits/sec)=4.156 count=126839
    9 RR .3 min=6.40us avg=7.80us max=18.94us read(Gbits/sec)=4.141 write(Gbits/sec)=4.141 count=126362
    9 RR .4 min=6.40us avg=7.83us max=19.71us read(Gbits/sec)=4.125 write(Gbits/sec)=4.125 count=125887
    9 RR .5 min=6.14us avg=7.77us max=38.14us read(Gbits/sec)=4.157 write(Gbits/sec)=4.157 count=126877
    9 RR .6 min=6.40us avg=7.78us max=44.29us read(Gbits/sec)=4.153 write(Gbits/sec)=4.153 count=126734
    9 RR .7 min=6.40us avg=7.79us max=18.69us read(Gbits/sec)=4.144 write(Gbits/sec)=4.144 count=126474
    9 RR .8 min=6.40us avg=9.77us max=191090.18us read(Gbits/sec)=3.315 write(Gbits/sec)=3.315 count=101179
    9 RR .9 min=6.14us avg=7.77us max=44.80us read(Gbits/sec)=4.158 write(Gbits/sec)=4.158 count=126898
    9 RR .10 min=6.14us avg=8.79us max=128933.63us read(Gbits/sec)=4.136 write(Gbits/sec)=4.136 count=126225
    9 RR .11 min=6.40us avg=7.80us max=39.17us read(Gbits/sec)=4.140 write(Gbits/sec)=4.140 count=126358
    9 RR .12 min=6.40us avg=7.83us max=19.20us read(Gbits/sec)=4.124 write(Gbits/sec)=4.124 count=125870
    9 RR .13 min=6.14us avg=7.77us max=20.99us read(Gbits/sec)=4.158 write(Gbits/sec)=4.158 count=126898
    9 RR .14 min=6.14us avg=7.78us max=18.18us read(Gbits/sec)=4.154 write(Gbits/sec)=4.154 count=126768
    9 RR .15 min=6.14us avg=7.81us max=22.53us read(Gbits/sec)=4.135 write(Gbits/sec)=4.135 count=126212
    9 RR .16 min=6.40us avg=7.85us max=19.97us read(Gbits/sec)=4.109 write(Gbits/sec)=4.109 count=125416
    9 RR .17 min=6.14us avg=7.78us max=19.71us read(Gbits/sec)=4.152 write(Gbits/sec)=4.152 count=126710
    9 RR .18 min=6.14us avg=7.78us max=18.43us read(Gbits/sec)=4.150 write(Gbits/sec)=4.150 count=126645
    9 RR .19 min=6.40us avg=7.81us max=19.97us read(Gbits/sec)=4.113 write(Gbits/sec)=4.113 count=125533
    9 RR .20 min=6.40us avg=7.84us max=18.94us read(Gbits/sec)=4.112 write(Gbits/sec)=4.112 count=125514
    9 RR .21 min=6.14us avg=7.77us max=21.50us read(Gbits/sec)=4.152 write(Gbits/sec)=4.152 count=126714
    9 RR .22 min=6.14us avg=7.78us max=20.22us read(Gbits/sec)=4.149 write(Gbits/sec)=4.149 count=126619
    9 RR .23 min=6.14us avg=8.97us max=128294.40us read(Gbits/sec)=3.605 write(Gbits/sec)=3.605 count=110020
    9 RR Total-Throughput read(Gbits/sec)=97.928 write(Gbits/sec)=97.928

   10 RR .0 min=6.40us avg=7.68us max=125.44us read(Gbits/sec)=4.206 write(Gbits/sec)=4.206 count=128349
   10 RR .1 min=6.40us avg=7.67us max=19.71us read(Gbits/sec)=4.211 write(Gbits/sec)=4.211 count=128510
   10 RR .2 min=6.14us avg=7.68us max=19.46us read(Gbits/sec)=4.207 write(Gbits/sec)=4.207 count=128385
   10 RR .3 min=6.14us avg=7.71us max=19.46us read(Gbits/sec)=4.191 write(Gbits/sec)=4.191 count=127898
   10 RR .4 min=6.40us avg=7.74us max=18.69us read(Gbits/sec)=4.175 write(Gbits/sec)=4.175 count=127421
   10 RR .5 min=6.14us avg=7.67us max=17.92us read(Gbits/sec)=4.209 write(Gbits/sec)=4.209 count=128453
   10 RR .6 min=6.40us avg=7.68us max=29.70us read(Gbits/sec)=4.204 write(Gbits/sec)=4.204 count=128293
   10 RR .7 min=6.14us avg=7.71us max=18.18us read(Gbits/sec)=4.190 write(Gbits/sec)=4.190 count=127876
   10 RR .8 min=6.40us avg=7.74us max=38.66us read(Gbits/sec)=4.173 write(Gbits/sec)=4.173 count=127367
   10 RR .9 min=6.14us avg=7.67us max=48.64us read(Gbits/sec)=4.208 write(Gbits/sec)=4.208 count=128432
   10 RR .10 min=6.40us avg=7.67us max=20.74us read(Gbits/sec)=4.207 write(Gbits/sec)=4.207 count=128392
   10 RR .11 min=6.14us avg=7.70us max=31.23us read(Gbits/sec)=4.194 write(Gbits/sec)=4.194 count=127985
   10 RR .12 min=6.14us avg=9.35us max=165826.82us read(Gbits/sec)=3.462 write(Gbits/sec)=3.462 count=105645
   10 RR .13 min=6.14us avg=7.67us max=18.43us read(Gbits/sec)=4.209 write(Gbits/sec)=4.209 count=128445
   10 RR .14 min=6.14us avg=7.68us max=18.69us read(Gbits/sec)=4.204 write(Gbits/sec)=4.204 count=128301
   10 RR .15 min=6.40us avg=7.72us max=20.22us read(Gbits/sec)=4.184 write(Gbits/sec)=4.184 count=127699
   10 RR .16 min=6.40us avg=7.76us max=18.94us read(Gbits/sec)=4.159 write(Gbits/sec)=4.159 count=126931
   10 RR .17 min=6.14us avg=7.68us max=19.71us read(Gbits/sec)=4.204 write(Gbits/sec)=4.204 count=128288
   10 RR .18 min=6.40us avg=9.45us max=181918.46us read(Gbits/sec)=3.426 write(Gbits/sec)=3.426 count=104559
   10 RR .19 min=6.40us avg=9.25us max=162492.93us read(Gbits/sec)=3.513 write(Gbits/sec)=3.513 count=107215
   10 RR .20 min=6.40us avg=7.74us max=19.46us read(Gbits/sec)=4.170 write(Gbits/sec)=4.170 count=127255
   10 RR .21 min=6.14us avg=7.68us max=18.69us read(Gbits/sec)=4.204 write(Gbits/sec)=4.204 count=128294
   10 RR .22 min=6.14us avg=7.69us max=18.18us read(Gbits/sec)=4.201 write(Gbits/sec)=4.201 count=128198
   10 RR .23 min=6.40us avg=9.45us max=179853.57us read(Gbits/sec)=3.426 write(Gbits/sec)=3.426 count=104571
   10 RR Total-Throughput read(Gbits/sec)=97.737 write(Gbits/sec)=97.737

   11 RR .0 min=6.40us avg=7.85us max=41.73us read(Gbits/sec)=4.116 write(Gbits/sec)=4.116 count=125622
   11 RR .1 min=6.14us avg=7.84us max=18.18us read(Gbits/sec)=4.122 write(Gbits/sec)=4.122 count=125785
   11 RR .2 min=6.14us avg=7.85us max=35.07us read(Gbits/sec)=4.117 write(Gbits/sec)=4.117 count=125650
   11 RR .3 min=6.14us avg=7.88us max=18.43us read(Gbits/sec)=4.102 write(Gbits/sec)=4.102 count=125191
   11 RR .4 min=6.40us avg=7.90us max=19.97us read(Gbits/sec)=4.088 write(Gbits/sec)=4.088 count=124750
   11 RR .5 min=6.14us avg=7.84us max=34.82us read(Gbits/sec)=4.119 write(Gbits/sec)=4.119 count=125711
   11 RR .6 min=6.14us avg=7.85us max=18.43us read(Gbits/sec)=4.114 write(Gbits/sec)=4.114 count=125569
   11 RR .7 min=6.14us avg=7.88us max=18.94us read(Gbits/sec)=4.102 write(Gbits/sec)=4.102 count=125198
   11 RR .8 min=6.40us avg=7.91us max=39.17us read(Gbits/sec)=4.087 write(Gbits/sec)=4.087 count=124718
   11 RR .9 min=6.14us avg=7.84us max=32.00us read(Gbits/sec)=4.120 write(Gbits/sec)=4.120 count=125732
   11 RR .10 min=6.14us avg=7.84us max=19.71us read(Gbits/sec)=4.118 write(Gbits/sec)=4.118 count=125674
   11 RR .11 min=6.40us avg=7.87us max=18.18us read(Gbits/sec)=4.102 write(Gbits/sec)=4.102 count=125189
   11 RR .12 min=6.40us avg=7.90us max=20.48us read(Gbits/sec)=4.087 write(Gbits/sec)=4.087 count=124723
   11 RR .13 min=6.14us avg=7.84us max=19.46us read(Gbits/sec)=4.119 write(Gbits/sec)=4.119 count=125708
   11 RR .14 min=6.14us avg=7.85us max=19.46us read(Gbits/sec)=4.114 write(Gbits/sec)=4.114 count=125572
   11 RR .15 min=6.40us avg=7.88us max=20.48us read(Gbits/sec)=4.100 write(Gbits/sec)=4.100 count=125134
   11 RR .16 min=6.40us avg=9.14us max=126398.98us read(Gbits/sec)=3.540 write(Gbits/sec)=3.540 count=108027
   11 RR .17 min=6.14us avg=7.85us max=20.22us read(Gbits/sec)=4.114 write(Gbits/sec)=4.114 count=125561
   11 RR .18 min=6.40us avg=7.85us max=17.92us read(Gbits/sec)=4.112 write(Gbits/sec)=4.112 count=125493
   11 RR .19 min=6.14us avg=7.88us max=47.36us read(Gbits/sec)=4.095 write(Gbits/sec)=4.095 count=124986
   11 RR .20 min=6.40us avg=7.91us max=19.97us read(Gbits/sec)=4.076 write(Gbits/sec)=4.076 count=124397
   11 RR .21 min=6.14us avg=7.85us max=19.20us read(Gbits/sec)=4.113 write(Gbits/sec)=4.113 count=125530
   11 RR .22 min=6.14us avg=7.86us max=45.06us read(Gbits/sec)=4.110 write(Gbits/sec)=4.110 count=125432
   11 RR .23 min=6.14us avg=7.85us max=18.43us read(Gbits/sec)=4.112 write(Gbits/sec)=4.112 count=125503
   11 RR Total-Throughput read(Gbits/sec)=97.999 write(Gbits/sec)=97.999

   12 RR .0 min=6.14us avg=9.19us max=140357.12us read(Gbits/sec)=3.523 write(Gbits/sec)=3.523 count=107517
   12 RR .1 min=6.14us avg=7.79us max=17.92us read(Gbits/sec)=4.145 write(Gbits/sec)=4.145 count=126511
   12 RR .2 min=6.14us avg=7.80us max=19.71us read(Gbits/sec)=4.141 write(Gbits/sec)=4.141 count=126369
   12 RR .3 min=6.40us avg=7.83us max=18.69us read(Gbits/sec)=4.126 write(Gbits/sec)=4.126 count=125929
   12 RR .4 min=6.40us avg=7.86us max=18.69us read(Gbits/sec)=4.111 write(Gbits/sec)=4.111 count=125468
   12 RR .5 min=6.14us avg=7.80us max=18.43us read(Gbits/sec)=4.143 write(Gbits/sec)=4.143 count=126449
   12 RR .6 min=6.14us avg=7.81us max=32.51us read(Gbits/sec)=4.138 write(Gbits/sec)=4.138 count=126291
   12 RR .7 min=6.40us avg=7.83us max=37.63us read(Gbits/sec)=4.125 write(Gbits/sec)=4.125 count=125890
   12 RR .8 min=6.40us avg=7.86us max=39.68us read(Gbits/sec)=4.109 write(Gbits/sec)=4.109 count=125406
   12 RR .9 min=6.14us avg=7.80us max=18.43us read(Gbits/sec)=4.143 write(Gbits/sec)=4.143 count=126446
   12 RR .10 min=6.14us avg=7.80us max=37.89us read(Gbits/sec)=4.142 write(Gbits/sec)=4.142 count=126401
   12 RR .11 min=6.14us avg=7.82us max=18.69us read(Gbits/sec)=4.129 write(Gbits/sec)=4.129 count=125998
   12 RR .12 min=6.40us avg=9.59us max=169326.59us read(Gbits/sec)=3.378 write(Gbits/sec)=3.378 count=103078
   12 RR .13 min=6.14us avg=7.79us max=18.69us read(Gbits/sec)=4.143 write(Gbits/sec)=4.143 count=126440
   12 RR .14 min=6.40us avg=7.80us max=18.18us read(Gbits/sec)=4.139 write(Gbits/sec)=4.139 count=126306
   12 RR .15 min=6.14us avg=7.84us max=18.43us read(Gbits/sec)=4.120 write(Gbits/sec)=4.120 count=125749
   12 RR .16 min=6.14us avg=7.88us max=18.94us read(Gbits/sec)=4.096 write(Gbits/sec)=4.096 count=124998
   12 RR .17 min=6.40us avg=7.80us max=23.30us read(Gbits/sec)=4.137 write(Gbits/sec)=4.137 count=126267
   12 RR .18 min=6.40us avg=7.81us max=18.43us read(Gbits/sec)=4.135 write(Gbits/sec)=4.135 count=126185
   12 RR .19 min=6.40us avg=7.84us max=19.20us read(Gbits/sec)=4.118 write(Gbits/sec)=4.118 count=125693
   12 RR .20 min=6.14us avg=7.87us max=19.46us read(Gbits/sec)=4.099 write(Gbits/sec)=4.099 count=125106
   12 RR .21 min=6.14us avg=7.80us max=18.43us read(Gbits/sec)=4.137 write(Gbits/sec)=4.137 count=126249
   12 RR .22 min=6.40us avg=7.81us max=20.74us read(Gbits/sec)=4.133 write(Gbits/sec)=4.133 count=126153
   12 RR .23 min=6.14us avg=7.81us max=20.74us read(Gbits/sec)=4.136 write(Gbits/sec)=4.136 count=126240
   12 RR Total-Throughput read(Gbits/sec)=97.748 write(Gbits/sec)=97.748

   13 RR .0 min=6.14us avg=7.80us max=1060.61us read(Gbits/sec)=4.139 write(Gbits/sec)=4.139 count=126315
   13 RR .1 min=6.14us avg=7.78us max=18.18us read(Gbits/sec)=4.152 write(Gbits/sec)=4.152 count=126710
   13 RR .2 min=6.14us avg=7.79us max=44.03us read(Gbits/sec)=4.149 write(Gbits/sec)=4.149 count=126608
   13 RR .3 min=6.14us avg=7.82us max=17.66us read(Gbits/sec)=4.133 write(Gbits/sec)=4.133 count=126143
   13 RR .4 min=6.14us avg=7.84us max=18.94us read(Gbits/sec)=4.119 write(Gbits/sec)=4.119 count=125698
   13 RR .5 min=6.14us avg=7.79us max=32.77us read(Gbits/sec)=4.150 write(Gbits/sec)=4.150 count=126650
   13 RR .6 min=6.14us avg=7.79us max=19.97us read(Gbits/sec)=4.146 write(Gbits/sec)=4.146 count=126523
   13 RR .7 min=6.14us avg=9.61us max=175942.14us read(Gbits/sec)=3.369 write(Gbits/sec)=3.369 count=102813
   13 RR .8 min=6.40us avg=7.83us max=36.61us read(Gbits/sec)=4.123 write(Gbits/sec)=4.123 count=125837
   13 RR .9 min=6.14us avg=7.78us max=29.70us read(Gbits/sec)=4.151 write(Gbits/sec)=4.151 count=126679
   13 RR .10 min=6.14us avg=7.78us max=19.71us read(Gbits/sec)=4.149 write(Gbits/sec)=4.149 count=126628
   13 RR .11 min=6.40us avg=7.81us max=21.76us read(Gbits/sec)=4.133 write(Gbits/sec)=4.133 count=126135
   13 RR .12 min=6.40us avg=7.84us max=19.71us read(Gbits/sec)=4.117 write(Gbits/sec)=4.117 count=125640
   13 RR .13 min=6.14us avg=7.87us max=18.43us read(Gbits/sec)=3.448 write(Gbits/sec)=3.448 count=105233
   13 RR .14 min=6.14us avg=7.79us max=18.94us read(Gbits/sec)=4.147 write(Gbits/sec)=4.147 count=126565
   13 RR .15 min=6.40us avg=7.82us max=20.22us read(Gbits/sec)=4.127 write(Gbits/sec)=4.127 count=125949
   13 RR .16 min=6.40us avg=7.87us max=19.46us read(Gbits/sec)=4.103 write(Gbits/sec)=4.103 count=125209
   13 RR .17 min=6.14us avg=7.79us max=19.20us read(Gbits/sec)=4.145 write(Gbits/sec)=4.145 count=126488
   13 RR .18 min=6.40us avg=7.80us max=19.97us read(Gbits/sec)=4.045 write(Gbits/sec)=4.045 count=123436
   13 RR .19 min=6.40us avg=7.82us max=33.54us read(Gbits/sec)=4.126 write(Gbits/sec)=4.126 count=125915
   13 RR .20 min=6.40us avg=7.86us max=20.22us read(Gbits/sec)=4.106 write(Gbits/sec)=4.106 count=125307
   13 RR .21 min=6.14us avg=7.79us max=18.18us read(Gbits/sec)=4.144 write(Gbits/sec)=4.144 count=126466
   13 RR .22 min=6.14us avg=7.80us max=40.70us read(Gbits/sec)=4.141 write(Gbits/sec)=4.141 count=126377
   13 RR .23 min=6.40us avg=7.79us max=19.71us read(Gbits/sec)=4.144 write(Gbits/sec)=4.144 count=126466
   13 RR Total-Throughput read(Gbits/sec)=97.705 write(Gbits/sec)=97.705

   14 RR .0 min=6.14us avg=8.84us max=128245.76us read(Gbits/sec)=3.660 write(Gbits/sec)=3.660 count=111697
   14 RR .1 min=6.14us avg=7.67us max=19.46us read(Gbits/sec)=4.211 write(Gbits/sec)=4.211 count=128519
   14 RR .2 min=6.14us avg=7.69us max=19.20us read(Gbits/sec)=3.816 write(Gbits/sec)=3.816 count=116462
   14 RR .3 min=6.14us avg=7.70us max=42.24us read(Gbits/sec)=4.193 write(Gbits/sec)=4.193 count=127947
   14 RR .4 min=6.40us avg=7.74us max=20.99us read(Gbits/sec)=4.175 write(Gbits/sec)=4.175 count=127412
   14 RR .5 min=6.14us avg=7.67us max=21.50us read(Gbits/sec)=4.210 write(Gbits/sec)=4.210 count=128486
   14 RR .6 min=6.14us avg=7.68us max=38.14us read(Gbits/sec)=4.204 write(Gbits/sec)=4.204 count=128294
   14 RR .7 min=6.14us avg=7.71us max=45.82us read(Gbits/sec)=4.190 write(Gbits/sec)=4.190 count=127881
   14 RR .8 min=6.40us avg=7.74us max=39.68us read(Gbits/sec)=4.173 write(Gbits/sec)=4.173 count=127370
   14 RR .9 min=6.14us avg=7.67us max=44.54us read(Gbits/sec)=4.209 write(Gbits/sec)=4.209 count=128452
   14 RR .10 min=6.14us avg=7.67us max=19.71us read(Gbits/sec)=4.207 write(Gbits/sec)=4.207 count=128406
   14 RR .11 min=6.14us avg=7.70us max=19.97us read(Gbits/sec)=4.191 write(Gbits/sec)=4.191 count=127915
   14 RR .12 min=6.40us avg=7.74us max=20.48us read(Gbits/sec)=4.174 write(Gbits/sec)=4.174 count=127386
   14 RR .13 min=6.14us avg=9.15us max=184256.51us read(Gbits/sec)=4.103 write(Gbits/sec)=4.103 count=125221
   14 RR .14 min=6.14us avg=7.68us max=19.97us read(Gbits/sec)=4.204 write(Gbits/sec)=4.204 count=128293
   14 RR .15 min=6.40us avg=7.71us max=19.20us read(Gbits/sec)=4.185 write(Gbits/sec)=4.185 count=127724
   14 RR .16 min=6.40us avg=7.76us max=19.46us read(Gbits/sec)=4.159 write(Gbits/sec)=4.159 count=126923
   14 RR .17 min=6.14us avg=7.68us max=46.08us read(Gbits/sec)=4.205 write(Gbits/sec)=4.205 count=128327
   14 RR .18 min=6.40us avg=8.96us max=141534.21us read(Gbits/sec)=3.690 write(Gbits/sec)=3.690 count=112609
   14 RR .19 min=6.40us avg=7.71us max=19.97us read(Gbits/sec)=4.183 write(Gbits/sec)=4.183 count=127672
   14 RR .20 min=6.40us avg=7.75us max=18.94us read(Gbits/sec)=4.164 write(Gbits/sec)=4.164 count=127074
   14 RR .21 min=6.14us avg=8.80us max=123919.36us read(Gbits/sec)=3.675 write(Gbits/sec)=3.675 count=112164
   14 RR .22 min=6.40us avg=7.68us max=51.97us read(Gbits/sec)=4.201 write(Gbits/sec)=4.201 count=128207
   14 RR .23 min=6.14us avg=9.40us max=177779.71us read(Gbits/sec)=3.446 write(Gbits/sec)=3.446 count=105161
   14 RR Total-Throughput read(Gbits/sec)=97.827 write(Gbits/sec)=97.827

   15 RR .0 min=6.14us avg=7.83us max=153.34us read(Gbits/sec)=4.127 write(Gbits/sec)=4.127 count=125946
   15 RR .1 min=6.14us avg=7.82us max=18.94us read(Gbits/sec)=4.132 write(Gbits/sec)=4.132 count=126096
   15 RR .2 min=6.14us avg=9.24us max=162510.34us read(Gbits/sec)=3.827 write(Gbits/sec)=3.827 count=116782
   15 RR .3 min=6.14us avg=7.85us max=19.20us read(Gbits/sec)=4.114 write(Gbits/sec)=4.114 count=125555
   15 RR .4 min=6.40us avg=7.88us max=19.71us read(Gbits/sec)=4.098 write(Gbits/sec)=4.098 count=125066
   15 RR .5 min=6.14us avg=7.82us max=33.79us read(Gbits/sec)=4.130 write(Gbits/sec)=4.130 count=126052
   15 RR .6 min=6.40us avg=7.83us max=19.97us read(Gbits/sec)=4.125 write(Gbits/sec)=4.125 count=125898
   15 RR .7 min=6.14us avg=7.85us max=18.94us read(Gbits/sec)=4.112 write(Gbits/sec)=4.112 count=125500
   15 RR .8 min=6.14us avg=7.89us max=41.73us read(Gbits/sec)=4.096 write(Gbits/sec)=4.096 count=125011
   15 RR .9 min=6.14us avg=7.82us max=41.73us read(Gbits/sec)=4.130 write(Gbits/sec)=4.130 count=126030
   15 RR .10 min=6.14us avg=7.82us max=19.20us read(Gbits/sec)=4.128 write(Gbits/sec)=4.128 count=125994
   15 RR .11 min=6.14us avg=7.85us max=21.76us read(Gbits/sec)=4.113 write(Gbits/sec)=4.113 count=125536
   15 RR .12 min=6.40us avg=7.88us max=19.20us read(Gbits/sec)=4.098 write(Gbits/sec)=4.098 count=125056
   15 RR .13 min=6.14us avg=7.82us max=19.97us read(Gbits/sec)=4.130 write(Gbits/sec)=4.130 count=126042
   15 RR .14 min=6.14us avg=7.83us max=18.94us read(Gbits/sec)=4.126 write(Gbits/sec)=4.126 count=125905
   15 RR .15 min=6.40us avg=7.87us max=19.97us read(Gbits/sec)=4.106 write(Gbits/sec)=4.106 count=125319
   15 RR .16 min=6.66us avg=7.91us max=19.46us read(Gbits/sec)=4.082 write(Gbits/sec)=4.082 count=124586
   15 RR .17 min=6.40us avg=8.93us max=118083.33us read(Gbits/sec)=3.621 write(Gbits/sec)=3.621 count=110500
   15 RR .18 min=6.40us avg=7.83us max=20.22us read(Gbits/sec)=4.123 write(Gbits/sec)=4.123 count=125829
   15 RR .19 min=6.14us avg=7.86us max=18.43us read(Gbits/sec)=4.105 write(Gbits/sec)=4.105 count=125285
   15 RR .20 min=6.40us avg=7.89us max=18.69us read(Gbits/sec)=4.086 write(Gbits/sec)=4.086 count=124717
   15 RR .21 min=6.14us avg=7.83us max=19.20us read(Gbits/sec)=4.124 write(Gbits/sec)=4.124 count=125864
   15 RR .22 min=6.40us avg=7.83us max=19.46us read(Gbits/sec)=4.121 write(Gbits/sec)=4.121 count=125779
   15 RR .23 min=6.14us avg=7.83us max=18.69us read(Gbits/sec)=4.123 write(Gbits/sec)=4.123 count=125836
   15 RR Total-Throughput read(Gbits/sec)=97.979 write(Gbits/sec)=97.979

   16 RR .0 min=6.40us avg=7.79us max=124.67us read(Gbits/sec)=4.144 write(Gbits/sec)=4.144 count=126463
   16 RR .1 min=6.14us avg=7.79us max=47.87us read(Gbits/sec)=4.148 write(Gbits/sec)=4.148 count=126592
   16 RR .2 min=6.40us avg=7.80us max=40.96us read(Gbits/sec)=4.144 write(Gbits/sec)=4.144 count=126470
   16 RR .3 min=6.40us avg=7.82us max=18.43us read(Gbits/sec)=4.129 write(Gbits/sec)=4.129 count=126020
   16 RR .4 min=6.40us avg=7.85us max=20.99us read(Gbits/sec)=4.114 write(Gbits/sec)=4.114 count=125561
   16 RR .5 min=6.14us avg=7.79us max=18.43us read(Gbits/sec)=4.146 write(Gbits/sec)=4.146 count=126538
   16 RR .6 min=6.14us avg=7.80us max=33.79us read(Gbits/sec)=4.141 write(Gbits/sec)=4.141 count=126379
   16 RR .7 min=6.40us avg=7.82us max=19.97us read(Gbits/sec)=4.129 write(Gbits/sec)=4.129 count=126008
   16 RR .8 min=6.14us avg=7.85us max=35.33us read(Gbits/sec)=4.113 write(Gbits/sec)=4.113 count=125509
   16 RR .9 min=6.14us avg=7.79us max=18.69us read(Gbits/sec)=4.147 write(Gbits/sec)=4.147 count=126545
   16 RR .10 min=6.40us avg=7.79us max=18.69us read(Gbits/sec)=4.145 write(Gbits/sec)=4.145 count=126498
   16 RR .11 min=6.14us avg=7.82us max=18.43us read(Gbits/sec)=4.129 write(Gbits/sec)=4.129 count=126001
   16 RR .12 min=6.40us avg=7.85us max=19.46us read(Gbits/sec)=4.112 write(Gbits/sec)=4.112 count=125503
   16 RR .13 min=6.40us avg=7.79us max=18.18us read(Gbits/sec)=4.147 write(Gbits/sec)=4.147 count=126550
   16 RR .14 min=6.14us avg=7.80us max=18.43us read(Gbits/sec)=4.141 write(Gbits/sec)=4.141 count=126375
   16 RR .15 min=6.40us avg=7.83us max=20.22us read(Gbits/sec)=4.123 write(Gbits/sec)=4.123 count=125831
   16 RR .16 min=6.40us avg=7.87us max=51.71us read(Gbits/sec)=4.099 write(Gbits/sec)=4.099 count=125109
   16 RR .17 min=6.40us avg=7.79us max=21.25us read(Gbits/sec)=4.141 write(Gbits/sec)=4.141 count=126377
   16 RR .18 min=6.40us avg=7.80us max=36.35us read(Gbits/sec)=4.139 write(Gbits/sec)=4.139 count=126313
   16 RR .19 min=6.40us avg=7.83us max=19.20us read(Gbits/sec)=4.122 write(Gbits/sec)=4.122 count=125786
   16 RR .20 min=6.14us avg=7.87us max=32.77us read(Gbits/sec)=4.101 write(Gbits/sec)=4.101 count=125153
   16 RR .21 min=6.14us avg=7.79us max=17.92us read(Gbits/sec)=4.141 write(Gbits/sec)=4.141 count=126368
   16 RR .22 min=6.14us avg=7.80us max=18.43us read(Gbits/sec)=4.138 write(Gbits/sec)=4.138 count=126277
   16 RR .23 min=6.40us avg=10.12us max=198396.93us read(Gbits/sec)=2.923 write(Gbits/sec)=2.923 count=89200
   16 RR Total-Throughput read(Gbits/sec)=97.955 write(Gbits/sec)=97.955

   17 RR .0 min=6.14us avg=7.80us max=37.89us read(Gbits/sec)=4.139 write(Gbits/sec)=4.139 count=126325
   17 RR .1 min=6.14us avg=7.80us max=18.69us read(Gbits/sec)=4.144 write(Gbits/sec)=4.144 count=126457
   17 RR .2 min=6.14us avg=7.80us max=18.43us read(Gbits/sec)=4.140 write(Gbits/sec)=4.140 count=126334
   17 RR .3 min=6.40us avg=7.83us max=19.20us read(Gbits/sec)=4.124 write(Gbits/sec)=4.124 count=125857
   17 RR .4 min=6.40us avg=7.86us max=20.48us read(Gbits/sec)=4.110 write(Gbits/sec)=4.110 count=125433
   17 RR .5 min=6.14us avg=7.80us max=29.95us read(Gbits/sec)=4.142 write(Gbits/sec)=4.142 count=126400
   17 RR .6 min=6.14us avg=7.81us max=19.46us read(Gbits/sec)=4.137 write(Gbits/sec)=4.137 count=126268
   17 RR .7 min=6.14us avg=7.83us max=19.46us read(Gbits/sec)=4.124 write(Gbits/sec)=4.124 count=125857
   17 RR .8 min=6.40us avg=7.86us max=18.94us read(Gbits/sec)=4.108 write(Gbits/sec)=4.108 count=125364
   17 RR .9 min=6.14us avg=7.80us max=33.02us read(Gbits/sec)=4.141 write(Gbits/sec)=4.141 count=126393
   17 RR .10 min=6.14us avg=7.80us max=19.20us read(Gbits/sec)=4.141 write(Gbits/sec)=4.141 count=126391
   17 RR .11 min=6.40us avg=7.83us max=18.69us read(Gbits/sec)=4.124 write(Gbits/sec)=4.124 count=125850
   17 RR .12 min=6.40us avg=7.86us max=19.71us read(Gbits/sec)=4.108 write(Gbits/sec)=4.108 count=125371
   17 RR .13 min=6.40us avg=7.80us max=18.94us read(Gbits/sec)=4.141 write(Gbits/sec)=4.141 count=126389
   17 RR .14 min=6.14us avg=7.81us max=18.18us read(Gbits/sec)=4.137 write(Gbits/sec)=4.137 count=126244
   17 RR .15 min=6.40us avg=7.84us max=19.46us read(Gbits/sec)=4.119 write(Gbits/sec)=4.119 count=125698
   17 RR .16 min=6.40us avg=7.88us max=19.97us read(Gbits/sec)=4.094 write(Gbits/sec)=4.094 count=124940
   17 RR .17 min=6.14us avg=7.80us max=43.01us read(Gbits/sec)=4.136 write(Gbits/sec)=4.136 count=126241
   17 RR .18 min=6.14us avg=7.81us max=20.22us read(Gbits/sec)=4.133 write(Gbits/sec)=4.133 count=126149
   17 RR .19 min=6.14us avg=7.84us max=22.02us read(Gbits/sec)=4.116 write(Gbits/sec)=4.116 count=125618
   17 RR .20 min=6.40us avg=7.87us max=18.94us read(Gbits/sec)=4.096 write(Gbits/sec)=4.096 count=125023
   17 RR .21 min=6.14us avg=9.27us max=151140.35us read(Gbits/sec)=3.491 write(Gbits/sec)=3.491 count=106545
   17 RR .22 min=6.40us avg=7.81us max=20.22us read(Gbits/sec)=4.133 write(Gbits/sec)=4.133 count=126128
   17 RR .23 min=6.40us avg=9.56us max=194020.86us read(Gbits/sec)=3.681 write(Gbits/sec)=3.681 count=112350
   17 RR Total-Throughput read(Gbits/sec)=97.960 write(Gbits/sec)=97.960

   18 RR .0 min=6.66us avg=7.90us max=1060.35us read(Gbits/sec)=4.088 write(Gbits/sec)=4.088 count=124755
   18 RR .1 min=6.14us avg=7.88us max=18.18us read(Gbits/sec)=4.101 write(Gbits/sec)=4.101 count=125163
   18 RR .2 min=6.40us avg=7.89us max=18.69us read(Gbits/sec)=4.097 write(Gbits/sec)=4.097 count=125022
   18 RR .3 min=6.40us avg=7.92us max=19.20us read(Gbits/sec)=4.082 write(Gbits/sec)=4.082 count=124586
   18 RR .4 min=6.40us avg=7.94us max=19.97us read(Gbits/sec)=4.067 write(Gbits/sec)=4.067 count=124131
   18 RR .5 min=6.14us avg=7.88us max=27.65us read(Gbits/sec)=4.099 write(Gbits/sec)=4.099 count=125084
   18 RR .6 min=6.14us avg=7.89us max=31.74us read(Gbits/sec)=4.094 write(Gbits/sec)=4.094 count=124929
   18 RR .7 min=6.14us avg=7.91us max=37.12us read(Gbits/sec)=4.082 write(Gbits/sec)=4.082 count=124565
   18 RR .8 min=6.14us avg=7.95us max=38.14us read(Gbits/sec)=4.066 write(Gbits/sec)=4.066 count=124083
   18 RR .9 min=6.14us avg=7.88us max=18.69us read(Gbits/sec)=4.099 write(Gbits/sec)=4.099 count=125088
   18 RR .10 min=6.14us avg=7.88us max=45.57us read(Gbits/sec)=4.098 write(Gbits/sec)=4.098 count=125052
   18 RR .11 min=6.40us avg=7.91us max=18.69us read(Gbits/sec)=4.082 write(Gbits/sec)=4.082 count=124579
   18 RR .12 min=6.14us avg=7.94us max=22.02us read(Gbits/sec)=4.066 write(Gbits/sec)=4.066 count=124084
   18 RR .13 min=6.14us avg=7.88us max=19.71us read(Gbits/sec)=4.099 write(Gbits/sec)=4.099 count=125086
   18 RR .14 min=6.14us avg=7.89us max=21.50us read(Gbits/sec)=4.094 write(Gbits/sec)=4.094 count=124929
   18 RR .15 min=6.40us avg=7.92us max=18.69us read(Gbits/sec)=4.075 write(Gbits/sec)=4.075 count=124374
   18 RR .16 min=6.40us avg=7.96us max=18.69us read(Gbits/sec)=4.052 write(Gbits/sec)=4.052 count=123660
   18 RR .17 min=6.40us avg=7.89us max=36.35us read(Gbits/sec)=4.093 write(Gbits/sec)=4.093 count=124919
   18 RR .18 min=6.40us avg=7.89us max=19.71us read(Gbits/sec)=4.090 write(Gbits/sec)=4.090 count=124830
   18 RR .19 min=6.40us avg=7.93us max=19.71us read(Gbits/sec)=4.074 write(Gbits/sec)=4.074 count=124319
   18 RR .20 min=6.14us avg=7.96us max=19.97us read(Gbits/sec)=4.054 write(Gbits/sec)=4.054 count=123734
   18 RR .21 min=6.14us avg=7.89us max=18.94us read(Gbits/sec)=4.093 write(Gbits/sec)=4.093 count=124921
   18 RR .22 min=6.40us avg=7.89us max=19.71us read(Gbits/sec)=4.090 write(Gbits/sec)=4.090 count=124813
   18 RR .23 min=6.14us avg=7.89us max=19.46us read(Gbits/sec)=4.093 write(Gbits/sec)=4.093 count=124920
   18 RR Total-Throughput read(Gbits/sec)=98.027 write(Gbits/sec)=98.027

   19 RR .0 min=6.40us avg=7.84us max=742.14us read(Gbits/sec)=4.122 write(Gbits/sec)=4.122 count=125779
   19 RR .1 min=6.14us avg=7.83us max=17.92us read(Gbits/sec)=4.128 write(Gbits/sec)=4.128 count=125982
   19 RR .2 min=6.40us avg=7.83us max=38.66us read(Gbits/sec)=4.126 write(Gbits/sec)=4.126 count=125902
   19 RR .3 min=6.40us avg=7.86us max=19.71us read(Gbits/sec)=4.111 write(Gbits/sec)=4.111 count=125458
   19 RR .4 min=6.40us avg=7.89us max=19.71us read(Gbits/sec)=4.095 write(Gbits/sec)=4.095 count=124971
   19 RR .5 min=6.40us avg=7.83us max=36.61us read(Gbits/sec)=4.127 write(Gbits/sec)=4.127 count=125944
   19 RR .6 min=6.40us avg=7.84us max=18.94us read(Gbits/sec)=4.123 write(Gbits/sec)=4.123 count=125810
   19 RR .7 min=6.40us avg=7.86us max=17.66us read(Gbits/sec)=4.109 write(Gbits/sec)=4.109 count=125408
   19 RR .8 min=6.40us avg=7.89us max=30.98us read(Gbits/sec)=4.094 write(Gbits/sec)=4.094 count=124934
   19 RR .9 min=6.14us avg=7.83us max=33.28us read(Gbits/sec)=4.126 write(Gbits/sec)=4.126 count=125931
   19 RR .10 min=6.14us avg=7.83us max=18.18us read(Gbits/sec)=4.126 write(Gbits/sec)=4.126 count=125924
   19 RR .11 min=6.14us avg=7.86us max=19.20us read(Gbits/sec)=4.110 write(Gbits/sec)=4.110 count=125428
   19 RR .12 min=6.40us avg=7.89us max=20.74us read(Gbits/sec)=4.094 write(Gbits/sec)=4.094 count=124957
   19 RR .13 min=6.14us avg=7.82us max=17.66us read(Gbits/sec)=4.127 write(Gbits/sec)=4.127 count=125964
   19 RR .14 min=6.14us avg=7.83us max=17.92us read(Gbits/sec)=4.121 write(Gbits/sec)=4.121 count=125782
   19 RR .15 min=6.40us avg=9.60us max=172660.99us read(Gbits/sec)=3.372 write(Gbits/sec)=3.372 count=102901
   19 RR .16 min=6.40us avg=7.89us max=18.69us read(Gbits/sec)=4.088 write(Gbits/sec)=4.088 count=124758
   19 RR .17 min=6.14us avg=7.83us max=18.43us read(Gbits/sec)=4.122 write(Gbits/sec)=4.122 count=125805
   19 RR .18 min=6.40us avg=7.84us max=18.43us read(Gbits/sec)=4.120 write(Gbits/sec)=4.120 count=125727
   19 RR .19 min=6.40us avg=7.87us max=20.74us read(Gbits/sec)=4.101 write(Gbits/sec)=4.101 count=125166
   19 RR .20 min=6.40us avg=7.90us max=19.20us read(Gbits/sec)=4.083 write(Gbits/sec)=4.083 count=124609
   19 RR .21 min=6.40us avg=7.83us max=18.43us read(Gbits/sec)=4.121 write(Gbits/sec)=4.121 count=125771
   19 RR .22 min=6.40us avg=7.84us max=49.15us read(Gbits/sec)=4.119 write(Gbits/sec)=4.119 count=125711
   19 RR .23 min=6.40us avg=7.84us max=18.18us read(Gbits/sec)=4.121 write(Gbits/sec)=4.121 count=125770
   19 RR Total-Throughput read(Gbits/sec)=97.987 write(Gbits/sec)=97.987

   20 RR .0 min=6.40us avg=7.79us max=184.58us read(Gbits/sec)=4.147 write(Gbits/sec)=4.147 count=126571
   20 RR .1 min=6.14us avg=7.78us max=18.69us read(Gbits/sec)=4.152 write(Gbits/sec)=4.152 count=126723
   20 RR .2 min=6.40us avg=7.79us max=20.99us read(Gbits/sec)=4.149 write(Gbits/sec)=4.149 count=126628
   20 RR .3 min=6.40us avg=7.82us max=19.46us read(Gbits/sec)=4.133 write(Gbits/sec)=4.133 count=126116
   20 RR .4 min=6.40us avg=7.84us max=19.46us read(Gbits/sec)=4.118 write(Gbits/sec)=4.118 count=125665
   20 RR .5 min=6.14us avg=7.79us max=41.73us read(Gbits/sec)=4.150 write(Gbits/sec)=4.150 count=126638
   20 RR .6 min=6.14us avg=7.79us max=40.19us read(Gbits/sec)=4.145 write(Gbits/sec)=4.145 count=126484
   20 RR .7 min=6.14us avg=7.81us max=18.94us read(Gbits/sec)=4.133 write(Gbits/sec)=4.133 count=126125
   20 RR .8 min=6.40us avg=7.84us max=34.56us read(Gbits/sec)=4.116 write(Gbits/sec)=4.116 count=125617
   20 RR .9 min=6.14us avg=7.78us max=18.94us read(Gbits/sec)=4.150 write(Gbits/sec)=4.150 count=126655
   20 RR .10 min=6.14us avg=9.22us max=147249.15us read(Gbits/sec)=3.512 write(Gbits/sec)=3.512 count=107179
   20 RR .11 min=6.14us avg=7.82us max=19.46us read(Gbits/sec)=4.132 write(Gbits/sec)=4.132 count=126110
   20 RR .12 min=6.40us avg=7.84us max=22.02us read(Gbits/sec)=4.117 write(Gbits/sec)=4.117 count=125630
   20 RR .13 min=6.14us avg=7.78us max=23.04us read(Gbits/sec)=4.151 write(Gbits/sec)=4.151 count=126672
   20 RR .14 min=6.14us avg=7.79us max=19.20us read(Gbits/sec)=4.145 write(Gbits/sec)=4.145 count=126509
   20 RR .15 min=6.14us avg=7.83us max=20.48us read(Gbits/sec)=4.126 write(Gbits/sec)=4.126 count=125939
   20 RR .16 min=6.14us avg=7.87us max=18.94us read(Gbits/sec)=4.101 write(Gbits/sec)=4.101 count=125174
   20 RR .17 min=6.14us avg=7.79us max=19.71us read(Gbits/sec)=4.146 write(Gbits/sec)=4.146 count=126526
   20 RR .18 min=6.40us avg=7.79us max=17.66us read(Gbits/sec)=4.142 write(Gbits/sec)=4.142 count=126424
   20 RR .19 min=6.40us avg=7.83us max=18.94us read(Gbits/sec)=4.124 write(Gbits/sec)=4.124 count=125877
   20 RR .20 min=6.40us avg=7.86us max=18.94us read(Gbits/sec)=4.105 write(Gbits/sec)=4.105 count=125274
   20 RR .21 min=6.14us avg=7.79us max=20.99us read(Gbits/sec)=4.145 write(Gbits/sec)=4.145 count=126494
   20 RR .22 min=6.14us avg=7.80us max=19.46us read(Gbits/sec)=4.141 write(Gbits/sec)=4.141 count=126387
   20 RR .23 min=6.40us avg=9.75us max=190545.41us read(Gbits/sec)=3.322 write(Gbits/sec)=3.322 count=101385
   20 RR Total-Throughput read(Gbits/sec)=97.802 write(Gbits/sec)=97.802

   21 RR .0 min=6.14us avg=7.85us max=128.26us read(Gbits/sec)=4.116 write(Gbits/sec)=4.116 count=125604
   21 RR .1 min=6.14us avg=7.84us max=18.94us read(Gbits/sec)=4.121 write(Gbits/sec)=4.121 count=125767
   21 RR .2 min=6.14us avg=7.85us max=36.35us read(Gbits/sec)=4.117 write(Gbits/sec)=4.117 count=125634
   21 RR .3 min=6.14us avg=7.88us max=19.46us read(Gbits/sec)=4.102 write(Gbits/sec)=4.102 count=125188
   21 RR .4 min=6.40us avg=7.90us max=19.20us read(Gbits/sec)=4.087 write(Gbits/sec)=4.087 count=124725
   21 RR .5 min=6.14us avg=7.84us max=38.40us read(Gbits/sec)=4.119 write(Gbits/sec)=4.119 count=125718
   21 RR .6 min=6.14us avg=7.86us max=18.43us read(Gbits/sec)=4.113 write(Gbits/sec)=4.113 count=125531
   21 RR .7 min=6.14us avg=7.88us max=19.46us read(Gbits/sec)=4.102 write(Gbits/sec)=4.102 count=125173
   21 RR .8 min=6.40us avg=7.91us max=40.45us read(Gbits/sec)=4.085 write(Gbits/sec)=4.085 count=124660
   21 RR .9 min=6.14us avg=7.84us max=45.06us read(Gbits/sec)=4.119 write(Gbits/sec)=4.119 count=125692
   21 RR .10 min=6.14us avg=7.84us max=21.25us read(Gbits/sec)=4.119 write(Gbits/sec)=4.119 count=125696
   21 RR .11 min=6.40us avg=7.88us max=30.98us read(Gbits/sec)=4.101 write(Gbits/sec)=4.101 count=125159
   21 RR .12 min=6.14us avg=7.90us max=20.74us read(Gbits/sec)=4.086 write(Gbits/sec)=4.086 count=124692
   21 RR .13 min=6.14us avg=7.84us max=18.43us read(Gbits/sec)=4.119 write(Gbits/sec)=4.119 count=125694
   21 RR .14 min=6.14us avg=7.85us max=19.20us read(Gbits/sec)=4.114 write(Gbits/sec)=4.114 count=125553
   21 RR .15 min=6.40us avg=7.88us max=20.99us read(Gbits/sec)=4.096 write(Gbits/sec)=4.096 count=125016
   21 RR .16 min=6.40us avg=7.93us max=19.46us read(Gbits/sec)=4.071 write(Gbits/sec)=4.071 count=124241
   21 RR .17 min=6.14us avg=7.85us max=30.72us read(Gbits/sec)=4.114 write(Gbits/sec)=4.114 count=125546
   21 RR .18 min=6.14us avg=7.85us max=20.74us read(Gbits/sec)=4.111 write(Gbits/sec)=4.111 count=125470
   21 RR .19 min=6.40us avg=7.88us max=19.46us read(Gbits/sec)=4.094 write(Gbits/sec)=4.094 count=124945
   21 RR .20 min=6.40us avg=7.92us max=19.46us read(Gbits/sec)=4.074 write(Gbits/sec)=4.074 count=124326
   21 RR .21 min=6.14us avg=7.85us max=18.18us read(Gbits/sec)=4.111 write(Gbits/sec)=4.111 count=125478
   21 RR .22 min=6.40us avg=9.01us max=122198.27us read(Gbits/sec)=3.590 write(Gbits/sec)=3.590 count=109555
   21 RR .23 min=6.14us avg=7.85us max=19.71us read(Gbits/sec)=4.112 write(Gbits/sec)=4.112 count=125503
   21 RR Total-Throughput read(Gbits/sec)=97.992 write(Gbits/sec)=97.992

   22 RR .0 min=6.40us avg=7.78us max=35.84us read(Gbits/sec)=4.152 write(Gbits/sec)=4.152 count=126699
   22 RR .1 min=6.14us avg=7.77us max=39.94us read(Gbits/sec)=4.157 write(Gbits/sec)=4.157 count=126863
   22 RR .2 min=6.14us avg=7.78us max=19.20us read(Gbits/sec)=4.152 write(Gbits/sec)=4.152 count=126722
   22 RR .3 min=6.14us avg=7.81us max=19.46us read(Gbits/sec)=4.137 write(Gbits/sec)=4.137 count=126265
   22 RR .4 min=6.40us avg=7.84us max=19.71us read(Gbits/sec)=4.122 write(Gbits/sec)=4.122 count=125794
   22 RR .5 min=6.14us avg=7.78us max=17.92us read(Gbits/sec)=4.155 write(Gbits/sec)=4.155 count=126794
   22 RR .6 min=6.14us avg=7.79us max=36.35us read(Gbits/sec)=4.149 write(Gbits/sec)=4.149 count=126625
   22 RR .7 min=6.14us avg=7.81us max=18.94us read(Gbits/sec)=4.137 write(Gbits/sec)=4.137 count=126252
   22 RR .8 min=6.14us avg=7.84us max=41.22us read(Gbits/sec)=4.121 write(Gbits/sec)=4.121 count=125754
   22 RR .9 min=6.14us avg=7.77us max=18.43us read(Gbits/sec)=4.155 write(Gbits/sec)=4.155 count=126805
   22 RR .10 min=6.40us avg=7.78us max=18.43us read(Gbits/sec)=4.154 write(Gbits/sec)=4.154 count=126766
   22 RR .11 min=6.40us avg=9.91us max=199500.80us read(Gbits/sec)=3.268 write(Gbits/sec)=3.268 count=99745
   22 RR .12 min=6.14us avg=7.82us max=50.18us read(Gbits/sec)=4.127 write(Gbits/sec)=4.127 count=125962
   22 RR .13 min=6.14us avg=7.77us max=51.46us read(Gbits/sec)=4.155 write(Gbits/sec)=4.155 count=126805
   22 RR .14 min=6.14us avg=7.78us max=17.92us read(Gbits/sec)=4.149 write(Gbits/sec)=4.149 count=126638
   22 RR .15 min=6.40us avg=7.82us max=19.71us read(Gbits/sec)=4.130 write(Gbits/sec)=4.130 count=126040
   22 RR .16 min=6.40us avg=7.86us max=18.43us read(Gbits/sec)=4.107 write(Gbits/sec)=4.107 count=125335
   22 RR .17 min=6.40us avg=7.78us max=22.27us read(Gbits/sec)=4.148 write(Gbits/sec)=4.148 count=126592
   22 RR .18 min=6.14us avg=7.79us max=18.69us read(Gbits/sec)=4.147 write(Gbits/sec)=4.147 count=126551
   22 RR .19 min=6.40us avg=7.82us max=55.04us read(Gbits/sec)=4.128 write(Gbits/sec)=4.128 count=125998
   22 RR .20 min=6.40us avg=7.85us max=41.22us read(Gbits/sec)=4.108 write(Gbits/sec)=4.108 count=125370
   22 RR .21 min=6.14us avg=9.82us max=194582.02us read(Gbits/sec)=3.298 write(Gbits/sec)=3.298 count=100645
   22 RR .22 min=6.14us avg=7.79us max=20.22us read(Gbits/sec)=4.146 write(Gbits/sec)=4.146 count=126537
   22 RR .23 min=6.14us avg=7.78us max=18.69us read(Gbits/sec)=4.148 write(Gbits/sec)=4.148 count=126611
   22 RR Total-Throughput read(Gbits/sec)=97.649 write(Gbits/sec)=97.649

   23 RR .0 min=6.40us avg=7.68us max=709.63us read(Gbits/sec)=4.205 write(Gbits/sec)=4.205 count=128327
   23 RR .1 min=6.14us avg=7.67us max=19.46us read(Gbits/sec)=4.214 write(Gbits/sec)=4.214 count=128591
   23 RR .2 min=6.14us avg=7.67us max=18.69us read(Gbits/sec)=4.210 write(Gbits/sec)=4.210 count=128473
   23 RR .3 min=6.40us avg=9.00us max=139308.80us read(Gbits/sec)=3.596 write(Gbits/sec)=3.596 count=109748
   23 RR .4 min=6.40us avg=7.72us max=19.46us read(Gbits/sec)=4.182 write(Gbits/sec)=4.182 count=127626
   23 RR .5 min=6.14us avg=7.67us max=32.26us read(Gbits/sec)=4.212 write(Gbits/sec)=4.212 count=128528
   23 RR .6 min=6.14us avg=9.38us max=173996.80us read(Gbits/sec)=3.453 write(Gbits/sec)=3.453 count=105364
   23 RR .7 min=6.14us avg=7.70us max=18.69us read(Gbits/sec)=4.193 write(Gbits/sec)=4.193 count=127958
   23 RR .8 min=6.40us avg=7.73us max=39.68us read(Gbits/sec)=4.176 write(Gbits/sec)=4.176 count=127433
   23 RR .9 min=6.14us avg=7.67us max=31.74us read(Gbits/sec)=4.212 write(Gbits/sec)=4.212 count=128545
   23 RR .10 min=6.14us avg=7.67us max=18.69us read(Gbits/sec)=4.210 write(Gbits/sec)=4.210 count=128487
   23 RR .11 min=6.14us avg=7.70us max=19.20us read(Gbits/sec)=4.193 write(Gbits/sec)=4.193 count=127952
   23 RR .12 min=6.40us avg=7.73us max=21.25us read(Gbits/sec)=4.176 write(Gbits/sec)=4.176 count=127441
   23 RR .13 min=6.14us avg=7.67us max=41.98us read(Gbits/sec)=4.211 write(Gbits/sec)=4.211 count=128514
   23 RR .14 min=6.40us avg=7.67us max=18.94us read(Gbits/sec)=4.207 write(Gbits/sec)=4.207 count=128388
   23 RR .15 min=6.40us avg=7.71us max=19.20us read(Gbits/sec)=4.190 write(Gbits/sec)=4.190 count=127865
   23 RR .16 min=6.40us avg=8.70us max=104455.42us read(Gbits/sec)=3.715 write(Gbits/sec)=3.715 count=113380
   23 RR .17 min=6.40us avg=7.67us max=18.94us read(Gbits/sec)=4.206 write(Gbits/sec)=4.206 count=128375
   23 RR .18 min=6.14us avg=7.68us max=19.46us read(Gbits/sec)=4.204 write(Gbits/sec)=4.204 count=128295
   23 RR .19 min=6.40us avg=7.71us max=21.50us read(Gbits/sec)=4.185 write(Gbits/sec)=4.185 count=127728
   23 RR .20 min=6.14us avg=7.74us max=18.94us read(Gbits/sec)=4.165 write(Gbits/sec)=4.165 count=127115
   23 RR .21 min=6.40us avg=7.67us max=18.18us read(Gbits/sec)=4.205 write(Gbits/sec)=4.205 count=128331
   23 RR .22 min=6.40us avg=9.54us max=188640.26us read(Gbits/sec)=3.393 write(Gbits/sec)=3.393 count=103569
   23 RR .23 min=6.14us avg=8.76us max=118740.22us read(Gbits/sec)=3.693 write(Gbits/sec)=3.693 count=112704
   23 RR Total-Throughput read(Gbits/sec)=97.604 write(Gbits/sec)=97.604

   24 RR .0 min=6.40us avg=7.73us max=1052.42us read(Gbits/sec)=4.179 write(Gbits/sec)=4.179 count=127524
   24 RR .1 min=6.14us avg=8.74us max=111758.34us read(Gbits/sec)=3.702 write(Gbits/sec)=3.702 count=112983
   24 RR .2 min=6.40us avg=7.71us max=35.33us read(Gbits/sec)=4.187 write(Gbits/sec)=4.187 count=127773
   24 RR .3 min=6.40us avg=9.54us max=179792.38us read(Gbits/sec)=3.397 write(Gbits/sec)=3.397 count=103654
   24 RR .4 min=6.40us avg=7.76us max=19.20us read(Gbits/sec)=4.162 write(Gbits/sec)=4.162 count=127013
   24 RR .5 min=5.89us avg=7.71us max=31.49us read(Gbits/sec)=4.189 write(Gbits/sec)=4.189 count=127845
   24 RR .6 min=6.14us avg=7.72us max=36.86us read(Gbits/sec)=4.183 write(Gbits/sec)=4.183 count=127660
   24 RR .7 min=6.14us avg=7.74us max=18.94us read(Gbits/sec)=4.170 write(Gbits/sec)=4.170 count=127269
   24 RR .8 min=6.40us avg=7.77us max=33.79us read(Gbits/sec)=4.154 write(Gbits/sec)=4.154 count=126771
   24 RR .9 min=6.14us avg=7.71us max=18.94us read(Gbits/sec)=4.188 write(Gbits/sec)=4.188 count=127820
   24 RR .10 min=6.14us avg=9.62us max=192703.74us read(Gbits/sec)=3.366 write(Gbits/sec)=3.366 count=102723
   24 RR .11 min=6.14us avg=7.74us max=18.43us read(Gbits/sec)=4.171 write(Gbits/sec)=4.171 count=127304
   24 RR .12 min=6.40us avg=7.77us max=18.43us read(Gbits/sec)=4.153 write(Gbits/sec)=4.153 count=126753
   24 RR .13 min=6.14us avg=7.71us max=18.69us read(Gbits/sec)=4.190 write(Gbits/sec)=4.190 count=127862
   24 RR .14 min=6.14us avg=7.72us max=18.94us read(Gbits/sec)=4.184 write(Gbits/sec)=4.184 count=127683
   24 RR .15 min=6.40us avg=7.75us max=19.46us read(Gbits/sec)=4.163 write(Gbits/sec)=4.163 count=127060
   24 RR .16 min=6.40us avg=7.79us max=19.20us read(Gbits/sec)=4.138 write(Gbits/sec)=4.138 count=126299
   24 RR .17 min=6.14us avg=7.71us max=43.78us read(Gbits/sec)=4.184 write(Gbits/sec)=4.184 count=127682
   24 RR .18 min=6.40us avg=7.72us max=22.78us read(Gbits/sec)=4.180 write(Gbits/sec)=4.180 count=127563
   24 RR .19 min=6.40us avg=7.75us max=19.46us read(Gbits/sec)=4.163 write(Gbits/sec)=4.163 count=127059
   24 RR .20 min=6.40us avg=7.79us max=19.97us read(Gbits/sec)=4.142 write(Gbits/sec)=4.142 count=126418
   24 RR .21 min=6.14us avg=7.71us max=45.06us read(Gbits/sec)=4.182 write(Gbits/sec)=4.182 count=127643
   24 RR .22 min=6.14us avg=7.74us max=47.87us read(Gbits/sec)=3.813 write(Gbits/sec)=3.813 count=116364
   24 RR .23 min=6.40us avg=7.72us max=19.46us read(Gbits/sec)=4.182 write(Gbits/sec)=4.182 count=127643
   24 RR Total-Throughput read(Gbits/sec)=97.724 write(Gbits/sec)=97.724

   25 RR .0 min=6.40us avg=7.72us max=183.81us read(Gbits/sec)=4.181 write(Gbits/sec)=4.181 count=127604
   25 RR .1 min=6.14us avg=7.71us max=21.50us read(Gbits/sec)=4.187 write(Gbits/sec)=4.187 count=127789
   25 RR .2 min=6.14us avg=7.72us max=19.46us read(Gbits/sec)=4.184 write(Gbits/sec)=4.184 count=127676
   25 RR .3 min=6.40us avg=7.75us max=18.43us read(Gbits/sec)=4.168 write(Gbits/sec)=4.168 count=127195
   25 RR .4 min=6.40us avg=7.78us max=19.97us read(Gbits/sec)=4.152 write(Gbits/sec)=4.152 count=126703
   25 RR .5 min=6.14us avg=7.72us max=35.84us read(Gbits/sec)=4.186 write(Gbits/sec)=4.186 count=127752
   25 RR .6 min=6.14us avg=7.73us max=18.94us read(Gbits/sec)=4.180 write(Gbits/sec)=4.180 count=127576
   25 RR .7 min=6.40us avg=7.75us max=20.22us read(Gbits/sec)=4.167 write(Gbits/sec)=4.167 count=127170
   25 RR .8 min=6.40us avg=7.78us max=33.79us read(Gbits/sec)=4.150 write(Gbits/sec)=4.150 count=126669
   25 RR .9 min=6.14us avg=7.71us max=37.63us read(Gbits/sec)=4.186 write(Gbits/sec)=4.186 count=127742
   25 RR .10 min=6.14us avg=7.72us max=21.50us read(Gbits/sec)=4.184 write(Gbits/sec)=4.184 count=127706
   25 RR .11 min=6.14us avg=9.56us max=182549.50us read(Gbits/sec)=3.389 write(Gbits/sec)=3.389 count=103415
   25 RR .12 min=6.40us avg=9.23us max=154625.79us read(Gbits/sec)=3.504 write(Gbits/sec)=3.504 count=106947
   25 RR .13 min=6.14us avg=7.71us max=20.22us read(Gbits/sec)=4.186 write(Gbits/sec)=4.186 count=127760
   25 RR .14 min=6.14us avg=7.72us max=20.74us read(Gbits/sec)=4.180 write(Gbits/sec)=4.180 count=127575
   25 RR .15 min=6.40us avg=7.76us max=19.46us read(Gbits/sec)=4.161 write(Gbits/sec)=4.161 count=127005
   25 RR .16 min=6.40us avg=7.80us max=20.99us read(Gbits/sec)=4.136 write(Gbits/sec)=4.136 count=126239
   25 RR .17 min=6.40us avg=7.72us max=36.10us read(Gbits/sec)=4.181 write(Gbits/sec)=4.181 count=127588
   25 RR .18 min=6.40us avg=8.99us max=134900.74us read(Gbits/sec)=3.597 write(Gbits/sec)=3.597 count=109765
   25 RR .19 min=6.40us avg=7.76us max=19.71us read(Gbits/sec)=4.161 write(Gbits/sec)=4.161 count=126987
   25 RR .20 min=6.40us avg=7.79us max=19.71us read(Gbits/sec)=4.141 write(Gbits/sec)=4.141 count=126370
   25 RR .21 min=6.14us avg=7.72us max=32.00us read(Gbits/sec)=4.179 write(Gbits/sec)=4.179 count=127554
   25 RR .22 min=6.40us avg=9.04us max=154266.88us read(Gbits/sec)=3.888 write(Gbits/sec)=3.888 count=118652
   25 RR .23 min=6.14us avg=7.72us max=18.43us read(Gbits/sec)=4.180 write(Gbits/sec)=4.180 count=127572
   25 RR Total-Throughput read(Gbits/sec)=97.808 write(Gbits/sec)=97.808

   26 RR .0 min=6.40us avg=10.79us max=169614.59us read(Gbits/sec)=3.006 write(Gbits/sec)=3.006 count=91732
   26 RR .1 min=6.14us avg=7.70us max=19.46us read(Gbits/sec)=4.196 write(Gbits/sec)=4.196 count=128046
   26 RR .2 min=6.14us avg=7.70us max=18.69us read(Gbits/sec)=4.193 write(Gbits/sec)=4.193 count=127955
   26 RR .3 min=6.40us avg=8.78us max=114132.22us read(Gbits/sec)=3.686 write(Gbits/sec)=3.686 count=112489
   26 RR .4 min=6.40us avg=7.75us max=19.20us read(Gbits/sec)=4.164 write(Gbits/sec)=4.164 count=127067
   26 RR .5 min=6.14us avg=7.70us max=18.94us read(Gbits/sec)=4.195 write(Gbits/sec)=4.195 count=128027
   26 RR .6 min=6.14us avg=7.71us max=42.24us read(Gbits/sec)=4.188 write(Gbits/sec)=4.188 count=127811
   26 RR .7 min=6.40us avg=7.74us max=19.20us read(Gbits/sec)=4.175 write(Gbits/sec)=4.175 count=127423
   26 RR .8 min=6.40us avg=7.76us max=40.96us read(Gbits/sec)=4.159 write(Gbits/sec)=4.159 count=126923
   26 RR .9 min=6.14us avg=7.70us max=18.18us read(Gbits/sec)=4.194 write(Gbits/sec)=4.194 count=127990
   26 RR .10 min=6.14us avg=7.70us max=18.69us read(Gbits/sec)=4.193 write(Gbits/sec)=4.193 count=127965
   26 RR .11 min=6.14us avg=7.73us max=19.97us read(Gbits/sec)=4.175 write(Gbits/sec)=4.175 count=127425
   26 RR .12 min=6.40us avg=7.76us max=19.71us read(Gbits/sec)=4.159 write(Gbits/sec)=4.159 count=126925
   26 RR .13 min=6.14us avg=7.70us max=19.71us read(Gbits/sec)=4.194 write(Gbits/sec)=4.194 count=127990
   26 RR .14 min=6.14us avg=7.71us max=32.77us read(Gbits/sec)=4.189 write(Gbits/sec)=4.189 count=127844
   26 RR .15 min=6.40us avg=7.74us max=19.46us read(Gbits/sec)=4.169 write(Gbits/sec)=4.169 count=127227
   26 RR .16 min=6.40us avg=7.78us max=18.43us read(Gbits/sec)=4.144 write(Gbits/sec)=4.144 count=126482
   26 RR .17 min=6.14us avg=7.71us max=18.43us read(Gbits/sec)=4.188 write(Gbits/sec)=4.188 count=127820
   26 RR .18 min=6.14us avg=7.71us max=44.29us read(Gbits/sec)=4.186 write(Gbits/sec)=4.186 count=127757
   26 RR .19 min=6.40us avg=7.74us max=50.43us read(Gbits/sec)=4.168 write(Gbits/sec)=4.168 count=127199
   26 RR .20 min=6.40us avg=7.77us max=50.43us read(Gbits/sec)=4.148 write(Gbits/sec)=4.148 count=126600
   26 RR .21 min=6.14us avg=7.70us max=19.71us read(Gbits/sec)=4.188 write(Gbits/sec)=4.188 count=127816
   26 RR .22 min=6.14us avg=7.71us max=20.48us read(Gbits/sec)=4.185 write(Gbits/sec)=4.185 count=127711
   26 RR .23 min=6.14us avg=9.65us max=195587.58us read(Gbits/sec)=3.354 write(Gbits/sec)=3.354 count=102362
   26 RR Total-Throughput read(Gbits/sec)=97.796 write(Gbits/sec)=97.796

   27 RR .0 min=6.40us avg=7.79us max=136.70us read(Gbits/sec)=4.003 write(Gbits/sec)=4.003 count=122162
   27 RR .1 min=6.14us avg=7.77us max=18.43us read(Gbits/sec)=4.157 write(Gbits/sec)=4.157 count=126871
   27 RR .2 min=6.40us avg=7.78us max=51.46us read(Gbits/sec)=4.153 write(Gbits/sec)=4.153 count=126747
   27 RR .3 min=6.14us avg=7.81us max=18.94us read(Gbits/sec)=4.137 write(Gbits/sec)=4.137 count=126258
   27 RR .4 min=6.40us avg=7.84us max=18.18us read(Gbits/sec)=4.122 write(Gbits/sec)=4.122 count=125788
   27 RR .5 min=6.14us avg=7.77us max=17.92us read(Gbits/sec)=4.156 write(Gbits/sec)=4.156 count=126823
   27 RR .6 min=6.14us avg=7.78us max=19.46us read(Gbits/sec)=4.151 write(Gbits/sec)=4.151 count=126666
   27 RR .7 min=6.14us avg=7.81us max=19.71us read(Gbits/sec)=4.137 write(Gbits/sec)=4.137 count=126243
   27 RR .8 min=6.40us avg=7.84us max=38.40us read(Gbits/sec)=4.121 write(Gbits/sec)=4.121 count=125760
   27 RR .9 min=6.40us avg=7.77us max=36.86us read(Gbits/sec)=4.154 write(Gbits/sec)=4.154 count=126778
   27 RR .10 min=6.14us avg=7.83us max=19.20us read(Gbits/sec)=3.405 write(Gbits/sec)=3.405 count=103900
   27 RR .11 min=6.40us avg=7.81us max=19.20us read(Gbits/sec)=4.137 write(Gbits/sec)=4.137 count=126256
   27 RR .12 min=6.40us avg=7.83us max=19.71us read(Gbits/sec)=4.122 write(Gbits/sec)=4.122 count=125787
   27 RR .13 min=6.14us avg=7.77us max=18.94us read(Gbits/sec)=4.155 write(Gbits/sec)=4.155 count=126790
   27 RR .14 min=6.14us avg=7.78us max=18.18us read(Gbits/sec)=4.150 write(Gbits/sec)=4.150 count=126652
   27 RR .15 min=6.40us avg=9.14us max=139746.82us read(Gbits/sec)=3.539 write(Gbits/sec)=3.539 count=108011
   27 RR .16 min=6.40us avg=7.84us max=18.43us read(Gbits/sec)=4.113 write(Gbits/sec)=4.113 count=125509
   27 RR .17 min=6.14us avg=7.78us max=45.82us read(Gbits/sec)=4.150 write(Gbits/sec)=4.150 count=126661
   27 RR .18 min=6.40us avg=7.78us max=18.69us read(Gbits/sec)=4.148 write(Gbits/sec)=4.148 count=126578
   27 RR .19 min=6.14us avg=7.82us max=19.46us read(Gbits/sec)=4.130 write(Gbits/sec)=4.130 count=126031
   27 RR .20 min=6.40us avg=7.85us max=19.71us read(Gbits/sec)=4.109 write(Gbits/sec)=4.109 count=125390
   27 RR .21 min=6.40us avg=7.78us max=18.18us read(Gbits/sec)=4.148 write(Gbits/sec)=4.148 count=126578
   27 RR .22 min=6.14us avg=7.79us max=19.46us read(Gbits/sec)=4.146 write(Gbits/sec)=4.146 count=126517
   27 RR .23 min=6.40us avg=7.78us max=18.43us read(Gbits/sec)=4.148 write(Gbits/sec)=4.148 count=126597
   27 RR Total-Throughput read(Gbits/sec)=97.887 write(Gbits/sec)=97.887

   28 RR .0 min=6.40us avg=8.67us max=111403.78us read(Gbits/sec)=3.857 write(Gbits/sec)=3.857 count=117701
   28 RR .1 min=6.14us avg=7.69us max=19.71us read(Gbits/sec)=4.198 write(Gbits/sec)=4.198 count=128109
   28 RR .2 min=6.14us avg=7.70us max=18.43us read(Gbits/sec)=4.194 write(Gbits/sec)=4.194 count=127979
   28 RR .3 min=6.40us avg=7.73us max=19.46us read(Gbits/sec)=4.177 write(Gbits/sec)=4.177 count=127463
   28 RR .4 min=6.14us avg=7.76us max=19.20us read(Gbits/sec)=4.161 write(Gbits/sec)=4.161 count=126992
   28 RR .5 min=6.14us avg=9.30us max=163449.60us read(Gbits/sec)=3.481 write(Gbits/sec)=3.481 count=106237
   28 RR .6 min=6.14us avg=7.71us max=38.40us read(Gbits/sec)=4.190 write(Gbits/sec)=4.190 count=127856
   28 RR .7 min=6.14us avg=7.73us max=18.94us read(Gbits/sec)=4.176 write(Gbits/sec)=4.176 count=127455
   28 RR .8 min=6.14us avg=7.76us max=33.79us read(Gbits/sec)=4.159 write(Gbits/sec)=4.159 count=126931
   28 RR .9 min=6.14us avg=7.70us max=40.70us read(Gbits/sec)=4.195 write(Gbits/sec)=4.195 count=128012
   28 RR .10 min=6.14us avg=9.08us max=175981.57us read(Gbits/sec)=4.188 write(Gbits/sec)=4.188 count=127822
   28 RR .11 min=6.40us avg=7.73us max=22.27us read(Gbits/sec)=4.176 write(Gbits/sec)=4.176 count=127456
   28 RR .12 min=6.14us avg=7.76us max=20.74us read(Gbits/sec)=4.159 write(Gbits/sec)=4.159 count=126943
   28 RR .13 min=6.14us avg=7.70us max=18.43us read(Gbits/sec)=4.195 write(Gbits/sec)=4.195 count=128039
   28 RR .14 min=6.14us avg=7.71us max=18.18us read(Gbits/sec)=4.190 write(Gbits/sec)=4.190 count=127869
   28 RR .15 min=6.40us avg=7.74us max=19.71us read(Gbits/sec)=4.170 write(Gbits/sec)=4.170 count=127268
   28 RR .16 min=6.14us avg=7.78us max=18.69us read(Gbits/sec)=4.145 write(Gbits/sec)=4.145 count=126517
   28 RR .17 min=6.14us avg=10.84us max=163753.73us read(Gbits/sec)=2.992 write(Gbits/sec)=2.992 count=91310
   28 RR .18 min=6.14us avg=7.71us max=18.94us read(Gbits/sec)=4.188 write(Gbits/sec)=4.188 count=127821
   28 RR .19 min=6.40us avg=8.81us max=116479.49us read(Gbits/sec)=3.670 write(Gbits/sec)=3.670 count=112015
   28 RR .20 min=6.40us avg=7.76us max=46.85us read(Gbits/sec)=4.153 write(Gbits/sec)=4.153 count=126761
   28 RR .21 min=6.14us avg=7.70us max=18.69us read(Gbits/sec)=4.189 write(Gbits/sec)=4.189 count=127862
   28 RR .22 min=6.40us avg=7.71us max=18.94us read(Gbits/sec)=4.185 write(Gbits/sec)=4.185 count=127740
   28 RR .23 min=6.14us avg=7.71us max=19.46us read(Gbits/sec)=4.188 write(Gbits/sec)=4.188 count=127827
   28 RR Total-Throughput read(Gbits/sec)=97.578 write(Gbits/sec)=97.578

   29 RR .0 min=6.40us avg=7.79us max=1050.11us read(Gbits/sec)=4.144 write(Gbits/sec)=4.144 count=126479
   29 RR .1 min=6.14us avg=7.77us max=18.18us read(Gbits/sec)=4.157 write(Gbits/sec)=4.157 count=126861
   29 RR .2 min=6.14us avg=7.78us max=18.69us read(Gbits/sec)=4.153 write(Gbits/sec)=4.153 count=126737
   29 RR .3 min=6.40us avg=7.81us max=18.69us read(Gbits/sec)=4.137 write(Gbits/sec)=4.137 count=126253
   29 RR .4 min=6.14us avg=7.83us max=19.46us read(Gbits/sec)=4.122 write(Gbits/sec)=4.122 count=125785
   29 RR .5 min=6.14us avg=7.78us max=34.30us read(Gbits/sec)=4.154 write(Gbits/sec)=4.154 count=126770
   29 RR .6 min=6.14us avg=7.78us max=18.94us read(Gbits/sec)=4.149 write(Gbits/sec)=4.149 count=126631
   29 RR .7 min=6.40us avg=7.81us max=18.69us read(Gbits/sec)=4.136 write(Gbits/sec)=4.136 count=126211
   29 RR .8 min=6.40us avg=7.84us max=43.78us read(Gbits/sec)=4.121 write(Gbits/sec)=4.121 count=125770
   29 RR .9 min=6.14us avg=7.77us max=35.33us read(Gbits/sec)=4.155 write(Gbits/sec)=4.155 count=126797
   29 RR .10 min=6.14us avg=7.78us max=19.20us read(Gbits/sec)=4.153 write(Gbits/sec)=4.153 count=126743
   29 RR .11 min=6.40us avg=9.28us max=153330.18us read(Gbits/sec)=3.486 write(Gbits/sec)=3.486 count=106397
   29 RR .12 min=6.40us avg=7.83us max=19.71us read(Gbits/sec)=4.126 write(Gbits/sec)=4.126 count=125904
   29 RR .13 min=6.14us avg=9.60us max=183287.81us read(Gbits/sec)=3.373 write(Gbits/sec)=3.373 count=102925
   29 RR .14 min=6.14us avg=7.78us max=17.92us read(Gbits/sec)=4.152 write(Gbits/sec)=4.152 count=126701
   29 RR .15 min=6.14us avg=7.82us max=20.22us read(Gbits/sec)=4.132 write(Gbits/sec)=4.132 count=126091
   29 RR .16 min=6.40us avg=7.86us max=19.46us read(Gbits/sec)=4.107 write(Gbits/sec)=4.107 count=125326
   29 RR .17 min=6.14us avg=7.78us max=19.20us read(Gbits/sec)=4.149 write(Gbits/sec)=4.149 count=126616
   29 RR .18 min=6.40us avg=7.78us max=20.22us read(Gbits/sec)=4.149 write(Gbits/sec)=4.149 count=126609
   29 RR .19 min=6.40us avg=7.82us max=19.71us read(Gbits/sec)=4.130 write(Gbits/sec)=4.130 count=126041
   29 RR .20 min=6.40us avg=7.85us max=35.33us read(Gbits/sec)=4.109 write(Gbits/sec)=4.109 count=125415
   29 RR .21 min=6.14us avg=7.78us max=20.22us read(Gbits/sec)=4.149 write(Gbits/sec)=4.149 count=126624
   29 RR .22 min=6.14us avg=7.79us max=18.94us read(Gbits/sec)=4.146 write(Gbits/sec)=4.146 count=126541
   29 RR .23 min=6.14us avg=7.78us max=19.71us read(Gbits/sec)=4.148 write(Gbits/sec)=4.148 count=126594
   29 RR Total-Throughput read(Gbits/sec)=97.935 write(Gbits/sec)=97.935


---
 0 nr_conn=1 nr_zero_io_conn=0
 1 nr_conn=1 nr_zero_io_conn=0
 2 nr_conn=1 nr_zero_io_conn=0
 3 nr_conn=1 nr_zero_io_conn=0
 4 nr_conn=1 nr_zero_io_conn=0
 5 nr_conn=1 nr_zero_io_conn=0
 6 nr_conn=1 nr_zero_io_conn=0
 7 nr_conn=1 nr_zero_io_conn=0
 8 nr_conn=1 nr_zero_io_conn=0
 9 nr_conn=1 nr_zero_io_conn=0
10 nr_conn=1 nr_zero_io_conn=0
11 nr_conn=1 nr_zero_io_conn=0
12 nr_conn=1 nr_zero_io_conn=0
13 nr_conn=1 nr_zero_io_conn=0
14 nr_conn=1 nr_zero_io_conn=0
15 nr_conn=1 nr_zero_io_conn=0
16 nr_conn=1 nr_zero_io_conn=0
17 nr_conn=1 nr_zero_io_conn=0
18 nr_conn=1 nr_zero_io_conn=0
19 nr_conn=1 nr_zero_io_conn=0
20 nr_conn=1 nr_zero_io_conn=0
21 nr_conn=1 nr_zero_io_conn=0
22 nr_conn=1 nr_zero_io_conn=0
23 nr_conn=1 nr_zero_io_conn=0
exiting client: 12
exiting client: 10
exiting client: 8
exiting client: 17
exiting client: 13
exiting client: 22
exiting client: 5
exiting client: 16
exiting client: 15
exiting client: 20
exiting client: 7
exiting client: 18
exiting client: 9
exiting client: 23
exiting client: 3
exiting client: 6
exiting client: 19
exiting client: 0
exiting client: 21
exiting client: 11
exiting client: 4
exiting client: 1
exiting client: 14
exiting client: 2
