:: TPA_CFG='net { name=enp67s0f0np0; mac=38:25:f3:79:97:c6; ip=172.24.1.2; mask=255.255.255.0; gw=10.76.106.126; ip6=fe80::3a25:f3ff:fe79:97c6/64; } dpdk { pci=0000:43:00.0; } tcp {tso = 0; } dpdk { socket-mem = 8192; mbuf_mem_size = 6GB; }'
:: cmd=/home/balasuk/libtpa/build/bin/app/fperf -c 172.24.1.52 -p 2888 -S 0 -t rr -d 30 -n 20 -m 4096 -X 4096 -R 4096 -C 1 -Z 1 -K 0
EAL: Detected CPU lcores: 64
EAL: Detected NUMA nodes: 1
EAL: Detected static linkage of DPDK
EAL: Selected IOVA mode 'PA'
EAL: VFIO support initialized
EAL: Probe PCI driver: mlx5_pci (15b3:101d) device: 0000:43:00.0 (socket -1)
    0 RR .0 min=6.40us avg=7.28us max=110465.28us read(Gbits/sec)=23.706 write(Gbits/sec)=23.706 count=723457
    0 RR .1 min=6.40us avg=7.14us max=278.53us read(Gbits/sec)=23.323 write(Gbits/sec)=23.323 count=711753
    0 RR .2 min=6.40us avg=7.40us max=145598.98us read(Gbits/sec)=21.657 write(Gbits/sec)=21.657 count=660915
    0 RR .3 min=6.40us avg=7.47us max=184851.71us read(Gbits/sec)=20.566 write(Gbits/sec)=20.566 count=627632
    0 RR .4 min=6.40us avg=7.85us max=178645.25us read(Gbits/sec)=18.767 write(Gbits/sec)=18.767 count=572733
    0 RR .5 min=6.40us avg=7.25us max=277.50us read(Gbits/sec)=19.399 write(Gbits/sec)=19.399 count=592024
    0 RR .6 min=6.40us avg=7.81us max=143575.55us read(Gbits/sec)=17.170 write(Gbits/sec)=17.170 count=523979
    0 RR .7 min=6.40us avg=7.58us max=144305.92us read(Gbits/sec)=16.799 write(Gbits/sec)=16.799 count=512678
    0 RR .8 min=6.40us avg=7.76us max=171128.32us read(Gbits/sec)=15.541 write(Gbits/sec)=15.541 count=474279
    0 RR .9 min=6.40us avg=7.70us max=143130.62us read(Gbits/sec)=14.793 write(Gbits/sec)=14.793 count=451436
    0 RR .10 min=6.40us avg=8.31us max=189806.85us read(Gbits/sec)=12.866 write(Gbits/sec)=12.866 count=392632
    0 RR .11 min=6.40us avg=7.49us max=279.55us read(Gbits/sec)=13.172 write(Gbits/sec)=13.173 count=401997
    0 RR .12 min=6.40us avg=7.49us max=282.37us read(Gbits/sec)=12.079 write(Gbits/sec)=12.079 count=368614
    0 RR .13 min=6.40us avg=7.50us max=278.78us read(Gbits/sec)=10.957 write(Gbits/sec)=10.957 count=334374
    0 RR .14 min=6.40us avg=7.98us max=122299.65us read(Gbits/sec)=9.272 write(Gbits/sec)=9.272 count=282977
    0 RR .15 min=6.40us avg=8.43us max=201240.58us read(Gbits/sec)=7.799 write(Gbits/sec)=7.799 count=238021
    0 RR .16 min=6.40us avg=8.15us max=113170.94us read(Gbits/sec)=7.042 write(Gbits/sec)=7.042 count=214908
    0 RR .17 min=6.66us avg=7.62us max=283.14us read(Gbits/sec)=6.425 write(Gbits/sec)=6.425 count=196076
    0 RR .18 min=6.40us avg=7.62us max=186.62us read(Gbits/sec)=5.324 write(Gbits/sec)=5.324 count=162477
    0 RR .19 min=6.66us avg=7.63us max=26.37us read(Gbits/sec)=4.213 write(Gbits/sec)=4.213 count=128590
    0 RR Total-Throughput read(Gbits/sec)=280.870 write(Gbits/sec)=280.870

    1 RR .0 min=6.66us avg=8.61us max=112649.22us read(Gbits/sec)=3.754 write(Gbits/sec)=3.754 count=114563
    1 RR .1 min=6.66us avg=9.56us max=199707.39us read(Gbits/sec)=3.388 write(Gbits/sec)=3.388 count=103399
    1 RR .2 min=6.66us avg=7.62us max=17.92us read(Gbits/sec)=4.238 write(Gbits/sec)=4.238 count=129342
    1 RR .3 min=6.66us avg=7.63us max=41.22us read(Gbits/sec)=4.232 write(Gbits/sec)=4.232 count=129138
    1 RR .4 min=6.66us avg=7.65us max=18.69us read(Gbits/sec)=4.222 write(Gbits/sec)=4.222 count=128848
    1 RR .5 min=6.66us avg=7.63us max=18.43us read(Gbits/sec)=4.234 write(Gbits/sec)=4.234 count=129211
    1 RR .6 min=6.66us avg=9.47us max=191931.65us read(Gbits/sec)=3.418 write(Gbits/sec)=3.418 count=104325
    1 RR .7 min=6.66us avg=7.63us max=22.78us read(Gbits/sec)=4.229 write(Gbits/sec)=4.229 count=129070
    1 RR .8 min=6.66us avg=7.65us max=19.20us read(Gbits/sec)=4.216 write(Gbits/sec)=4.216 count=128658
    1 RR .9 min=6.66us avg=7.63us max=20.22us read(Gbits/sec)=4.232 write(Gbits/sec)=4.232 count=129152
    1 RR .10 min=6.66us avg=7.62us max=19.20us read(Gbits/sec)=4.236 write(Gbits/sec)=4.236 count=129274
    1 RR .11 min=6.66us avg=7.63us max=18.94us read(Gbits/sec)=4.229 write(Gbits/sec)=4.229 count=129050
    1 RR .12 min=6.66us avg=7.65us max=17.92us read(Gbits/sec)=4.220 write(Gbits/sec)=4.220 count=128785
    1 RR .13 min=6.66us avg=7.63us max=34.82us read(Gbits/sec)=4.230 write(Gbits/sec)=4.230 count=129081
    1 RR .14 min=6.66us avg=7.63us max=19.71us read(Gbits/sec)=4.229 write(Gbits/sec)=4.229 count=129067
    1 RR .15 min=6.66us avg=7.64us max=37.38us read(Gbits/sec)=4.227 write(Gbits/sec)=4.227 count=129011
    1 RR .16 min=6.66us avg=7.66us max=18.69us read(Gbits/sec)=4.210 write(Gbits/sec)=4.210 count=128498
    1 RR .17 min=6.66us avg=7.63us max=18.18us read(Gbits/sec)=4.226 write(Gbits/sec)=4.226 count=128968
    1 RR .18 min=6.66us avg=7.63us max=18.18us read(Gbits/sec)=4.233 write(Gbits/sec)=4.233 count=129183
    1 RR .19 min=6.66us avg=7.64us max=17.92us read(Gbits/sec)=4.225 write(Gbits/sec)=4.225 count=128942
    1 RR Total-Throughput read(Gbits/sec)=82.428 write(Gbits/sec)=82.428

    2 RR .0 min=6.66us avg=7.64us max=948.22us read(Gbits/sec)=4.221 write(Gbits/sec)=4.221 count=128829
    2 RR .1 min=6.66us avg=8.52us max=101783.81us read(Gbits/sec)=3.797 write(Gbits/sec)=3.797 count=115886
    2 RR .2 min=6.66us avg=7.62us max=18.94us read(Gbits/sec)=4.235 write(Gbits/sec)=4.235 count=129251
    2 RR .3 min=6.66us avg=7.63us max=20.22us read(Gbits/sec)=4.229 write(Gbits/sec)=4.229 count=129075
    2 RR .4 min=6.66us avg=7.65us max=37.12us read(Gbits/sec)=4.219 write(Gbits/sec)=4.219 count=128766
    2 RR .5 min=6.66us avg=7.63us max=19.97us read(Gbits/sec)=4.231 write(Gbits/sec)=4.231 count=129134
    2 RR .6 min=6.66us avg=7.63us max=32.51us read(Gbits/sec)=4.231 write(Gbits/sec)=4.231 count=129130
    2 RR .7 min=6.66us avg=9.11us max=157595.65us read(Gbits/sec)=3.553 write(Gbits/sec)=3.553 count=108427
    2 RR .8 min=6.66us avg=7.65us max=37.12us read(Gbits/sec)=4.216 write(Gbits/sec)=4.216 count=128673
    2 RR .9 min=6.66us avg=9.28us max=174512.64us read(Gbits/sec)=3.488 write(Gbits/sec)=3.488 count=106452
    2 RR .10 min=6.66us avg=7.63us max=18.94us read(Gbits/sec)=4.233 write(Gbits/sec)=4.233 count=129188
    2 RR .11 min=6.66us avg=7.64us max=18.94us read(Gbits/sec)=4.226 write(Gbits/sec)=4.226 count=128972
    2 RR .12 min=6.66us avg=7.65us max=19.97us read(Gbits/sec)=4.217 write(Gbits/sec)=4.217 count=128685
    2 RR .13 min=6.66us avg=7.63us max=18.94us read(Gbits/sec)=4.227 write(Gbits/sec)=4.227 count=129011
    2 RR .14 min=6.66us avg=7.64us max=18.18us read(Gbits/sec)=4.183 write(Gbits/sec)=4.183 count=127649
    2 RR .15 min=6.66us avg=7.64us max=19.46us read(Gbits/sec)=4.225 write(Gbits/sec)=4.225 count=128946
    2 RR .16 min=6.66us avg=7.67us max=53.76us read(Gbits/sec)=4.208 write(Gbits/sec)=4.208 count=128412
    2 RR .17 min=6.66us avg=7.64us max=19.71us read(Gbits/sec)=4.224 write(Gbits/sec)=4.224 count=128926
    2 RR .18 min=6.66us avg=7.63us max=19.97us read(Gbits/sec)=4.230 write(Gbits/sec)=4.230 count=129084
    2 RR .19 min=6.66us avg=7.64us max=19.20us read(Gbits/sec)=4.224 write(Gbits/sec)=4.224 count=128911
    2 RR Total-Throughput read(Gbits/sec)=82.620 write(Gbits/sec)=82.620

    3 RR .0 min=6.66us avg=7.63us max=38.14us read(Gbits/sec)=4.228 write(Gbits/sec)=4.228 count=129039
    3 RR .1 min=6.66us avg=7.63us max=18.43us read(Gbits/sec)=4.232 write(Gbits/sec)=4.232 count=129155
    3 RR .2 min=6.66us avg=7.63us max=18.69us read(Gbits/sec)=4.234 write(Gbits/sec)=4.234 count=129211
    3 RR .3 min=6.66us avg=7.64us max=18.94us read(Gbits/sec)=4.227 write(Gbits/sec)=4.227 count=128993
    3 RR .4 min=6.66us avg=7.66us max=17.92us read(Gbits/sec)=4.217 write(Gbits/sec)=4.217 count=128699
    3 RR .5 min=6.66us avg=7.63us max=19.71us read(Gbits/sec)=4.229 write(Gbits/sec)=4.229 count=129068
    3 RR .6 min=6.66us avg=8.75us max=125506.82us read(Gbits/sec)=3.696 write(Gbits/sec)=3.696 count=112792
    3 RR .7 min=6.66us avg=7.64us max=21.25us read(Gbits/sec)=4.225 write(Gbits/sec)=4.225 count=128951
    3 RR .8 min=6.66us avg=7.66us max=19.46us read(Gbits/sec)=4.212 write(Gbits/sec)=4.212 count=128536
    3 RR .9 min=6.66us avg=8.53us max=102730.24us read(Gbits/sec)=3.792 write(Gbits/sec)=3.792 count=115722
    3 RR .10 min=6.66us avg=7.63us max=18.69us read(Gbits/sec)=4.232 write(Gbits/sec)=4.232 count=129159
    3 RR .11 min=6.66us avg=7.64us max=18.43us read(Gbits/sec)=4.224 write(Gbits/sec)=4.224 count=128920
    3 RR .12 min=6.66us avg=7.65us max=18.94us read(Gbits/sec)=4.216 write(Gbits/sec)=4.216 count=128677
    3 RR .13 min=6.66us avg=7.64us max=34.30us read(Gbits/sec)=4.227 write(Gbits/sec)=4.227 count=128997
    3 RR .14 min=6.66us avg=9.55us max=199036.16us read(Gbits/sec)=3.426 write(Gbits/sec)=3.426 count=104549
    3 RR .15 min=6.66us avg=7.64us max=32.51us read(Gbits/sec)=4.224 write(Gbits/sec)=4.224 count=128917
    3 RR .16 min=6.66us avg=7.67us max=17.92us read(Gbits/sec)=4.207 write(Gbits/sec)=4.207 count=128399
    3 RR .17 min=6.66us avg=7.64us max=17.41us read(Gbits/sec)=4.223 write(Gbits/sec)=4.223 count=128893
    3 RR .18 min=6.66us avg=7.63us max=18.43us read(Gbits/sec)=4.229 write(Gbits/sec)=4.229 count=129056
    3 RR .19 min=6.66us avg=7.65us max=19.71us read(Gbits/sec)=4.221 write(Gbits/sec)=4.221 count=128820
    3 RR Total-Throughput read(Gbits/sec)=82.722 write(Gbits/sec)=82.723

    4 RR .0 min=6.66us avg=7.63us max=36.10us read(Gbits/sec)=4.227 write(Gbits/sec)=4.227 count=128998
    4 RR .1 min=6.66us avg=7.63us max=70.66us read(Gbits/sec)=4.230 write(Gbits/sec)=4.230 count=129089
    4 RR .2 min=6.66us avg=7.63us max=19.20us read(Gbits/sec)=4.233 write(Gbits/sec)=4.233 count=129181
    4 RR .3 min=6.66us avg=7.64us max=19.71us read(Gbits/sec)=4.225 write(Gbits/sec)=4.225 count=128937
    4 RR .4 min=6.66us avg=7.66us max=19.46us read(Gbits/sec)=4.217 write(Gbits/sec)=4.217 count=128681
    4 RR .5 min=6.66us avg=7.64us max=48.13us read(Gbits/sec)=4.228 write(Gbits/sec)=4.228 count=129031
    4 RR .6 min=6.66us avg=7.63us max=36.10us read(Gbits/sec)=4.229 write(Gbits/sec)=4.229 count=129053
    4 RR .7 min=6.66us avg=7.64us max=18.18us read(Gbits/sec)=4.224 write(Gbits/sec)=4.224 count=128898
    4 RR .8 min=6.66us avg=7.66us max=31.74us read(Gbits/sec)=4.210 write(Gbits/sec)=4.210 count=128482
    4 RR .9 min=6.66us avg=8.74us max=123949.82us read(Gbits/sec)=3.700 write(Gbits/sec)=3.700 count=112919
    4 RR .10 min=6.66us avg=7.63us max=19.20us read(Gbits/sec)=3.787 write(Gbits/sec)=3.787 count=115564
    4 RR .11 min=6.66us avg=7.64us max=35.84us read(Gbits/sec)=4.223 write(Gbits/sec)=4.223 count=128886
    4 RR .12 min=6.66us avg=7.65us max=19.20us read(Gbits/sec)=4.215 write(Gbits/sec)=4.215 count=128649
    4 RR .13 min=6.66us avg=7.64us max=19.20us read(Gbits/sec)=4.225 write(Gbits/sec)=4.225 count=128946
    4 RR .14 min=6.66us avg=9.09us max=156563.97us read(Gbits/sec)=3.561 write(Gbits/sec)=3.561 count=108677
    4 RR .15 min=6.66us avg=7.65us max=18.94us read(Gbits/sec)=4.223 write(Gbits/sec)=4.223 count=128872
    4 RR .16 min=6.66us avg=7.67us max=18.43us read(Gbits/sec)=4.206 write(Gbits/sec)=4.206 count=128359
    4 RR .17 min=6.66us avg=7.64us max=22.53us read(Gbits/sec)=4.222 write(Gbits/sec)=4.222 count=128850
    4 RR .18 min=6.40us avg=7.63us max=18.18us read(Gbits/sec)=4.228 write(Gbits/sec)=4.228 count=129026
    4 RR .19 min=6.66us avg=7.65us max=50.18us read(Gbits/sec)=4.220 write(Gbits/sec)=4.220 count=128786
    4 RR Total-Throughput read(Gbits/sec)=82.832 write(Gbits/sec)=82.832

    5 RR .0 min=6.66us avg=9.39us max=184524.80us read(Gbits/sec)=3.445 write(Gbits/sec)=3.445 count=105145
    5 RR .1 min=6.66us avg=8.52us max=102434.56us read(Gbits/sec)=3.797 write(Gbits/sec)=3.797 count=115887
    5 RR .2 min=6.66us avg=8.89us max=139905.02us read(Gbits/sec)=3.641 write(Gbits/sec)=3.641 count=111106
    5 RR .3 min=6.66us avg=7.63us max=20.74us read(Gbits/sec)=3.889 write(Gbits/sec)=3.889 count=118694
    5 RR .4 min=6.66us avg=7.65us max=18.69us read(Gbits/sec)=4.222 write(Gbits/sec)=4.222 count=128856
    5 RR .5 min=6.66us avg=7.63us max=20.99us read(Gbits/sec)=4.233 write(Gbits/sec)=4.233 count=129176
    5 RR .6 min=6.66us avg=7.63us max=18.69us read(Gbits/sec)=4.234 write(Gbits/sec)=4.234 count=129208
    5 RR .7 min=6.66us avg=7.64us max=18.94us read(Gbits/sec)=4.227 write(Gbits/sec)=4.227 count=129004
    5 RR .8 min=6.66us avg=7.66us max=49.41us read(Gbits/sec)=4.214 write(Gbits/sec)=4.214 count=128609
    5 RR .9 min=6.66us avg=7.63us max=19.46us read(Gbits/sec)=4.231 write(Gbits/sec)=4.231 count=129119
    5 RR .10 min=6.66us avg=8.67us max=131920.38us read(Gbits/sec)=4.118 write(Gbits/sec)=4.118 count=125660
    5 RR .11 min=6.66us avg=7.63us max=31.49us read(Gbits/sec)=4.228 write(Gbits/sec)=4.228 count=129028
    5 RR .12 min=6.66us avg=7.65us max=47.36us read(Gbits/sec)=4.218 write(Gbits/sec)=4.218 count=128726
    5 RR .13 min=6.66us avg=7.63us max=38.40us read(Gbits/sec)=4.228 write(Gbits/sec)=4.228 count=129047
    5 RR .14 min=6.66us avg=7.63us max=51.20us read(Gbits/sec)=4.230 write(Gbits/sec)=4.230 count=129080
    5 RR .15 min=6.66us avg=7.64us max=19.46us read(Gbits/sec)=4.226 write(Gbits/sec)=4.226 count=128964
    5 RR .16 min=6.66us avg=7.66us max=19.97us read(Gbits/sec)=4.209 write(Gbits/sec)=4.209 count=128452
    5 RR .17 min=6.66us avg=7.64us max=18.94us read(Gbits/sec)=4.225 write(Gbits/sec)=4.225 count=128952
    5 RR .18 min=6.66us avg=7.63us max=18.18us read(Gbits/sec)=4.231 write(Gbits/sec)=4.231 count=129137
    5 RR .19 min=6.66us avg=7.64us max=18.18us read(Gbits/sec)=4.225 write(Gbits/sec)=4.225 count=128937
    5 RR Total-Throughput read(Gbits/sec)=82.272 write(Gbits/sec)=82.272

    6 RR .0 min=6.66us avg=7.65us max=43.78us read(Gbits/sec)=4.216 write(Gbits/sec)=4.216 count=128661
    6 RR .1 min=6.66us avg=7.65us max=40.96us read(Gbits/sec)=4.219 write(Gbits/sec)=4.219 count=128759
    6 RR .2 min=6.40us avg=7.65us max=19.20us read(Gbits/sec)=4.221 write(Gbits/sec)=4.221 count=128824
    6 RR .3 min=6.66us avg=8.61us max=117856.77us read(Gbits/sec)=4.057 write(Gbits/sec)=4.057 count=123802
    6 RR .4 min=6.66us avg=7.68us max=18.94us read(Gbits/sec)=4.206 write(Gbits/sec)=4.206 count=128348
    6 RR .5 min=6.66us avg=7.66us max=43.52us read(Gbits/sec)=4.217 write(Gbits/sec)=4.217 count=128708
    6 RR .6 min=6.66us avg=7.66us max=40.19us read(Gbits/sec)=4.143 write(Gbits/sec)=4.143 count=126432
    6 RR .7 min=6.66us avg=7.66us max=19.97us read(Gbits/sec)=4.212 write(Gbits/sec)=4.212 count=128527
    6 RR .8 min=6.66us avg=7.68us max=36.86us read(Gbits/sec)=4.199 write(Gbits/sec)=4.199 count=128146
    6 RR .9 min=6.66us avg=7.66us max=22.53us read(Gbits/sec)=4.214 write(Gbits/sec)=4.214 count=128605
    6 RR .10 min=6.66us avg=7.65us max=18.43us read(Gbits/sec)=4.219 write(Gbits/sec)=4.219 count=128744
    6 RR .11 min=6.66us avg=7.66us max=44.29us read(Gbits/sec)=4.212 write(Gbits/sec)=4.212 count=128542
    6 RR .12 min=6.66us avg=7.68us max=31.49us read(Gbits/sec)=4.202 write(Gbits/sec)=4.202 count=128250
    6 RR .13 min=6.66us avg=7.66us max=18.69us read(Gbits/sec)=4.212 write(Gbits/sec)=4.212 count=128537
    6 RR .14 min=6.66us avg=7.66us max=33.79us read(Gbits/sec)=4.213 write(Gbits/sec)=4.213 count=128588
    6 RR .15 min=6.66us avg=7.67us max=34.82us read(Gbits/sec)=4.210 write(Gbits/sec)=4.210 count=128479
    6 RR .16 min=6.66us avg=7.69us max=19.46us read(Gbits/sec)=4.193 write(Gbits/sec)=4.193 count=127961
    6 RR .17 min=6.66us avg=7.67us max=18.69us read(Gbits/sec)=4.209 write(Gbits/sec)=4.209 count=128467
    6 RR .18 min=6.66us avg=7.66us max=19.46us read(Gbits/sec)=4.215 write(Gbits/sec)=4.215 count=128650
    6 RR .19 min=6.66us avg=7.67us max=41.22us read(Gbits/sec)=4.209 write(Gbits/sec)=4.209 count=128456
    6 RR Total-Throughput read(Gbits/sec)=83.999 write(Gbits/sec)=83.999

    7 RR .0 min=6.66us avg=12.35us max=192217.86us read(Gbits/sec)=2.627 write(Gbits/sec)=2.627 count=80171
    7 RR .1 min=6.66us avg=7.58us max=17.66us read(Gbits/sec)=4.257 write(Gbits/sec)=4.257 count=129926
    7 RR .2 min=6.40us avg=9.28us max=180210.43us read(Gbits/sec)=3.487 write(Gbits/sec)=3.487 count=106430
    7 RR .3 min=6.66us avg=7.59us max=20.22us read(Gbits/sec)=4.254 write(Gbits/sec)=4.254 count=129808
    7 RR .4 min=6.66us avg=7.61us max=20.74us read(Gbits/sec)=4.243 write(Gbits/sec)=4.243 count=129489
    7 RR .5 min=6.66us avg=8.64us max=118042.37us read(Gbits/sec)=3.745 write(Gbits/sec)=3.745 count=114292
    7 RR .6 min=6.66us avg=9.57us max=180421.89us read(Gbits/sec)=2.980 write(Gbits/sec)=2.980 count=90929
    7 RR .7 min=6.66us avg=7.59us max=20.22us read(Gbits/sec)=4.251 write(Gbits/sec)=4.251 count=129723
    7 RR .8 min=6.66us avg=7.62us max=38.91us read(Gbits/sec)=4.237 write(Gbits/sec)=4.237 count=129312
    7 RR .9 min=6.66us avg=7.59us max=21.25us read(Gbits/sec)=4.253 write(Gbits/sec)=4.253 count=129803
    7 RR .10 min=6.66us avg=7.58us max=19.20us read(Gbits/sec)=4.257 write(Gbits/sec)=4.257 count=129925
    7 RR .11 min=6.40us avg=7.60us max=22.27us read(Gbits/sec)=4.249 write(Gbits/sec)=4.249 count=129686
    7 RR .12 min=6.66us avg=7.61us max=18.69us read(Gbits/sec)=4.240 write(Gbits/sec)=4.240 count=129386
    7 RR .13 min=6.66us avg=9.31us max=180025.60us read(Gbits/sec)=3.476 write(Gbits/sec)=3.476 count=106094
    7 RR .14 min=6.40us avg=7.59us max=19.46us read(Gbits/sec)=4.251 write(Gbits/sec)=4.251 count=129730
    7 RR .15 min=6.66us avg=7.60us max=23.81us read(Gbits/sec)=4.249 write(Gbits/sec)=4.249 count=129658
    7 RR .16 min=6.66us avg=7.62us max=18.94us read(Gbits/sec)=4.231 write(Gbits/sec)=4.231 count=129136
    7 RR .17 min=6.66us avg=7.60us max=18.43us read(Gbits/sec)=4.247 write(Gbits/sec)=4.248 count=129628
    7 RR .18 min=6.66us avg=7.59us max=18.69us read(Gbits/sec)=4.253 write(Gbits/sec)=4.253 count=129792
    7 RR .19 min=6.40us avg=7.61us max=20.99us read(Gbits/sec)=4.245 write(Gbits/sec)=4.245 count=129565
    7 RR Total-Throughput read(Gbits/sec)=80.033 write(Gbits/sec)=80.033

    8 RR .0 min=6.66us avg=7.66us max=786.69us read(Gbits/sec)=4.212 write(Gbits/sec)=4.212 count=128538
    8 RR .1 min=6.66us avg=7.65us max=47.36us read(Gbits/sec)=4.220 write(Gbits/sec)=4.220 count=128783
    8 RR .2 min=6.66us avg=7.65us max=18.18us read(Gbits/sec)=4.223 write(Gbits/sec)=4.223 count=128862
    8 RR .3 min=6.66us avg=7.66us max=19.71us read(Gbits/sec)=4.217 write(Gbits/sec)=4.217 count=128680
    8 RR .4 min=6.66us avg=7.68us max=18.69us read(Gbits/sec)=4.205 write(Gbits/sec)=4.205 count=128322
    8 RR .5 min=6.66us avg=7.66us max=19.71us read(Gbits/sec)=4.217 write(Gbits/sec)=4.217 count=128701
    8 RR .6 min=6.66us avg=9.31us max=199457.28us read(Gbits/sec)=3.951 write(Gbits/sec)=3.951 count=120568
    8 RR .7 min=6.66us avg=7.66us max=17.41us read(Gbits/sec)=4.212 write(Gbits/sec)=4.212 count=128551
    8 RR .8 min=6.66us avg=7.68us max=37.89us read(Gbits/sec)=4.199 write(Gbits/sec)=4.199 count=128146
    8 RR .9 min=6.66us avg=7.66us max=19.97us read(Gbits/sec)=4.216 write(Gbits/sec)=4.216 count=128657
    8 RR .10 min=6.66us avg=7.65us max=19.71us read(Gbits/sec)=4.219 write(Gbits/sec)=4.219 count=128754
    8 RR .11 min=6.66us avg=7.66us max=19.71us read(Gbits/sec)=4.212 write(Gbits/sec)=4.212 count=128555
    8 RR .12 min=6.66us avg=7.67us max=18.94us read(Gbits/sec)=4.204 write(Gbits/sec)=4.204 count=128296
    8 RR .13 min=6.66us avg=7.66us max=18.18us read(Gbits/sec)=4.213 write(Gbits/sec)=4.213 count=128572
    8 RR .14 min=6.66us avg=7.66us max=37.12us read(Gbits/sec)=4.215 write(Gbits/sec)=4.215 count=128626
    8 RR .15 min=6.66us avg=7.67us max=41.22us read(Gbits/sec)=4.211 write(Gbits/sec)=4.211 count=128525
    8 RR .16 min=6.66us avg=7.69us max=18.94us read(Gbits/sec)=4.193 write(Gbits/sec)=4.193 count=127977
    8 RR .17 min=6.66us avg=7.66us max=45.57us read(Gbits/sec)=4.210 write(Gbits/sec)=4.210 count=128491
    8 RR .18 min=6.66us avg=7.66us max=18.94us read(Gbits/sec)=4.216 write(Gbits/sec)=4.216 count=128666
    8 RR .19 min=6.66us avg=7.67us max=18.69us read(Gbits/sec)=4.210 write(Gbits/sec)=4.210 count=128474
    8 RR Total-Throughput read(Gbits/sec)=83.974 write(Gbits/sec)=83.974

    9 RR .0 min=6.66us avg=7.63us max=69.89us read(Gbits/sec)=4.227 write(Gbits/sec)=4.227 count=128996
    9 RR .1 min=6.66us avg=7.63us max=18.94us read(Gbits/sec)=4.231 write(Gbits/sec)=4.231 count=129109
    9 RR .2 min=6.66us avg=7.63us max=18.43us read(Gbits/sec)=4.233 write(Gbits/sec)=4.233 count=129178
    9 RR .3 min=6.66us avg=7.64us max=19.97us read(Gbits/sec)=4.228 write(Gbits/sec)=4.228 count=129029
    9 RR .4 min=6.66us avg=9.28us max=172065.54us read(Gbits/sec)=3.488 write(Gbits/sec)=3.488 count=106435
    9 RR .5 min=6.66us avg=8.96us max=145317.12us read(Gbits/sec)=3.613 write(Gbits/sec)=3.613 count=110269
    9 RR .6 min=6.66us avg=7.64us max=40.70us read(Gbits/sec)=4.229 write(Gbits/sec)=4.229 count=129056
    9 RR .7 min=6.66us avg=7.64us max=18.43us read(Gbits/sec)=4.223 write(Gbits/sec)=4.223 count=128882
    9 RR .8 min=6.66us avg=7.66us max=18.43us read(Gbits/sec)=4.210 write(Gbits/sec)=4.210 count=128495
    9 RR .9 min=6.66us avg=7.64us max=18.94us read(Gbits/sec)=4.227 write(Gbits/sec)=4.227 count=128997
    9 RR .10 min=6.66us avg=7.63us max=18.69us read(Gbits/sec)=4.232 write(Gbits/sec)=4.232 count=129144
    9 RR .11 min=6.66us avg=7.64us max=52.48us read(Gbits/sec)=4.223 write(Gbits/sec)=4.223 count=128873
    9 RR .12 min=6.66us avg=7.65us max=17.92us read(Gbits/sec)=4.215 write(Gbits/sec)=4.215 count=128645
    9 RR .13 min=6.66us avg=7.64us max=34.05us read(Gbits/sec)=4.224 write(Gbits/sec)=4.224 count=128913
    9 RR .14 min=6.66us avg=7.64us max=48.38us read(Gbits/sec)=4.226 write(Gbits/sec)=4.226 count=128967
    9 RR .15 min=6.66us avg=7.64us max=18.94us read(Gbits/sec)=4.222 write(Gbits/sec)=4.222 count=128853
    9 RR .16 min=6.66us avg=7.67us max=17.66us read(Gbits/sec)=3.988 write(Gbits/sec)=3.988 count=121693
    9 RR .17 min=6.66us avg=7.64us max=18.94us read(Gbits/sec)=4.222 write(Gbits/sec)=4.222 count=128839
    9 RR .18 min=6.66us avg=7.64us max=19.46us read(Gbits/sec)=4.227 write(Gbits/sec)=4.227 count=129008
    9 RR .19 min=6.66us avg=7.65us max=18.43us read(Gbits/sec)=4.220 write(Gbits/sec)=4.220 count=128799
    9 RR Total-Throughput read(Gbits/sec)=82.907 write(Gbits/sec)=82.907

   10 RR .0 min=6.66us avg=7.58us max=1161.73us read(Gbits/sec)=4.253 write(Gbits/sec)=4.253 count=129799
   10 RR .1 min=6.66us avg=8.62us max=118208.51us read(Gbits/sec)=3.751 write(Gbits/sec)=3.751 count=114473
   10 RR .2 min=6.66us avg=8.82us max=138614.02us read(Gbits/sec)=3.667 write(Gbits/sec)=3.667 count=111913
   10 RR .3 min=6.66us avg=7.58us max=41.47us read(Gbits/sec)=4.259 write(Gbits/sec)=4.259 count=129988
   10 RR .4 min=6.66us avg=7.60us max=19.20us read(Gbits/sec)=4.248 write(Gbits/sec)=4.248 count=129631
   10 RR .5 min=6.66us avg=7.58us max=20.48us read(Gbits/sec)=4.260 write(Gbits/sec)=4.260 count=130015
   10 RR .6 min=6.66us avg=7.58us max=36.10us read(Gbits/sec)=4.260 write(Gbits/sec)=4.260 count=129992
   10 RR .7 min=6.66us avg=7.59us max=48.38us read(Gbits/sec)=4.254 write(Gbits/sec)=4.254 count=129836
   10 RR .8 min=6.40us avg=7.61us max=33.02us read(Gbits/sec)=4.241 write(Gbits/sec)=4.241 count=129437
   10 RR .9 min=6.66us avg=7.58us max=18.69us read(Gbits/sec)=4.257 write(Gbits/sec)=4.257 count=129925
   10 RR .10 min=6.66us avg=7.57us max=19.20us read(Gbits/sec)=4.262 write(Gbits/sec)=4.262 count=130070
   10 RR .11 min=6.66us avg=7.58us max=32.51us read(Gbits/sec)=4.254 write(Gbits/sec)=4.254 count=129839
   10 RR .12 min=6.66us avg=7.60us max=43.52us read(Gbits/sec)=4.244 write(Gbits/sec)=4.244 count=129522
   10 RR .13 min=6.66us avg=8.91us max=146587.90us read(Gbits/sec)=3.628 write(Gbits/sec)=3.628 count=110719
   10 RR .14 min=6.66us avg=7.58us max=38.14us read(Gbits/sec)=4.257 write(Gbits/sec)=4.257 count=129904
   10 RR .15 min=6.66us avg=7.59us max=43.78us read(Gbits/sec)=4.253 write(Gbits/sec)=4.253 count=129792
   10 RR .16 min=6.66us avg=8.73us max=118171.65us read(Gbits/sec)=3.482 write(Gbits/sec)=3.482 count=106274
   10 RR .17 min=6.66us avg=7.59us max=18.69us read(Gbits/sec)=4.253 write(Gbits/sec)=4.253 count=129811
   10 RR .18 min=6.40us avg=9.06us max=161787.39us read(Gbits/sec)=3.572 write(Gbits/sec)=3.572 count=108999
   10 RR .19 min=6.66us avg=7.64us max=18.43us read(Gbits/sec)=1.954 write(Gbits/sec)=1.954 count=59622
   10 RR Total-Throughput read(Gbits/sec)=79.610 write(Gbits/sec)=79.610

   11 RR .0 min=6.40us avg=7.59us max=50.18us read(Gbits/sec)=4.251 write(Gbits/sec)=4.251 count=129738
   11 RR .1 min=6.66us avg=7.59us max=18.18us read(Gbits/sec)=4.256 write(Gbits/sec)=4.256 count=129887
   11 RR .2 min=6.66us avg=7.59us max=18.94us read(Gbits/sec)=4.257 write(Gbits/sec)=4.257 count=129914
   11 RR .3 min=6.66us avg=8.55us max=109360.13us read(Gbits/sec)=3.783 write(Gbits/sec)=3.783 count=115457
   11 RR .4 min=6.66us avg=7.61us max=18.69us read(Gbits/sec)=4.242 write(Gbits/sec)=4.242 count=129446
   11 RR .5 min=6.66us avg=7.59us max=20.99us read(Gbits/sec)=4.252 write(Gbits/sec)=4.252 count=129767
   11 RR .6 min=6.66us avg=7.59us max=48.13us read(Gbits/sec)=4.253 write(Gbits/sec)=4.253 count=129809
   11 RR .7 min=6.66us avg=7.60us max=18.18us read(Gbits/sec)=4.247 write(Gbits/sec)=4.247 count=129618
   11 RR .8 min=6.66us avg=7.62us max=19.46us read(Gbits/sec)=4.234 write(Gbits/sec)=4.234 count=129210
   11 RR .9 min=6.66us avg=7.59us max=20.22us read(Gbits/sec)=4.252 write(Gbits/sec)=4.252 count=129769
   11 RR .10 min=6.66us avg=7.59us max=19.46us read(Gbits/sec)=4.255 write(Gbits/sec)=4.255 count=129853
   11 RR .11 min=6.66us avg=7.60us max=18.94us read(Gbits/sec)=4.249 write(Gbits/sec)=4.249 count=129664
   11 RR .12 min=6.66us avg=7.61us max=18.43us read(Gbits/sec)=1.777 write(Gbits/sec)=1.777 count=54222
   11 RR .13 min=6.66us avg=7.59us max=19.46us read(Gbits/sec)=4.250 write(Gbits/sec)=4.250 count=129713
   11 RR .14 min=6.66us avg=7.59us max=19.97us read(Gbits/sec)=4.251 write(Gbits/sec)=4.251 count=129736
   11 RR .15 min=6.66us avg=7.60us max=21.25us read(Gbits/sec)=4.249 write(Gbits/sec)=4.249 count=129669
   11 RR .16 min=6.66us avg=9.10us max=176899.58us read(Gbits/sec)=3.948 write(Gbits/sec)=3.948 count=120487
   11 RR .17 min=6.66us avg=7.60us max=17.92us read(Gbits/sec)=4.247 write(Gbits/sec)=4.248 count=129630
   11 RR .18 min=6.66us avg=7.59us max=19.20us read(Gbits/sec)=4.252 write(Gbits/sec)=4.252 count=129782
   11 RR .19 min=6.66us avg=19.54us max=934040.58us read(Gbits/sec)=2.564 write(Gbits/sec)=2.564 count=78264
   11 RR Total-Throughput read(Gbits/sec)=80.071 write(Gbits/sec)=80.071

   12 RR .0 min=6.66us avg=9.38us max=188964.86us read(Gbits/sec)=3.451 write(Gbits/sec)=3.451 count=105314
   12 RR .1 min=6.66us avg=7.58us max=19.46us read(Gbits/sec)=4.261 write(Gbits/sec)=4.261 count=130045
   12 RR .2 min=6.66us avg=7.58us max=18.94us read(Gbits/sec)=4.263 write(Gbits/sec)=4.263 count=130101
   12 RR .3 min=6.66us avg=7.59us max=19.97us read(Gbits/sec)=4.256 write(Gbits/sec)=4.256 count=129887
   12 RR .4 min=6.66us avg=8.89us max=141742.59us read(Gbits/sec)=3.639 write(Gbits/sec)=3.639 count=111066
   12 RR .5 min=6.66us avg=7.58us max=20.22us read(Gbits/sec)=4.259 write(Gbits/sec)=4.259 count=129967
   12 RR .6 min=6.66us avg=7.58us max=29.44us read(Gbits/sec)=4.257 write(Gbits/sec)=4.257 count=129916
   12 RR .7 min=6.66us avg=8.92us max=146033.66us read(Gbits/sec)=3.628 write(Gbits/sec)=3.628 count=110708
   12 RR .8 min=6.40us avg=7.61us max=41.22us read(Gbits/sec)=4.241 write(Gbits/sec)=4.241 count=129438
   12 RR .9 min=6.66us avg=7.58us max=19.46us read(Gbits/sec)=4.256 write(Gbits/sec)=4.256 count=129893
   12 RR .10 min=6.66us avg=7.58us max=19.71us read(Gbits/sec)=4.260 write(Gbits/sec)=4.260 count=130022
   12 RR .11 min=6.66us avg=8.81us max=136103.42us read(Gbits/sec)=3.671 write(Gbits/sec)=3.671 count=112047
   12 RR .12 min=6.66us avg=21.06us max=1004164.35us read(Gbits/sec)=2.446 write(Gbits/sec)=2.446 count=74638
   12 RR .13 min=6.66us avg=7.58us max=48.38us read(Gbits/sec)=4.256 write(Gbits/sec)=4.256 count=129878
   12 RR .14 min=6.66us avg=7.58us max=40.96us read(Gbits/sec)=4.032 write(Gbits/sec)=4.032 count=123048
   12 RR .15 min=6.66us avg=7.59us max=22.53us read(Gbits/sec)=4.254 write(Gbits/sec)=4.254 count=129831
   12 RR .16 min=6.66us avg=8.83us max=134643.71us read(Gbits/sec)=3.662 write(Gbits/sec)=3.662 count=111774
   12 RR .17 min=6.66us avg=7.59us max=20.99us read(Gbits/sec)=4.252 write(Gbits/sec)=4.252 count=129779
   12 RR .18 min=6.66us avg=7.58us max=18.43us read(Gbits/sec)=4.257 write(Gbits/sec)=4.257 count=129933
   12 RR .19 min=6.66us avg=7.59us max=42.24us read(Gbits/sec)=4.251 write(Gbits/sec)=4.251 count=129732
   12 RR Total-Throughput read(Gbits/sec)=79.855 write(Gbits/sec)=79.855

   13 RR .0 min=6.66us avg=7.64us max=955.65us read(Gbits/sec)=4.221 write(Gbits/sec)=4.221 count=128806
   13 RR .1 min=6.66us avg=7.63us max=20.99us read(Gbits/sec)=4.232 write(Gbits/sec)=4.232 count=129166
   13 RR .2 min=6.66us avg=7.63us max=18.94us read(Gbits/sec)=4.235 write(Gbits/sec)=4.235 count=129244
   13 RR .3 min=6.66us avg=7.63us max=20.22us read(Gbits/sec)=4.229 write(Gbits/sec)=4.229 count=129064
   13 RR .4 min=6.66us avg=8.88us max=135317.50us read(Gbits/sec)=3.644 write(Gbits/sec)=3.644 count=111222
   13 RR .5 min=6.66us avg=7.63us max=21.50us read(Gbits/sec)=4.231 write(Gbits/sec)=4.231 count=129137
   13 RR .6 min=6.66us avg=7.63us max=18.94us read(Gbits/sec)=4.231 write(Gbits/sec)=4.231 count=129131
   13 RR .7 min=6.66us avg=7.64us max=17.66us read(Gbits/sec)=4.224 write(Gbits/sec)=4.224 count=128916
   13 RR .8 min=6.66us avg=7.66us max=26.62us read(Gbits/sec)=4.212 write(Gbits/sec)=4.212 count=128538
   13 RR .9 min=6.66us avg=7.63us max=19.46us read(Gbits/sec)=4.228 write(Gbits/sec)=4.228 count=129039
   13 RR .10 min=6.66us avg=7.63us max=17.92us read(Gbits/sec)=4.232 write(Gbits/sec)=4.232 count=129157
   13 RR .11 min=6.66us avg=7.64us max=18.94us read(Gbits/sec)=4.226 write(Gbits/sec)=4.226 count=128958
   13 RR .12 min=6.66us avg=7.65us max=18.43us read(Gbits/sec)=4.216 write(Gbits/sec)=4.216 count=128660
   13 RR .13 min=6.66us avg=9.53us max=195420.16us read(Gbits/sec)=3.396 write(Gbits/sec)=3.396 count=103637
   13 RR .14 min=6.66us avg=8.82us max=139815.68us read(Gbits/sec)=3.858 write(Gbits/sec)=3.858 count=117752
   13 RR .15 min=6.40us avg=7.64us max=41.73us read(Gbits/sec)=4.226 write(Gbits/sec)=4.226 count=128978
   13 RR .16 min=6.66us avg=7.67us max=18.69us read(Gbits/sec)=4.208 write(Gbits/sec)=4.208 count=128417
   13 RR .17 min=6.66us avg=7.64us max=18.69us read(Gbits/sec)=4.225 write(Gbits/sec)=4.225 count=128932
   13 RR .18 min=6.66us avg=7.63us max=18.69us read(Gbits/sec)=4.228 write(Gbits/sec)=4.228 count=129048
   13 RR .19 min=6.66us avg=7.64us max=18.43us read(Gbits/sec)=4.223 write(Gbits/sec)=4.223 count=128892
   13 RR Total-Throughput read(Gbits/sec)=82.727 write(Gbits/sec)=82.727

   14 RR .0 min=6.66us avg=7.63us max=37.89us read(Gbits/sec)=4.229 write(Gbits/sec)=4.229 count=129053
   14 RR .1 min=6.66us avg=7.63us max=18.69us read(Gbits/sec)=4.233 write(Gbits/sec)=4.233 count=129196
   14 RR .2 min=6.66us avg=7.63us max=18.18us read(Gbits/sec)=4.234 write(Gbits/sec)=4.234 count=129223
   14 RR .3 min=6.66us avg=7.63us max=54.27us read(Gbits/sec)=4.229 write(Gbits/sec)=4.229 count=129061
   14 RR .4 min=6.66us avg=7.66us max=18.43us read(Gbits/sec)=4.218 write(Gbits/sec)=4.218 count=128733
   14 RR .5 min=6.66us avg=7.63us max=18.94us read(Gbits/sec)=4.232 write(Gbits/sec)=4.232 count=129146
   14 RR .6 min=6.66us avg=7.63us max=42.24us read(Gbits/sec)=4.231 write(Gbits/sec)=4.231 count=129108
   14 RR .7 min=6.66us avg=7.64us max=18.69us read(Gbits/sec)=4.225 write(Gbits/sec)=4.225 count=128940
   14 RR .8 min=6.66us avg=7.66us max=41.22us read(Gbits/sec)=4.213 write(Gbits/sec)=4.213 count=128572
   14 RR .9 min=6.66us avg=7.63us max=19.71us read(Gbits/sec)=4.228 write(Gbits/sec)=4.228 count=129040
   14 RR .10 min=6.66us avg=7.62us max=18.94us read(Gbits/sec)=4.233 write(Gbits/sec)=4.233 count=129199
   14 RR .11 min=6.66us avg=7.64us max=19.20us read(Gbits/sec)=4.226 write(Gbits/sec)=4.226 count=128971
   14 RR .12 min=6.66us avg=7.65us max=18.94us read(Gbits/sec)=4.216 write(Gbits/sec)=4.216 count=128672
   14 RR .13 min=6.66us avg=7.63us max=19.71us read(Gbits/sec)=4.227 write(Gbits/sec)=4.227 count=129014
   14 RR .14 min=6.66us avg=8.63us max=112798.21us read(Gbits/sec)=3.749 write(Gbits/sec)=3.749 count=114401
   14 RR .15 min=6.66us avg=9.35us max=179985.41us read(Gbits/sec)=3.463 write(Gbits/sec)=3.463 count=105682
   14 RR .16 min=6.66us avg=8.91us max=138603.01us read(Gbits/sec)=3.626 write(Gbits/sec)=3.626 count=110671
   14 RR .17 min=6.66us avg=7.64us max=18.94us read(Gbits/sec)=4.225 write(Gbits/sec)=4.225 count=128938
   14 RR .18 min=6.66us avg=7.63us max=18.69us read(Gbits/sec)=4.229 write(Gbits/sec)=4.229 count=129049
   14 RR .19 min=6.66us avg=7.64us max=36.10us read(Gbits/sec)=4.223 write(Gbits/sec)=4.223 count=128893
   14 RR Total-Throughput read(Gbits/sec)=82.690 write(Gbits/sec)=82.690

   15 RR .0 min=6.66us avg=7.59us max=44.29us read(Gbits/sec)=4.250 write(Gbits/sec)=4.250 count=129706
   15 RR .1 min=6.66us avg=7.59us max=18.94us read(Gbits/sec)=4.255 write(Gbits/sec)=4.255 count=129847
   15 RR .2 min=6.66us avg=7.58us max=17.66us read(Gbits/sec)=4.258 write(Gbits/sec)=4.258 count=129951
   15 RR .3 min=6.66us avg=7.59us max=19.46us read(Gbits/sec)=4.251 write(Gbits/sec)=4.251 count=129735
   15 RR .4 min=6.66us avg=9.06us max=155562.75us read(Gbits/sec)=3.573 write(Gbits/sec)=3.573 count=109046
   15 RR .5 min=6.66us avg=8.51us max=106365.44us read(Gbits/sec)=3.801 write(Gbits/sec)=3.801 count=116003
   15 RR .6 min=6.66us avg=7.59us max=18.94us read(Gbits/sec)=4.253 write(Gbits/sec)=4.253 count=129787
   15 RR .7 min=6.66us avg=7.60us max=18.18us read(Gbits/sec)=4.247 write(Gbits/sec)=4.247 count=129624
   15 RR .8 min=6.66us avg=7.62us max=20.74us read(Gbits/sec)=4.235 write(Gbits/sec)=4.235 count=129238
   15 RR .9 min=6.66us avg=7.59us max=19.46us read(Gbits/sec)=4.251 write(Gbits/sec)=4.251 count=129737
   15 RR .10 min=6.66us avg=7.58us max=19.97us read(Gbits/sec)=4.256 write(Gbits/sec)=4.256 count=129875
   15 RR .11 min=6.66us avg=7.60us max=20.22us read(Gbits/sec)=4.248 write(Gbits/sec)=4.248 count=129639
   15 RR .12 min=6.66us avg=7.61us max=46.34us read(Gbits/sec)=4.239 write(Gbits/sec)=4.239 count=129363
   15 RR .13 min=6.66us avg=7.59us max=18.18us read(Gbits/sec)=4.249 write(Gbits/sec)=4.249 count=129664
   15 RR .14 min=6.66us avg=9.51us max=196933.89us read(Gbits/sec)=3.405 write(Gbits/sec)=3.405 count=103918
   15 RR .15 min=6.66us avg=7.61us max=63.74us read(Gbits/sec)=2.838 write(Gbits/sec)=2.838 count=86594
   15 RR .16 min=6.66us avg=8.65us max=117383.42us read(Gbits/sec)=3.735 write(Gbits/sec)=3.735 count=114002
   15 RR .17 min=6.66us avg=7.60us max=19.46us read(Gbits/sec)=4.248 write(Gbits/sec)=4.248 count=129639
   15 RR .18 min=6.40us avg=7.59us max=19.20us read(Gbits/sec)=4.252 write(Gbits/sec)=4.252 count=129777
   15 RR .19 min=6.66us avg=9.20us max=171200.00us read(Gbits/sec)=3.519 write(Gbits/sec)=3.519 count=107405
   15 RR Total-Throughput read(Gbits/sec)=80.363 write(Gbits/sec)=80.363

   16 RR .0 min=6.66us avg=7.59us max=1177.60us read(Gbits/sec)=4.249 write(Gbits/sec)=4.249 count=129678
   16 RR .1 min=6.66us avg=7.58us max=19.20us read(Gbits/sec)=4.258 write(Gbits/sec)=4.258 count=129950
   16 RR .2 min=6.66us avg=7.58us max=18.94us read(Gbits/sec)=4.261 write(Gbits/sec)=4.261 count=130027
   16 RR .3 min=6.66us avg=7.59us max=35.33us read(Gbits/sec)=4.253 write(Gbits/sec)=4.253 count=129805
   16 RR .4 min=6.66us avg=7.61us max=19.71us read(Gbits/sec)=4.244 write(Gbits/sec)=4.244 count=129529
   16 RR .5 min=6.66us avg=7.58us max=19.46us read(Gbits/sec)=3.882 write(Gbits/sec)=3.882 count=118484
   16 RR .6 min=6.66us avg=8.88us max=142927.10us read(Gbits/sec)=3.644 write(Gbits/sec)=3.644 count=111212
   16 RR .7 min=6.66us avg=9.45us max=194408.70us read(Gbits/sec)=3.424 write(Gbits/sec)=3.424 count=104506
   16 RR .8 min=6.66us avg=8.69us max=122362.62us read(Gbits/sec)=3.721 write(Gbits/sec)=3.721 count=113560
   16 RR .9 min=6.66us avg=7.59us max=55.81us read(Gbits/sec)=4.255 write(Gbits/sec)=4.255 count=129863
   16 RR .10 min=6.66us avg=7.58us max=17.92us read(Gbits/sec)=4.259 write(Gbits/sec)=4.259 count=129977
   16 RR .11 min=6.66us avg=7.59us max=20.22us read(Gbits/sec)=4.251 write(Gbits/sec)=4.251 count=129728
   16 RR .12 min=6.66us avg=7.60us max=31.23us read(Gbits/sec)=4.244 write(Gbits/sec)=4.244 count=129522
   16 RR .13 min=6.66us avg=7.59us max=20.99us read(Gbits/sec)=4.253 write(Gbits/sec)=4.253 count=129788
   16 RR .14 min=6.66us avg=7.59us max=18.43us read(Gbits/sec)=4.253 write(Gbits/sec)=4.253 count=129807
   16 RR .15 min=6.66us avg=28.65us max=974416.13us read(Gbits/sec)=1.517 write(Gbits/sec)=1.517 count=46287
   16 RR .16 min=6.66us avg=7.60us max=18.43us read(Gbits/sec)=4.246 write(Gbits/sec)=4.246 count=129581
   16 RR .17 min=6.66us avg=7.59us max=18.94us read(Gbits/sec)=4.251 write(Gbits/sec)=4.251 count=129740
   16 RR .18 min=6.66us avg=7.59us max=18.43us read(Gbits/sec)=4.255 write(Gbits/sec)=4.255 count=129853
   16 RR .19 min=6.66us avg=7.60us max=41.73us read(Gbits/sec)=4.249 write(Gbits/sec)=4.249 count=129686
   16 RR Total-Throughput read(Gbits/sec)=79.971 write(Gbits/sec)=79.971

   17 RR .0 min=6.66us avg=7.61us max=69.89us read(Gbits/sec)=4.237 write(Gbits/sec)=4.237 count=129318
   17 RR .1 min=6.66us avg=7.62us max=17.92us read(Gbits/sec)=4.241 write(Gbits/sec)=4.241 count=129421
   17 RR .2 min=6.66us avg=7.61us max=18.43us read(Gbits/sec)=4.243 write(Gbits/sec)=4.243 count=129501
   17 RR .3 min=6.66us avg=8.71us max=122073.34us read(Gbits/sec)=3.715 write(Gbits/sec)=3.715 count=113383
   17 RR .4 min=6.66us avg=8.73us max=123916.54us read(Gbits/sec)=3.703 write(Gbits/sec)=3.703 count=113014
   17 RR .5 min=6.66us avg=8.46us max=107500.80us read(Gbits/sec)=4.156 write(Gbits/sec)=4.156 count=126828
   17 RR .6 min=6.66us avg=7.62us max=18.43us read(Gbits/sec)=4.240 write(Gbits/sec)=4.240 count=129386
   17 RR .7 min=6.66us avg=7.62us max=33.02us read(Gbits/sec)=4.233 write(Gbits/sec)=4.233 count=129178
   17 RR .8 min=6.66us avg=7.64us max=18.69us read(Gbits/sec)=4.221 write(Gbits/sec)=4.221 count=128807
   17 RR .9 min=6.66us avg=8.89us max=140263.42us read(Gbits/sec)=3.636 write(Gbits/sec)=3.636 count=110978
   17 RR .10 min=6.40us avg=9.07us max=157442.82us read(Gbits/sec)=3.567 write(Gbits/sec)=3.567 count=108857
   17 RR .11 min=6.66us avg=7.62us max=35.07us read(Gbits/sec)=4.234 write(Gbits/sec)=4.234 count=129209
   17 RR .12 min=6.66us avg=7.63us max=20.48us read(Gbits/sec)=4.226 write(Gbits/sec)=4.226 count=128981
   17 RR .13 min=6.66us avg=7.62us max=19.20us read(Gbits/sec)=4.234 write(Gbits/sec)=4.234 count=129211
   17 RR .14 min=6.66us avg=7.62us max=34.82us read(Gbits/sec)=4.236 write(Gbits/sec)=4.236 count=129265
   17 RR .15 min=6.40us avg=7.62us max=38.40us read(Gbits/sec)=4.234 write(Gbits/sec)=4.234 count=129202
   17 RR .16 min=6.66us avg=7.65us max=18.18us read(Gbits/sec)=4.215 write(Gbits/sec)=4.215 count=128621
   17 RR .17 min=6.66us avg=7.62us max=17.92us read(Gbits/sec)=4.232 write(Gbits/sec)=4.232 count=129160
   17 RR .18 min=6.66us avg=8.89us max=140260.10us read(Gbits/sec)=3.638 write(Gbits/sec)=3.638 count=111014
   17 RR .19 min=6.66us avg=7.63us max=18.94us read(Gbits/sec)=4.232 write(Gbits/sec)=4.232 count=129150
   17 RR Total-Throughput read(Gbits/sec)=81.672 write(Gbits/sec)=81.672

   18 RR .0 min=6.66us avg=7.60us max=914.94us read(Gbits/sec)=4.242 write(Gbits/sec)=4.242 count=129463
   18 RR .1 min=6.66us avg=7.60us max=18.43us read(Gbits/sec)=4.251 write(Gbits/sec)=4.251 count=129745
   18 RR .2 min=6.66us avg=7.59us max=18.94us read(Gbits/sec)=4.253 write(Gbits/sec)=4.253 count=129802
   18 RR .3 min=6.66us avg=8.66us max=120001.79us read(Gbits/sec)=3.733 write(Gbits/sec)=3.733 count=113912
   18 RR .4 min=6.66us avg=7.62us max=17.92us read(Gbits/sec)=4.237 write(Gbits/sec)=4.237 count=129319
   18 RR .5 min=6.66us avg=7.60us max=18.43us read(Gbits/sec)=4.248 write(Gbits/sec)=4.248 count=129651
   18 RR .6 min=6.66us avg=7.60us max=18.43us read(Gbits/sec)=4.249 write(Gbits/sec)=4.249 count=129672
   18 RR .7 min=6.66us avg=7.61us max=18.69us read(Gbits/sec)=4.243 write(Gbits/sec)=4.243 count=129482
   18 RR .8 min=6.66us avg=9.13us max=160922.11us read(Gbits/sec)=3.540 write(Gbits/sec)=3.540 count=108049
   18 RR .9 min=6.66us avg=7.60us max=34.56us read(Gbits/sec)=4.246 write(Gbits/sec)=4.246 count=129577
   18 RR .10 min=6.66us avg=7.59us max=18.43us read(Gbits/sec)=4.250 write(Gbits/sec)=4.250 count=129713
   18 RR .11 min=6.66us avg=7.60us max=20.48us read(Gbits/sec)=4.244 write(Gbits/sec)=4.244 count=129510
   18 RR .12 min=6.40us avg=7.61us max=18.69us read(Gbits/sec)=4.236 write(Gbits/sec)=4.236 count=129266
   18 RR .13 min=6.66us avg=7.61us max=20.74us read(Gbits/sec)=4.242 write(Gbits/sec)=4.242 count=129465
   18 RR .14 min=6.66us avg=7.60us max=32.51us read(Gbits/sec)=4.245 write(Gbits/sec)=4.245 count=129545
   18 RR .15 min=6.66us avg=7.61us max=17.41us read(Gbits/sec)=4.243 write(Gbits/sec)=4.243 count=129503
   18 RR .16 min=6.66us avg=7.69us max=18.69us read(Gbits/sec)=1.213 write(Gbits/sec)=1.213 count=37009
   18 RR .17 min=6.66us avg=7.60us max=50.18us read(Gbits/sec)=4.244 write(Gbits/sec)=4.244 count=129515
   18 RR .18 min=6.66us avg=7.60us max=17.66us read(Gbits/sec)=4.248 write(Gbits/sec)=4.248 count=129642
   18 RR .19 min=6.66us avg=7.61us max=33.54us read(Gbits/sec)=4.242 write(Gbits/sec)=4.242 count=129452
   18 RR Total-Throughput read(Gbits/sec)=80.650 write(Gbits/sec)=80.650

   19 RR .0 min=6.66us avg=10.42us max=135436.29us read(Gbits/sec)=3.108 write(Gbits/sec)=3.108 count=94848
   19 RR .1 min=6.66us avg=7.60us max=17.92us read(Gbits/sec)=4.248 write(Gbits/sec)=4.248 count=129630
   19 RR .2 min=6.66us avg=7.60us max=17.92us read(Gbits/sec)=4.248 write(Gbits/sec)=4.248 count=129647
   19 RR .3 min=6.66us avg=8.65us max=118467.33us read(Gbits/sec)=3.740 write(Gbits/sec)=3.740 count=114136
   19 RR .4 min=6.66us avg=7.63us max=18.43us read(Gbits/sec)=4.233 write(Gbits/sec)=4.233 count=129175
   19 RR .5 min=6.66us avg=7.61us max=18.18us read(Gbits/sec)=4.244 write(Gbits/sec)=4.244 count=129511
   19 RR .6 min=6.66us avg=7.61us max=41.98us read(Gbits/sec)=4.244 write(Gbits/sec)=4.244 count=129507
   19 RR .7 min=6.66us avg=7.62us max=18.43us read(Gbits/sec)=4.239 write(Gbits/sec)=4.239 count=129355
   19 RR .8 min=6.66us avg=7.63us max=19.20us read(Gbits/sec)=4.225 write(Gbits/sec)=4.225 count=128941
   19 RR .9 min=6.66us avg=7.61us max=20.22us read(Gbits/sec)=4.242 write(Gbits/sec)=4.242 count=129448
   19 RR .10 min=6.66us avg=7.60us max=19.46us read(Gbits/sec)=4.246 write(Gbits/sec)=4.246 count=129577
   19 RR .11 min=6.66us avg=7.62us max=23.30us read(Gbits/sec)=4.238 write(Gbits/sec)=4.238 count=129346
   19 RR .12 min=6.66us avg=7.62us max=38.91us read(Gbits/sec)=4.231 write(Gbits/sec)=4.231 count=129116
   19 RR .13 min=6.66us avg=7.61us max=18.94us read(Gbits/sec)=4.239 write(Gbits/sec)=4.239 count=129378
   19 RR .14 min=6.66us avg=9.29us max=177051.90us read(Gbits/sec)=3.483 write(Gbits/sec)=3.483 count=106286
   19 RR .15 min=6.66us avg=7.62us max=42.24us read(Gbits/sec)=4.239 write(Gbits/sec)=4.239 count=129357
   19 RR .16 min=6.66us avg=18.42us max=991469.31us read(Gbits/sec)=3.023 write(Gbits/sec)=3.023 count=92270
   19 RR .17 min=6.66us avg=7.61us max=17.92us read(Gbits/sec)=4.239 write(Gbits/sec)=4.239 count=129377
   19 RR .18 min=6.66us avg=7.61us max=17.66us read(Gbits/sec)=4.243 write(Gbits/sec)=4.243 count=129505
   19 RR .19 min=6.66us avg=7.62us max=18.69us read(Gbits/sec)=4.237 write(Gbits/sec)=4.237 count=129299
   19 RR Total-Throughput read(Gbits/sec)=81.188 write(Gbits/sec)=81.188

   20 RR .0 min=6.66us avg=7.59us max=46.59us read(Gbits/sec)=4.251 write(Gbits/sec)=4.251 count=129740
   20 RR .1 min=6.66us avg=8.68us max=124842.24us read(Gbits/sec)=3.726 write(Gbits/sec)=3.726 count=113708
   20 RR .2 min=6.66us avg=7.58us max=18.18us read(Gbits/sec)=4.260 write(Gbits/sec)=4.260 count=130012
   20 RR .3 min=6.66us avg=7.59us max=19.71us read(Gbits/sec)=4.252 write(Gbits/sec)=4.252 count=129770
   20 RR .4 min=6.66us avg=7.67us max=19.46us read(Gbits/sec)=1.859 write(Gbits/sec)=1.859 count=56728
   20 RR .5 min=6.66us avg=9.28us max=178838.27us read(Gbits/sec)=3.488 write(Gbits/sec)=3.488 count=106434
   20 RR .6 min=6.66us avg=7.58us max=33.02us read(Gbits/sec)=4.256 write(Gbits/sec)=4.256 count=129895
   20 RR .7 min=6.66us avg=7.60us max=18.18us read(Gbits/sec)=3.776 write(Gbits/sec)=3.776 count=115241
   20 RR .8 min=6.66us avg=7.61us max=59.14us read(Gbits/sec)=4.238 write(Gbits/sec)=4.238 count=129343
   20 RR .9 min=6.40us avg=7.59us max=38.14us read(Gbits/sec)=4.253 write(Gbits/sec)=4.253 count=129789
   20 RR .10 min=6.66us avg=7.58us max=21.25us read(Gbits/sec)=4.257 write(Gbits/sec)=4.257 count=129919
   20 RR .11 min=6.66us avg=7.60us max=42.75us read(Gbits/sec)=4.249 write(Gbits/sec)=4.249 count=129666
   20 RR .12 min=6.66us avg=9.39us max=185661.95us read(Gbits/sec)=3.447 write(Gbits/sec)=3.447 count=105196
   20 RR .13 min=6.66us avg=7.59us max=19.46us read(Gbits/sec)=4.252 write(Gbits/sec)=4.252 count=129752
   20 RR .14 min=6.66us avg=7.59us max=18.94us read(Gbits/sec)=4.252 write(Gbits/sec)=4.252 count=129756
   20 RR .15 min=6.66us avg=7.59us max=19.46us read(Gbits/sec)=4.250 write(Gbits/sec)=4.250 count=129711
   20 RR .16 min=6.66us avg=7.62us max=20.74us read(Gbits/sec)=4.231 write(Gbits/sec)=4.231 count=129130
   20 RR .17 min=6.66us avg=7.60us max=19.97us read(Gbits/sec)=4.248 write(Gbits/sec)=4.248 count=129644
   20 RR .18 min=6.66us avg=7.59us max=18.69us read(Gbits/sec)=4.253 write(Gbits/sec)=4.253 count=129806
   20 RR .19 min=6.66us avg=7.60us max=35.33us read(Gbits/sec)=4.246 write(Gbits/sec)=4.246 count=129592
   20 RR Total-Throughput read(Gbits/sec)=80.045 write(Gbits/sec)=80.045

   21 RR .0 min=6.66us avg=7.58us max=1156.61us read(Gbits/sec)=4.253 write(Gbits/sec)=4.253 count=129806
   21 RR .1 min=6.66us avg=7.57us max=18.43us read(Gbits/sec)=4.264 write(Gbits/sec)=4.264 count=130125
   21 RR .2 min=6.66us avg=7.57us max=18.18us read(Gbits/sec)=4.265 write(Gbits/sec)=4.265 count=130173
   21 RR .3 min=6.66us avg=7.58us max=23.30us read(Gbits/sec)=4.259 write(Gbits/sec)=4.259 count=129971
   21 RR .4 min=6.66us avg=19.74us max=951203.33us read(Gbits/sec)=2.572 write(Gbits/sec)=2.572 count=78483
   21 RR .5 min=6.66us avg=7.57us max=19.20us read(Gbits/sec)=4.263 write(Gbits/sec)=4.263 count=130112
   21 RR .6 min=6.66us avg=7.57us max=48.38us read(Gbits/sec)=4.262 write(Gbits/sec)=4.262 count=130079
   21 RR .7 min=6.66us avg=47.53us max=929431.04us read(Gbits/sec)=0.764 write(Gbits/sec)=0.764 count=23313
   21 RR .8 min=6.66us avg=7.58us max=32.51us read(Gbits/sec)=4.257 write(Gbits/sec)=4.257 count=129907
   21 RR .9 min=6.66us avg=7.58us max=19.46us read(Gbits/sec)=4.260 write(Gbits/sec)=4.260 count=130011
   21 RR .10 min=6.66us avg=7.57us max=19.71us read(Gbits/sec)=4.193 write(Gbits/sec)=4.193 count=127946
   21 RR .11 min=6.66us avg=7.58us max=18.18us read(Gbits/sec)=4.257 write(Gbits/sec)=4.257 count=129903
   21 RR .12 min=6.66us avg=7.59us max=18.43us read(Gbits/sec)=4.250 write(Gbits/sec)=4.250 count=129716
   21 RR .13 min=6.66us avg=7.58us max=17.92us read(Gbits/sec)=4.257 write(Gbits/sec)=4.257 count=129921
   21 RR .14 min=6.40us avg=7.58us max=18.43us read(Gbits/sec)=4.260 write(Gbits/sec)=4.260 count=130004
   21 RR .15 min=6.66us avg=7.58us max=34.05us read(Gbits/sec)=4.256 write(Gbits/sec)=4.256 count=129891
   21 RR .16 min=6.66us avg=7.61us max=34.56us read(Gbits/sec)=4.238 write(Gbits/sec)=4.238 count=129342
   21 RR .17 min=6.66us avg=7.58us max=18.43us read(Gbits/sec)=4.256 write(Gbits/sec)=4.256 count=129878
   21 RR .18 min=6.66us avg=8.54us max=110560.26us read(Gbits/sec)=3.787 write(Gbits/sec)=3.787 count=115566
   21 RR .19 min=6.66us avg=7.59us max=20.74us read(Gbits/sec)=4.254 write(Gbits/sec)=4.254 count=129836
   21 RR Total-Throughput read(Gbits/sec)=79.428 write(Gbits/sec)=79.428

   22 RR .0 min=6.66us avg=7.59us max=42.50us read(Gbits/sec)=4.248 write(Gbits/sec)=4.248 count=129631
   22 RR .1 min=6.66us avg=7.59us max=23.30us read(Gbits/sec)=4.255 write(Gbits/sec)=4.255 count=129842
   22 RR .2 min=6.66us avg=7.59us max=19.46us read(Gbits/sec)=4.255 write(Gbits/sec)=4.255 count=129839
   22 RR .3 min=6.66us avg=7.60us max=20.48us read(Gbits/sec)=4.249 write(Gbits/sec)=4.249 count=129682
   22 RR .4 min=6.66us avg=7.61us max=18.18us read(Gbits/sec)=4.239 write(Gbits/sec)=4.239 count=129377
   22 RR .5 min=6.66us avg=8.61us max=109763.07us read(Gbits/sec)=3.562 write(Gbits/sec)=3.562 count=108698
   22 RR .6 min=6.66us avg=7.59us max=32.51us read(Gbits/sec)=4.251 write(Gbits/sec)=4.251 count=129734
   22 RR .7 min=6.66us avg=7.60us max=18.69us read(Gbits/sec)=4.246 write(Gbits/sec)=4.246 count=129569
   22 RR .8 min=6.66us avg=7.62us max=43.78us read(Gbits/sec)=4.232 write(Gbits/sec)=4.232 count=129142
   22 RR .9 min=6.66us avg=7.59us max=39.68us read(Gbits/sec)=4.250 write(Gbits/sec)=4.250 count=129699
   22 RR .10 min=6.66us avg=8.83us max=141617.15us read(Gbits/sec)=3.723 write(Gbits/sec)=3.723 count=113622
   22 RR .11 min=6.66us avg=9.30us max=179325.95us read(Gbits/sec)=3.479 write(Gbits/sec)=3.479 count=106181
   22 RR .12 min=6.66us avg=7.61us max=31.74us read(Gbits/sec)=4.241 write(Gbits/sec)=4.241 count=129427
   22 RR .13 min=6.66us avg=7.63us max=18.69us read(Gbits/sec)=1.702 write(Gbits/sec)=1.702 count=51937
   22 RR .14 min=6.40us avg=7.59us max=18.94us read(Gbits/sec)=4.250 write(Gbits/sec)=4.250 count=129713
   22 RR .15 min=6.66us avg=7.61us max=17.41us read(Gbits/sec)=4.112 write(Gbits/sec)=4.112 count=125479
   22 RR .16 min=6.66us avg=7.63us max=18.18us read(Gbits/sec)=4.230 write(Gbits/sec)=4.230 count=129087
   22 RR .17 min=6.66us avg=7.60us max=17.92us read(Gbits/sec)=4.245 write(Gbits/sec)=4.245 count=129564
   22 RR .18 min=6.66us avg=7.59us max=18.69us read(Gbits/sec)=4.249 write(Gbits/sec)=4.249 count=129684
   22 RR .19 min=6.66us avg=7.61us max=39.17us read(Gbits/sec)=4.244 write(Gbits/sec)=4.244 count=129530
   22 RR Total-Throughput read(Gbits/sec)=80.262 write(Gbits/sec)=80.262

   23 RR .0 min=6.66us avg=7.60us max=39.17us read(Gbits/sec)=4.245 write(Gbits/sec)=4.245 count=129535
   23 RR .1 min=6.66us avg=7.60us max=18.69us read(Gbits/sec)=4.249 write(Gbits/sec)=4.249 count=129666
   23 RR .2 min=6.66us avg=7.59us max=17.66us read(Gbits/sec)=4.252 write(Gbits/sec)=4.252 count=129753
   23 RR .3 min=6.66us avg=7.60us max=20.48us read(Gbits/sec)=4.245 write(Gbits/sec)=4.245 count=129556
   23 RR .4 min=6.66us avg=7.62us max=20.22us read(Gbits/sec)=4.235 write(Gbits/sec)=4.235 count=129230
   23 RR .5 min=6.66us avg=9.12us max=170621.44us read(Gbits/sec)=3.732 write(Gbits/sec)=3.732 count=113908
   23 RR .6 min=6.66us avg=7.60us max=19.20us read(Gbits/sec)=4.246 write(Gbits/sec)=4.246 count=129585
   23 RR .7 min=6.66us avg=9.51us max=196375.30us read(Gbits/sec)=3.405 write(Gbits/sec)=3.405 count=103922
   23 RR .8 min=6.66us avg=7.62us max=18.18us read(Gbits/sec)=4.232 write(Gbits/sec)=4.232 count=129146
   23 RR .9 min=6.66us avg=7.60us max=19.46us read(Gbits/sec)=4.246 write(Gbits/sec)=4.246 count=129588
   23 RR .10 min=6.66us avg=7.60us max=19.20us read(Gbits/sec)=4.248 write(Gbits/sec)=4.248 count=129648
   23 RR .11 min=6.66us avg=8.52us max=104407.30us read(Gbits/sec)=3.797 write(Gbits/sec)=3.797 count=115871
   23 RR .12 min=6.66us avg=7.62us max=19.20us read(Gbits/sec)=4.235 write(Gbits/sec)=4.235 count=129256
   23 RR .13 min=6.66us avg=24.58us max=959368.96us read(Gbits/sec)=2.120 write(Gbits/sec)=2.120 count=64687
   23 RR .14 min=6.66us avg=7.60us max=20.22us read(Gbits/sec)=4.245 write(Gbits/sec)=4.245 count=129538
   23 RR .15 min=6.66us avg=9.01us max=155998.21us read(Gbits/sec)=3.704 write(Gbits/sec)=3.704 count=113054
   23 RR .16 min=6.66us avg=7.63us max=18.43us read(Gbits/sec)=4.227 write(Gbits/sec)=4.227 count=129008
   23 RR .17 min=6.66us avg=7.61us max=18.94us read(Gbits/sec)=4.241 write(Gbits/sec)=4.241 count=129442
   23 RR .18 min=6.66us avg=7.60us max=18.18us read(Gbits/sec)=4.246 write(Gbits/sec)=4.246 count=129581
   23 RR .19 min=6.66us avg=7.61us max=18.18us read(Gbits/sec)=4.240 write(Gbits/sec)=4.240 count=129397
   23 RR Total-Throughput read(Gbits/sec)=80.390 write(Gbits/sec)=80.390

   24 RR .0 min=6.66us avg=8.93us max=140994.30us read(Gbits/sec)=3.621 write(Gbits/sec)=3.621 count=110502
   24 RR .1 min=6.66us avg=7.63us max=19.20us read(Gbits/sec)=4.232 write(Gbits/sec)=4.232 count=129166
   24 RR .2 min=6.66us avg=7.63us max=19.46us read(Gbits/sec)=4.233 write(Gbits/sec)=4.233 count=129194
   24 RR .3 min=6.66us avg=7.64us max=20.22us read(Gbits/sec)=3.860 write(Gbits/sec)=3.860 count=117785
   24 RR .4 min=6.66us avg=7.65us max=18.18us read(Gbits/sec)=4.219 write(Gbits/sec)=4.219 count=128759
   24 RR .5 min=6.66us avg=7.63us max=18.94us read(Gbits/sec)=4.185 write(Gbits/sec)=4.185 count=127715
   24 RR .6 min=6.66us avg=7.63us max=44.29us read(Gbits/sec)=4.229 write(Gbits/sec)=4.229 count=129064
   24 RR .7 min=6.66us avg=7.64us max=17.41us read(Gbits/sec)=4.223 write(Gbits/sec)=4.223 count=128869
   24 RR .8 min=6.40us avg=7.66us max=41.98us read(Gbits/sec)=4.211 write(Gbits/sec)=4.211 count=128503
   24 RR .9 min=6.66us avg=7.63us max=49.15us read(Gbits/sec)=4.228 write(Gbits/sec)=4.228 count=129017
   24 RR .10 min=6.66us avg=7.63us max=37.38us read(Gbits/sec)=4.231 write(Gbits/sec)=4.231 count=129122
   24 RR .11 min=6.66us avg=7.64us max=35.84us read(Gbits/sec)=4.224 write(Gbits/sec)=4.224 count=128916
   24 RR .12 min=6.66us avg=7.65us max=19.20us read(Gbits/sec)=4.216 write(Gbits/sec)=4.216 count=128651
   24 RR .13 min=6.66us avg=9.43us max=186714.37us read(Gbits/sec)=3.432 write(Gbits/sec)=3.432 count=104735
   24 RR .14 min=6.66us avg=7.64us max=19.46us read(Gbits/sec)=4.226 write(Gbits/sec)=4.226 count=128960
   24 RR .15 min=6.66us avg=7.64us max=43.78us read(Gbits/sec)=4.222 write(Gbits/sec)=4.222 count=128863
   24 RR .16 min=6.66us avg=7.67us max=18.18us read(Gbits/sec)=4.206 write(Gbits/sec)=4.206 count=128370
   24 RR .17 min=6.66us avg=7.64us max=18.43us read(Gbits/sec)=4.223 write(Gbits/sec)=4.223 count=128874
   24 RR .18 min=6.66us avg=7.64us max=19.46us read(Gbits/sec)=4.227 write(Gbits/sec)=4.227 count=129019
   24 RR .19 min=6.66us avg=7.65us max=30.72us read(Gbits/sec)=4.221 write(Gbits/sec)=4.221 count=128829
   24 RR Total-Throughput read(Gbits/sec)=82.669 write(Gbits/sec)=82.669

   25 RR .0 min=6.66us avg=8.73us max=122099.71us read(Gbits/sec)=3.702 write(Gbits/sec)=3.702 count=112971
   25 RR .1 min=6.66us avg=7.64us max=23.81us read(Gbits/sec)=4.226 write(Gbits/sec)=4.226 count=128969
   25 RR .2 min=6.66us avg=7.64us max=19.20us read(Gbits/sec)=4.228 write(Gbits/sec)=4.228 count=129015
   25 RR .3 min=6.66us avg=8.62us max=121020.93us read(Gbits/sec)=4.076 write(Gbits/sec)=4.076 count=124392
   25 RR .4 min=6.66us avg=7.67us max=19.71us read(Gbits/sec)=4.212 write(Gbits/sec)=4.212 count=128531
   25 RR .5 min=6.66us avg=8.79us max=128938.50us read(Gbits/sec)=3.719 write(Gbits/sec)=3.719 count=113486
   25 RR .6 min=6.66us avg=7.64us max=17.66us read(Gbits/sec)=4.224 write(Gbits/sec)=4.224 count=128899
   25 RR .7 min=6.66us avg=7.65us max=19.46us read(Gbits/sec)=4.218 write(Gbits/sec)=4.218 count=128722
   25 RR .8 min=6.66us avg=7.67us max=19.71us read(Gbits/sec)=4.205 write(Gbits/sec)=4.205 count=128326
   25 RR .9 min=6.66us avg=7.64us max=19.97us read(Gbits/sec)=4.222 write(Gbits/sec)=4.222 count=128854
   25 RR .10 min=6.66us avg=7.64us max=20.22us read(Gbits/sec)=4.226 write(Gbits/sec)=4.226 count=128957
   25 RR .11 min=6.66us avg=7.65us max=19.46us read(Gbits/sec)=4.219 write(Gbits/sec)=4.219 count=128754
   25 RR .12 min=6.66us avg=7.66us max=47.36us read(Gbits/sec)=4.211 write(Gbits/sec)=4.211 count=128521
   25 RR .13 min=6.66us avg=7.65us max=18.69us read(Gbits/sec)=4.218 write(Gbits/sec)=4.218 count=128733
   25 RR .14 min=6.66us avg=7.65us max=18.69us read(Gbits/sec)=4.221 write(Gbits/sec)=4.221 count=128812
   25 RR .15 min=6.66us avg=7.65us max=19.97us read(Gbits/sec)=4.217 write(Gbits/sec)=4.217 count=128699
   25 RR .16 min=6.66us avg=7.68us max=18.69us read(Gbits/sec)=4.200 write(Gbits/sec)=4.200 count=128166
   25 RR .17 min=6.66us avg=7.65us max=18.69us read(Gbits/sec)=4.217 write(Gbits/sec)=4.217 count=128696
   25 RR .18 min=6.66us avg=7.64us max=19.46us read(Gbits/sec)=4.222 write(Gbits/sec)=4.222 count=128857
   25 RR .19 min=6.66us avg=7.66us max=18.94us read(Gbits/sec)=4.216 write(Gbits/sec)=4.216 count=128662
   25 RR Total-Throughput read(Gbits/sec)=83.197 write(Gbits/sec)=83.197

   26 RR .0 min=6.66us avg=7.64us max=42.50us read(Gbits/sec)=4.220 write(Gbits/sec)=4.220 count=128789
   26 RR .1 min=6.66us avg=7.64us max=19.20us read(Gbits/sec)=4.224 write(Gbits/sec)=4.224 count=128892
   26 RR .2 min=6.66us avg=7.64us max=18.43us read(Gbits/sec)=4.225 write(Gbits/sec)=4.225 count=128934
   26 RR .3 min=6.66us avg=7.65us max=20.74us read(Gbits/sec)=4.219 write(Gbits/sec)=4.219 count=128769
   26 RR .4 min=6.66us avg=7.67us max=18.18us read(Gbits/sec)=4.208 write(Gbits/sec)=4.208 count=128419
   26 RR .5 min=6.66us avg=7.65us max=18.18us read(Gbits/sec)=4.221 write(Gbits/sec)=4.221 count=128803
   26 RR .6 min=6.66us avg=7.65us max=29.18us read(Gbits/sec)=4.222 write(Gbits/sec)=4.222 count=128842
   26 RR .7 min=6.66us avg=7.66us max=18.43us read(Gbits/sec)=4.215 write(Gbits/sec)=4.215 count=128631
   26 RR .8 min=6.66us avg=7.68us max=36.61us read(Gbits/sec)=4.202 write(Gbits/sec)=4.202 count=128248
   26 RR .9 min=6.66us avg=7.65us max=52.99us read(Gbits/sec)=4.218 write(Gbits/sec)=4.218 count=128741
   26 RR .10 min=6.66us avg=7.64us max=18.94us read(Gbits/sec)=4.223 write(Gbits/sec)=4.223 count=128881
   26 RR .11 min=6.66us avg=7.66us max=17.92us read(Gbits/sec)=4.215 write(Gbits/sec)=4.215 count=128641
   26 RR .12 min=6.66us avg=7.67us max=28.67us read(Gbits/sec)=4.208 write(Gbits/sec)=4.208 count=128409
   26 RR .13 min=6.66us avg=8.64us max=103486.98us read(Gbits/sec)=3.477 write(Gbits/sec)=3.477 count=106118
   26 RR .14 min=6.66us avg=7.65us max=42.75us read(Gbits/sec)=4.218 write(Gbits/sec)=4.218 count=128716
   26 RR .15 min=6.66us avg=7.66us max=40.96us read(Gbits/sec)=4.215 write(Gbits/sec)=4.215 count=128640
   26 RR .16 min=6.66us avg=7.68us max=18.18us read(Gbits/sec)=4.197 write(Gbits/sec)=4.197 count=128094
   26 RR .17 min=6.66us avg=7.66us max=17.66us read(Gbits/sec)=4.214 write(Gbits/sec)=4.214 count=128594
   26 RR .18 min=6.66us avg=7.65us max=18.69us read(Gbits/sec)=4.218 write(Gbits/sec)=4.218 count=128735
   26 RR .19 min=6.66us avg=7.66us max=35.84us read(Gbits/sec)=4.212 write(Gbits/sec)=4.212 count=128554
   26 RR Total-Throughput read(Gbits/sec)=83.571 write(Gbits/sec)=83.571

   27 RR .0 min=6.66us avg=7.64us max=1150.72us read(Gbits/sec)=4.220 write(Gbits/sec)=4.220 count=128769
   27 RR .1 min=6.66us avg=7.64us max=20.74us read(Gbits/sec)=4.228 write(Gbits/sec)=4.228 count=129030
   27 RR .2 min=6.66us avg=8.73us max=122534.14us read(Gbits/sec)=3.704 write(Gbits/sec)=3.704 count=113039
   27 RR .3 min=6.66us avg=7.64us max=19.71us read(Gbits/sec)=4.224 write(Gbits/sec)=4.224 count=128902
   27 RR .4 min=6.66us avg=7.66us max=18.43us read(Gbits/sec)=4.213 write(Gbits/sec)=4.213 count=128587
   27 RR .5 min=6.66us avg=7.64us max=17.66us read(Gbits/sec)=4.226 write(Gbits/sec)=4.226 count=128964
   27 RR .6 min=6.66us avg=7.64us max=33.28us read(Gbits/sec)=4.225 write(Gbits/sec)=4.225 count=128943
   27 RR .7 min=6.66us avg=7.65us max=18.43us read(Gbits/sec)=4.219 write(Gbits/sec)=4.219 count=128761
   27 RR .8 min=6.66us avg=7.67us max=51.46us read(Gbits/sec)=4.207 write(Gbits/sec)=4.207 count=128379
   27 RR .9 min=6.66us avg=7.64us max=19.97us read(Gbits/sec)=4.223 write(Gbits/sec)=4.223 count=128880
   27 RR .10 min=6.66us avg=7.64us max=18.94us read(Gbits/sec)=4.227 write(Gbits/sec)=4.227 count=128994
   27 RR .11 min=6.40us avg=7.65us max=36.10us read(Gbits/sec)=4.219 write(Gbits/sec)=4.219 count=128767
   27 RR .12 min=6.40us avg=7.66us max=17.92us read(Gbits/sec)=4.213 write(Gbits/sec)=4.213 count=128571
   27 RR .13 min=6.40us avg=8.59us max=115727.10us read(Gbits/sec)=4.029 write(Gbits/sec)=4.029 count=122957
   27 RR .14 min=6.40us avg=7.64us max=18.94us read(Gbits/sec)=4.222 write(Gbits/sec)=4.222 count=128855
   27 RR .15 min=6.66us avg=7.65us max=19.97us read(Gbits/sec)=4.220 write(Gbits/sec)=4.220 count=128794
   27 RR .16 min=6.66us avg=7.69us max=18.43us read(Gbits/sec)=3.654 write(Gbits/sec)=3.654 count=111517
   27 RR .17 min=6.66us avg=7.65us max=19.20us read(Gbits/sec)=4.219 write(Gbits/sec)=4.219 count=128756
   27 RR .18 min=6.66us avg=7.64us max=17.92us read(Gbits/sec)=4.224 write(Gbits/sec)=4.224 count=128900
   27 RR .19 min=6.66us avg=7.65us max=18.69us read(Gbits/sec)=4.218 write(Gbits/sec)=4.218 count=128724
   27 RR Total-Throughput read(Gbits/sec)=83.134 write(Gbits/sec)=83.133

   28 RR .0 min=6.66us avg=7.62us max=40.19us read(Gbits/sec)=4.231 write(Gbits/sec)=4.231 count=129111
   28 RR .1 min=6.66us avg=7.63us max=18.69us read(Gbits/sec)=4.235 write(Gbits/sec)=4.235 count=129229
   28 RR .2 min=6.66us avg=7.62us max=18.94us read(Gbits/sec)=4.235 write(Gbits/sec)=4.235 count=129252
   28 RR .3 min=6.66us avg=9.21us max=168588.03us read(Gbits/sec)=3.513 write(Gbits/sec)=3.513 count=107211
   28 RR .4 min=6.66us avg=7.65us max=18.69us read(Gbits/sec)=4.222 write(Gbits/sec)=4.222 count=128852
   28 RR .5 min=6.66us avg=7.63us max=20.74us read(Gbits/sec)=4.232 write(Gbits/sec)=4.232 count=129150
   28 RR .6 min=6.66us avg=7.63us max=18.43us read(Gbits/sec)=4.233 write(Gbits/sec)=4.233 count=129175
   28 RR .7 min=6.66us avg=7.64us max=18.94us read(Gbits/sec)=4.226 write(Gbits/sec)=4.226 count=128971
   28 RR .8 min=6.66us avg=7.66us max=38.66us read(Gbits/sec)=4.212 write(Gbits/sec)=4.212 count=128545
   28 RR .9 min=6.66us avg=7.63us max=38.40us read(Gbits/sec)=4.229 write(Gbits/sec)=4.229 count=129060
   28 RR .10 min=6.66us avg=7.62us max=35.07us read(Gbits/sec)=4.233 write(Gbits/sec)=4.233 count=129193
   28 RR .11 min=6.66us avg=7.64us max=20.74us read(Gbits/sec)=4.226 write(Gbits/sec)=4.226 count=128981
   28 RR .12 min=6.66us avg=7.65us max=20.74us read(Gbits/sec)=4.218 write(Gbits/sec)=4.218 count=128729
   28 RR .13 min=6.66us avg=7.63us max=38.66us read(Gbits/sec)=4.225 write(Gbits/sec)=4.225 count=128946
   28 RR .14 min=6.66us avg=7.63us max=19.46us read(Gbits/sec)=4.227 write(Gbits/sec)=4.227 count=129016
   28 RR .15 min=6.66us avg=9.33us max=178064.13us read(Gbits/sec)=3.469 write(Gbits/sec)=3.469 count=105858
   28 RR .16 min=6.66us avg=9.26us max=191874.56us read(Gbits/sec)=3.943 write(Gbits/sec)=3.943 count=120324
   28 RR .17 min=6.66us avg=7.64us max=44.03us read(Gbits/sec)=4.224 write(Gbits/sec)=4.224 count=128912
   28 RR .18 min=6.66us avg=8.53us max=103935.23us read(Gbits/sec)=3.789 write(Gbits/sec)=3.789 count=115643
   28 RR .19 min=6.66us avg=7.64us max=39.68us read(Gbits/sec)=4.224 write(Gbits/sec)=4.224 count=128920
   28 RR Total-Throughput read(Gbits/sec)=82.346 write(Gbits/sec)=82.346

   29 RR .0 min=6.66us avg=7.58us max=928.77us read(Gbits/sec)=4.257 write(Gbits/sec)=4.257 count=129916
   29 RR .1 min=6.66us avg=10.53us max=146004.99us read(Gbits/sec)=3.080 write(Gbits/sec)=3.080 count=93995
   29 RR .2 min=6.40us avg=7.57us max=17.15us read(Gbits/sec)=4.266 write(Gbits/sec)=4.266 count=130197
   29 RR .3 min=6.66us avg=8.64us max=119015.42us read(Gbits/sec)=3.743 write(Gbits/sec)=3.743 count=114222
   29 RR .4 min=6.40us avg=7.59us max=18.18us read(Gbits/sec)=4.252 write(Gbits/sec)=4.252 count=129760
   29 RR .5 min=6.66us avg=7.57us max=30.98us read(Gbits/sec)=4.263 write(Gbits/sec)=4.263 count=130090
   29 RR .6 min=6.66us avg=7.58us max=32.77us read(Gbits/sec)=4.262 write(Gbits/sec)=4.262 count=130067
   29 RR .7 min=6.40us avg=8.65us max=121652.48us read(Gbits/sec)=3.739 write(Gbits/sec)=3.739 count=114122
   29 RR .8 min=6.40us avg=7.60us max=33.54us read(Gbits/sec)=4.245 write(Gbits/sec)=4.245 count=129561
   29 RR .9 min=6.40us avg=7.57us max=18.43us read(Gbits/sec)=4.260 write(Gbits/sec)=4.260 count=130023
   29 RR .10 min=6.66us avg=7.57us max=20.48us read(Gbits/sec)=4.264 write(Gbits/sec)=4.264 count=130125
   29 RR .11 min=6.40us avg=7.58us max=18.69us read(Gbits/sec)=4.258 write(Gbits/sec)=4.258 count=129933
   29 RR .12 min=6.40us avg=7.59us max=18.18us read(Gbits/sec)=4.249 write(Gbits/sec)=4.249 count=129668
   29 RR .13 min=6.66us avg=7.63us max=18.18us read(Gbits/sec)=1.854 write(Gbits/sec)=1.854 count=56572
   29 RR .14 min=6.66us avg=8.57us max=111880.45us read(Gbits/sec)=3.771 write(Gbits/sec)=3.771 count=115101
   29 RR .15 min=6.66us avg=7.58us max=36.61us read(Gbits/sec)=4.258 write(Gbits/sec)=4.258 count=129938
   29 RR .16 min=6.66us avg=7.61us max=18.18us read(Gbits/sec)=4.239 write(Gbits/sec)=4.239 count=129382
   29 RR .17 min=6.66us avg=9.40us max=187532.54us read(Gbits/sec)=3.442 write(Gbits/sec)=3.442 count=105059
   29 RR .18 min=6.66us avg=7.57us max=18.18us read(Gbits/sec)=4.261 write(Gbits/sec)=4.261 count=130048
   29 RR .19 min=6.66us avg=7.59us max=19.71us read(Gbits/sec)=4.254 write(Gbits/sec)=4.254 count=129818
   29 RR Total-Throughput read(Gbits/sec)=79.218 write(Gbits/sec)=79.218


---
 0 nr_conn=1 nr_zero_io_conn=0
 1 nr_conn=1 nr_zero_io_conn=0
 2 nr_conn=1 nr_zero_io_conn=0
 3 nr_conn=1 nr_zero_io_conn=0
 4 nr_conn=1 nr_zero_io_conn=0
 5 nr_conn=1 nr_zero_io_conn=0
 6 nr_conn=1 nr_zero_io_conn=0
 7 nr_conn=1 nr_zero_io_conn=0
 8 nr_conn=1 nr_zero_io_conn=0
 9 nr_conn=1 nr_zero_io_conn=0
10 nr_conn=1 nr_zero_io_conn=0
11 nr_conn=1 nr_zero_io_conn=0
12 nr_conn=1 nr_zero_io_conn=0
13 nr_conn=1 nr_zero_io_conn=0
14 nr_conn=1 nr_zero_io_conn=0
15 nr_conn=1 nr_zero_io_conn=0
16 nr_conn=1 nr_zero_io_conn=0
17 nr_conn=1 nr_zero_io_conn=0
18 nr_conn=1 nr_zero_io_conn=0
19 nr_conn=1 nr_zero_io_conn=0
exiting client: 2
exiting client: 7
exiting client: 13
exiting client: 6
exiting client: 3
exiting client: 10
exiting client: 18
exiting client: 9
exiting client: 16
exiting client: 5
exiting client: 4
exiting client: 0
exiting client: 12
exiting client: 8
exiting client: 17
exiting client: 1
exiting client: 14
exiting client: 15
exiting client: 19
exiting client: 11
