:: TPA_CFG='net { name=enp67s0f0np0; mac=38:25:f3:79:97:c6; ip=172.24.1.2; mask=255.255.255.0; gw=10.76.106.126; ip6=fe80::3a25:f3ff:fe79:97c6/64; } dpdk { pci=0000:43:00.0; } tcp {tso = 0; } dpdk { socket-mem = 8192; mbuf_mem_size = 6GB; }'
:: cmd=/home/balasuk/libtpa/build/bin/app/fperf -c 172.24.1.52 -p 2888 -S 0 -t rr -d 30 -n 1 -m 4096 -X 4096 -R 4096 -C 1 -Z 1 -K 0
EAL: Detected CPU lcores: 64
EAL: Detected NUMA nodes: 1
EAL: Detected static linkage of DPDK
EAL: Selected IOVA mode 'PA'
EAL: VFIO support initialized
EAL: Probe PCI driver: mlx5_pci (15b3:101d) device: 0000:43:00.0 (socket -1)
    0 RR .0 min=6.40us avg=6.99us max=1144.06us read(Gbits/sec)=4.555 write(Gbits/sec)=4.555 count=139014
    0 RR Total-Throughput read(Gbits/sec)=4.555 write(Gbits/sec)=4.555
    1 RR .0 min=6.40us avg=6.94us max=730.11us read(Gbits/sec)=4.651 write(Gbits/sec)=4.651 count=141930
    1 RR Total-Throughput read(Gbits/sec)=4.651 write(Gbits/sec)=4.651
    2 RR .0 min=6.40us avg=6.94us max=96.26us read(Gbits/sec)=4.653 write(Gbits/sec)=4.653 count=141991
    2 RR Total-Throughput read(Gbits/sec)=4.653 write(Gbits/sec)=4.653
    3 RR .0 min=6.40us avg=6.94us max=867.07us read(Gbits/sec)=4.648 write(Gbits/sec)=4.648 count=141857
    3 RR Total-Throughput read(Gbits/sec)=4.648 write(Gbits/sec)=4.648
    4 RR .0 min=6.40us avg=6.94us max=48.13us read(Gbits/sec)=4.653 write(Gbits/sec)=4.653 count=141987
    4 RR Total-Throughput read(Gbits/sec)=4.653 write(Gbits/sec)=4.653
    5 RR .0 min=6.40us avg=6.93us max=52.48us read(Gbits/sec)=4.655 write(Gbits/sec)=4.655 count=142055
    5 RR Total-Throughput read(Gbits/sec)=4.655 write(Gbits/sec)=4.655
    6 RR .0 min=6.40us avg=6.95us max=1051.39us read(Gbits/sec)=4.647 write(Gbits/sec)=4.647 count=141810
    6 RR Total-Throughput read(Gbits/sec)=4.647 write(Gbits/sec)=4.647
    7 RR .0 min=6.40us avg=6.93us max=54.78us read(Gbits/sec)=4.656 write(Gbits/sec)=4.656 count=142098
    7 RR Total-Throughput read(Gbits/sec)=4.656 write(Gbits/sec)=4.656
    8 RR .0 min=6.40us avg=6.94us max=813.57us read(Gbits/sec)=4.650 write(Gbits/sec)=4.650 count=141921
    8 RR Total-Throughput read(Gbits/sec)=4.650 write(Gbits/sec)=4.650
    9 RR .0 min=6.40us avg=8.38us max=170407.42us read(Gbits/sec)=3.861 write(Gbits/sec)=3.861 count=117816
    9 RR Total-Throughput read(Gbits/sec)=3.861 write(Gbits/sec)=3.861
   10 RR .0 min=6.40us avg=7.74us max=102649.60us read(Gbits/sec)=4.175 write(Gbits/sec)=4.175 count=127400
   10 RR Total-Throughput read(Gbits/sec)=4.175 write(Gbits/sec)=4.175
   11 RR .0 min=6.40us avg=6.94us max=1080.32us read(Gbits/sec)=4.651 write(Gbits/sec)=4.651 count=141942
   11 RR Total-Throughput read(Gbits/sec)=4.651 write(Gbits/sec)=4.651
   12 RR .0 min=6.40us avg=6.94us max=702.21us read(Gbits/sec)=4.653 write(Gbits/sec)=4.653 count=142000
   12 RR Total-Throughput read(Gbits/sec)=4.653 write(Gbits/sec)=4.653
   13 RR .0 min=6.40us avg=6.93us max=32.26us read(Gbits/sec)=4.656 write(Gbits/sec)=4.656 count=142081
   13 RR Total-Throughput read(Gbits/sec)=4.656 write(Gbits/sec)=4.656
   14 RR .0 min=6.40us avg=6.94us max=866.05us read(Gbits/sec)=4.651 write(Gbits/sec)=4.651 count=141940
   14 RR Total-Throughput read(Gbits/sec)=4.651 write(Gbits/sec)=4.651
   15 RR .0 min=6.40us avg=6.93us max=42.24us read(Gbits/sec)=4.656 write(Gbits/sec)=4.656 count=142085
   15 RR Total-Throughput read(Gbits/sec)=4.656 write(Gbits/sec)=4.656
   16 RR .0 min=6.40us avg=8.31us max=163040.51us read(Gbits/sec)=3.895 write(Gbits/sec)=3.895 count=118866
   16 RR Total-Throughput read(Gbits/sec)=3.895 write(Gbits/sec)=3.895
   17 RR .0 min=6.40us avg=6.95us max=1083.90us read(Gbits/sec)=4.647 write(Gbits/sec)=4.647 count=141804
   17 RR Total-Throughput read(Gbits/sec)=4.647 write(Gbits/sec)=4.647
   18 RR .0 min=6.40us avg=6.93us max=38.40us read(Gbits/sec)=4.655 write(Gbits/sec)=4.655 count=142063
   18 RR Total-Throughput read(Gbits/sec)=4.655 write(Gbits/sec)=4.655
   19 RR .0 min=6.40us avg=6.94us max=876.29us read(Gbits/sec)=4.651 write(Gbits/sec)=4.651 count=141946
   19 RR Total-Throughput read(Gbits/sec)=4.651 write(Gbits/sec)=4.651
   20 RR .0 min=6.40us avg=6.93us max=41.47us read(Gbits/sec)=4.656 write(Gbits/sec)=4.656 count=142090
   20 RR Total-Throughput read(Gbits/sec)=4.656 write(Gbits/sec)=4.656
   21 RR .0 min=6.40us avg=6.93us max=34.05us read(Gbits/sec)=4.656 write(Gbits/sec)=4.656 count=142080
   21 RR Total-Throughput read(Gbits/sec)=4.656 write(Gbits/sec)=4.656
   22 RR .0 min=6.40us avg=7.90us max=114224.13us read(Gbits/sec)=3.956 write(Gbits/sec)=3.956 count=120735
   22 RR Total-Throughput read(Gbits/sec)=3.956 write(Gbits/sec)=3.956
   23 RR .0 min=6.40us avg=7.87us max=121126.91us read(Gbits/sec)=4.247 write(Gbits/sec)=4.247 count=129613
   23 RR Total-Throughput read(Gbits/sec)=4.247 write(Gbits/sec)=4.247
   24 RR .0 min=6.40us avg=6.93us max=66.30us read(Gbits/sec)=4.655 write(Gbits/sec)=4.655 count=142058
   24 RR Total-Throughput read(Gbits/sec)=4.655 write(Gbits/sec)=4.655
   25 RR .0 min=6.40us avg=6.94us max=874.75us read(Gbits/sec)=4.651 write(Gbits/sec)=4.651 count=141922
   25 RR Total-Throughput read(Gbits/sec)=4.651 write(Gbits/sec)=4.651
   26 RR .0 min=6.40us avg=6.93us max=52.48us read(Gbits/sec)=4.655 write(Gbits/sec)=4.655 count=142067
   26 RR Total-Throughput read(Gbits/sec)=4.655 write(Gbits/sec)=4.655
   27 RR .0 min=6.40us avg=6.94us max=744.70us read(Gbits/sec)=4.652 write(Gbits/sec)=4.652 count=141980
   27 RR Total-Throughput read(Gbits/sec)=4.652 write(Gbits/sec)=4.652
   28 RR .0 min=6.40us avg=6.94us max=1050.88us read(Gbits/sec)=4.650 write(Gbits/sec)=4.650 count=141915
   28 RR Total-Throughput read(Gbits/sec)=4.650 write(Gbits/sec)=4.650
   29 RR .0 min=6.40us avg=8.41us max=172933.12us read(Gbits/sec)=3.849 write(Gbits/sec)=3.849 count=117452
   29 RR Total-Throughput read(Gbits/sec)=3.849 write(Gbits/sec)=3.849

---
 0 nr_conn=1 nr_zero_io_conn=0
exiting client: 0
