:: TPA_CFG='net { name=enp67s0f0np0; mac=38:25:f3:79:97:c6; ip=172.24.1.2; mask=255.255.255.0; gw=10.76.106.126; ip6=fe80::3a25:f3ff:fe79:97c6/64; } dpdk { pci=0000:43:00.0; } tcp {tso = 0; } dpdk { socket-mem = 8192; mbuf_mem_size = 6GB; }'
:: cmd=build/bin/app/fperf -c 172.24.1.52 -p 2888 -t rr -d 30 -n 28 -S 0 -m 4096 -X 4096 -R 4096 -Z 1 -K 0
    0 RR .0 min=5.63us avg=7.12us max=187481.86us read(Gbits/sec)=32.405 write(Gbits/sec)=32.405 count=988911
    0 RR .1 min=5.63us avg=7.18us max=147759.10us read(Gbits/sec)=32.167 write(Gbits/sec)=32.167 count=981651
    0 RR .2 min=5.63us avg=7.20us max=113570.05us read(Gbits/sec)=30.633 write(Gbits/sec)=30.633 count=934847
    0 RR .3 min=5.63us avg=7.32us max=180728.83us read(Gbits/sec)=29.847 write(Gbits/sec)=29.847 count=910848
    0 RR .4 min=5.63us avg=7.69us max=202112.77us read(Gbits/sec)=27.577 write(Gbits/sec)=27.577 count=841584
    0 RR .5 min=5.63us avg=7.52us max=206117.38us read(Gbits/sec)=27.325 write(Gbits/sec)=27.325 count=833886
    0 RR .6 min=5.63us avg=7.34us max=144061.70us read(Gbits/sec)=27.095 write(Gbits/sec)=27.095 count=826866
    0 RR .7 min=5.63us avg=7.42us max=146401.79us read(Gbits/sec)=25.940 write(Gbits/sec)=25.940 count=791643
    0 RR .8 min=5.63us avg=7.48us max=124613.89us read(Gbits/sec)=24.832 write(Gbits/sec)=24.832 count=757806
    0 RR .9 min=5.63us avg=8.05us max=188570.88us read(Gbits/sec)=22.125 write(Gbits/sec)=22.125 count=675195
    0 RR .10 min=5.63us avg=7.59us max=187213.82us read(Gbits/sec)=22.568 write(Gbits/sec)=22.568 count=688715
    0 RR .11 min=5.63us avg=7.66us max=119010.05us read(Gbits/sec)=21.320 write(Gbits/sec)=21.320 count=650626
    0 RR .12 min=5.63us avg=7.84us max=171816.45us read(Gbits/sec)=19.798 write(Gbits/sec)=19.798 count=604178
    0 RR .13 min=5.63us avg=7.51us max=212.74us read(Gbits/sec)=19.582 write(Gbits/sec)=19.582 count=597598
    0 RR .14 min=5.63us avg=7.59us max=204.80us read(Gbits/sec)=18.295 write(Gbits/sec)=18.295 count=558319
    0 RR .15 min=5.63us avg=8.14us max=198459.14us read(Gbits/sec)=16.058 write(Gbits/sec)=16.058 count=490051
    0 RR .16 min=5.63us avg=7.80us max=211.97us read(Gbits/sec)=15.682 write(Gbits/sec)=15.682 count=478567
    0 RR .17 min=5.89us avg=7.78us max=211.71us read(Gbits/sec)=14.687 write(Gbits/sec)=14.687 count=448209
    0 RR .18 min=5.63us avg=7.87us max=214.27us read(Gbits/sec)=13.488 write(Gbits/sec)=13.488 count=411613
    0 RR .19 min=5.63us avg=7.98us max=210.94us read(Gbits/sec)=12.276 write(Gbits/sec)=12.276 count=374627
    0 RR .20 min=5.89us avg=8.47us max=104491.52us read(Gbits/sec)=10.607 write(Gbits/sec)=10.607 count=323713
    0 RR .21 min=5.89us avg=8.57us max=112672.26us read(Gbits/sec)=9.536 write(Gbits/sec)=9.536 count=291017
    0 RR .22 min=6.14us avg=10.20us max=190631.42us read(Gbits/sec)=6.983 write(Gbits/sec)=6.983 count=213117
    0 RR .23 min=5.89us avg=9.03us max=114315.01us read(Gbits/sec)=7.232 write(Gbits/sec)=7.232 count=220707
    0 RR .24 min=6.14us avg=8.62us max=27.90us read(Gbits/sec)=6.613 write(Gbits/sec)=6.613 count=201826
    0 RR .25 min=6.14us avg=8.64us max=24.58us read(Gbits/sec)=5.644 write(Gbits/sec)=5.644 count=172244
    0 RR .26 min=6.14us avg=8.69us max=28.67us read(Gbits/sec)=4.659 write(Gbits/sec)=4.659 count=142186
    0 RR .27 min=6.14us avg=9.79us max=104530.18us read(Gbits/sec)=3.297 write(Gbits/sec)=3.297 count=100610
    0 RR Total-Throughput read(Gbits/sec)=508.266 write(Gbits/sec)=508.267

    1 RR .0 min=6.40us avg=9.98us max=105745.92us read(Gbits/sec)=3.245 write(Gbits/sec)=3.245 count=99022
    1 RR .1 min=6.14us avg=8.90us max=21.25us read(Gbits/sec)=3.634 write(Gbits/sec)=3.634 count=110901
    1 RR .2 min=6.14us avg=10.48us max=166151.42us read(Gbits/sec)=3.485 write(Gbits/sec)=3.485 count=106361
    1 RR .3 min=6.14us avg=8.93us max=20.74us read(Gbits/sec)=3.625 write(Gbits/sec)=3.625 count=110636
    1 RR .4 min=6.40us avg=8.95us max=20.74us read(Gbits/sec)=3.618 write(Gbits/sec)=3.618 count=110404
    1 RR .5 min=6.14us avg=8.90us max=19.20us read(Gbits/sec)=3.636 write(Gbits/sec)=3.636 count=110951
    1 RR .6 min=6.14us avg=8.90us max=19.97us read(Gbits/sec)=3.634 write(Gbits/sec)=3.634 count=110899
    1 RR .7 min=6.40us avg=8.93us max=19.46us read(Gbits/sec)=3.621 write(Gbits/sec)=3.621 count=110518
    1 RR .8 min=6.14us avg=8.95us max=49.15us read(Gbits/sec)=3.615 write(Gbits/sec)=3.615 count=110329
    1 RR .9 min=6.14us avg=8.90us max=35.84us read(Gbits/sec)=3.634 write(Gbits/sec)=3.634 count=110909
    1 RR .10 min=6.14us avg=8.91us max=20.99us read(Gbits/sec)=3.633 write(Gbits/sec)=3.633 count=110871
    1 RR .11 min=6.14us avg=8.94us max=19.46us read(Gbits/sec)=3.621 write(Gbits/sec)=3.621 count=110500
    1 RR .12 min=6.14us avg=10.28us max=122729.47us read(Gbits/sec)=3.152 write(Gbits/sec)=3.152 count=96209
    1 RR .13 min=6.14us avg=8.90us max=19.46us read(Gbits/sec)=3.635 write(Gbits/sec)=3.635 count=110942
    1 RR .14 min=6.14us avg=8.91us max=24.58us read(Gbits/sec)=3.632 write(Gbits/sec)=3.632 count=110853
    1 RR .15 min=6.14us avg=8.94us max=18.69us read(Gbits/sec)=3.618 write(Gbits/sec)=3.618 count=110430
    1 RR .16 min=6.40us avg=10.53us max=139120.38us read(Gbits/sec)=3.076 write(Gbits/sec)=3.076 count=93870
    1 RR .17 min=6.14us avg=8.90us max=19.71us read(Gbits/sec)=3.473 write(Gbits/sec)=3.473 count=105988
    1 RR .18 min=6.14us avg=8.91us max=54.53us read(Gbits/sec)=3.631 write(Gbits/sec)=3.631 count=110807
    1 RR .19 min=6.14us avg=8.93us max=20.74us read(Gbits/sec)=3.622 write(Gbits/sec)=3.622 count=110551
    1 RR .20 min=6.14us avg=10.96us max=181530.62us read(Gbits/sec)=2.956 write(Gbits/sec)=2.956 count=90214
    1 RR .21 min=5.89us avg=8.90us max=19.71us read(Gbits/sec)=3.632 write(Gbits/sec)=3.632 count=110856
    1 RR .22 min=6.14us avg=10.94us max=196175.87us read(Gbits/sec)=3.185 write(Gbits/sec)=3.185 count=97201
    1 RR .23 min=6.14us avg=8.93us max=21.25us read(Gbits/sec)=3.619 write(Gbits/sec)=3.619 count=110449
    1 RR .24 min=6.14us avg=8.95us max=19.71us read(Gbits/sec)=3.612 write(Gbits/sec)=3.612 count=110239
    1 RR .25 min=5.89us avg=8.90us max=19.71us read(Gbits/sec)=3.633 write(Gbits/sec)=3.633 count=110871
    1 RR .26 min=6.14us avg=8.90us max=19.71us read(Gbits/sec)=3.632 write(Gbits/sec)=3.632 count=110848
    1 RR .27 min=6.14us avg=10.95us max=180047.87us read(Gbits/sec)=2.962 write(Gbits/sec)=2.962 count=90405
    1 RR Total-Throughput read(Gbits/sec)=98.071 write(Gbits/sec)=98.071

    2 RR .0 min=6.40us avg=9.09us max=41.73us read(Gbits/sec)=3.558 write(Gbits/sec)=3.558 count=108590
    2 RR .1 min=6.14us avg=9.09us max=20.74us read(Gbits/sec)=3.559 write(Gbits/sec)=3.559 count=108621
    2 RR .2 min=6.14us avg=9.10us max=20.22us read(Gbits/sec)=3.558 write(Gbits/sec)=3.558 count=108589
    2 RR .3 min=6.14us avg=9.11us max=21.50us read(Gbits/sec)=3.553 write(Gbits/sec)=3.553 count=108420
    2 RR .4 min=6.14us avg=9.13us max=20.74us read(Gbits/sec)=3.547 write(Gbits/sec)=3.547 count=108238
    2 RR .5 min=6.14us avg=9.09us max=38.40us read(Gbits/sec)=3.560 write(Gbits/sec)=3.560 count=108636
    2 RR .6 min=6.14us avg=9.09us max=20.22us read(Gbits/sec)=3.559 write(Gbits/sec)=3.559 count=108626
    2 RR .7 min=6.40us avg=9.11us max=19.97us read(Gbits/sec)=3.551 write(Gbits/sec)=3.551 count=108360
    2 RR .8 min=6.14us avg=9.13us max=36.35us read(Gbits/sec)=3.546 write(Gbits/sec)=3.546 count=108204
    2 RR .9 min=6.14us avg=9.09us max=19.20us read(Gbits/sec)=3.560 write(Gbits/sec)=3.560 count=108633
    2 RR .10 min=6.14us avg=9.09us max=48.38us read(Gbits/sec)=3.559 write(Gbits/sec)=3.559 count=108628
    2 RR .11 min=6.14us avg=9.12us max=35.58us read(Gbits/sec)=3.549 write(Gbits/sec)=3.549 count=108300
    2 RR .12 min=6.14us avg=9.14us max=20.48us read(Gbits/sec)=3.541 write(Gbits/sec)=3.541 count=108054
    2 RR .13 min=5.89us avg=9.09us max=21.25us read(Gbits/sec)=3.560 write(Gbits/sec)=3.560 count=108648
    2 RR .14 min=6.14us avg=9.10us max=20.48us read(Gbits/sec)=3.558 write(Gbits/sec)=3.558 count=108573
    2 RR .15 min=6.14us avg=9.12us max=51.71us read(Gbits/sec)=3.547 write(Gbits/sec)=3.547 count=108245
    2 RR .16 min=6.14us avg=9.15us max=22.78us read(Gbits/sec)=3.530 write(Gbits/sec)=3.530 count=107734
    2 RR .17 min=6.14us avg=11.04us max=178789.63us read(Gbits/sec)=3.065 write(Gbits/sec)=3.065 count=93527
    2 RR .18 min=6.14us avg=10.32us max=113189.12us read(Gbits/sec)=3.138 write(Gbits/sec)=3.138 count=95780
    2 RR .19 min=6.14us avg=9.11us max=22.53us read(Gbits/sec)=3.549 write(Gbits/sec)=3.549 count=108320
    2 RR .20 min=6.40us avg=9.13us max=19.97us read(Gbits/sec)=3.542 write(Gbits/sec)=3.542 count=108090
    2 RR .21 min=6.14us avg=9.09us max=19.20us read(Gbits/sec)=3.558 write(Gbits/sec)=3.558 count=108598
    2 RR .22 min=5.89us avg=9.09us max=20.48us read(Gbits/sec)=3.557 write(Gbits/sec)=3.557 count=108562
    2 RR .23 min=6.14us avg=10.61us max=134683.39us read(Gbits/sec)=3.053 write(Gbits/sec)=3.053 count=93187
    2 RR .24 min=6.14us avg=9.12us max=21.25us read(Gbits/sec)=3.545 write(Gbits/sec)=3.545 count=108177
    2 RR .25 min=5.89us avg=9.09us max=20.99us read(Gbits/sec)=3.558 write(Gbits/sec)=3.558 count=108589
    2 RR .26 min=6.14us avg=9.09us max=49.15us read(Gbits/sec)=3.557 write(Gbits/sec)=3.557 count=108569
    2 RR .27 min=6.14us avg=9.10us max=19.97us read(Gbits/sec)=3.557 write(Gbits/sec)=3.557 count=108545
    2 RR Total-Throughput read(Gbits/sec)=98.073 write(Gbits/sec)=98.073

    3 RR .0 min=6.40us avg=9.02us max=2039.81us read(Gbits/sec)=3.589 write(Gbits/sec)=3.589 count=109518
    3 RR .1 min=6.14us avg=9.00us max=20.22us read(Gbits/sec)=3.597 write(Gbits/sec)=3.597 count=109778
    3 RR .2 min=6.14us avg=9.00us max=35.84us read(Gbits/sec)=3.596 write(Gbits/sec)=3.596 count=109749
    3 RR .3 min=6.14us avg=9.02us max=20.99us read(Gbits/sec)=3.590 write(Gbits/sec)=3.590 count=109548
    3 RR .4 min=6.40us avg=9.03us max=19.97us read(Gbits/sec)=3.584 write(Gbits/sec)=3.584 count=109371
    3 RR .5 min=6.14us avg=8.99us max=18.94us read(Gbits/sec)=3.599 write(Gbits/sec)=3.599 count=109826
    3 RR .6 min=6.14us avg=9.00us max=19.97us read(Gbits/sec)=3.597 write(Gbits/sec)=3.597 count=109772
    3 RR .7 min=6.14us avg=10.66us max=146133.25us read(Gbits/sec)=3.040 write(Gbits/sec)=3.040 count=92782
    3 RR .8 min=6.14us avg=10.95us max=167443.71us read(Gbits/sec)=2.962 write(Gbits/sec)=2.962 count=90391
    3 RR .9 min=6.14us avg=8.99us max=20.99us read(Gbits/sec)=3.598 write(Gbits/sec)=3.598 count=109789
    3 RR .10 min=6.14us avg=9.00us max=37.12us read(Gbits/sec)=3.596 write(Gbits/sec)=3.596 count=109750
    3 RR .11 min=6.14us avg=9.02us max=19.71us read(Gbits/sec)=3.586 write(Gbits/sec)=3.586 count=109440
    3 RR .12 min=6.14us avg=9.04us max=20.74us read(Gbits/sec)=3.578 write(Gbits/sec)=3.578 count=109187
    3 RR .13 min=6.14us avg=8.99us max=23.30us read(Gbits/sec)=3.598 write(Gbits/sec)=3.598 count=109816
    3 RR .14 min=6.14us avg=9.00us max=19.71us read(Gbits/sec)=3.595 write(Gbits/sec)=3.595 count=109726
    3 RR .15 min=6.40us avg=9.03us max=34.30us read(Gbits/sec)=3.584 write(Gbits/sec)=3.584 count=109365
    3 RR .16 min=6.14us avg=9.06us max=20.48us read(Gbits/sec)=3.566 write(Gbits/sec)=3.566 count=108835
    3 RR .17 min=6.14us avg=9.00us max=21.50us read(Gbits/sec)=3.594 write(Gbits/sec)=3.593 count=109667
    3 RR .18 min=6.14us avg=9.00us max=20.22us read(Gbits/sec)=3.594 write(Gbits/sec)=3.594 count=109676
    3 RR .19 min=6.40us avg=9.02us max=19.97us read(Gbits/sec)=3.585 write(Gbits/sec)=3.585 count=109424
    3 RR .20 min=6.40us avg=9.03us max=46.59us read(Gbits/sec)=3.578 write(Gbits/sec)=3.578 count=109200
    3 RR .21 min=6.14us avg=8.99us max=19.46us read(Gbits/sec)=3.596 write(Gbits/sec)=3.596 count=109742
    3 RR .22 min=6.14us avg=9.00us max=19.97us read(Gbits/sec)=3.594 write(Gbits/sec)=3.594 count=109682
    3 RR .23 min=6.14us avg=11.03us max=178672.90us read(Gbits/sec)=2.938 write(Gbits/sec)=2.938 count=89665
    3 RR .24 min=6.40us avg=9.02us max=22.27us read(Gbits/sec)=3.583 write(Gbits/sec)=3.583 count=109362
    3 RR .25 min=5.89us avg=8.99us max=20.48us read(Gbits/sec)=3.596 write(Gbits/sec)=3.596 count=109734
    3 RR .26 min=6.14us avg=9.00us max=19.97us read(Gbits/sec)=3.595 write(Gbits/sec)=3.595 count=109719
    3 RR .27 min=6.40us avg=10.94us max=165733.12us read(Gbits/sec)=2.965 write(Gbits/sec)=2.965 count=90489
    3 RR Total-Throughput read(Gbits/sec)=98.072 write(Gbits/sec)=98.072

    4 RR .0 min=6.14us avg=8.76us max=36.61us read(Gbits/sec)=3.692 write(Gbits/sec)=3.692 count=112669
    4 RR .1 min=5.89us avg=8.76us max=22.53us read(Gbits/sec)=3.693 write(Gbits/sec)=3.693 count=112697
    4 RR .2 min=6.14us avg=9.92us max=113298.18us read(Gbits/sec)=3.266 write(Gbits/sec)=3.266 count=99676
    4 RR .3 min=6.14us avg=10.84us max=182084.35us read(Gbits/sec)=2.992 write(Gbits/sec)=2.992 count=91317
    4 RR .4 min=6.14us avg=8.79us max=22.53us read(Gbits/sec)=3.678 write(Gbits/sec)=3.678 count=112259
    4 RR .5 min=6.14us avg=8.76us max=36.10us read(Gbits/sec)=3.694 write(Gbits/sec)=3.694 count=112735
    4 RR .6 min=6.14us avg=8.76us max=20.48us read(Gbits/sec)=3.693 write(Gbits/sec)=3.693 count=112692
    4 RR .7 min=6.14us avg=8.78us max=19.97us read(Gbits/sec)=3.683 write(Gbits/sec)=3.683 count=112406
    4 RR .8 min=6.14us avg=11.02us max=199321.86us read(Gbits/sec)=2.943 write(Gbits/sec)=2.943 count=89825
    4 RR .9 min=6.14us avg=11.29us max=188612.86us read(Gbits/sec)=2.512 write(Gbits/sec)=2.512 count=76645
    4 RR .10 min=6.14us avg=8.78us max=19.46us read(Gbits/sec)=3.535 write(Gbits/sec)=3.535 count=107874
    4 RR .11 min=6.14us avg=8.79us max=20.48us read(Gbits/sec)=3.679 write(Gbits/sec)=3.679 count=112275
    4 RR .12 min=6.14us avg=8.81us max=20.22us read(Gbits/sec)=3.671 write(Gbits/sec)=3.671 count=112025
    4 RR .13 min=6.14us avg=10.56us max=166005.76us read(Gbits/sec)=3.068 write(Gbits/sec)=3.068 count=93638
    4 RR .14 min=6.14us avg=10.52us max=166272.26us read(Gbits/sec)=3.080 write(Gbits/sec)=3.080 count=93990
    4 RR .15 min=6.14us avg=8.80us max=19.97us read(Gbits/sec)=3.676 write(Gbits/sec)=3.676 count=112182
    4 RR .16 min=6.66us avg=8.83us max=19.97us read(Gbits/sec)=3.659 write(Gbits/sec)=3.659 count=111656
    4 RR .17 min=6.14us avg=8.76us max=21.50us read(Gbits/sec)=3.689 write(Gbits/sec)=3.689 count=112587
    4 RR .18 min=6.40us avg=8.76us max=20.48us read(Gbits/sec)=3.688 write(Gbits/sec)=3.688 count=112555
    4 RR .19 min=6.66us avg=8.79us max=21.25us read(Gbits/sec)=3.679 write(Gbits/sec)=3.679 count=112275
    4 RR .20 min=6.40us avg=8.80us max=19.71us read(Gbits/sec)=3.670 write(Gbits/sec)=3.670 count=111996
    4 RR .21 min=6.14us avg=8.76us max=18.94us read(Gbits/sec)=3.691 write(Gbits/sec)=3.691 count=112658
    4 RR .22 min=6.14us avg=8.77us max=19.97us read(Gbits/sec)=3.688 write(Gbits/sec)=3.688 count=112557
    4 RR .23 min=6.14us avg=8.78us max=22.78us read(Gbits/sec)=3.680 write(Gbits/sec)=3.680 count=112313
    4 RR .24 min=6.40us avg=10.83us max=186134.53us read(Gbits/sec)=2.992 write(Gbits/sec)=2.992 count=91305
    4 RR .25 min=5.89us avg=8.76us max=23.04us read(Gbits/sec)=3.691 write(Gbits/sec)=3.691 count=112650
    4 RR .26 min=6.14us avg=8.76us max=32.51us read(Gbits/sec)=3.690 write(Gbits/sec)=3.690 count=112613
    4 RR .27 min=5.89us avg=8.76us max=19.20us read(Gbits/sec)=3.690 write(Gbits/sec)=3.690 count=112626
    4 RR Total-Throughput read(Gbits/sec)=98.060 write(Gbits/sec)=98.060

    5 RR .0 min=6.91us avg=9.03us max=41.22us read(Gbits/sec)=3.582 write(Gbits/sec)=3.582 count=109301
    5 RR .1 min=6.14us avg=9.03us max=20.48us read(Gbits/sec)=3.582 write(Gbits/sec)=3.582 count=109317
    5 RR .2 min=6.14us avg=9.04us max=19.71us read(Gbits/sec)=3.581 write(Gbits/sec)=3.581 count=109288
    5 RR .3 min=6.14us avg=9.05us max=20.99us read(Gbits/sec)=3.575 write(Gbits/sec)=3.575 count=109093
    5 RR .4 min=6.40us avg=9.07us max=20.22us read(Gbits/sec)=3.568 write(Gbits/sec)=3.568 count=108877
    5 RR .5 min=6.14us avg=9.03us max=19.97us read(Gbits/sec)=3.584 write(Gbits/sec)=3.584 count=109370
    5 RR .6 min=6.40us avg=9.03us max=20.48us read(Gbits/sec)=3.582 write(Gbits/sec)=3.582 count=109325
    5 RR .7 min=6.14us avg=9.06us max=21.25us read(Gbits/sec)=3.572 write(Gbits/sec)=3.572 count=108998
    5 RR .8 min=6.40us avg=9.07us max=51.46us read(Gbits/sec)=3.567 write(Gbits/sec)=3.567 count=108848
    5 RR .9 min=6.14us avg=10.46us max=151107.84us read(Gbits/sec)=3.490 write(Gbits/sec)=3.490 count=106498
    5 RR .10 min=6.14us avg=10.09us max=105505.79us read(Gbits/sec)=3.344 write(Gbits/sec)=3.344 count=102066
    5 RR .11 min=6.14us avg=9.05us max=22.02us read(Gbits/sec)=3.573 write(Gbits/sec)=3.573 count=109047
    5 RR .12 min=6.14us avg=10.80us max=153104.38us read(Gbits/sec)=3.001 write(Gbits/sec)=3.001 count=91589
    5 RR .13 min=5.89us avg=11.27us max=191776.26us read(Gbits/sec)=2.877 write(Gbits/sec)=2.877 count=87817
    5 RR .14 min=6.14us avg=10.31us max=120667.90us read(Gbits/sec)=3.142 write(Gbits/sec)=3.142 count=95896
    5 RR .15 min=6.14us avg=9.07us max=21.50us read(Gbits/sec)=3.568 write(Gbits/sec)=3.568 count=108905
    5 RR .16 min=6.40us avg=9.09us max=22.02us read(Gbits/sec)=3.555 write(Gbits/sec)=3.555 count=108482
    5 RR .17 min=6.14us avg=9.03us max=49.66us read(Gbits/sec)=3.580 write(Gbits/sec)=3.580 count=109250
    5 RR .18 min=6.14us avg=9.03us max=21.25us read(Gbits/sec)=3.580 write(Gbits/sec)=3.580 count=109254
    5 RR .19 min=6.40us avg=9.06us max=22.02us read(Gbits/sec)=3.569 write(Gbits/sec)=3.569 count=108935
    5 RR .20 min=6.14us avg=9.07us max=19.71us read(Gbits/sec)=3.563 write(Gbits/sec)=3.563 count=108742
    5 RR .21 min=6.14us avg=9.03us max=19.71us read(Gbits/sec)=3.582 write(Gbits/sec)=3.582 count=109306
    5 RR .22 min=6.14us avg=9.04us max=20.74us read(Gbits/sec)=3.579 write(Gbits/sec)=3.579 count=109235
    5 RR .23 min=6.40us avg=9.06us max=19.97us read(Gbits/sec)=3.569 write(Gbits/sec)=3.569 count=108919
    5 RR .24 min=6.40us avg=9.08us max=23.81us read(Gbits/sec)=3.562 write(Gbits/sec)=3.562 count=108713
    5 RR .25 min=5.89us avg=9.03us max=22.27us read(Gbits/sec)=3.581 write(Gbits/sec)=3.581 count=109278
    5 RR .26 min=6.14us avg=9.03us max=20.99us read(Gbits/sec)=3.580 write(Gbits/sec)=3.580 count=109264
    5 RR .27 min=5.89us avg=9.04us max=19.71us read(Gbits/sec)=3.580 write(Gbits/sec)=3.580 count=109259
    5 RR Total-Throughput read(Gbits/sec)=98.066 write(Gbits/sec)=98.067

    6 RR .0 min=6.14us avg=8.96us max=785.15us read(Gbits/sec)=3.611 write(Gbits/sec)=3.611 count=110185
    6 RR .1 min=6.14us avg=8.95us max=19.46us read(Gbits/sec)=3.614 write(Gbits/sec)=3.614 count=110301
    6 RR .2 min=6.14us avg=8.96us max=30.98us read(Gbits/sec)=3.613 write(Gbits/sec)=3.613 count=110261
    6 RR .3 min=6.40us avg=8.97us max=20.22us read(Gbits/sec)=3.606 write(Gbits/sec)=3.606 count=110053
    6 RR .4 min=6.40us avg=8.99us max=20.48us read(Gbits/sec)=3.599 write(Gbits/sec)=3.599 count=109844
    6 RR .5 min=6.14us avg=8.95us max=20.22us read(Gbits/sec)=3.616 write(Gbits/sec)=3.616 count=110341
    6 RR .6 min=6.14us avg=8.95us max=19.71us read(Gbits/sec)=3.614 write(Gbits/sec)=3.614 count=110299
    6 RR .7 min=6.14us avg=8.98us max=21.50us read(Gbits/sec)=3.604 write(Gbits/sec)=3.604 count=109990
    6 RR .8 min=6.40us avg=8.99us max=44.29us read(Gbits/sec)=3.599 write(Gbits/sec)=3.599 count=109819
    6 RR .9 min=6.14us avg=8.95us max=32.51us read(Gbits/sec)=3.615 write(Gbits/sec)=3.615 count=110325
    6 RR .10 min=6.14us avg=8.95us max=20.22us read(Gbits/sec)=3.614 write(Gbits/sec)=3.614 count=110291
    6 RR .11 min=6.40us avg=8.97us max=19.97us read(Gbits/sec)=3.607 write(Gbits/sec)=3.607 count=110066
    6 RR .12 min=6.14us avg=11.26us max=196696.06us read(Gbits/sec)=2.879 write(Gbits/sec)=2.879 count=87873
    6 RR .13 min=6.14us avg=8.95us max=19.97us read(Gbits/sec)=3.615 write(Gbits/sec)=3.615 count=110338
    6 RR .14 min=6.14us avg=8.96us max=20.48us read(Gbits/sec)=3.613 write(Gbits/sec)=3.613 count=110252
    6 RR .15 min=6.14us avg=8.98us max=20.22us read(Gbits/sec)=3.600 write(Gbits/sec)=3.600 count=109880
    6 RR .16 min=6.14us avg=9.02us max=22.02us read(Gbits/sec)=3.583 write(Gbits/sec)=3.583 count=109356
    6 RR .17 min=6.14us avg=8.95us max=19.20us read(Gbits/sec)=3.611 write(Gbits/sec)=3.611 count=110204
    6 RR .18 min=6.14us avg=10.56us max=142372.61us read(Gbits/sec)=3.067 write(Gbits/sec)=3.067 count=93592
    6 RR .19 min=6.14us avg=8.98us max=21.25us read(Gbits/sec)=3.602 write(Gbits/sec)=3.602 count=109921
    6 RR .20 min=6.14us avg=8.99us max=21.50us read(Gbits/sec)=3.594 write(Gbits/sec)=3.594 count=109671
    6 RR .21 min=6.14us avg=10.53us max=145998.85us read(Gbits/sec)=3.076 write(Gbits/sec)=3.076 count=93864
    6 RR .22 min=6.40us avg=8.96us max=20.99us read(Gbits/sec)=3.611 write(Gbits/sec)=3.611 count=110214
    6 RR .23 min=6.14us avg=8.97us max=52.99us read(Gbits/sec)=3.602 write(Gbits/sec)=3.602 count=109938
    6 RR .24 min=6.14us avg=10.37us max=122122.75us read(Gbits/sec)=3.124 write(Gbits/sec)=3.124 count=95356
    6 RR .25 min=6.14us avg=10.97us max=171259.65us read(Gbits/sec)=2.955 write(Gbits/sec)=2.955 count=90181
    6 RR .26 min=6.14us avg=8.95us max=21.25us read(Gbits/sec)=3.612 write(Gbits/sec)=3.612 count=110237
    6 RR .27 min=6.14us avg=8.95us max=19.71us read(Gbits/sec)=3.612 write(Gbits/sec)=3.612 count=110251
    6 RR Total-Throughput read(Gbits/sec)=98.069 write(Gbits/sec)=98.069

    7 RR .0 min=6.40us avg=9.13us max=51.20us read(Gbits/sec)=3.543 write(Gbits/sec)=3.543 count=108132
    7 RR .1 min=6.14us avg=9.13us max=21.50us read(Gbits/sec)=3.545 write(Gbits/sec)=3.545 count=108180
    7 RR .2 min=6.14us avg=9.13us max=25.86us read(Gbits/sec)=3.544 write(Gbits/sec)=3.544 count=108150
    7 RR .3 min=6.14us avg=9.14us max=21.25us read(Gbits/sec)=3.539 write(Gbits/sec)=3.539 count=108014
    7 RR .4 min=6.40us avg=9.16us max=19.20us read(Gbits/sec)=3.535 write(Gbits/sec)=3.535 count=107869
    7 RR .5 min=6.14us avg=9.13us max=20.48us read(Gbits/sec)=3.545 write(Gbits/sec)=3.545 count=108182
    7 RR .6 min=6.14us avg=9.13us max=20.99us read(Gbits/sec)=3.544 write(Gbits/sec)=3.544 count=108162
    7 RR .7 min=6.40us avg=9.14us max=19.97us read(Gbits/sec)=3.538 write(Gbits/sec)=3.538 count=107980
    7 RR .8 min=5.89us avg=9.16us max=35.33us read(Gbits/sec)=3.533 write(Gbits/sec)=3.533 count=107827
    7 RR .9 min=6.14us avg=9.13us max=35.33us read(Gbits/sec)=3.544 write(Gbits/sec)=3.544 count=108170
    7 RR .10 min=6.14us avg=9.13us max=47.36us read(Gbits/sec)=3.544 write(Gbits/sec)=3.544 count=108156
    7 RR .11 min=6.14us avg=9.15us max=26.37us read(Gbits/sec)=3.488 write(Gbits/sec)=3.488 count=106447
    7 RR .12 min=6.40us avg=9.17us max=27.90us read(Gbits/sec)=3.530 write(Gbits/sec)=3.530 count=107717
    7 RR .13 min=5.89us avg=10.64us max=132397.57us read(Gbits/sec)=3.048 write(Gbits/sec)=3.048 count=93020
    7 RR .14 min=6.14us avg=9.13us max=23.81us read(Gbits/sec)=3.544 write(Gbits/sec)=3.544 count=108149
    7 RR .15 min=6.14us avg=9.15us max=39.68us read(Gbits/sec)=3.536 write(Gbits/sec)=3.536 count=107906
    7 RR .16 min=6.14us avg=9.19us max=20.74us read(Gbits/sec)=3.518 write(Gbits/sec)=3.518 count=107374
    7 RR .17 min=6.14us avg=9.13us max=20.48us read(Gbits/sec)=3.542 write(Gbits/sec)=3.542 count=108094
    7 RR .18 min=6.14us avg=9.13us max=37.12us read(Gbits/sec)=3.542 write(Gbits/sec)=3.542 count=108103
    7 RR .19 min=6.14us avg=9.15us max=25.86us read(Gbits/sec)=3.534 write(Gbits/sec)=3.534 count=107863
    7 RR .20 min=6.40us avg=9.16us max=24.06us read(Gbits/sec)=3.530 write(Gbits/sec)=3.530 count=107719
    7 RR .21 min=6.14us avg=9.13us max=21.25us read(Gbits/sec)=3.543 write(Gbits/sec)=3.543 count=108132
    7 RR .22 min=6.14us avg=9.13us max=20.74us read(Gbits/sec)=3.542 write(Gbits/sec)=3.542 count=108110
    7 RR .23 min=6.40us avg=10.59us max=127255.81us read(Gbits/sec)=3.059 write(Gbits/sec)=3.059 count=93346
    7 RR .24 min=6.14us avg=9.16us max=22.27us read(Gbits/sec)=3.531 write(Gbits/sec)=3.531 count=107759
    7 RR .25 min=6.14us avg=9.13us max=22.02us read(Gbits/sec)=3.543 write(Gbits/sec)=3.543 count=108143
    7 RR .26 min=6.14us avg=9.13us max=45.57us read(Gbits/sec)=3.543 write(Gbits/sec)=3.543 count=108119
    7 RR .27 min=6.14us avg=9.13us max=19.97us read(Gbits/sec)=3.543 write(Gbits/sec)=3.543 count=108128
    7 RR Total-Throughput read(Gbits/sec)=98.071 write(Gbits/sec)=98.071

    8 RR .0 min=6.66us avg=10.73us max=155742.98us read(Gbits/sec)=3.021 write(Gbits/sec)=3.021 count=92204
    8 RR .1 min=6.14us avg=8.91us max=20.99us read(Gbits/sec)=3.633 write(Gbits/sec)=3.633 count=110866
    8 RR .2 min=6.14us avg=8.91us max=41.73us read(Gbits/sec)=3.632 write(Gbits/sec)=3.632 count=110838
    8 RR .3 min=6.14us avg=8.93us max=20.48us read(Gbits/sec)=3.624 write(Gbits/sec)=3.624 count=110607
    8 RR .4 min=6.14us avg=8.94us max=20.22us read(Gbits/sec)=3.618 write(Gbits/sec)=3.618 count=110417
    8 RR .5 min=6.14us avg=8.90us max=43.52us read(Gbits/sec)=3.634 write(Gbits/sec)=3.634 count=110916
    8 RR .6 min=6.14us avg=10.96us max=183488.51us read(Gbits/sec)=2.960 write(Gbits/sec)=2.960 count=90326
    8 RR .7 min=6.14us avg=10.60us max=148587.26us read(Gbits/sec)=3.058 write(Gbits/sec)=3.058 count=93322
    8 RR .8 min=6.40us avg=10.49us max=134850.56us read(Gbits/sec)=3.090 write(Gbits/sec)=3.090 count=94303
    8 RR .9 min=5.89us avg=8.90us max=20.99us read(Gbits/sec)=3.634 write(Gbits/sec)=3.634 count=110908
    8 RR .10 min=6.14us avg=8.91us max=20.74us read(Gbits/sec)=3.632 write(Gbits/sec)=3.632 count=110860
    8 RR .11 min=6.14us avg=10.12us max=117030.91us read(Gbits/sec)=3.246 write(Gbits/sec)=3.246 count=99061
    8 RR .12 min=6.14us avg=8.95us max=19.71us read(Gbits/sec)=3.616 write(Gbits/sec)=3.616 count=110341
    8 RR .13 min=6.14us avg=8.90us max=24.83us read(Gbits/sec)=3.635 write(Gbits/sec)=3.635 count=110925
    8 RR .14 min=6.14us avg=8.91us max=19.71us read(Gbits/sec)=3.631 write(Gbits/sec)=3.631 count=110805
    8 RR .15 min=6.14us avg=8.94us max=20.22us read(Gbits/sec)=3.618 write(Gbits/sec)=3.618 count=110416
    8 RR .16 min=6.40us avg=8.97us max=20.22us read(Gbits/sec)=3.601 write(Gbits/sec)=3.601 count=109898
    8 RR .17 min=6.14us avg=8.91us max=19.97us read(Gbits/sec)=3.539 write(Gbits/sec)=3.539 count=108003
    8 RR .18 min=5.89us avg=8.91us max=20.48us read(Gbits/sec)=3.628 write(Gbits/sec)=3.628 count=110735
    8 RR .19 min=6.66us avg=8.93us max=21.50us read(Gbits/sec)=3.619 write(Gbits/sec)=3.619 count=110453
    8 RR .20 min=6.14us avg=8.95us max=20.22us read(Gbits/sec)=3.611 write(Gbits/sec)=3.611 count=110205
    8 RR .21 min=6.14us avg=8.90us max=20.74us read(Gbits/sec)=3.631 write(Gbits/sec)=3.631 count=110827
    8 RR .22 min=6.14us avg=8.91us max=19.97us read(Gbits/sec)=3.630 write(Gbits/sec)=3.630 count=110775
    8 RR .23 min=6.14us avg=8.93us max=20.22us read(Gbits/sec)=3.618 write(Gbits/sec)=3.618 count=110426
    8 RR .24 min=6.14us avg=8.95us max=22.02us read(Gbits/sec)=3.611 write(Gbits/sec)=3.611 count=110203
    8 RR .25 min=6.14us avg=10.68us max=153056.51us read(Gbits/sec)=3.034 write(Gbits/sec)=3.034 count=92584
    8 RR .26 min=6.14us avg=8.91us max=45.57us read(Gbits/sec)=3.630 write(Gbits/sec)=3.630 count=110795
    8 RR .27 min=6.14us avg=8.91us max=20.22us read(Gbits/sec)=3.630 write(Gbits/sec)=3.630 count=110797
    8 RR Total-Throughput read(Gbits/sec)=98.064 write(Gbits/sec)=98.064

    9 RR .0 min=6.40us avg=10.59us max=152538.62us read(Gbits/sec)=3.062 write(Gbits/sec)=3.062 count=93439
    9 RR .1 min=6.14us avg=8.85us max=20.22us read(Gbits/sec)=3.657 write(Gbits/sec)=3.657 count=111590
    9 RR .2 min=6.14us avg=8.85us max=20.74us read(Gbits/sec)=3.656 write(Gbits/sec)=3.656 count=111562
    9 RR .3 min=6.14us avg=8.86us max=20.99us read(Gbits/sec)=3.650 write(Gbits/sec)=3.650 count=111399
    9 RR .4 min=6.40us avg=8.88us max=20.99us read(Gbits/sec)=3.643 write(Gbits/sec)=3.643 count=111182
    9 RR .5 min=6.14us avg=8.86us max=18.94us read(Gbits/sec)=3.470 write(Gbits/sec)=3.470 count=105887
    9 RR .6 min=6.14us avg=8.85us max=20.48us read(Gbits/sec)=3.657 write(Gbits/sec)=3.657 count=111609
    9 RR .7 min=6.14us avg=8.87us max=19.46us read(Gbits/sec)=3.648 write(Gbits/sec)=3.648 count=111337
    9 RR .8 min=6.14us avg=8.88us max=34.30us read(Gbits/sec)=3.642 write(Gbits/sec)=3.642 count=111150
    9 RR .9 min=6.14us avg=8.85us max=19.20us read(Gbits/sec)=3.656 write(Gbits/sec)=3.656 count=111588
    9 RR .10 min=6.14us avg=8.85us max=33.02us read(Gbits/sec)=3.656 write(Gbits/sec)=3.656 count=111570
    9 RR .11 min=6.14us avg=8.86us max=43.01us read(Gbits/sec)=3.649 write(Gbits/sec)=3.649 count=111349
    9 RR .12 min=6.14us avg=10.91us max=175088.90us read(Gbits/sec)=2.972 write(Gbits/sec)=2.972 count=90694
    9 RR .13 min=6.14us avg=8.84us max=21.25us read(Gbits/sec)=3.658 write(Gbits/sec)=3.658 count=111636
    9 RR .14 min=6.14us avg=8.85us max=40.70us read(Gbits/sec)=3.655 write(Gbits/sec)=3.655 count=111556
    9 RR .15 min=6.14us avg=8.87us max=20.99us read(Gbits/sec)=3.645 write(Gbits/sec)=3.645 count=111237
    9 RR .16 min=6.40us avg=8.91us max=21.76us read(Gbits/sec)=3.627 write(Gbits/sec)=3.627 count=110697
    9 RR .17 min=6.14us avg=10.55us max=158890.50us read(Gbits/sec)=3.148 write(Gbits/sec)=3.148 count=96072
    9 RR .18 min=6.14us avg=11.15us max=191940.10us read(Gbits/sec)=2.907 write(Gbits/sec)=2.907 count=88720
    9 RR .19 min=6.14us avg=8.86us max=21.25us read(Gbits/sec)=3.646 write(Gbits/sec)=3.646 count=111286
    9 RR .20 min=6.40us avg=8.88us max=20.74us read(Gbits/sec)=3.637 write(Gbits/sec)=3.637 count=111005
    9 RR .21 min=6.14us avg=8.86us max=19.97us read(Gbits/sec)=3.404 write(Gbits/sec)=3.404 count=103879
    9 RR .22 min=5.89us avg=8.85us max=20.48us read(Gbits/sec)=3.654 write(Gbits/sec)=3.654 count=111518
    9 RR .23 min=6.14us avg=8.86us max=19.71us read(Gbits/sec)=3.647 write(Gbits/sec)=3.647 count=111306
    9 RR .24 min=6.14us avg=11.05us max=182256.64us read(Gbits/sec)=2.932 write(Gbits/sec)=2.932 count=89496
    9 RR .25 min=6.14us avg=8.84us max=19.71us read(Gbits/sec)=3.656 write(Gbits/sec)=3.656 count=111576
    9 RR .26 min=6.14us avg=10.21us max=125976.58us read(Gbits/sec)=3.174 write(Gbits/sec)=3.174 count=96856
    9 RR .27 min=6.14us avg=8.85us max=18.94us read(Gbits/sec)=3.656 write(Gbits/sec)=3.656 count=111573
    9 RR Total-Throughput read(Gbits/sec)=98.063 write(Gbits/sec)=98.063

   10 RR .0 min=6.14us avg=9.03us max=40.96us read(Gbits/sec)=3.584 write(Gbits/sec)=3.584 count=109362
   10 RR .1 min=5.89us avg=9.03us max=21.25us read(Gbits/sec)=3.584 write(Gbits/sec)=3.584 count=109372
   10 RR .2 min=5.89us avg=9.05us max=19.71us read(Gbits/sec)=3.212 write(Gbits/sec)=3.212 count=98026
   10 RR .3 min=6.14us avg=9.05us max=21.25us read(Gbits/sec)=3.575 write(Gbits/sec)=3.575 count=109091
   10 RR .4 min=6.14us avg=9.07us max=19.71us read(Gbits/sec)=3.569 write(Gbits/sec)=3.569 count=108914
   10 RR .5 min=6.14us avg=10.14us max=110921.22us read(Gbits/sec)=3.355 write(Gbits/sec)=3.355 count=102386
   10 RR .6 min=6.14us avg=10.80us max=159470.08us read(Gbits/sec)=3.003 write(Gbits/sec)=3.003 count=91649
   10 RR .7 min=6.14us avg=9.06us max=22.78us read(Gbits/sec)=3.573 write(Gbits/sec)=3.573 count=109045
   10 RR .8 min=6.14us avg=9.07us max=46.34us read(Gbits/sec)=3.566 write(Gbits/sec)=3.566 count=108840
   10 RR .9 min=6.14us avg=9.03us max=19.71us read(Gbits/sec)=3.584 write(Gbits/sec)=3.584 count=109388
   10 RR .10 min=6.14us avg=9.03us max=20.99us read(Gbits/sec)=3.583 write(Gbits/sec)=3.583 count=109336
   10 RR .11 min=6.14us avg=9.06us max=22.02us read(Gbits/sec)=3.571 write(Gbits/sec)=3.571 count=108971
   10 RR .12 min=6.14us avg=9.08us max=20.48us read(Gbits/sec)=3.563 write(Gbits/sec)=3.563 count=108724
   10 RR .13 min=6.14us avg=10.74us max=155282.69us read(Gbits/sec)=3.019 write(Gbits/sec)=3.019 count=92123
   10 RR .14 min=6.14us avg=9.03us max=20.74us read(Gbits/sec)=3.583 write(Gbits/sec)=3.583 count=109334
   10 RR .15 min=6.14us avg=9.06us max=20.22us read(Gbits/sec)=3.569 write(Gbits/sec)=3.569 count=108908
   10 RR .16 min=6.14us avg=9.10us max=20.74us read(Gbits/sec)=3.552 write(Gbits/sec)=3.552 count=108405
   10 RR .17 min=5.89us avg=9.03us max=20.74us read(Gbits/sec)=3.581 write(Gbits/sec)=3.581 count=109288
   10 RR .18 min=6.14us avg=9.03us max=21.76us read(Gbits/sec)=3.581 write(Gbits/sec)=3.581 count=109282
   10 RR .19 min=6.14us avg=9.05us max=21.25us read(Gbits/sec)=3.570 write(Gbits/sec)=3.570 count=108956
   10 RR .20 min=6.40us avg=9.07us max=19.97us read(Gbits/sec)=3.563 write(Gbits/sec)=3.563 count=108738
   10 RR .21 min=6.14us avg=10.56us max=150099.71us read(Gbits/sec)=3.273 write(Gbits/sec)=3.273 count=99884
   10 RR .22 min=6.14us avg=9.03us max=20.99us read(Gbits/sec)=3.581 write(Gbits/sec)=3.581 count=109279
   10 RR .23 min=6.14us avg=9.06us max=34.05us read(Gbits/sec)=3.570 write(Gbits/sec)=3.570 count=108944
   10 RR .24 min=6.40us avg=9.07us max=22.27us read(Gbits/sec)=3.563 write(Gbits/sec)=3.563 count=108756
   10 RR .25 min=6.14us avg=9.03us max=21.50us read(Gbits/sec)=3.582 write(Gbits/sec)=3.582 count=109321
   10 RR .26 min=6.14us avg=9.03us max=19.46us read(Gbits/sec)=3.581 write(Gbits/sec)=3.581 count=109300
   10 RR .27 min=5.89us avg=9.03us max=19.97us read(Gbits/sec)=3.582 write(Gbits/sec)=3.582 count=109316
   10 RR Total-Throughput read(Gbits/sec)=98.070 write(Gbits/sec)=98.070

   11 RR .0 min=6.14us avg=10.88us max=172499.20us read(Gbits/sec)=2.980 write(Gbits/sec)=2.980 count=90950
   11 RR .1 min=6.14us avg=8.96us max=26.37us read(Gbits/sec)=3.609 write(Gbits/sec)=3.609 count=110148
   11 RR .2 min=6.14us avg=10.28us max=139216.90us read(Gbits/sec)=3.472 write(Gbits/sec)=3.472 count=105963
   11 RR .3 min=6.14us avg=10.36us max=127118.85us read(Gbits/sec)=3.127 write(Gbits/sec)=3.127 count=95430
   11 RR .4 min=6.14us avg=8.99us max=52.74us read(Gbits/sec)=3.597 write(Gbits/sec)=3.597 count=109780
   11 RR .5 min=6.14us avg=8.96us max=19.46us read(Gbits/sec)=3.611 write(Gbits/sec)=3.611 count=110186
   11 RR .6 min=6.40us avg=8.96us max=20.48us read(Gbits/sec)=3.609 write(Gbits/sec)=3.609 count=110150
   11 RR .7 min=6.14us avg=8.99us max=19.97us read(Gbits/sec)=3.600 write(Gbits/sec)=3.600 count=109870
   11 RR .8 min=6.14us avg=10.52us max=136951.55us read(Gbits/sec)=3.082 write(Gbits/sec)=3.082 count=94050
   11 RR .9 min=5.89us avg=8.96us max=18.94us read(Gbits/sec)=3.610 write(Gbits/sec)=3.610 count=110182
   11 RR .10 min=6.14us avg=8.96us max=36.86us read(Gbits/sec)=3.609 write(Gbits/sec)=3.609 count=110126
   11 RR .11 min=5.89us avg=8.99us max=40.19us read(Gbits/sec)=3.600 write(Gbits/sec)=3.600 count=109852
   11 RR .12 min=6.40us avg=10.85us max=162874.88us read(Gbits/sec)=2.988 write(Gbits/sec)=2.988 count=91193
   11 RR .13 min=5.89us avg=8.96us max=19.71us read(Gbits/sec)=3.611 write(Gbits/sec)=3.611 count=110196
   11 RR .14 min=6.14us avg=8.97us max=19.71us read(Gbits/sec)=3.608 write(Gbits/sec)=3.608 count=110096
   11 RR .15 min=5.89us avg=10.28us max=118392.06us read(Gbits/sec)=3.150 write(Gbits/sec)=3.150 count=96145
   11 RR .16 min=6.14us avg=9.02us max=19.71us read(Gbits/sec)=3.582 write(Gbits/sec)=3.582 count=109302
   11 RR .17 min=6.14us avg=8.96us max=20.99us read(Gbits/sec)=3.606 write(Gbits/sec)=3.606 count=110063
   11 RR .18 min=6.14us avg=8.97us max=20.48us read(Gbits/sec)=3.606 write(Gbits/sec)=3.606 count=110051
   11 RR .19 min=6.14us avg=8.99us max=21.25us read(Gbits/sec)=3.597 write(Gbits/sec)=3.597 count=109770
   11 RR .20 min=6.40us avg=9.00us max=20.48us read(Gbits/sec)=3.590 write(Gbits/sec)=3.590 count=109547
   11 RR .21 min=6.14us avg=8.96us max=19.46us read(Gbits/sec)=3.607 write(Gbits/sec)=3.607 count=110094
   11 RR .22 min=6.14us avg=8.97us max=20.22us read(Gbits/sec)=3.606 write(Gbits/sec)=3.606 count=110053
   11 RR .23 min=6.14us avg=8.99us max=20.74us read(Gbits/sec)=3.596 write(Gbits/sec)=3.596 count=109743
   11 RR .24 min=6.14us avg=9.01us max=21.76us read(Gbits/sec)=3.589 write(Gbits/sec)=3.589 count=109544
   11 RR .25 min=5.89us avg=8.96us max=21.50us read(Gbits/sec)=3.608 write(Gbits/sec)=3.608 count=110103
   11 RR .26 min=6.14us avg=8.96us max=19.71us read(Gbits/sec)=3.607 write(Gbits/sec)=3.607 count=110089
   11 RR .27 min=6.14us avg=8.96us max=20.22us read(Gbits/sec)=3.607 write(Gbits/sec)=3.607 count=110091
   11 RR Total-Throughput read(Gbits/sec)=98.065 write(Gbits/sec)=98.065

   12 RR .0 min=6.14us avg=8.87us max=786.43us read(Gbits/sec)=3.647 write(Gbits/sec)=3.647 count=111305
   12 RR .1 min=6.14us avg=8.86us max=48.90us read(Gbits/sec)=3.652 write(Gbits/sec)=3.652 count=111436
   12 RR .2 min=6.14us avg=8.86us max=19.46us read(Gbits/sec)=3.650 write(Gbits/sec)=3.650 count=111392
   12 RR .3 min=6.40us avg=8.88us max=19.20us read(Gbits/sec)=3.642 write(Gbits/sec)=3.642 count=111135
   12 RR .4 min=6.14us avg=8.90us max=39.94us read(Gbits/sec)=3.634 write(Gbits/sec)=3.634 count=110911
   12 RR .5 min=6.14us avg=8.85us max=36.86us read(Gbits/sec)=3.654 write(Gbits/sec)=3.654 count=111518
   12 RR .6 min=6.14us avg=8.86us max=19.97us read(Gbits/sec)=3.652 write(Gbits/sec)=3.652 count=111445
   12 RR .7 min=6.14us avg=8.89us max=19.97us read(Gbits/sec)=3.639 write(Gbits/sec)=3.639 count=111052
   12 RR .8 min=6.14us avg=8.90us max=38.91us read(Gbits/sec)=3.633 write(Gbits/sec)=3.633 count=110861
   12 RR .9 min=6.14us avg=10.14us max=116458.24us read(Gbits/sec)=3.196 write(Gbits/sec)=3.196 count=97525
   12 RR .10 min=6.14us avg=8.86us max=19.71us read(Gbits/sec)=3.650 write(Gbits/sec)=3.650 count=111409
   12 RR .11 min=6.14us avg=8.90us max=59.14us read(Gbits/sec)=3.635 write(Gbits/sec)=3.635 count=110949
   12 RR .12 min=6.14us avg=8.91us max=20.22us read(Gbits/sec)=3.628 write(Gbits/sec)=3.628 count=110712
   12 RR .13 min=6.14us avg=9.86us max=100765.70us read(Gbits/sec)=3.286 write(Gbits/sec)=3.286 count=100285
   12 RR .14 min=6.14us avg=8.86us max=19.71us read(Gbits/sec)=3.649 write(Gbits/sec)=3.649 count=111368
   12 RR .15 min=6.14us avg=10.59us max=148436.22us read(Gbits/sec)=3.059 write(Gbits/sec)=3.059 count=93370
   12 RR .16 min=6.40us avg=8.92us max=47.87us read(Gbits/sec)=3.621 write(Gbits/sec)=3.621 count=110504
   12 RR .17 min=6.14us avg=10.83us max=177779.71us read(Gbits/sec)=2.992 write(Gbits/sec)=2.992 count=91303
   12 RR .18 min=6.14us avg=8.86us max=22.02us read(Gbits/sec)=3.648 write(Gbits/sec)=3.648 count=111341
   12 RR .19 min=6.40us avg=8.89us max=20.74us read(Gbits/sec)=3.638 write(Gbits/sec)=3.638 count=111025
   12 RR .20 min=6.14us avg=8.96us max=19.71us read(Gbits/sec)=3.109 write(Gbits/sec)=3.109 count=94888
   12 RR .21 min=6.14us avg=10.12us max=120708.86us read(Gbits/sec)=3.201 write(Gbits/sec)=3.201 count=97695
   12 RR .22 min=6.14us avg=8.86us max=19.71us read(Gbits/sec)=3.648 write(Gbits/sec)=3.648 count=111340
   12 RR .23 min=6.14us avg=11.95us max=145362.18us read(Gbits/sec)=2.715 write(Gbits/sec)=2.715 count=82862
   12 RR .24 min=6.14us avg=8.89us max=21.50us read(Gbits/sec)=3.635 write(Gbits/sec)=3.635 count=110944
   12 RR .25 min=5.89us avg=8.86us max=20.99us read(Gbits/sec)=3.650 write(Gbits/sec)=3.650 count=111404
   12 RR .26 min=6.14us avg=8.86us max=33.54us read(Gbits/sec)=3.650 write(Gbits/sec)=3.650 count=111391
   12 RR .27 min=5.89us avg=8.86us max=19.20us read(Gbits/sec)=3.650 write(Gbits/sec)=3.650 count=111405
   12 RR Total-Throughput read(Gbits/sec)=98.063 write(Gbits/sec)=98.063

   13 RR .0 min=6.40us avg=9.05us max=44.29us read(Gbits/sec)=3.576 write(Gbits/sec)=3.576 count=109125
   13 RR .1 min=6.14us avg=9.05us max=41.73us read(Gbits/sec)=3.577 write(Gbits/sec)=3.577 count=109166
   13 RR .2 min=6.14us avg=9.05us max=40.45us read(Gbits/sec)=3.577 write(Gbits/sec)=3.577 count=109163
   13 RR .3 min=6.14us avg=9.06us max=20.74us read(Gbits/sec)=3.571 write(Gbits/sec)=3.571 count=108988
   13 RR .4 min=6.14us avg=9.08us max=20.48us read(Gbits/sec)=3.564 write(Gbits/sec)=3.564 count=108778
   13 RR .5 min=5.89us avg=9.04us max=19.97us read(Gbits/sec)=3.579 write(Gbits/sec)=3.579 count=109223
   13 RR .6 min=6.14us avg=9.04us max=20.74us read(Gbits/sec)=3.578 write(Gbits/sec)=3.578 count=109194
   13 RR .7 min=6.14us avg=11.46us max=197628.16us read(Gbits/sec)=2.831 write(Gbits/sec)=2.831 count=86397
   13 RR .8 min=6.14us avg=9.07us max=34.30us read(Gbits/sec)=3.565 write(Gbits/sec)=3.565 count=108809
   13 RR .9 min=6.14us avg=9.04us max=25.60us read(Gbits/sec)=3.577 write(Gbits/sec)=3.577 count=109175
   13 RR .10 min=6.14us avg=9.05us max=40.19us read(Gbits/sec)=3.577 write(Gbits/sec)=3.577 count=109156
   13 RR .11 min=6.14us avg=9.07us max=37.38us read(Gbits/sec)=3.567 write(Gbits/sec)=3.567 count=108861
   13 RR .12 min=6.14us avg=9.09us max=19.97us read(Gbits/sec)=3.560 write(Gbits/sec)=3.560 count=108633
   13 RR .13 min=6.14us avg=10.11us max=101566.98us read(Gbits/sec)=3.203 write(Gbits/sec)=3.203 count=97758
   13 RR .14 min=6.40us avg=9.05us max=20.22us read(Gbits/sec)=3.576 write(Gbits/sec)=3.576 count=109119
   13 RR .15 min=6.14us avg=9.07us max=36.86us read(Gbits/sec)=3.566 write(Gbits/sec)=3.566 count=108828
   13 RR .16 min=6.14us avg=9.10us max=34.05us read(Gbits/sec)=3.550 write(Gbits/sec)=3.550 count=108348
   13 RR .17 min=6.14us avg=9.04us max=23.04us read(Gbits/sec)=3.575 write(Gbits/sec)=3.575 count=109098
   13 RR .18 min=6.14us avg=9.05us max=19.46us read(Gbits/sec)=3.574 write(Gbits/sec)=3.574 count=109086
   13 RR .19 min=6.14us avg=9.15us max=23.30us read(Gbits/sec)=2.926 write(Gbits/sec)=2.926 count=89298
   13 RR .20 min=6.40us avg=10.84us max=183154.43us read(Gbits/sec)=3.397 write(Gbits/sec)=3.397 count=103674
   13 RR .21 min=6.14us avg=9.04us max=20.48us read(Gbits/sec)=3.576 write(Gbits/sec)=3.576 count=109130
   13 RR .22 min=6.14us avg=9.05us max=20.22us read(Gbits/sec)=3.575 write(Gbits/sec)=3.575 count=109095
   13 RR .23 min=6.14us avg=9.07us max=21.50us read(Gbits/sec)=3.566 write(Gbits/sec)=3.566 count=108828
   13 RR .24 min=6.40us avg=9.09us max=23.55us read(Gbits/sec)=3.559 write(Gbits/sec)=3.559 count=108608
   13 RR .25 min=6.14us avg=9.04us max=20.74us read(Gbits/sec)=3.576 write(Gbits/sec)=3.576 count=109134
   13 RR .26 min=6.14us avg=9.04us max=20.48us read(Gbits/sec)=3.575 write(Gbits/sec)=3.575 count=109115
   13 RR .27 min=6.14us avg=9.04us max=20.74us read(Gbits/sec)=3.576 write(Gbits/sec)=3.576 count=109139
   13 RR Total-Throughput read(Gbits/sec)=98.069 write(Gbits/sec)=98.069

   14 RR .0 min=5.89us avg=9.12us max=2030.59us read(Gbits/sec)=3.549 write(Gbits/sec)=3.549 count=108321
   14 RR .1 min=6.14us avg=9.10us max=20.48us read(Gbits/sec)=3.558 write(Gbits/sec)=3.558 count=108569
   14 RR .2 min=6.14us avg=9.10us max=19.97us read(Gbits/sec)=3.557 write(Gbits/sec)=3.557 count=108541
   14 RR .3 min=6.14us avg=9.14us max=21.25us read(Gbits/sec)=3.338 write(Gbits/sec)=3.338 count=101862
   14 RR .4 min=6.14us avg=9.13us max=21.76us read(Gbits/sec)=3.545 write(Gbits/sec)=3.545 count=108187
   14 RR .5 min=5.89us avg=9.10us max=36.10us read(Gbits/sec)=3.559 write(Gbits/sec)=3.559 count=108601
   14 RR .6 min=6.14us avg=9.10us max=21.76us read(Gbits/sec)=3.557 write(Gbits/sec)=3.557 count=108547
   14 RR .7 min=6.14us avg=9.12us max=21.76us read(Gbits/sec)=3.550 write(Gbits/sec)=3.550 count=108335
   14 RR .8 min=6.40us avg=9.13us max=40.45us read(Gbits/sec)=3.545 write(Gbits/sec)=3.545 count=108184
   14 RR .9 min=6.14us avg=9.10us max=45.82us read(Gbits/sec)=3.558 write(Gbits/sec)=3.558 count=108583
   14 RR .10 min=6.14us avg=9.10us max=20.22us read(Gbits/sec)=3.557 write(Gbits/sec)=3.557 count=108545
   14 RR .11 min=6.40us avg=9.12us max=20.99us read(Gbits/sec)=3.548 write(Gbits/sec)=3.548 count=108269
   14 RR .12 min=6.14us avg=9.13us max=20.22us read(Gbits/sec)=3.541 write(Gbits/sec)=3.541 count=108081
   14 RR .13 min=6.14us avg=9.13us max=19.71us read(Gbits/sec)=3.353 write(Gbits/sec)=3.353 count=102318
   14 RR .14 min=6.14us avg=9.10us max=20.48us read(Gbits/sec)=3.556 write(Gbits/sec)=3.556 count=108531
   14 RR .15 min=6.14us avg=9.12us max=21.25us read(Gbits/sec)=3.547 write(Gbits/sec)=3.547 count=108240
   14 RR .16 min=6.14us avg=9.15us max=19.71us read(Gbits/sec)=3.531 write(Gbits/sec)=3.531 count=107754
   14 RR .17 min=6.14us avg=9.09us max=19.71us read(Gbits/sec)=3.556 write(Gbits/sec)=3.556 count=108514
   14 RR .18 min=6.14us avg=10.56us max=132549.12us read(Gbits/sec)=3.067 write(Gbits/sec)=3.067 count=93594
   14 RR .19 min=6.40us avg=10.80us max=180722.69us read(Gbits/sec)=3.518 write(Gbits/sec)=3.518 count=107361
   14 RR .20 min=6.66us avg=10.38us max=114999.55us read(Gbits/sec)=3.119 write(Gbits/sec)=3.119 count=95201
   14 RR .21 min=6.40us avg=9.09us max=19.46us read(Gbits/sec)=3.556 write(Gbits/sec)=3.556 count=108531
   14 RR .22 min=5.89us avg=9.10us max=22.27us read(Gbits/sec)=3.555 write(Gbits/sec)=3.555 count=108506
   14 RR .23 min=6.14us avg=9.12us max=46.08us read(Gbits/sec)=3.546 write(Gbits/sec)=3.546 count=108231
   14 RR .24 min=6.40us avg=9.13us max=21.50us read(Gbits/sec)=3.539 write(Gbits/sec)=3.539 count=108014
   14 RR .25 min=6.14us avg=9.10us max=21.50us read(Gbits/sec)=3.556 write(Gbits/sec)=3.556 count=108525
   14 RR .26 min=5.89us avg=9.10us max=21.76us read(Gbits/sec)=3.555 write(Gbits/sec)=3.555 count=108487
   14 RR .27 min=5.89us avg=9.10us max=20.74us read(Gbits/sec)=3.556 write(Gbits/sec)=3.556 count=108532
   14 RR Total-Throughput read(Gbits/sec)=98.071 write(Gbits/sec)=98.071

   15 RR .0 min=6.40us avg=9.94us max=103438.08us read(Gbits/sec)=3.258 write(Gbits/sec)=3.258 count=99434
   15 RR .1 min=6.14us avg=8.87us max=19.20us read(Gbits/sec)=3.648 write(Gbits/sec)=3.648 count=111333
   15 RR .2 min=5.89us avg=8.87us max=23.04us read(Gbits/sec)=3.647 write(Gbits/sec)=3.647 count=111296
   15 RR .3 min=6.14us avg=10.23us max=135337.98us read(Gbits/sec)=3.349 write(Gbits/sec)=3.349 count=102192
   15 RR .4 min=6.40us avg=10.63us max=156350.72us read(Gbits/sec)=3.050 write(Gbits/sec)=3.050 count=93082
   15 RR .5 min=6.14us avg=8.87us max=20.22us read(Gbits/sec)=3.649 write(Gbits/sec)=3.649 count=111364
   15 RR .6 min=6.14us avg=10.81us max=171470.08us read(Gbits/sec)=2.999 write(Gbits/sec)=2.999 count=91525
   15 RR .7 min=6.14us avg=8.89us max=19.97us read(Gbits/sec)=3.640 write(Gbits/sec)=3.640 count=111094
   15 RR .8 min=6.14us avg=8.90us max=40.19us read(Gbits/sec)=3.634 write(Gbits/sec)=3.634 count=110918
   15 RR .9 min=6.14us avg=8.87us max=29.70us read(Gbits/sec)=3.647 write(Gbits/sec)=3.647 count=111314
   15 RR .10 min=6.14us avg=8.87us max=41.22us read(Gbits/sec)=3.647 write(Gbits/sec)=3.647 count=111299
   15 RR .11 min=6.14us avg=8.89us max=35.33us read(Gbits/sec)=3.640 write(Gbits/sec)=3.640 count=111076
   15 RR .12 min=6.40us avg=11.15us max=187185.41us read(Gbits/sec)=2.908 write(Gbits/sec)=2.908 count=88737
   15 RR .13 min=6.14us avg=10.21us max=134671.36us read(Gbits/sec)=3.346 write(Gbits/sec)=3.346 count=102121
   15 RR .14 min=6.14us avg=8.87us max=19.97us read(Gbits/sec)=3.647 write(Gbits/sec)=3.647 count=111294
   15 RR .15 min=6.14us avg=8.89us max=19.97us read(Gbits/sec)=3.636 write(Gbits/sec)=3.636 count=110966
   15 RR .16 min=6.40us avg=8.93us max=22.27us read(Gbits/sec)=3.618 write(Gbits/sec)=3.618 count=110405
   15 RR .17 min=6.14us avg=8.87us max=44.80us read(Gbits/sec)=3.645 write(Gbits/sec)=3.645 count=111242
   15 RR .18 min=6.40us avg=8.87us max=21.25us read(Gbits/sec)=3.644 write(Gbits/sec)=3.644 count=111222
   15 RR .19 min=6.40us avg=8.89us max=21.76us read(Gbits/sec)=3.637 write(Gbits/sec)=3.637 count=110984
   15 RR .20 min=6.40us avg=8.90us max=20.22us read(Gbits/sec)=3.629 write(Gbits/sec)=3.629 count=110742
   15 RR .21 min=5.89us avg=8.87us max=20.48us read(Gbits/sec)=3.646 write(Gbits/sec)=3.646 count=111271
   15 RR .22 min=6.14us avg=8.87us max=19.97us read(Gbits/sec)=3.644 write(Gbits/sec)=3.644 count=111221
   15 RR .23 min=6.40us avg=8.89us max=20.74us read(Gbits/sec)=3.637 write(Gbits/sec)=3.637 count=111005
   15 RR .24 min=6.66us avg=10.54us max=143076.86us read(Gbits/sec)=3.072 write(Gbits/sec)=3.072 count=93766
   15 RR .25 min=6.14us avg=8.86us max=34.56us read(Gbits/sec)=3.647 write(Gbits/sec)=3.647 count=111289
   15 RR .26 min=6.14us avg=9.96us max=105242.37us read(Gbits/sec)=3.251 write(Gbits/sec)=3.251 count=99205
   15 RR .27 min=6.14us avg=8.87us max=42.24us read(Gbits/sec)=3.646 write(Gbits/sec)=3.646 count=111270
   15 RR Total-Throughput read(Gbits/sec)=98.061 write(Gbits/sec)=98.061

   16 RR .0 min=6.14us avg=9.04us max=57.09us read(Gbits/sec)=3.578 write(Gbits/sec)=3.578 count=109180
   16 RR .1 min=6.14us avg=9.04us max=20.48us read(Gbits/sec)=3.578 write(Gbits/sec)=3.578 count=109205
   16 RR .2 min=5.89us avg=9.05us max=39.68us read(Gbits/sec)=3.577 write(Gbits/sec)=3.577 count=109170
   16 RR .3 min=6.40us avg=9.06us max=19.46us read(Gbits/sec)=3.573 write(Gbits/sec)=3.573 count=109030
   16 RR .4 min=6.14us avg=9.07us max=21.25us read(Gbits/sec)=3.566 write(Gbits/sec)=3.566 count=108833
   16 RR .5 min=6.14us avg=9.04us max=19.20us read(Gbits/sec)=3.580 write(Gbits/sec)=3.580 count=109249
   16 RR .6 min=5.89us avg=9.04us max=19.71us read(Gbits/sec)=3.579 write(Gbits/sec)=3.579 count=109213
   16 RR .7 min=6.14us avg=9.06us max=20.99us read(Gbits/sec)=3.570 write(Gbits/sec)=3.570 count=108958
   16 RR .8 min=6.14us avg=9.07us max=39.42us read(Gbits/sec)=3.566 write(Gbits/sec)=3.566 count=108821
   16 RR .9 min=6.14us avg=10.76us max=149492.48us read(Gbits/sec)=3.014 write(Gbits/sec)=3.014 count=91986
   16 RR .10 min=6.14us avg=9.04us max=22.53us read(Gbits/sec)=3.578 write(Gbits/sec)=3.578 count=109200
   16 RR .11 min=6.14us avg=9.06us max=20.48us read(Gbits/sec)=3.572 write(Gbits/sec)=3.572 count=109015
   16 RR .12 min=6.40us avg=10.63us max=142025.22us read(Gbits/sec)=3.048 write(Gbits/sec)=3.048 count=93020
   16 RR .13 min=6.14us avg=9.04us max=19.46us read(Gbits/sec)=3.579 write(Gbits/sec)=3.579 count=109240
   16 RR .14 min=6.14us avg=9.04us max=20.74us read(Gbits/sec)=3.577 write(Gbits/sec)=3.577 count=109169
   16 RR .15 min=6.40us avg=9.07us max=24.06us read(Gbits/sec)=3.567 write(Gbits/sec)=3.567 count=108852
   16 RR .16 min=6.14us avg=9.10us max=21.25us read(Gbits/sec)=3.551 write(Gbits/sec)=3.551 count=108360
   16 RR .17 min=6.14us avg=11.43us max=187167.74us read(Gbits/sec)=2.704 write(Gbits/sec)=2.704 count=82519
   16 RR .18 min=6.14us avg=9.04us max=19.97us read(Gbits/sec)=3.576 write(Gbits/sec)=3.576 count=109145
   16 RR .19 min=6.14us avg=9.06us max=21.25us read(Gbits/sec)=3.567 write(Gbits/sec)=3.567 count=108871
   16 RR .20 min=6.40us avg=9.07us max=19.97us read(Gbits/sec)=3.561 write(Gbits/sec)=3.561 count=108680
   16 RR .21 min=6.14us avg=9.04us max=18.94us read(Gbits/sec)=3.578 write(Gbits/sec)=3.578 count=109197
   16 RR .22 min=6.14us avg=9.04us max=20.74us read(Gbits/sec)=3.576 write(Gbits/sec)=3.576 count=109125
   16 RR .23 min=6.14us avg=9.06us max=19.97us read(Gbits/sec)=3.567 write(Gbits/sec)=3.567 count=108850
   16 RR .24 min=6.40us avg=9.08us max=46.59us read(Gbits/sec)=3.559 write(Gbits/sec)=3.559 count=108623
   16 RR .25 min=5.89us avg=9.04us max=20.74us read(Gbits/sec)=3.577 write(Gbits/sec)=3.577 count=109171
   16 RR .26 min=6.14us avg=9.04us max=22.53us read(Gbits/sec)=3.576 write(Gbits/sec)=3.576 count=109151
   16 RR .27 min=6.14us avg=9.04us max=20.48us read(Gbits/sec)=3.577 write(Gbits/sec)=3.577 count=109164
   16 RR Total-Throughput read(Gbits/sec)=98.070 write(Gbits/sec)=98.070

   17 RR .0 min=6.40us avg=8.99us max=773.89us read(Gbits/sec)=3.598 write(Gbits/sec)=3.598 count=109791
   17 RR .1 min=6.14us avg=10.03us max=100363.78us read(Gbits/sec)=3.231 write(Gbits/sec)=3.231 count=98589
   17 RR .2 min=6.14us avg=8.99us max=20.48us read(Gbits/sec)=3.601 write(Gbits/sec)=3.601 count=109892
   17 RR .3 min=6.14us avg=9.00us max=20.99us read(Gbits/sec)=3.594 write(Gbits/sec)=3.594 count=109673
   17 RR .4 min=6.14us avg=9.02us max=54.78us read(Gbits/sec)=3.587 write(Gbits/sec)=3.587 count=109471
   17 RR .5 min=6.14us avg=8.98us max=18.69us read(Gbits/sec)=3.603 write(Gbits/sec)=3.603 count=109949
   17 RR .6 min=6.14us avg=8.98us max=19.46us read(Gbits/sec)=3.602 write(Gbits/sec)=3.602 count=109928
   17 RR .7 min=6.14us avg=9.01us max=19.20us read(Gbits/sec)=3.591 write(Gbits/sec)=3.591 count=109602
   17 RR .8 min=6.14us avg=9.02us max=41.47us read(Gbits/sec)=3.586 write(Gbits/sec)=3.586 count=109428
   17 RR .9 min=6.14us avg=8.98us max=21.25us read(Gbits/sec)=3.602 write(Gbits/sec)=3.602 count=109937
   17 RR .10 min=6.14us avg=8.98us max=36.10us read(Gbits/sec)=3.601 write(Gbits/sec)=3.601 count=109896
   17 RR .11 min=6.14us avg=9.01us max=40.96us read(Gbits/sec)=3.590 write(Gbits/sec)=3.590 count=109564
   17 RR .12 min=6.40us avg=10.37us max=121389.82us read(Gbits/sec)=3.126 write(Gbits/sec)=3.126 count=95397
   17 RR .13 min=5.89us avg=8.98us max=19.20us read(Gbits/sec)=3.603 write(Gbits/sec)=3.603 count=109951
   17 RR .14 min=5.89us avg=8.99us max=19.71us read(Gbits/sec)=3.600 write(Gbits/sec)=3.600 count=109857
   17 RR .15 min=6.14us avg=9.02us max=20.22us read(Gbits/sec)=3.588 write(Gbits/sec)=3.588 count=109487
   17 RR .16 min=6.14us avg=9.04us max=19.71us read(Gbits/sec)=3.572 write(Gbits/sec)=3.572 count=109006
   17 RR .17 min=5.89us avg=13.87us max=180074.75us read(Gbits/sec)=2.453 write(Gbits/sec)=2.453 count=74852
   17 RR .18 min=6.14us avg=8.98us max=19.97us read(Gbits/sec)=3.599 write(Gbits/sec)=3.599 count=109851
   17 RR .19 min=6.14us avg=9.01us max=19.71us read(Gbits/sec)=3.589 write(Gbits/sec)=3.589 count=109521
   17 RR .20 min=6.40us avg=9.02us max=26.88us read(Gbits/sec)=3.582 write(Gbits/sec)=3.582 count=109306
   17 RR .21 min=6.40us avg=8.98us max=19.97us read(Gbits/sec)=3.601 write(Gbits/sec)=3.601 count=109885
   17 RR .22 min=6.14us avg=8.99us max=20.99us read(Gbits/sec)=3.598 write(Gbits/sec)=3.598 count=109817
   17 RR .23 min=6.14us avg=9.01us max=19.71us read(Gbits/sec)=3.587 write(Gbits/sec)=3.587 count=109487
   17 RR .24 min=5.89us avg=9.03us max=24.58us read(Gbits/sec)=3.581 write(Gbits/sec)=3.581 count=109298
   17 RR .25 min=6.14us avg=8.98us max=19.71us read(Gbits/sec)=3.601 write(Gbits/sec)=3.601 count=109886
   17 RR .26 min=6.14us avg=8.98us max=35.07us read(Gbits/sec)=3.599 write(Gbits/sec)=3.599 count=109853
   17 RR .27 min=6.14us avg=10.79us max=159580.16us read(Gbits/sec)=3.005 write(Gbits/sec)=3.005 count=91703
   17 RR Total-Throughput read(Gbits/sec)=98.067 write(Gbits/sec)=98.067

   18 RR .0 min=6.14us avg=9.01us max=40.70us read(Gbits/sec)=3.589 write(Gbits/sec)=3.589 count=109526
   18 RR .1 min=6.14us avg=9.01us max=20.48us read(Gbits/sec)=3.590 write(Gbits/sec)=3.590 count=109553
   18 RR .2 min=6.14us avg=9.01us max=19.71us read(Gbits/sec)=3.590 write(Gbits/sec)=3.590 count=109546
   18 RR .3 min=6.40us avg=11.24us max=185508.10us read(Gbits/sec)=2.885 write(Gbits/sec)=2.885 count=88054
   18 RR .4 min=6.40us avg=9.04us max=20.99us read(Gbits/sec)=3.579 write(Gbits/sec)=3.579 count=109217
   18 RR .5 min=6.14us avg=9.01us max=43.52us read(Gbits/sec)=3.590 write(Gbits/sec)=3.590 count=109569
   18 RR .6 min=5.89us avg=9.01us max=20.74us read(Gbits/sec)=3.590 write(Gbits/sec)=3.590 count=109552
   18 RR .7 min=6.14us avg=9.08us max=20.48us read(Gbits/sec)=3.296 write(Gbits/sec)=3.296 count=100601
   18 RR .8 min=6.14us avg=10.72us max=153015.04us read(Gbits/sec)=3.023 write(Gbits/sec)=3.023 count=92264
   18 RR .9 min=6.14us avg=9.01us max=31.23us read(Gbits/sec)=3.590 write(Gbits/sec)=3.590 count=109571
   18 RR .10 min=5.89us avg=9.01us max=20.22us read(Gbits/sec)=3.590 write(Gbits/sec)=3.590 count=109548
   18 RR .11 min=6.14us avg=9.04us max=32.00us read(Gbits/sec)=3.580 write(Gbits/sec)=3.580 count=109253
   18 RR .12 min=6.14us avg=9.08us max=20.48us read(Gbits/sec)=3.484 write(Gbits/sec)=3.484 count=106314
   18 RR .13 min=6.14us avg=9.01us max=19.97us read(Gbits/sec)=3.590 write(Gbits/sec)=3.590 count=109571
   18 RR .14 min=6.14us avg=9.02us max=22.27us read(Gbits/sec)=3.588 write(Gbits/sec)=3.588 count=109501
   18 RR .15 min=6.14us avg=9.04us max=20.99us read(Gbits/sec)=3.577 write(Gbits/sec)=3.577 count=109174
   18 RR .16 min=6.40us avg=9.07us max=19.71us read(Gbits/sec)=3.562 write(Gbits/sec)=3.562 count=108696
   18 RR .17 min=5.89us avg=9.01us max=21.25us read(Gbits/sec)=3.586 write(Gbits/sec)=3.586 count=109453
   18 RR .18 min=6.14us avg=9.05us max=21.76us read(Gbits/sec)=3.434 write(Gbits/sec)=3.434 count=104784
   18 RR .19 min=6.14us avg=9.03us max=21.76us read(Gbits/sec)=3.578 write(Gbits/sec)=3.578 count=109198
   18 RR .20 min=6.14us avg=9.05us max=20.99us read(Gbits/sec)=3.571 write(Gbits/sec)=3.571 count=108974
   18 RR .21 min=6.14us avg=9.01us max=19.71us read(Gbits/sec)=3.588 write(Gbits/sec)=3.588 count=109502
   18 RR .22 min=6.14us avg=9.02us max=20.22us read(Gbits/sec)=3.587 write(Gbits/sec)=3.587 count=109479
   18 RR .23 min=6.14us avg=9.04us max=21.25us read(Gbits/sec)=3.577 write(Gbits/sec)=3.577 count=109178
   18 RR .24 min=6.14us avg=9.05us max=22.27us read(Gbits/sec)=3.571 write(Gbits/sec)=3.571 count=108969
   18 RR .25 min=5.89us avg=9.01us max=20.48us read(Gbits/sec)=3.589 write(Gbits/sec)=3.589 count=109521
   18 RR .26 min=6.14us avg=9.01us max=35.84us read(Gbits/sec)=3.587 write(Gbits/sec)=3.587 count=109483
   18 RR .27 min=6.14us avg=10.43us max=128604.42us read(Gbits/sec)=3.105 write(Gbits/sec)=3.105 count=94776
   18 RR Total-Throughput read(Gbits/sec)=98.066 write(Gbits/sec)=98.066

   19 RR .0 min=6.40us avg=9.02us max=36.86us read(Gbits/sec)=3.586 write(Gbits/sec)=3.586 count=109435
   19 RR .1 min=6.14us avg=9.02us max=20.48us read(Gbits/sec)=3.587 write(Gbits/sec)=3.587 count=109454
   19 RR .2 min=6.14us avg=9.02us max=41.73us read(Gbits/sec)=3.585 write(Gbits/sec)=3.585 count=109409
   19 RR .3 min=6.14us avg=9.04us max=20.74us read(Gbits/sec)=3.579 write(Gbits/sec)=3.579 count=109225
   19 RR .4 min=6.14us avg=9.06us max=22.78us read(Gbits/sec)=3.572 write(Gbits/sec)=3.572 count=109022
   19 RR .5 min=5.89us avg=9.02us max=22.27us read(Gbits/sec)=3.587 write(Gbits/sec)=3.587 count=109474
   19 RR .6 min=6.14us avg=9.02us max=21.25us read(Gbits/sec)=3.586 write(Gbits/sec)=3.586 count=109442
   19 RR .7 min=6.40us avg=10.19us max=115428.10us read(Gbits/sec)=3.416 write(Gbits/sec)=3.416 count=104247
   19 RR .8 min=6.14us avg=9.05us max=19.97us read(Gbits/sec)=3.572 write(Gbits/sec)=3.572 count=109011
   19 RR .9 min=6.14us avg=9.02us max=18.94us read(Gbits/sec)=3.586 write(Gbits/sec)=3.586 count=109453
   19 RR .10 min=6.14us avg=9.02us max=33.28us read(Gbits/sec)=3.586 write(Gbits/sec)=3.586 count=109428
   19 RR .11 min=6.14us avg=9.05us max=30.21us read(Gbits/sec)=3.576 write(Gbits/sec)=3.576 count=109129
   19 RR .12 min=6.14us avg=10.93us max=163417.60us read(Gbits/sec)=3.033 write(Gbits/sec)=3.033 count=92550
   19 RR .13 min=6.14us avg=9.02us max=20.99us read(Gbits/sec)=3.587 write(Gbits/sec)=3.587 count=109472
   19 RR .14 min=6.40us avg=9.02us max=21.50us read(Gbits/sec)=3.585 write(Gbits/sec)=3.585 count=109396
   19 RR .15 min=6.40us avg=9.05us max=20.22us read(Gbits/sec)=3.573 write(Gbits/sec)=3.573 count=109030
   19 RR .16 min=6.14us avg=9.09us max=24.83us read(Gbits/sec)=3.556 write(Gbits/sec)=3.556 count=108512
   19 RR .17 min=6.14us avg=9.02us max=23.55us read(Gbits/sec)=3.583 write(Gbits/sec)=3.583 count=109352
   19 RR .18 min=6.14us avg=10.16us max=109597.18us read(Gbits/sec)=3.311 write(Gbits/sec)=3.311 count=101058
   19 RR .19 min=6.14us avg=9.05us max=20.74us read(Gbits/sec)=3.573 write(Gbits/sec)=3.573 count=109043
   19 RR .20 min=6.66us avg=9.06us max=20.48us read(Gbits/sec)=3.566 write(Gbits/sec)=3.566 count=108838
   19 RR .21 min=6.14us avg=9.02us max=19.97us read(Gbits/sec)=3.586 write(Gbits/sec)=3.586 count=109426
   19 RR .22 min=6.14us avg=9.03us max=21.25us read(Gbits/sec)=3.583 write(Gbits/sec)=3.583 count=109344
   19 RR .23 min=6.14us avg=10.99us max=170304.26us read(Gbits/sec)=2.948 write(Gbits/sec)=2.948 count=89975
   19 RR .24 min=5.89us avg=9.05us max=20.99us read(Gbits/sec)=3.570 write(Gbits/sec)=3.570 count=108939
   19 RR .25 min=6.14us avg=10.43us max=132042.24us read(Gbits/sec)=3.105 write(Gbits/sec)=3.105 count=94749
   19 RR .26 min=6.14us avg=9.02us max=20.22us read(Gbits/sec)=3.584 write(Gbits/sec)=3.584 count=109379
   19 RR .27 min=6.14us avg=9.03us max=19.71us read(Gbits/sec)=3.505 write(Gbits/sec)=3.505 count=106957
   19 RR Total-Throughput read(Gbits/sec)=98.064 write(Gbits/sec)=98.064

   20 RR .0 min=6.40us avg=9.05us max=2028.03us read(Gbits/sec)=3.575 write(Gbits/sec)=3.575 count=109106
   20 RR .1 min=5.89us avg=11.37us max=199035.90us read(Gbits/sec)=2.854 write(Gbits/sec)=2.854 count=87092
   20 RR .2 min=6.14us avg=9.03us max=22.27us read(Gbits/sec)=3.583 write(Gbits/sec)=3.583 count=109345
   20 RR .3 min=6.14us avg=9.05us max=21.25us read(Gbits/sec)=3.575 write(Gbits/sec)=3.575 count=109090
   20 RR .4 min=6.40us avg=9.07us max=21.76us read(Gbits/sec)=3.567 write(Gbits/sec)=3.567 count=108858
   20 RR .5 min=6.14us avg=9.03us max=35.07us read(Gbits/sec)=3.585 write(Gbits/sec)=3.585 count=109400
   20 RR .6 min=6.14us avg=9.03us max=22.78us read(Gbits/sec)=3.583 write(Gbits/sec)=3.583 count=109354
   20 RR .7 min=6.40us avg=9.06us max=21.25us read(Gbits/sec)=3.571 write(Gbits/sec)=3.571 count=108975
   20 RR .8 min=6.14us avg=9.07us max=42.50us read(Gbits/sec)=3.566 write(Gbits/sec)=3.566 count=108834
   20 RR .9 min=6.14us avg=9.03us max=23.81us read(Gbits/sec)=3.584 write(Gbits/sec)=3.584 count=109392
   20 RR .10 min=6.14us avg=9.03us max=20.48us read(Gbits/sec)=3.583 write(Gbits/sec)=3.583 count=109343
   20 RR .11 min=6.40us avg=9.05us max=23.30us read(Gbits/sec)=3.573 write(Gbits/sec)=3.573 count=109034
   20 RR .12 min=6.40us avg=10.83us max=157600.00us read(Gbits/sec)=2.992 write(Gbits/sec)=2.992 count=91317
   20 RR .13 min=6.14us avg=9.03us max=21.76us read(Gbits/sec)=3.585 write(Gbits/sec)=3.585 count=109398
   20 RR .14 min=6.14us avg=9.03us max=20.48us read(Gbits/sec)=3.581 write(Gbits/sec)=3.581 count=109299
   20 RR .15 min=6.14us avg=9.07us max=22.78us read(Gbits/sec)=3.568 write(Gbits/sec)=3.568 count=108886
   20 RR .16 min=6.14us avg=9.10us max=20.74us read(Gbits/sec)=3.551 write(Gbits/sec)=3.551 count=108388
   20 RR .17 min=6.14us avg=9.03us max=19.20us read(Gbits/sec)=3.581 write(Gbits/sec)=3.581 count=109299
   20 RR .18 min=6.14us avg=9.03us max=20.99us read(Gbits/sec)=3.580 write(Gbits/sec)=3.580 count=109262
   20 RR .19 min=6.40us avg=9.06us max=22.02us read(Gbits/sec)=3.569 write(Gbits/sec)=3.569 count=108922
   20 RR .20 min=6.14us avg=9.07us max=20.74us read(Gbits/sec)=3.561 write(Gbits/sec)=3.561 count=108683
   20 RR .21 min=6.14us avg=9.02us max=20.48us read(Gbits/sec)=3.582 write(Gbits/sec)=3.582 count=109329
   20 RR .22 min=6.14us avg=9.03us max=20.74us read(Gbits/sec)=3.580 write(Gbits/sec)=3.580 count=109254
   20 RR .23 min=6.40us avg=9.06us max=20.99us read(Gbits/sec)=3.567 write(Gbits/sec)=3.567 count=108868
   20 RR .24 min=6.14us avg=9.08us max=20.22us read(Gbits/sec)=3.561 write(Gbits/sec)=3.561 count=108670
   20 RR .25 min=6.14us avg=9.03us max=19.97us read(Gbits/sec)=3.582 write(Gbits/sec)=3.582 count=109317
   20 RR .26 min=5.89us avg=10.12us max=103615.23us read(Gbits/sec)=3.199 write(Gbits/sec)=3.199 count=97642
   20 RR .27 min=5.89us avg=10.27us max=119873.79us read(Gbits/sec)=3.225 write(Gbits/sec)=3.225 count=98419
   20 RR Total-Throughput read(Gbits/sec)=98.063 write(Gbits/sec)=98.063

   21 RR .0 min=6.40us avg=10.62us max=152034.05us read(Gbits/sec)=3.052 write(Gbits/sec)=3.052 count=93148
   21 RR .1 min=6.14us avg=8.89us max=20.22us read(Gbits/sec)=3.637 write(Gbits/sec)=3.637 count=110987
   21 RR .2 min=6.14us avg=8.89us max=20.22us read(Gbits/sec)=3.636 write(Gbits/sec)=3.636 count=110975
   21 RR .3 min=6.14us avg=8.91us max=20.22us read(Gbits/sec)=3.629 write(Gbits/sec)=3.629 count=110751
   21 RR .4 min=6.40us avg=8.93us max=20.99us read(Gbits/sec)=3.621 write(Gbits/sec)=3.621 count=110508
   21 RR .5 min=6.40us avg=8.89us max=24.83us read(Gbits/sec)=3.639 write(Gbits/sec)=3.639 count=111049
   21 RR .6 min=6.14us avg=8.89us max=23.55us read(Gbits/sec)=3.637 write(Gbits/sec)=3.637 count=110985
   21 RR .7 min=6.14us avg=8.92us max=35.84us read(Gbits/sec)=3.626 write(Gbits/sec)=3.626 count=110662
   21 RR .8 min=6.14us avg=8.93us max=38.91us read(Gbits/sec)=3.620 write(Gbits/sec)=3.620 count=110486
   21 RR .9 min=6.14us avg=8.89us max=18.94us read(Gbits/sec)=3.638 write(Gbits/sec)=3.638 count=111025
   21 RR .10 min=6.14us avg=10.44us max=142125.31us read(Gbits/sec)=3.105 write(Gbits/sec)=3.105 count=94772
   21 RR .11 min=6.14us avg=8.92us max=40.19us read(Gbits/sec)=3.627 write(Gbits/sec)=3.627 count=110677
   21 RR .12 min=6.14us avg=10.99us max=175553.02us read(Gbits/sec)=2.951 write(Gbits/sec)=2.951 count=90050
   21 RR .13 min=6.14us avg=8.89us max=20.22us read(Gbits/sec)=3.638 write(Gbits/sec)=3.638 count=111018
   21 RR .14 min=6.14us avg=10.41us max=140420.35us read(Gbits/sec)=3.111 write(Gbits/sec)=3.111 count=94938
   21 RR .15 min=6.14us avg=8.93us max=20.74us read(Gbits/sec)=3.622 write(Gbits/sec)=3.622 count=110546
   21 RR .16 min=6.14us avg=8.96us max=20.48us read(Gbits/sec)=3.606 write(Gbits/sec)=3.606 count=110047
   21 RR .17 min=6.14us avg=8.89us max=21.76us read(Gbits/sec)=3.634 write(Gbits/sec)=3.634 count=110919
   21 RR .18 min=6.14us avg=8.90us max=23.55us read(Gbits/sec)=3.634 write(Gbits/sec)=3.634 count=110894
   21 RR .19 min=6.14us avg=8.92us max=21.50us read(Gbits/sec)=3.624 write(Gbits/sec)=3.624 count=110589
   21 RR .20 min=6.40us avg=8.93us max=22.27us read(Gbits/sec)=3.616 write(Gbits/sec)=3.616 count=110346
   21 RR .21 min=6.14us avg=8.89us max=21.25us read(Gbits/sec)=3.635 write(Gbits/sec)=3.635 count=110924
   21 RR .22 min=6.14us avg=8.90us max=20.22us read(Gbits/sec)=3.633 write(Gbits/sec)=3.633 count=110887
   21 RR .23 min=6.40us avg=8.92us max=42.50us read(Gbits/sec)=3.625 write(Gbits/sec)=3.625 count=110625
   21 RR .24 min=6.14us avg=10.57us max=152595.97us read(Gbits/sec)=3.064 write(Gbits/sec)=3.064 count=93519
   21 RR .25 min=5.89us avg=8.89us max=19.97us read(Gbits/sec)=3.636 write(Gbits/sec)=3.636 count=110969
   21 RR .26 min=6.14us avg=11.07us max=188273.66us read(Gbits/sec)=2.929 write(Gbits/sec)=2.929 count=89402
   21 RR .27 min=5.89us avg=8.89us max=18.94us read(Gbits/sec)=3.635 write(Gbits/sec)=3.635 count=110946
   21 RR Total-Throughput read(Gbits/sec)=98.060 write(Gbits/sec)=98.060

   22 RR .0 min=6.40us avg=9.02us max=781.82us read(Gbits/sec)=3.585 write(Gbits/sec)=3.585 count=109401
   22 RR .1 min=6.14us avg=12.46us max=156997.63us read(Gbits/sec)=2.606 write(Gbits/sec)=2.606 count=79528
   22 RR .2 min=6.14us avg=9.02us max=44.29us read(Gbits/sec)=3.589 write(Gbits/sec)=3.589 count=109522
   22 RR .3 min=6.40us avg=9.04us max=19.97us read(Gbits/sec)=3.580 write(Gbits/sec)=3.580 count=109261
   22 RR .4 min=6.14us avg=9.05us max=21.50us read(Gbits/sec)=3.573 write(Gbits/sec)=3.573 count=109039
   22 RR .5 min=6.14us avg=9.01us max=41.47us read(Gbits/sec)=3.590 write(Gbits/sec)=3.590 count=109569
   22 RR .6 min=6.14us avg=9.02us max=20.22us read(Gbits/sec)=3.589 write(Gbits/sec)=3.589 count=109536
   22 RR .7 min=6.40us avg=9.05us max=21.50us read(Gbits/sec)=3.577 write(Gbits/sec)=3.577 count=109149
   22 RR .8 min=6.14us avg=9.06us max=41.73us read(Gbits/sec)=3.571 write(Gbits/sec)=3.571 count=108987
   22 RR .9 min=6.14us avg=9.01us max=19.71us read(Gbits/sec)=3.590 write(Gbits/sec)=3.590 count=109553
   22 RR .10 min=6.14us avg=9.02us max=19.71us read(Gbits/sec)=3.588 write(Gbits/sec)=3.588 count=109513
   22 RR .11 min=6.14us avg=9.05us max=30.72us read(Gbits/sec)=3.575 write(Gbits/sec)=3.575 count=109115
   22 RR .12 min=6.14us avg=9.07us max=20.74us read(Gbits/sec)=3.567 write(Gbits/sec)=3.567 count=108862
   22 RR .13 min=6.14us avg=9.01us max=20.74us read(Gbits/sec)=3.590 write(Gbits/sec)=3.590 count=109557
   22 RR .14 min=6.14us avg=11.11us max=181456.90us read(Gbits/sec)=2.919 write(Gbits/sec)=2.919 count=89076
   22 RR .15 min=6.14us avg=9.05us max=42.24us read(Gbits/sec)=3.572 write(Gbits/sec)=3.572 count=109021
   22 RR .16 min=6.40us avg=9.08us max=21.25us read(Gbits/sec)=3.558 write(Gbits/sec)=3.558 count=108579
   22 RR .17 min=6.14us avg=9.01us max=22.02us read(Gbits/sec)=3.586 write(Gbits/sec)=3.586 count=109453
   22 RR .18 min=6.14us avg=9.02us max=22.27us read(Gbits/sec)=3.586 write(Gbits/sec)=3.586 count=109428
   22 RR .19 min=6.14us avg=9.04us max=21.25us read(Gbits/sec)=3.575 write(Gbits/sec)=3.575 count=109094
   22 RR .20 min=6.66us avg=9.06us max=21.50us read(Gbits/sec)=3.567 write(Gbits/sec)=3.567 count=108846
   22 RR .21 min=6.14us avg=9.01us max=20.74us read(Gbits/sec)=3.587 write(Gbits/sec)=3.587 count=109475
   22 RR .22 min=6.14us avg=9.04us max=20.48us read(Gbits/sec)=3.047 write(Gbits/sec)=3.047 count=92972
   22 RR .23 min=6.14us avg=9.05us max=43.01us read(Gbits/sec)=3.573 write(Gbits/sec)=3.573 count=109043
   22 RR .24 min=6.40us avg=9.06us max=22.27us read(Gbits/sec)=3.566 write(Gbits/sec)=3.566 count=108833
   22 RR .25 min=6.14us avg=9.01us max=19.97us read(Gbits/sec)=3.588 write(Gbits/sec)=3.588 count=109505
   22 RR .26 min=6.14us avg=9.02us max=45.06us read(Gbits/sec)=3.586 write(Gbits/sec)=3.586 count=109452
   22 RR .27 min=6.14us avg=9.02us max=20.99us read(Gbits/sec)=3.586 write(Gbits/sec)=3.586 count=109455
   22 RR Total-Throughput read(Gbits/sec)=98.067 write(Gbits/sec)=98.067

   23 RR .0 min=6.66us avg=8.85us max=130.56us read(Gbits/sec)=3.655 write(Gbits/sec)=3.655 count=111552
   23 RR .1 min=6.14us avg=10.31us max=137970.43us read(Gbits/sec)=3.143 write(Gbits/sec)=3.143 count=95906
   23 RR .2 min=5.89us avg=8.85us max=20.99us read(Gbits/sec)=3.656 write(Gbits/sec)=3.656 count=111578
   23 RR .3 min=6.14us avg=8.87us max=21.76us read(Gbits/sec)=3.649 write(Gbits/sec)=3.649 count=111350
   23 RR .4 min=6.14us avg=10.73us max=169292.29us read(Gbits/sec)=3.020 write(Gbits/sec)=3.020 count=92159
   23 RR .5 min=6.14us avg=8.84us max=19.46us read(Gbits/sec)=3.659 write(Gbits/sec)=3.659 count=111673
   23 RR .6 min=6.14us avg=10.99us max=192807.68us read(Gbits/sec)=2.949 write(Gbits/sec)=2.949 count=90009
   23 RR .7 min=6.40us avg=8.88us max=20.74us read(Gbits/sec)=3.644 write(Gbits/sec)=3.644 count=111218
   23 RR .8 min=6.14us avg=8.89us max=22.27us read(Gbits/sec)=3.639 write(Gbits/sec)=3.639 count=111045
   23 RR .9 min=6.14us avg=8.84us max=21.25us read(Gbits/sec)=3.657 write(Gbits/sec)=3.657 count=111620
   23 RR .10 min=6.14us avg=8.85us max=39.17us read(Gbits/sec)=3.656 write(Gbits/sec)=3.656 count=111589
   23 RR .11 min=6.14us avg=8.90us max=39.42us read(Gbits/sec)=3.210 write(Gbits/sec)=3.210 count=97958
   23 RR .12 min=6.14us avg=8.89us max=36.35us read(Gbits/sec)=3.637 write(Gbits/sec)=3.637 count=111004
   23 RR .13 min=5.89us avg=8.84us max=20.74us read(Gbits/sec)=3.658 write(Gbits/sec)=3.658 count=111636
   23 RR .14 min=6.14us avg=8.85us max=21.25us read(Gbits/sec)=3.654 write(Gbits/sec)=3.654 count=111528
   23 RR .15 min=6.14us avg=8.88us max=37.89us read(Gbits/sec)=3.642 write(Gbits/sec)=3.642 count=111138
   23 RR .16 min=6.14us avg=10.87us max=174418.69us read(Gbits/sec)=2.978 write(Gbits/sec)=2.978 count=90893
   23 RR .17 min=5.89us avg=8.85us max=27.14us read(Gbits/sec)=3.654 write(Gbits/sec)=3.654 count=111505
   23 RR .18 min=6.14us avg=8.85us max=19.71us read(Gbits/sec)=3.653 write(Gbits/sec)=3.653 count=111476
   23 RR .19 min=6.40us avg=8.87us max=52.74us read(Gbits/sec)=3.644 write(Gbits/sec)=3.644 count=111194
   23 RR .20 min=6.14us avg=10.06us max=115179.26us read(Gbits/sec)=3.218 write(Gbits/sec)=3.218 count=98195
   23 RR .21 min=6.14us avg=8.84us max=70.91us read(Gbits/sec)=3.655 write(Gbits/sec)=3.655 count=111559
   23 RR .22 min=6.14us avg=12.06us max=166190.59us read(Gbits/sec)=3.087 write(Gbits/sec)=3.087 count=94221
   23 RR .23 min=6.14us avg=8.88us max=67.33us read(Gbits/sec)=3.641 write(Gbits/sec)=3.641 count=111104
   23 RR .24 min=6.14us avg=8.91us max=21.50us read(Gbits/sec)=3.439 write(Gbits/sec)=3.439 count=104955
   23 RR .25 min=6.14us avg=8.84us max=20.48us read(Gbits/sec)=3.655 write(Gbits/sec)=3.655 count=111549
   23 RR .26 min=6.14us avg=8.85us max=20.99us read(Gbits/sec)=3.654 write(Gbits/sec)=3.654 count=111513
   23 RR .27 min=6.14us avg=8.85us max=19.46us read(Gbits/sec)=3.654 write(Gbits/sec)=3.654 count=111528
   23 RR Total-Throughput read(Gbits/sec)=98.061 write(Gbits/sec)=98.061

   24 RR .0 min=6.66us avg=9.94us max=101373.95us read(Gbits/sec)=3.257 write(Gbits/sec)=3.257 count=99391
   24 RR .1 min=6.14us avg=8.92us max=19.71us read(Gbits/sec)=3.626 write(Gbits/sec)=3.626 count=110656
   24 RR .2 min=6.14us avg=8.93us max=19.97us read(Gbits/sec)=3.625 write(Gbits/sec)=3.625 count=110627
   24 RR .3 min=6.40us avg=17.37us max=191595.78us read(Gbits/sec)=1.874 write(Gbits/sec)=1.874 count=57192
   24 RR .4 min=6.14us avg=8.94us max=19.46us read(Gbits/sec)=3.618 write(Gbits/sec)=3.618 count=110419
   24 RR .5 min=6.14us avg=8.92us max=35.07us read(Gbits/sec)=3.628 write(Gbits/sec)=3.628 count=110711
   24 RR .6 min=6.14us avg=8.92us max=20.48us read(Gbits/sec)=3.626 write(Gbits/sec)=3.626 count=110664
   24 RR .7 min=6.40us avg=8.95us max=20.22us read(Gbits/sec)=3.613 write(Gbits/sec)=3.613 count=110251
   24 RR .8 min=6.40us avg=8.96us max=39.17us read(Gbits/sec)=3.607 write(Gbits/sec)=3.607 count=110094
   24 RR .9 min=6.14us avg=8.92us max=56.32us read(Gbits/sec)=3.627 write(Gbits/sec)=3.627 count=110682
   24 RR .10 min=6.14us avg=8.92us max=20.74us read(Gbits/sec)=3.625 write(Gbits/sec)=3.625 count=110624
   24 RR .11 min=6.14us avg=10.03us max=118228.99us read(Gbits/sec)=3.607 write(Gbits/sec)=3.607 count=110080
   24 RR .12 min=6.14us avg=8.97us max=20.22us read(Gbits/sec)=3.604 write(Gbits/sec)=3.604 count=109987
   24 RR .13 min=5.89us avg=8.92us max=21.50us read(Gbits/sec)=3.627 write(Gbits/sec)=3.627 count=110704
   24 RR .14 min=6.14us avg=8.93us max=19.97us read(Gbits/sec)=3.623 write(Gbits/sec)=3.623 count=110574
   24 RR .15 min=6.14us avg=8.96us max=20.99us read(Gbits/sec)=3.608 write(Gbits/sec)=3.608 count=110125
   24 RR .16 min=6.14us avg=8.99us max=21.25us read(Gbits/sec)=3.592 write(Gbits/sec)=3.592 count=109632
   24 RR .17 min=6.14us avg=8.92us max=20.22us read(Gbits/sec)=3.623 write(Gbits/sec)=3.623 count=110557
   24 RR .18 min=6.14us avg=8.93us max=19.46us read(Gbits/sec)=3.622 write(Gbits/sec)=3.622 count=110541
   24 RR .19 min=5.89us avg=8.95us max=24.32us read(Gbits/sec)=3.611 write(Gbits/sec)=3.611 count=110194
   24 RR .20 min=6.40us avg=8.96us max=19.71us read(Gbits/sec)=3.603 write(Gbits/sec)=3.603 count=109949
   24 RR .21 min=6.14us avg=10.64us max=154154.75us read(Gbits/sec)=3.043 write(Gbits/sec)=3.043 count=92885
   24 RR .22 min=6.14us avg=8.93us max=20.22us read(Gbits/sec)=3.622 write(Gbits/sec)=3.622 count=110532
   24 RR .23 min=6.14us avg=8.95us max=19.97us read(Gbits/sec)=3.611 write(Gbits/sec)=3.611 count=110215
   24 RR .24 min=6.40us avg=10.40us max=142134.78us read(Gbits/sec)=3.273 write(Gbits/sec)=3.273 count=99890
   24 RR .25 min=6.14us avg=8.93us max=19.97us read(Gbits/sec)=3.419 write(Gbits/sec)=3.419 count=104350
   24 RR .26 min=6.14us avg=8.92us max=37.89us read(Gbits/sec)=3.623 write(Gbits/sec)=3.623 count=110574
   24 RR .27 min=6.14us avg=8.92us max=19.97us read(Gbits/sec)=3.624 write(Gbits/sec)=3.624 count=110602
   24 RR Total-Throughput read(Gbits/sec)=98.061 write(Gbits/sec)=98.061

   25 RR .0 min=6.40us avg=9.03us max=2043.14us read(Gbits/sec)=3.583 write(Gbits/sec)=3.583 count=109343
   25 RR .1 min=6.14us avg=10.90us max=168510.21us read(Gbits/sec)=2.974 write(Gbits/sec)=2.974 count=90774
   25 RR .2 min=6.14us avg=11.03us max=176242.18us read(Gbits/sec)=2.941 write(Gbits/sec)=2.941 count=89741
   25 RR .3 min=6.14us avg=9.03us max=20.22us read(Gbits/sec)=3.583 write(Gbits/sec)=3.583 count=109356
   25 RR .4 min=6.14us avg=9.05us max=21.50us read(Gbits/sec)=3.575 write(Gbits/sec)=3.575 count=109110
   25 RR .5 min=6.14us avg=9.01us max=20.48us read(Gbits/sec)=3.593 write(Gbits/sec)=3.593 count=109646
   25 RR .6 min=6.14us avg=9.01us max=19.71us read(Gbits/sec)=3.591 write(Gbits/sec)=3.591 count=109602
   25 RR .7 min=6.14us avg=9.04us max=20.48us read(Gbits/sec)=3.579 write(Gbits/sec)=3.579 count=109237
   25 RR .8 min=6.40us avg=9.05us max=22.27us read(Gbits/sec)=3.574 write(Gbits/sec)=3.574 count=109087
   25 RR .9 min=6.14us avg=9.01us max=33.79us read(Gbits/sec)=3.592 write(Gbits/sec)=3.592 count=109617
   25 RR .10 min=6.14us avg=9.01us max=48.13us read(Gbits/sec)=3.590 write(Gbits/sec)=3.590 count=109567
   25 RR .11 min=6.14us avg=9.04us max=35.84us read(Gbits/sec)=3.578 write(Gbits/sec)=3.578 count=109183
   25 RR .12 min=6.40us avg=9.06us max=25.60us read(Gbits/sec)=3.571 write(Gbits/sec)=3.571 count=108978
   25 RR .13 min=6.14us avg=9.00us max=23.30us read(Gbits/sec)=3.593 write(Gbits/sec)=3.593 count=109656
   25 RR .14 min=6.14us avg=9.01us max=20.22us read(Gbits/sec)=3.590 write(Gbits/sec)=3.590 count=109547
   25 RR .15 min=6.14us avg=9.05us max=21.25us read(Gbits/sec)=3.576 write(Gbits/sec)=3.576 count=109125
   25 RR .16 min=6.40us avg=9.08us max=24.06us read(Gbits/sec)=3.560 write(Gbits/sec)=3.560 count=108632
   25 RR .17 min=6.14us avg=9.01us max=45.82us read(Gbits/sec)=3.589 write(Gbits/sec)=3.589 count=109521
   25 RR .18 min=6.14us avg=9.01us max=21.25us read(Gbits/sec)=3.588 write(Gbits/sec)=3.588 count=109503
   25 RR .19 min=6.14us avg=9.04us max=21.76us read(Gbits/sec)=3.523 write(Gbits/sec)=3.523 count=107509
   25 RR .20 min=6.40us avg=9.05us max=20.48us read(Gbits/sec)=3.570 write(Gbits/sec)=3.570 count=108946
   25 RR .21 min=6.14us avg=9.01us max=19.71us read(Gbits/sec)=3.590 write(Gbits/sec)=3.590 count=109554
   25 RR .22 min=6.14us avg=9.01us max=20.74us read(Gbits/sec)=3.587 write(Gbits/sec)=3.587 count=109488
   25 RR .23 min=6.40us avg=9.04us max=21.50us read(Gbits/sec)=3.577 write(Gbits/sec)=3.577 count=109183
   25 RR .24 min=6.40us avg=9.06us max=22.27us read(Gbits/sec)=3.568 write(Gbits/sec)=3.568 count=108895
   25 RR .25 min=5.89us avg=10.97us max=182330.11us read(Gbits/sec)=3.121 write(Gbits/sec)=3.121 count=95238
   25 RR .26 min=5.89us avg=9.01us max=24.06us read(Gbits/sec)=3.589 write(Gbits/sec)=3.589 count=109538
   25 RR .27 min=6.14us avg=10.38us max=127558.91us read(Gbits/sec)=3.122 write(Gbits/sec)=3.122 count=95280
   25 RR Total-Throughput read(Gbits/sec)=98.067 write(Gbits/sec)=98.067

   26 RR .0 min=6.40us avg=8.91us max=57.09us read(Gbits/sec)=3.628 write(Gbits/sec)=3.628 count=110729
   26 RR .1 min=6.14us avg=8.91us max=19.97us read(Gbits/sec)=3.629 write(Gbits/sec)=3.629 count=110759
   26 RR .2 min=6.14us avg=8.91us max=19.97us read(Gbits/sec)=3.629 write(Gbits/sec)=3.629 count=110742
   26 RR .3 min=6.40us avg=8.93us max=20.99us read(Gbits/sec)=3.621 write(Gbits/sec)=3.621 count=110504
   26 RR .4 min=6.14us avg=8.95us max=20.48us read(Gbits/sec)=3.613 write(Gbits/sec)=3.613 count=110273
   26 RR .5 min=6.14us avg=8.91us max=23.30us read(Gbits/sec)=3.630 write(Gbits/sec)=3.630 count=110788
   26 RR .6 min=6.14us avg=8.91us max=20.99us read(Gbits/sec)=3.630 write(Gbits/sec)=3.630 count=110772
   26 RR .7 min=6.14us avg=9.02us max=20.99us read(Gbits/sec)=3.093 write(Gbits/sec)=3.093 count=94380
   26 RR .8 min=6.14us avg=8.95us max=42.24us read(Gbits/sec)=3.615 write(Gbits/sec)=3.615 count=110315
   26 RR .9 min=6.14us avg=8.91us max=20.48us read(Gbits/sec)=3.630 write(Gbits/sec)=3.630 count=110767
   26 RR .10 min=6.40us avg=8.91us max=20.22us read(Gbits/sec)=3.629 write(Gbits/sec)=3.629 count=110750
   26 RR .11 min=6.40us avg=8.94us max=20.99us read(Gbits/sec)=3.616 write(Gbits/sec)=3.616 count=110362
   26 RR .12 min=6.14us avg=8.96us max=20.22us read(Gbits/sec)=3.609 write(Gbits/sec)=3.609 count=110135
   26 RR .13 min=6.14us avg=8.91us max=22.78us read(Gbits/sec)=3.631 write(Gbits/sec)=3.631 count=110800
   26 RR .14 min=5.89us avg=8.92us max=20.74us read(Gbits/sec)=3.627 write(Gbits/sec)=3.627 count=110690
   26 RR .15 min=6.14us avg=8.95us max=20.74us read(Gbits/sec)=3.614 write(Gbits/sec)=3.614 count=110296
   26 RR .16 min=6.40us avg=8.98us max=20.48us read(Gbits/sec)=3.596 write(Gbits/sec)=3.596 count=109748
   26 RR .17 min=5.89us avg=10.28us max=128538.62us read(Gbits/sec)=3.148 write(Gbits/sec)=3.148 count=96083
   26 RR .18 min=6.14us avg=12.41us max=143593.47us read(Gbits/sec)=2.614 write(Gbits/sec)=2.614 count=79779
   26 RR .19 min=6.14us avg=10.18us max=122055.17us read(Gbits/sec)=3.228 write(Gbits/sec)=3.228 count=98529
   26 RR .20 min=6.14us avg=8.95us max=20.99us read(Gbits/sec)=3.610 write(Gbits/sec)=3.610 count=110186
   26 RR .21 min=6.14us avg=10.10us max=112972.54us read(Gbits/sec)=3.206 write(Gbits/sec)=3.206 count=97857
   26 RR .22 min=6.14us avg=8.92us max=20.99us read(Gbits/sec)=3.626 write(Gbits/sec)=3.626 count=110670
   26 RR .23 min=6.14us avg=8.94us max=47.87us read(Gbits/sec)=3.615 write(Gbits/sec)=3.615 count=110312
   26 RR .24 min=6.14us avg=8.96us max=22.27us read(Gbits/sec)=3.607 write(Gbits/sec)=3.607 count=110075
   26 RR .25 min=6.14us avg=10.40us max=135021.57us read(Gbits/sec)=3.113 write(Gbits/sec)=3.113 count=95018
   26 RR .26 min=6.14us avg=8.91us max=22.02us read(Gbits/sec)=3.627 write(Gbits/sec)=3.627 count=110703
   26 RR .27 min=6.14us avg=8.91us max=21.25us read(Gbits/sec)=3.628 write(Gbits/sec)=3.628 count=110725
   26 RR Total-Throughput read(Gbits/sec)=98.064 write(Gbits/sec)=98.064

   27 RR .0 min=6.40us avg=8.98us max=45.57us read(Gbits/sec)=3.603 write(Gbits/sec)=3.603 count=109948
   27 RR .1 min=6.14us avg=10.78us max=162981.38us read(Gbits/sec)=3.009 write(Gbits/sec)=3.009 count=91814
   27 RR .2 min=6.14us avg=8.98us max=32.26us read(Gbits/sec)=3.604 write(Gbits/sec)=3.604 count=109986
   27 RR .3 min=6.14us avg=9.00us max=19.20us read(Gbits/sec)=3.595 write(Gbits/sec)=3.595 count=109708
   27 RR .4 min=6.14us avg=9.02us max=19.97us read(Gbits/sec)=3.588 write(Gbits/sec)=3.588 count=109502
   27 RR .5 min=6.14us avg=8.97us max=19.71us read(Gbits/sec)=3.605 write(Gbits/sec)=3.605 count=110027
   27 RR .6 min=6.14us avg=8.98us max=20.22us read(Gbits/sec)=3.604 write(Gbits/sec)=3.604 count=109989
   27 RR .7 min=6.14us avg=12.84us max=177947.65us read(Gbits/sec)=2.878 write(Gbits/sec)=2.878 count=87846
   27 RR .8 min=6.14us avg=9.01us max=22.27us read(Gbits/sec)=3.589 write(Gbits/sec)=3.589 count=109540
   27 RR .9 min=6.14us avg=8.98us max=33.28us read(Gbits/sec)=3.604 write(Gbits/sec)=3.604 count=109982
   27 RR .10 min=6.14us avg=8.98us max=33.54us read(Gbits/sec)=3.603 write(Gbits/sec)=3.603 count=109963
   27 RR .11 min=6.14us avg=9.01us max=20.99us read(Gbits/sec)=3.590 write(Gbits/sec)=3.590 count=109553
   27 RR .12 min=6.14us avg=9.03us max=19.46us read(Gbits/sec)=3.582 write(Gbits/sec)=3.582 count=109332
   27 RR .13 min=6.14us avg=8.97us max=20.74us read(Gbits/sec)=3.605 write(Gbits/sec)=3.605 count=110012
   27 RR .14 min=6.14us avg=8.98us max=20.99us read(Gbits/sec)=3.602 write(Gbits/sec)=3.602 count=109915
   27 RR .15 min=6.14us avg=9.01us max=20.48us read(Gbits/sec)=3.589 write(Gbits/sec)=3.589 count=109544
   27 RR .16 min=6.14us avg=10.96us max=166369.79us read(Gbits/sec)=2.955 write(Gbits/sec)=2.955 count=90185
   27 RR .17 min=5.89us avg=8.98us max=52.48us read(Gbits/sec)=3.601 write(Gbits/sec)=3.601 count=109893
   27 RR .18 min=6.40us avg=8.98us max=20.22us read(Gbits/sec)=3.600 write(Gbits/sec)=3.600 count=109856
   27 RR .19 min=6.40us avg=9.00us max=24.32us read(Gbits/sec)=3.590 write(Gbits/sec)=3.590 count=109554
   27 RR .20 min=6.40us avg=9.02us max=21.25us read(Gbits/sec)=3.582 write(Gbits/sec)=3.582 count=109306
   27 RR .21 min=6.14us avg=11.13us max=189499.90us read(Gbits/sec)=2.912 write(Gbits/sec)=2.912 count=88879
   27 RR .22 min=6.14us avg=8.98us max=19.71us read(Gbits/sec)=3.601 write(Gbits/sec)=3.601 count=109902
   27 RR .23 min=6.14us avg=9.01us max=20.22us read(Gbits/sec)=3.589 write(Gbits/sec)=3.589 count=109549
   27 RR .24 min=6.14us avg=9.03us max=21.25us read(Gbits/sec)=3.581 write(Gbits/sec)=3.581 count=109299
   27 RR .25 min=6.14us avg=8.98us max=30.46us read(Gbits/sec)=3.601 write(Gbits/sec)=3.601 count=109910
   27 RR .26 min=5.89us avg=8.98us max=49.92us read(Gbits/sec)=3.601 write(Gbits/sec)=3.601 count=109913
   27 RR .27 min=6.14us avg=8.98us max=20.22us read(Gbits/sec)=3.601 write(Gbits/sec)=3.601 count=109912
   27 RR Total-Throughput read(Gbits/sec)=98.064 write(Gbits/sec)=98.064

   28 RR .0 min=6.66us avg=8.98us max=821.50us read(Gbits/sec)=3.603 write(Gbits/sec)=3.603 count=109949
   28 RR .1 min=6.14us avg=8.97us max=20.99us read(Gbits/sec)=3.606 write(Gbits/sec)=3.606 count=110059
   28 RR .2 min=6.14us avg=8.97us max=20.48us read(Gbits/sec)=3.606 write(Gbits/sec)=3.606 count=110040
   28 RR .3 min=6.14us avg=8.99us max=20.74us read(Gbits/sec)=3.597 write(Gbits/sec)=3.597 count=109778
   28 RR .4 min=6.14us avg=9.01us max=20.22us read(Gbits/sec)=3.591 write(Gbits/sec)=3.591 count=109579
   28 RR .5 min=5.89us avg=10.75us max=162416.13us read(Gbits/sec)=3.016 write(Gbits/sec)=3.016 count=92047
   28 RR .6 min=6.14us avg=8.97us max=20.48us read(Gbits/sec)=3.606 write(Gbits/sec)=3.606 count=110062
   28 RR .7 min=6.14us avg=9.00us max=19.97us read(Gbits/sec)=3.596 write(Gbits/sec)=3.596 count=109728
   28 RR .8 min=6.40us avg=9.01us max=35.58us read(Gbits/sec)=3.590 write(Gbits/sec)=3.590 count=109545
   28 RR .9 min=6.14us avg=10.16us max=112166.91us read(Gbits/sec)=3.190 write(Gbits/sec)=3.190 count=97343
   28 RR .10 min=6.14us avg=8.97us max=22.53us read(Gbits/sec)=3.606 write(Gbits/sec)=3.606 count=110054
   28 RR .11 min=5.89us avg=9.00us max=19.97us read(Gbits/sec)=3.594 write(Gbits/sec)=3.594 count=109677
   28 RR .12 min=6.40us avg=9.02us max=20.22us read(Gbits/sec)=3.586 write(Gbits/sec)=3.586 count=109430
   28 RR .13 min=6.14us avg=10.49us max=142340.10us read(Gbits/sec)=3.088 write(Gbits/sec)=3.088 count=94257
   28 RR .14 min=6.14us avg=10.80us max=160737.79us read(Gbits/sec)=3.001 write(Gbits/sec)=3.001 count=91587
   28 RR .15 min=6.14us avg=9.00us max=20.74us read(Gbits/sec)=3.593 write(Gbits/sec)=3.593 count=109664
   28 RR .16 min=6.40us avg=10.76us max=153495.55us read(Gbits/sec)=3.010 write(Gbits/sec)=3.010 count=91879
   28 RR .17 min=6.14us avg=8.97us max=21.25us read(Gbits/sec)=3.604 write(Gbits/sec)=3.604 count=109993
   28 RR .18 min=6.14us avg=8.97us max=20.74us read(Gbits/sec)=3.603 write(Gbits/sec)=3.603 count=109971
   28 RR .19 min=6.40us avg=9.00us max=21.50us read(Gbits/sec)=3.593 write(Gbits/sec)=3.593 count=109659
   28 RR .20 min=6.14us avg=9.01us max=20.99us read(Gbits/sec)=3.586 write(Gbits/sec)=3.586 count=109446
   28 RR .21 min=6.14us avg=8.97us max=20.22us read(Gbits/sec)=3.606 write(Gbits/sec)=3.606 count=110038
   28 RR .22 min=6.14us avg=8.97us max=20.22us read(Gbits/sec)=3.604 write(Gbits/sec)=3.604 count=109979
   28 RR .23 min=6.14us avg=9.00us max=50.69us read(Gbits/sec)=3.592 write(Gbits/sec)=3.592 count=109637
   28 RR .24 min=6.14us avg=9.02us max=22.78us read(Gbits/sec)=3.584 write(Gbits/sec)=3.584 count=109389
   28 RR .25 min=5.89us avg=8.97us max=20.22us read(Gbits/sec)=3.606 write(Gbits/sec)=3.606 count=110041
   28 RR .26 min=6.14us avg=8.97us max=33.79us read(Gbits/sec)=3.604 write(Gbits/sec)=3.604 count=109981
   28 RR .27 min=6.14us avg=8.97us max=19.97us read(Gbits/sec)=3.605 write(Gbits/sec)=3.605 count=110017
   28 RR Total-Throughput read(Gbits/sec)=98.065 write(Gbits/sec)=98.065

   29 RR .0 min=6.14us avg=8.91us max=39.68us read(Gbits/sec)=3.630 write(Gbits/sec)=3.630 count=110768
   29 RR .1 min=6.14us avg=8.91us max=19.97us read(Gbits/sec)=3.629 write(Gbits/sec)=3.629 count=110744
   29 RR .2 min=6.14us avg=8.91us max=19.46us read(Gbits/sec)=3.629 write(Gbits/sec)=3.629 count=110754
   29 RR .3 min=6.40us avg=8.93us max=20.74us read(Gbits/sec)=3.622 write(Gbits/sec)=3.622 count=110533
   29 RR .4 min=6.40us avg=8.95us max=19.97us read(Gbits/sec)=3.615 write(Gbits/sec)=3.615 count=110334
   29 RR .5 min=6.14us avg=8.91us max=19.20us read(Gbits/sec)=3.632 write(Gbits/sec)=3.632 count=110828
   29 RR .6 min=5.89us avg=8.91us max=19.46us read(Gbits/sec)=3.630 write(Gbits/sec)=3.630 count=110772
   29 RR .7 min=6.14us avg=8.94us max=33.28us read(Gbits/sec)=3.620 write(Gbits/sec)=3.620 count=110475
   29 RR .8 min=6.14us avg=8.95us max=19.71us read(Gbits/sec)=3.613 write(Gbits/sec)=3.613 count=110269
   29 RR .9 min=6.14us avg=8.91us max=19.46us read(Gbits/sec)=3.631 write(Gbits/sec)=3.631 count=110804
   29 RR .10 min=6.14us avg=8.91us max=33.79us read(Gbits/sec)=3.629 write(Gbits/sec)=3.629 count=110748
   29 RR .11 min=6.40us avg=8.94us max=23.04us read(Gbits/sec)=3.618 write(Gbits/sec)=3.618 count=110424
   29 RR .12 min=6.14us avg=8.95us max=19.97us read(Gbits/sec)=3.612 write(Gbits/sec)=3.612 count=110221
   29 RR .13 min=5.89us avg=10.29us max=129472.51us read(Gbits/sec)=3.150 write(Gbits/sec)=3.150 count=96132
   29 RR .14 min=6.14us avg=8.92us max=20.74us read(Gbits/sec)=3.198 write(Gbits/sec)=3.198 count=97586
   29 RR .15 min=6.40us avg=11.08us max=186902.78us read(Gbits/sec)=2.926 write(Gbits/sec)=2.926 count=89302
   29 RR .16 min=6.40us avg=8.96us max=22.78us read(Gbits/sec)=3.606 write(Gbits/sec)=3.606 count=110037
   29 RR .17 min=6.14us avg=8.91us max=19.46us read(Gbits/sec)=3.627 write(Gbits/sec)=3.627 count=110703
   29 RR .18 min=6.14us avg=8.91us max=20.22us read(Gbits/sec)=3.627 write(Gbits/sec)=3.627 count=110682
   29 RR .19 min=6.14us avg=8.93us max=24.06us read(Gbits/sec)=3.618 write(Gbits/sec)=3.618 count=110418
   29 RR .20 min=6.14us avg=10.20us max=116480.00us read(Gbits/sec)=3.172 write(Gbits/sec)=3.172 count=96807
   29 RR .21 min=5.89us avg=8.91us max=20.74us read(Gbits/sec)=3.629 write(Gbits/sec)=3.629 count=110745
   29 RR .22 min=6.14us avg=11.23us max=196454.66us read(Gbits/sec)=2.887 write(Gbits/sec)=2.887 count=88101
   29 RR .23 min=6.40us avg=8.94us max=19.97us read(Gbits/sec)=3.617 write(Gbits/sec)=3.617 count=110396
   29 RR .24 min=6.14us avg=8.96us max=20.99us read(Gbits/sec)=3.609 write(Gbits/sec)=3.609 count=110156
   29 RR .25 min=6.14us avg=10.69us max=160543.23us read(Gbits/sec)=3.032 write(Gbits/sec)=3.032 count=92539
   29 RR .26 min=6.14us avg=8.91us max=20.22us read(Gbits/sec)=3.628 write(Gbits/sec)=3.628 count=110724
   29 RR .27 min=6.14us avg=8.91us max=19.71us read(Gbits/sec)=3.629 write(Gbits/sec)=3.629 count=110742
   29 RR Total-Throughput read(Gbits/sec)=98.063 write(Gbits/sec)=98.063


---
 0 nr_conn=1 nr_zero_io_conn=0
 1 nr_conn=1 nr_zero_io_conn=0
 2 nr_conn=1 nr_zero_io_conn=0
 3 nr_conn=1 nr_zero_io_conn=0
 4 nr_conn=1 nr_zero_io_conn=0
 5 nr_conn=1 nr_zero_io_conn=0
 6 nr_conn=1 nr_zero_io_conn=0
 7 nr_conn=1 nr_zero_io_conn=0
 8 nr_conn=1 nr_zero_io_conn=0
 9 nr_conn=1 nr_zero_io_conn=0
10 nr_conn=1 nr_zero_io_conn=0
11 nr_conn=1 nr_zero_io_conn=0
12 nr_conn=1 nr_zero_io_conn=0
13 nr_conn=1 nr_zero_io_conn=0
14 nr_conn=1 nr_zero_io_conn=0
15 nr_conn=1 nr_zero_io_conn=0
16 nr_conn=1 nr_zero_io_conn=0
17 nr_conn=1 nr_zero_io_conn=0
18 nr_conn=1 nr_zero_io_conn=0
19 nr_conn=1 nr_zero_io_conn=0
20 nr_conn=1 nr_zero_io_conn=0
21 nr_conn=1 nr_zero_io_conn=0
22 nr_conn=1 nr_zero_io_conn=0
23 nr_conn=1 nr_zero_io_conn=0
24 nr_conn=1 nr_zero_io_conn=0
25 nr_conn=1 nr_zero_io_conn=0
26 nr_conn=1 nr_zero_io_conn=0
27 nr_conn=1 nr_zero_io_conn=0
exiting client: 9
exiting client: 10
exiting client: 15
exiting client: 13
exiting client: 26
exiting client: 7
exiting client: 24
exiting client: 2
exiting client: 22
exiting client: 18
exiting client: 25
exiting client: 5
exiting client: 1
exiting client: 8
exiting client: 27
exiting client: 11
exiting client: 6
exiting client: 21
exiting client: 20
exiting client: 4
exiting client: 3
exiting client: 17
exiting client: 12
exiting client: 16
exiting client: 19
exiting client: 14
exiting client: 0
exiting client: 23
