:: TPA_CFG='net { name=enp67s0f0np0; mac=38:25:f3:79:97:c6; ip=172.24.1.2; mask=255.255.255.0; gw=10.76.106.126; ip6=fe80::3a25:f3ff:fe79:97c6/64; } dpdk { pci=0000:43:00.0; } tcp {tso = 0; } dpdk { socket-mem = 8192; mbuf_mem_size = 6GB; }'
:: cmd=/home/balasuk/libtpa/build/bin/app/fperf -c 172.24.1.52 -p 2888 -S 0 -t rr -d 30 -n 8 -m 4096 -X 4096 -R 4096 -C 1 -Z 1 -K 0
EAL: Detected CPU lcores: 64
EAL: Detected NUMA nodes: 1
EAL: Detected static linkage of DPDK
EAL: Selected IOVA mode 'PA'
EAL: VFIO support initialized
EAL: Probe PCI driver: mlx5_pci (15b3:101d) device: 0000:43:00.0 (socket -1)
    0 RR .0 min=6.14us avg=6.54us max=925.18us read(Gbits/sec)=11.802 write(Gbits/sec)=11.802 count=360178
    0 RR .1 min=6.14us avg=6.52us max=192.00us read(Gbits/sec)=10.926 write(Gbits/sec)=10.926 count=333439
    0 RR .2 min=6.14us avg=6.53us max=189.95us read(Gbits/sec)=9.929 write(Gbits/sec)=9.929 count=303018
    0 RR .3 min=6.14us avg=7.08us max=137060.61us read(Gbits/sec)=8.248 write(Gbits/sec)=8.248 count=251722
    0 RR .4 min=6.14us avg=6.54us max=187.65us read(Gbits/sec)=7.922 write(Gbits/sec)=7.923 count=241778
    0 RR .5 min=6.14us avg=7.63us max=195902.46us read(Gbits/sec)=5.949 write(Gbits/sec)=5.949 count=181540
    0 RR .6 min=6.14us avg=6.55us max=190.72us read(Gbits/sec)=5.907 write(Gbits/sec)=5.907 count=180275
    0 RR .7 min=6.14us avg=6.55us max=23.81us read(Gbits/sec)=4.894 write(Gbits/sec)=4.894 count=149352
    0 RR Total-Throughput read(Gbits/sec)=65.578 write(Gbits/sec)=65.578

    1 RR .0 min=6.14us avg=6.55us max=223.74us read(Gbits/sec)=4.915 write(Gbits/sec)=4.915 count=150004
    1 RR .1 min=6.14us avg=6.56us max=36.61us read(Gbits/sec)=4.919 write(Gbits/sec)=4.919 count=150102
    1 RR .2 min=6.14us avg=6.56us max=16.64us read(Gbits/sec)=4.918 write(Gbits/sec)=4.918 count=150098
    1 RR .3 min=6.14us avg=6.55us max=19.71us read(Gbits/sec)=4.918 write(Gbits/sec)=4.918 count=150088
    1 RR .4 min=6.14us avg=6.55us max=48.38us read(Gbits/sec)=4.916 write(Gbits/sec)=4.916 count=150021
    1 RR .5 min=6.14us avg=7.69us max=144753.41us read(Gbits/sec)=4.203 write(Gbits/sec)=4.203 count=128267
    1 RR .6 min=6.14us avg=6.56us max=16.64us read(Gbits/sec)=4.918 write(Gbits/sec)=4.918 count=150097
    1 RR .7 min=6.14us avg=6.56us max=16.64us read(Gbits/sec)=4.375 write(Gbits/sec)=4.375 count=133522
    1 RR Total-Throughput read(Gbits/sec)=38.083 write(Gbits/sec)=38.083

    2 RR .0 min=6.14us avg=6.55us max=39.94us read(Gbits/sec)=4.917 write(Gbits/sec)=4.917 count=150051
    2 RR .1 min=6.14us avg=7.82us max=158013.44us read(Gbits/sec)=4.139 write(Gbits/sec)=4.139 count=126302
    2 RR .2 min=6.14us avg=6.56us max=17.41us read(Gbits/sec)=4.919 write(Gbits/sec)=4.919 count=150111
    2 RR .3 min=6.14us avg=6.55us max=16.64us read(Gbits/sec)=4.918 write(Gbits/sec)=4.918 count=150100
    2 RR .4 min=6.14us avg=6.55us max=16.38us read(Gbits/sec)=4.916 write(Gbits/sec)=4.916 count=150034
    2 RR .5 min=6.14us avg=6.56us max=16.64us read(Gbits/sec)=4.919 write(Gbits/sec)=4.919 count=150104
    2 RR .6 min=6.14us avg=6.56us max=17.41us read(Gbits/sec)=4.918 write(Gbits/sec)=4.918 count=150096
    2 RR .7 min=6.14us avg=7.60us max=150099.46us read(Gbits/sec)=4.719 write(Gbits/sec)=4.719 count=144029
    2 RR Total-Throughput read(Gbits/sec)=38.365 write(Gbits/sec)=38.365

    3 RR .0 min=6.14us avg=6.56us max=345.86us read(Gbits/sec)=4.914 write(Gbits/sec)=4.914 count=149961
    3 RR .1 min=6.14us avg=6.56us max=18.43us read(Gbits/sec)=4.919 write(Gbits/sec)=4.919 count=150102
    3 RR .2 min=6.14us avg=8.12us max=189221.89us read(Gbits/sec)=3.983 write(Gbits/sec)=3.983 count=121566
    3 RR .3 min=6.14us avg=6.55us max=16.13us read(Gbits/sec)=4.918 write(Gbits/sec)=4.918 count=150083
    3 RR .4 min=6.14us avg=6.55us max=46.08us read(Gbits/sec)=4.916 write(Gbits/sec)=4.916 count=150015
    3 RR .5 min=6.14us avg=6.56us max=17.15us read(Gbits/sec)=4.918 write(Gbits/sec)=4.918 count=150082
    3 RR .6 min=6.14us avg=6.56us max=17.15us read(Gbits/sec)=4.918 write(Gbits/sec)=4.918 count=150084
    3 RR .7 min=6.14us avg=6.55us max=18.18us read(Gbits/sec)=4.918 write(Gbits/sec)=4.918 count=150081
    3 RR Total-Throughput read(Gbits/sec)=38.403 write(Gbits/sec)=38.403

    4 RR .0 min=6.14us avg=6.57us max=351.23us read(Gbits/sec)=4.904 write(Gbits/sec)=4.904 count=149660
    4 RR .1 min=6.14us avg=6.57us max=16.90us read(Gbits/sec)=4.909 write(Gbits/sec)=4.909 count=149811
    4 RR .2 min=6.14us avg=6.57us max=16.90us read(Gbits/sec)=4.909 write(Gbits/sec)=4.909 count=149802
    4 RR .3 min=6.14us avg=6.56us max=17.15us read(Gbits/sec)=4.908 write(Gbits/sec)=4.908 count=149790
    4 RR .4 min=6.14us avg=6.56us max=17.15us read(Gbits/sec)=4.907 write(Gbits/sec)=4.907 count=149748
    4 RR .5 min=6.14us avg=6.57us max=16.90us read(Gbits/sec)=4.908 write(Gbits/sec)=4.908 count=149796
    4 RR .6 min=6.14us avg=6.57us max=18.18us read(Gbits/sec)=4.908 write(Gbits/sec)=4.908 count=149797
    4 RR .7 min=6.14us avg=6.56us max=17.15us read(Gbits/sec)=4.908 write(Gbits/sec)=4.908 count=149796
    4 RR Total-Throughput read(Gbits/sec)=39.262 write(Gbits/sec)=39.262

    5 RR .0 min=6.14us avg=6.56us max=46.08us read(Gbits/sec)=4.907 write(Gbits/sec)=4.907 count=149757
    5 RR .1 min=6.14us avg=6.56us max=44.80us read(Gbits/sec)=4.913 write(Gbits/sec)=4.913 count=149942
    5 RR .2 min=6.14us avg=6.56us max=16.64us read(Gbits/sec)=4.913 write(Gbits/sec)=4.913 count=149949
    5 RR .3 min=6.14us avg=6.56us max=16.13us read(Gbits/sec)=4.913 write(Gbits/sec)=4.913 count=149928
    5 RR .4 min=6.14us avg=6.56us max=18.43us read(Gbits/sec)=4.911 write(Gbits/sec)=4.911 count=149859
    5 RR .5 min=6.14us avg=6.56us max=17.66us read(Gbits/sec)=4.913 write(Gbits/sec)=4.913 count=149926
    5 RR .6 min=6.14us avg=6.56us max=16.90us read(Gbits/sec)=4.913 write(Gbits/sec)=4.913 count=149932
    5 RR .7 min=6.14us avg=7.39us max=110041.34us read(Gbits/sec)=4.369 write(Gbits/sec)=4.369 count=133320
    5 RR Total-Throughput read(Gbits/sec)=38.751 write(Gbits/sec)=38.752

    6 RR .0 min=6.14us avg=6.56us max=921.60us read(Gbits/sec)=4.909 write(Gbits/sec)=4.909 count=149803
    6 RR .1 min=6.14us avg=8.24us max=200415.49us read(Gbits/sec)=3.926 write(Gbits/sec)=3.926 count=119802
    6 RR .2 min=6.14us avg=6.56us max=17.15us read(Gbits/sec)=4.915 write(Gbits/sec)=4.915 count=149991
    6 RR .3 min=6.14us avg=6.56us max=16.64us read(Gbits/sec)=4.914 write(Gbits/sec)=4.914 count=149966
    6 RR .4 min=6.14us avg=6.56us max=17.41us read(Gbits/sec)=4.913 write(Gbits/sec)=4.913 count=149921
    6 RR .5 min=6.14us avg=6.56us max=16.64us read(Gbits/sec)=4.914 write(Gbits/sec)=4.914 count=149972
    6 RR .6 min=6.14us avg=6.56us max=38.40us read(Gbits/sec)=4.914 write(Gbits/sec)=4.914 count=149975
    6 RR .7 min=6.14us avg=6.56us max=20.74us read(Gbits/sec)=4.914 write(Gbits/sec)=4.914 count=149966
    6 RR Total-Throughput read(Gbits/sec)=38.318 write(Gbits/sec)=38.318

    7 RR .0 min=6.14us avg=6.56us max=219.65us read(Gbits/sec)=4.911 write(Gbits/sec)=4.911 count=149884
    7 RR .1 min=6.14us avg=6.56us max=17.15us read(Gbits/sec)=4.914 write(Gbits/sec)=4.914 count=149974
    7 RR .2 min=6.14us avg=6.56us max=17.41us read(Gbits/sec)=4.914 write(Gbits/sec)=4.914 count=149968
    7 RR .3 min=6.14us avg=6.56us max=29.70us read(Gbits/sec)=4.913 write(Gbits/sec)=4.913 count=149940
    7 RR .4 min=6.14us avg=6.56us max=17.66us read(Gbits/sec)=4.912 write(Gbits/sec)=4.912 count=149907
    7 RR .5 min=6.14us avg=6.56us max=36.10us read(Gbits/sec)=4.914 write(Gbits/sec)=4.914 count=149952
    7 RR .6 min=6.14us avg=6.56us max=33.02us read(Gbits/sec)=4.914 write(Gbits/sec)=4.914 count=149957
    7 RR .7 min=6.14us avg=7.74us max=149524.74us read(Gbits/sec)=4.174 write(Gbits/sec)=4.174 count=127392
    7 RR Total-Throughput read(Gbits/sec)=38.567 write(Gbits/sec)=38.567

    8 RR .0 min=6.14us avg=6.56us max=61.18us read(Gbits/sec)=4.909 write(Gbits/sec)=4.909 count=149810
    8 RR .1 min=6.14us avg=6.57us max=20.48us read(Gbits/sec)=4.910 write(Gbits/sec)=4.910 count=149854
    8 RR .2 min=6.14us avg=6.56us max=16.64us read(Gbits/sec)=4.911 write(Gbits/sec)=4.911 count=149873
    8 RR .3 min=6.14us avg=6.56us max=18.18us read(Gbits/sec)=4.910 write(Gbits/sec)=4.910 count=149851
    8 RR .4 min=6.14us avg=6.56us max=19.97us read(Gbits/sec)=4.909 write(Gbits/sec)=4.909 count=149798
    8 RR .5 min=6.14us avg=7.64us max=138744.58us read(Gbits/sec)=4.226 write(Gbits/sec)=4.226 count=128971
    8 RR .6 min=6.14us avg=6.57us max=18.18us read(Gbits/sec)=4.910 write(Gbits/sec)=4.910 count=149855
    8 RR .7 min=6.14us avg=6.56us max=17.66us read(Gbits/sec)=4.910 write(Gbits/sec)=4.910 count=149844
    8 RR Total-Throughput read(Gbits/sec)=38.596 write(Gbits/sec)=38.596

    9 RR .0 min=6.14us avg=6.56us max=351.23us read(Gbits/sec)=4.907 write(Gbits/sec)=4.907 count=149756
    9 RR .1 min=6.14us avg=6.56us max=17.41us read(Gbits/sec)=4.913 write(Gbits/sec)=4.913 count=149922
    9 RR .2 min=6.14us avg=6.56us max=16.90us read(Gbits/sec)=4.913 write(Gbits/sec)=4.913 count=149922
    9 RR .3 min=6.14us avg=6.56us max=47.36us read(Gbits/sec)=4.912 write(Gbits/sec)=4.912 count=149898
    9 RR .4 min=6.14us avg=6.56us max=16.64us read(Gbits/sec)=4.911 write(Gbits/sec)=4.911 count=149863
    9 RR .5 min=6.14us avg=6.56us max=38.14us read(Gbits/sec)=4.912 write(Gbits/sec)=4.912 count=149900
    9 RR .6 min=6.14us avg=8.06us max=182281.73us read(Gbits/sec)=4.012 write(Gbits/sec)=4.012 count=122450
    9 RR .7 min=6.14us avg=6.56us max=16.13us read(Gbits/sec)=4.912 write(Gbits/sec)=4.912 count=149902
    9 RR Total-Throughput read(Gbits/sec)=38.391 write(Gbits/sec)=38.391

   10 RR .0 min=6.14us avg=6.57us max=278.02us read(Gbits/sec)=4.904 write(Gbits/sec)=4.904 count=149666
   10 RR .1 min=6.14us avg=6.57us max=48.90us read(Gbits/sec)=4.907 write(Gbits/sec)=4.907 count=149762
   10 RR .2 min=6.14us avg=6.57us max=17.15us read(Gbits/sec)=4.908 write(Gbits/sec)=4.908 count=149771
   10 RR .3 min=6.14us avg=6.57us max=25.60us read(Gbits/sec)=4.907 write(Gbits/sec)=4.907 count=149754
   10 RR .4 min=6.14us avg=6.57us max=16.38us read(Gbits/sec)=4.905 write(Gbits/sec)=4.905 count=149701
   10 RR .5 min=6.14us avg=6.57us max=16.38us read(Gbits/sec)=4.907 write(Gbits/sec)=4.907 count=149757
   10 RR .6 min=6.14us avg=6.57us max=18.43us read(Gbits/sec)=4.907 write(Gbits/sec)=4.907 count=149752
   10 RR .7 min=6.14us avg=6.57us max=17.15us read(Gbits/sec)=4.907 write(Gbits/sec)=4.907 count=149753
   10 RR Total-Throughput read(Gbits/sec)=39.253 write(Gbits/sec)=39.253

   11 RR .0 min=6.14us avg=6.56us max=931.07us read(Gbits/sec)=4.907 write(Gbits/sec)=4.907 count=149741
   11 RR .1 min=6.14us avg=8.19us max=196112.13us read(Gbits/sec)=3.950 write(Gbits/sec)=3.950 count=120533
   11 RR .2 min=6.14us avg=6.56us max=16.64us read(Gbits/sec)=4.917 write(Gbits/sec)=4.917 count=150061
   11 RR .3 min=6.14us avg=6.55us max=17.15us read(Gbits/sec)=4.917 write(Gbits/sec)=4.917 count=150050
   11 RR .4 min=6.14us avg=6.55us max=17.15us read(Gbits/sec)=4.915 write(Gbits/sec)=4.915 count=149989
   11 RR .5 min=6.14us avg=7.95us max=172627.46us read(Gbits/sec)=4.066 write(Gbits/sec)=4.066 count=124078
   11 RR .6 min=6.14us avg=6.56us max=35.84us read(Gbits/sec)=4.917 write(Gbits/sec)=4.917 count=150045
   11 RR .7 min=6.14us avg=6.55us max=37.63us read(Gbits/sec)=4.917 write(Gbits/sec)=4.917 count=150043
   11 RR Total-Throughput read(Gbits/sec)=37.504 write(Gbits/sec)=37.504

   12 RR .0 min=6.14us avg=7.38us max=109975.81us read(Gbits/sec)=4.372 write(Gbits/sec)=4.372 count=133438
   12 RR .1 min=6.14us avg=6.55us max=17.66us read(Gbits/sec)=4.919 write(Gbits/sec)=4.919 count=150128
   12 RR .2 min=6.14us avg=6.55us max=16.38us read(Gbits/sec)=4.919 write(Gbits/sec)=4.919 count=150122
   12 RR .3 min=6.14us avg=6.55us max=17.41us read(Gbits/sec)=4.919 write(Gbits/sec)=4.919 count=150106
   12 RR .4 min=6.14us avg=7.65us max=140638.98us read(Gbits/sec)=4.221 write(Gbits/sec)=4.221 count=128812
   12 RR .5 min=6.14us avg=6.55us max=17.41us read(Gbits/sec)=4.919 write(Gbits/sec)=4.919 count=150110
   12 RR .6 min=6.14us avg=6.55us max=17.41us read(Gbits/sec)=4.919 write(Gbits/sec)=4.919 count=150111
   12 RR .7 min=6.14us avg=7.46us max=119952.64us read(Gbits/sec)=4.326 write(Gbits/sec)=4.326 count=132019
   12 RR Total-Throughput read(Gbits/sec)=37.514 write(Gbits/sec)=37.514

   13 RR .0 min=6.14us avg=6.55us max=67.33us read(Gbits/sec)=4.915 write(Gbits/sec)=4.915 count=149998
   13 RR .1 min=6.14us avg=7.99us max=176689.92us read(Gbits/sec)=4.045 write(Gbits/sec)=4.045 count=123457
   13 RR .2 min=6.14us avg=6.55us max=16.13us read(Gbits/sec)=4.918 write(Gbits/sec)=4.918 count=150076
   13 RR .3 min=6.14us avg=6.55us max=36.35us read(Gbits/sec)=4.917 write(Gbits/sec)=4.917 count=150050
   13 RR .4 min=6.14us avg=6.55us max=44.29us read(Gbits/sec)=4.915 write(Gbits/sec)=4.915 count=149995
   13 RR .5 min=6.14us avg=6.55us max=16.38us read(Gbits/sec)=4.917 write(Gbits/sec)=4.917 count=150057
   13 RR .6 min=6.14us avg=6.55us max=17.41us read(Gbits/sec)=4.917 write(Gbits/sec)=4.917 count=150071
   13 RR .7 min=6.14us avg=7.86us max=163814.66us read(Gbits/sec)=4.108 write(Gbits/sec)=4.108 count=125368
   13 RR Total-Throughput read(Gbits/sec)=37.652 write(Gbits/sec)=37.652

   14 RR .0 min=6.14us avg=6.56us max=335.10us read(Gbits/sec)=4.911 write(Gbits/sec)=4.911 count=149865
   14 RR .1 min=6.14us avg=6.56us max=16.38us read(Gbits/sec)=4.914 write(Gbits/sec)=4.914 count=149972
   14 RR .2 min=6.14us avg=6.56us max=16.90us read(Gbits/sec)=4.914 write(Gbits/sec)=4.914 count=149970
   14 RR .3 min=6.14us avg=6.56us max=17.66us read(Gbits/sec)=4.914 write(Gbits/sec)=4.914 count=149951
   14 RR .4 min=6.14us avg=6.56us max=17.92us read(Gbits/sec)=4.911 write(Gbits/sec)=4.911 count=149888
   14 RR .5 min=6.14us avg=6.56us max=17.15us read(Gbits/sec)=4.913 write(Gbits/sec)=4.913 count=149949
   14 RR .6 min=6.14us avg=6.56us max=20.22us read(Gbits/sec)=4.913 write(Gbits/sec)=4.913 count=149947
   14 RR .7 min=6.14us avg=8.10us max=187188.74us read(Gbits/sec)=3.988 write(Gbits/sec)=3.988 count=121711
   14 RR Total-Throughput read(Gbits/sec)=38.379 write(Gbits/sec)=38.379

   15 RR .0 min=6.14us avg=6.56us max=372.99us read(Gbits/sec)=4.910 write(Gbits/sec)=4.910 count=149838
   15 RR .1 min=6.14us avg=7.86us max=163164.67us read(Gbits/sec)=4.110 write(Gbits/sec)=4.110 count=125434
   15 RR .2 min=6.14us avg=6.56us max=16.64us read(Gbits/sec)=4.915 write(Gbits/sec)=4.915 count=150001
   15 RR .3 min=6.14us avg=6.55us max=35.07us read(Gbits/sec)=4.915 write(Gbits/sec)=4.915 count=149987
   15 RR .4 min=6.14us avg=6.55us max=43.01us read(Gbits/sec)=4.913 write(Gbits/sec)=4.913 count=149922
   15 RR .5 min=6.14us avg=7.72us max=148559.62us read(Gbits/sec)=4.182 write(Gbits/sec)=4.182 count=127623
   15 RR .6 min=6.14us avg=6.56us max=17.15us read(Gbits/sec)=4.915 write(Gbits/sec)=4.915 count=149991
   15 RR .7 min=6.14us avg=6.55us max=16.64us read(Gbits/sec)=4.914 write(Gbits/sec)=4.914 count=149975
   15 RR Total-Throughput read(Gbits/sec)=37.774 write(Gbits/sec)=37.774

   16 RR .0 min=6.14us avg=6.55us max=788.74us read(Gbits/sec)=4.914 write(Gbits/sec)=4.914 count=149956
   16 RR .1 min=6.14us avg=7.37us max=109134.59us read(Gbits/sec)=4.381 write(Gbits/sec)=4.381 count=133706
   16 RR .2 min=6.14us avg=6.55us max=16.90us read(Gbits/sec)=4.920 write(Gbits/sec)=4.920 count=150139
   16 RR .3 min=6.14us avg=6.55us max=16.64us read(Gbits/sec)=4.919 write(Gbits/sec)=4.919 count=150123
   16 RR .4 min=6.14us avg=7.66us max=141578.75us read(Gbits/sec)=4.217 write(Gbits/sec)=4.217 count=128698
   16 RR .5 min=6.14us avg=6.55us max=16.90us read(Gbits/sec)=4.919 write(Gbits/sec)=4.919 count=150120
   16 RR .6 min=6.14us avg=7.72us max=148812.29us read(Gbits/sec)=4.184 write(Gbits/sec)=4.184 count=127688
   16 RR .7 min=6.14us avg=6.55us max=16.64us read(Gbits/sec)=4.919 write(Gbits/sec)=4.919 count=150117
   16 RR Total-Throughput read(Gbits/sec)=37.373 write(Gbits/sec)=37.373

   17 RR .0 min=6.14us avg=7.81us max=155849.22us read(Gbits/sec)=4.138 write(Gbits/sec)=4.138 count=126294
   17 RR .1 min=6.14us avg=6.56us max=16.64us read(Gbits/sec)=4.537 write(Gbits/sec)=4.537 count=138464
   17 RR .2 min=6.14us avg=6.56us max=16.90us read(Gbits/sec)=4.914 write(Gbits/sec)=4.914 count=149950
   17 RR .3 min=6.14us avg=6.56us max=32.26us read(Gbits/sec)=4.913 write(Gbits/sec)=4.913 count=149932
   17 RR .4 min=6.14us avg=6.56us max=39.42us read(Gbits/sec)=4.911 write(Gbits/sec)=4.911 count=149884
   17 RR .5 min=6.14us avg=6.56us max=16.90us read(Gbits/sec)=4.913 write(Gbits/sec)=4.913 count=149935
   17 RR .6 min=6.14us avg=6.56us max=37.12us read(Gbits/sec)=4.913 write(Gbits/sec)=4.913 count=149931
   17 RR .7 min=6.14us avg=6.56us max=17.41us read(Gbits/sec)=4.913 write(Gbits/sec)=4.913 count=149938
   17 RR Total-Throughput read(Gbits/sec)=38.152 write(Gbits/sec)=38.152

   18 RR .0 min=6.14us avg=6.56us max=223.74us read(Gbits/sec)=4.912 write(Gbits/sec)=4.912 count=149899
   18 RR .1 min=6.14us avg=7.51us max=134162.69us read(Gbits/sec)=4.630 write(Gbits/sec)=4.630 count=141291
   18 RR .2 min=6.14us avg=6.56us max=16.64us read(Gbits/sec)=4.915 write(Gbits/sec)=4.915 count=149993
   18 RR .3 min=6.14us avg=7.84us max=160063.49us read(Gbits/sec)=4.121 write(Gbits/sec)=4.121 count=125775
   18 RR .4 min=6.14us avg=6.55us max=17.15us read(Gbits/sec)=4.913 write(Gbits/sec)=4.913 count=149939
   18 RR .5 min=6.14us avg=6.56us max=17.41us read(Gbits/sec)=4.914 write(Gbits/sec)=4.914 count=149975
   18 RR .6 min=6.14us avg=6.56us max=17.41us read(Gbits/sec)=4.915 write(Gbits/sec)=4.915 count=149983
   18 RR .7 min=6.14us avg=6.55us max=17.66us read(Gbits/sec)=4.915 write(Gbits/sec)=4.915 count=149981
   18 RR Total-Throughput read(Gbits/sec)=38.234 write(Gbits/sec)=38.234

   19 RR .0 min=6.14us avg=7.84us max=161363.20us read(Gbits/sec)=4.119 write(Gbits/sec)=4.119 count=125693
   19 RR .1 min=6.14us avg=6.56us max=16.38us read(Gbits/sec)=4.918 write(Gbits/sec)=4.918 count=150087
   19 RR .2 min=6.14us avg=6.56us max=16.64us read(Gbits/sec)=4.485 write(Gbits/sec)=4.485 count=136880
   19 RR .3 min=6.14us avg=6.55us max=17.66us read(Gbits/sec)=4.918 write(Gbits/sec)=4.918 count=150076
   19 RR .4 min=6.14us avg=7.33us max=103214.08us read(Gbits/sec)=4.405 write(Gbits/sec)=4.405 count=134422
   19 RR .5 min=6.14us avg=6.55us max=33.54us read(Gbits/sec)=4.918 write(Gbits/sec)=4.918 count=150073
   19 RR .6 min=6.14us avg=6.56us max=20.22us read(Gbits/sec)=4.917 write(Gbits/sec)=4.917 count=150064
   19 RR .7 min=6.14us avg=6.55us max=32.26us read(Gbits/sec)=4.917 write(Gbits/sec)=4.917 count=150072
   19 RR Total-Throughput read(Gbits/sec)=37.597 write(Gbits/sec)=37.597

   20 RR .0 min=6.14us avg=6.57us max=354.30us read(Gbits/sec)=4.904 write(Gbits/sec)=4.904 count=149666
   20 RR .1 min=6.14us avg=6.57us max=44.03us read(Gbits/sec)=4.910 write(Gbits/sec)=4.910 count=149839
   20 RR .2 min=6.14us avg=8.01us max=193104.13us read(Gbits/sec)=4.390 write(Gbits/sec)=4.390 count=133969
   20 RR .3 min=6.14us avg=6.56us max=17.41us read(Gbits/sec)=4.910 write(Gbits/sec)=4.910 count=149832
   20 RR .4 min=6.14us avg=6.56us max=17.92us read(Gbits/sec)=4.907 write(Gbits/sec)=4.907 count=149764
   20 RR .5 min=6.14us avg=6.57us max=16.90us read(Gbits/sec)=4.909 write(Gbits/sec)=4.909 count=149825
   20 RR .6 min=6.14us avg=6.57us max=20.99us read(Gbits/sec)=4.910 write(Gbits/sec)=4.910 count=149832
   20 RR .7 min=6.14us avg=6.56us max=17.15us read(Gbits/sec)=4.910 write(Gbits/sec)=4.910 count=149836
   20 RR Total-Throughput read(Gbits/sec)=38.750 write(Gbits/sec)=38.750

   21 RR .0 min=6.14us avg=6.58us max=814.85us read(Gbits/sec)=4.899 write(Gbits/sec)=4.899 count=149495
   21 RR .1 min=6.14us avg=6.57us max=33.54us read(Gbits/sec)=4.906 write(Gbits/sec)=4.906 count=149729
   21 RR .2 min=6.14us avg=6.57us max=16.38us read(Gbits/sec)=4.906 write(Gbits/sec)=4.906 count=149735
   21 RR .3 min=6.14us avg=6.57us max=31.74us read(Gbits/sec)=4.906 write(Gbits/sec)=4.906 count=149714
   21 RR .4 min=6.14us avg=6.57us max=17.92us read(Gbits/sec)=4.904 write(Gbits/sec)=4.904 count=149655
   21 RR .5 min=6.14us avg=6.57us max=17.92us read(Gbits/sec)=4.906 write(Gbits/sec)=4.906 count=149713
   21 RR .6 min=6.14us avg=6.57us max=36.61us read(Gbits/sec)=4.906 write(Gbits/sec)=4.906 count=149718
   21 RR .7 min=6.14us avg=6.57us max=17.41us read(Gbits/sec)=4.906 write(Gbits/sec)=4.906 count=149709
   21 RR Total-Throughput read(Gbits/sec)=39.238 write(Gbits/sec)=39.238

   22 RR .0 min=6.14us avg=6.57us max=923.39us read(Gbits/sec)=4.358 write(Gbits/sec)=4.358 count=132993
   22 RR .1 min=6.14us avg=8.13us max=190276.61us read(Gbits/sec)=3.977 write(Gbits/sec)=3.977 count=121369
   22 RR .2 min=6.14us avg=6.56us max=17.66us read(Gbits/sec)=4.915 write(Gbits/sec)=4.915 count=149994
   22 RR .3 min=6.14us avg=6.56us max=17.41us read(Gbits/sec)=4.914 write(Gbits/sec)=4.914 count=149980
   22 RR .4 min=6.14us avg=6.56us max=16.90us read(Gbits/sec)=4.913 write(Gbits/sec)=4.913 count=149928
   22 RR .5 min=6.14us avg=6.56us max=16.64us read(Gbits/sec)=4.915 write(Gbits/sec)=4.915 count=149990
   22 RR .6 min=6.14us avg=6.56us max=17.15us read(Gbits/sec)=4.915 write(Gbits/sec)=4.915 count=149984
   22 RR .7 min=6.14us avg=6.55us max=16.90us read(Gbits/sec)=4.915 write(Gbits/sec)=4.915 count=149986
   22 RR Total-Throughput read(Gbits/sec)=37.821 write(Gbits/sec)=37.821

   23 RR .0 min=6.14us avg=7.37us max=118818.82us read(Gbits/sec)=4.866 write(Gbits/sec)=4.866 count=148503
   23 RR .1 min=6.14us avg=6.57us max=40.96us read(Gbits/sec)=4.905 write(Gbits/sec)=4.905 count=149697
   23 RR .2 min=6.14us avg=6.57us max=17.15us read(Gbits/sec)=4.906 write(Gbits/sec)=4.906 count=149712
   23 RR .3 min=6.14us avg=6.57us max=17.66us read(Gbits/sec)=4.905 write(Gbits/sec)=4.905 count=149683
   23 RR .4 min=6.14us avg=6.57us max=44.03us read(Gbits/sec)=4.903 write(Gbits/sec)=4.903 count=149624
   23 RR .5 min=6.14us avg=6.57us max=17.15us read(Gbits/sec)=4.905 write(Gbits/sec)=4.905 count=149695
   23 RR .6 min=6.14us avg=6.57us max=21.76us read(Gbits/sec)=4.905 write(Gbits/sec)=4.905 count=149692
   23 RR .7 min=6.14us avg=6.57us max=18.69us read(Gbits/sec)=4.905 write(Gbits/sec)=4.905 count=149693
   23 RR Total-Throughput read(Gbits/sec)=39.200 write(Gbits/sec)=39.200

   24 RR .0 min=6.14us avg=6.56us max=44.29us read(Gbits/sec)=4.907 write(Gbits/sec)=4.907 count=149761
   24 RR .1 min=6.14us avg=6.57us max=18.18us read(Gbits/sec)=4.910 write(Gbits/sec)=4.910 count=149828
   24 RR .2 min=6.14us avg=6.57us max=17.66us read(Gbits/sec)=4.909 write(Gbits/sec)=4.909 count=149821
   24 RR .3 min=6.14us avg=6.56us max=17.41us read(Gbits/sec)=4.909 write(Gbits/sec)=4.909 count=149798
   24 RR .4 min=6.14us avg=6.56us max=18.43us read(Gbits/sec)=4.907 write(Gbits/sec)=4.907 count=149764
   24 RR .5 min=6.14us avg=6.56us max=16.38us read(Gbits/sec)=4.909 write(Gbits/sec)=4.909 count=149821
   24 RR .6 min=6.14us avg=6.57us max=16.64us read(Gbits/sec)=4.909 write(Gbits/sec)=4.909 count=149820
   24 RR .7 min=6.14us avg=7.80us max=155898.88us read(Gbits/sec)=4.140 write(Gbits/sec)=4.140 count=126339
   24 RR Total-Throughput read(Gbits/sec)=38.500 write(Gbits/sec)=38.500

   25 RR .0 min=6.14us avg=6.57us max=334.59us read(Gbits/sec)=4.901 write(Gbits/sec)=4.901 count=149558
   25 RR .1 min=6.14us avg=6.57us max=35.07us read(Gbits/sec)=4.904 write(Gbits/sec)=4.904 count=149664
   25 RR .2 min=6.14us avg=6.57us max=16.90us read(Gbits/sec)=4.905 write(Gbits/sec)=4.905 count=149677
   25 RR .3 min=6.14us avg=6.57us max=17.92us read(Gbits/sec)=4.904 write(Gbits/sec)=4.904 count=149653
   25 RR .4 min=6.14us avg=6.57us max=17.15us read(Gbits/sec)=4.902 write(Gbits/sec)=4.902 count=149592
   25 RR .5 min=6.14us avg=6.57us max=16.90us read(Gbits/sec)=4.904 write(Gbits/sec)=4.904 count=149655
   25 RR .6 min=6.14us avg=6.57us max=17.92us read(Gbits/sec)=4.904 write(Gbits/sec)=4.904 count=149658
   25 RR .7 min=6.14us avg=6.57us max=31.23us read(Gbits/sec)=4.904 write(Gbits/sec)=4.904 count=149658
   25 RR Total-Throughput read(Gbits/sec)=39.227 write(Gbits/sec)=39.227

   26 RR .0 min=6.14us avg=6.57us max=361.22us read(Gbits/sec)=4.903 write(Gbits/sec)=4.903 count=149635
   26 RR .1 min=6.14us avg=6.57us max=17.41us read(Gbits/sec)=4.908 write(Gbits/sec)=4.908 count=149792
   26 RR .2 min=6.14us avg=6.57us max=16.64us read(Gbits/sec)=4.908 write(Gbits/sec)=4.908 count=149783
   26 RR .3 min=6.14us avg=6.56us max=16.13us read(Gbits/sec)=4.907 write(Gbits/sec)=4.907 count=149766
   26 RR .4 min=6.14us avg=6.56us max=17.15us read(Gbits/sec)=4.906 write(Gbits/sec)=4.906 count=149715
   26 RR .5 min=6.14us avg=7.58us max=131670.02us read(Gbits/sec)=4.259 write(Gbits/sec)=4.259 count=129970
   26 RR .6 min=6.14us avg=6.57us max=42.75us read(Gbits/sec)=4.908 write(Gbits/sec)=4.908 count=149772
   26 RR .7 min=6.14us avg=6.56us max=17.41us read(Gbits/sec)=4.908 write(Gbits/sec)=4.908 count=149779
   26 RR Total-Throughput read(Gbits/sec)=38.607 write(Gbits/sec)=38.607

   27 RR .0 min=6.14us avg=6.57us max=784.64us read(Gbits/sec)=4.902 write(Gbits/sec)=4.902 count=149583
   27 RR .1 min=6.14us avg=6.57us max=16.90us read(Gbits/sec)=4.907 write(Gbits/sec)=4.907 count=149758
   27 RR .2 min=6.14us avg=6.57us max=33.02us read(Gbits/sec)=4.907 write(Gbits/sec)=4.907 count=149748
   27 RR .3 min=6.14us avg=6.57us max=17.41us read(Gbits/sec)=4.906 write(Gbits/sec)=4.906 count=149727
   27 RR .4 min=6.14us avg=6.57us max=17.41us read(Gbits/sec)=4.905 write(Gbits/sec)=4.905 count=149680
   27 RR .5 min=6.14us avg=6.57us max=16.90us read(Gbits/sec)=4.907 write(Gbits/sec)=4.907 count=149737
   27 RR .6 min=6.14us avg=6.57us max=32.26us read(Gbits/sec)=4.659 write(Gbits/sec)=4.659 count=142179
   27 RR .7 min=6.14us avg=6.57us max=16.90us read(Gbits/sec)=4.906 write(Gbits/sec)=4.906 count=149735
   27 RR Total-Throughput read(Gbits/sec)=38.998 write(Gbits/sec)=38.998

   28 RR .0 min=6.14us avg=6.57us max=919.81us read(Gbits/sec)=4.903 write(Gbits/sec)=4.903 count=149639
   28 RR .1 min=6.14us avg=6.57us max=39.68us read(Gbits/sec)=4.910 write(Gbits/sec)=4.910 count=149842
   28 RR .2 min=6.14us avg=6.56us max=16.64us read(Gbits/sec)=4.911 write(Gbits/sec)=4.911 count=149867
   28 RR .3 min=6.14us avg=6.56us max=16.13us read(Gbits/sec)=4.910 write(Gbits/sec)=4.910 count=149841
   28 RR .4 min=6.14us avg=6.56us max=16.38us read(Gbits/sec)=4.908 write(Gbits/sec)=4.908 count=149790
   28 RR .5 min=6.14us avg=7.64us max=138837.25us read(Gbits/sec)=4.226 write(Gbits/sec)=4.226 count=128955
   28 RR .6 min=6.14us avg=7.59us max=139332.61us read(Gbits/sec)=4.470 write(Gbits/sec)=4.470 count=136424
   28 RR .7 min=6.14us avg=6.56us max=17.15us read(Gbits/sec)=4.910 write(Gbits/sec)=4.910 count=149845
   28 RR Total-Throughput read(Gbits/sec)=38.148 write(Gbits/sec)=38.148

   29 RR .0 min=6.14us avg=6.57us max=220.42us read(Gbits/sec)=4.901 write(Gbits/sec)=4.901 count=149559
   29 RR .1 min=6.14us avg=6.57us max=34.05us read(Gbits/sec)=4.904 write(Gbits/sec)=4.904 count=149663
   29 RR .2 min=6.14us avg=6.57us max=17.66us read(Gbits/sec)=4.904 write(Gbits/sec)=4.904 count=149670
   29 RR .3 min=6.14us avg=6.57us max=18.94us read(Gbits/sec)=4.903 write(Gbits/sec)=4.903 count=149643
   29 RR .4 min=6.14us avg=6.57us max=16.38us read(Gbits/sec)=4.902 write(Gbits/sec)=4.902 count=149602
   29 RR .5 min=6.14us avg=6.57us max=17.66us read(Gbits/sec)=4.904 write(Gbits/sec)=4.904 count=149651
   29 RR .6 min=6.14us avg=6.57us max=18.18us read(Gbits/sec)=4.903 write(Gbits/sec)=4.903 count=149644
   29 RR .7 min=6.14us avg=6.57us max=18.18us read(Gbits/sec)=4.904 write(Gbits/sec)=4.904 count=149645
   29 RR Total-Throughput read(Gbits/sec)=39.225 write(Gbits/sec)=39.225


---
 0 nr_conn=1 nr_zero_io_conn=0
 1 nr_conn=1 nr_zero_io_conn=0
 2 nr_conn=1 nr_zero_io_conn=0
 3 nr_conn=1 nr_zero_io_conn=0
 4 nr_conn=1 nr_zero_io_conn=0
 5 nr_conn=1 nr_zero_io_conn=0
 6 nr_conn=1 nr_zero_io_conn=0
 7 nr_conn=1 nr_zero_io_conn=0
exiting client: 5
exiting client: 0
exiting client: 7
exiting client: 6
exiting client: 2
exiting client: 1
exiting client: 3
exiting client: 4
