:: TPA_CFG='net { name=enp67s0f0np0; mac=38:25:f3:79:97:c6; ip=172.24.1.2; mask=255.255.255.0; gw=10.76.106.126; ip6=fe80::3a25:f3ff:fe79:97c6/64; } dpdk { pci=0000:43:00.0; } tcp {tso = 0; } dpdk { socket-mem = 8192; mbuf_mem_size = 6GB; }'
:: cmd=/home/balasuk/libtpa/build/bin/app/fperf -c 172.24.1.52 -p 2888 -S 0 -t rr -d 30 -n 16 -m 4096 -X 4096 -R 4096 -C 1 -Z 1 -K 0
EAL: Detected CPU lcores: 64
EAL: Detected NUMA nodes: 1
EAL: Detected static linkage of DPDK
EAL: Selected IOVA mode 'PA'
EAL: VFIO support initialized
EAL: Probe PCI driver: mlx5_pci (15b3:101d) device: 0000:43:00.0 (socket -1)
    0 RR .0 min=6.14us avg=7.39us max=171456.00us read(Gbits/sec)=18.222 write(Gbits/sec)=18.222 count=556099
    0 RR .1 min=6.14us avg=7.06us max=125248.77us read(Gbits/sec)=18.214 write(Gbits/sec)=18.214 count=555852
    0 RR .2 min=6.14us avg=6.84us max=194.05us read(Gbits/sec)=17.851 write(Gbits/sec)=17.851 count=544779
    0 RR .3 min=6.14us avg=6.87us max=193.28us read(Gbits/sec)=16.852 write(Gbits/sec)=16.852 count=514294
    0 RR .4 min=6.14us avg=7.28us max=166744.58us read(Gbits/sec)=15.022 write(Gbits/sec)=15.022 count=458426
    0 RR .5 min=6.14us avg=6.92us max=194.82us read(Gbits/sec)=14.845 write(Gbits/sec)=14.845 count=453045
    0 RR .6 min=6.14us avg=6.95us max=194.05us read(Gbits/sec)=13.847 write(Gbits/sec)=13.847 count=422581
    0 RR .7 min=6.14us avg=6.99us max=195.58us read(Gbits/sec)=12.828 write(Gbits/sec)=12.828 count=391476
    0 RR .8 min=6.14us avg=7.04us max=192.00us read(Gbits/sec)=11.815 write(Gbits/sec)=11.815 count=360554
    0 RR .9 min=6.14us avg=7.05us max=194.82us read(Gbits/sec)=10.875 write(Gbits/sec)=10.875 count=331881
    0 RR .10 min=6.14us avg=7.08us max=193.28us read(Gbits/sec)=9.894 write(Gbits/sec)=9.894 count=301951
    0 RR .11 min=6.14us avg=7.12us max=193.54us read(Gbits/sec)=8.908 write(Gbits/sec)=8.908 count=271840
    0 RR .12 min=6.14us avg=7.24us max=190.98us read(Gbits/sec)=7.809 write(Gbits/sec)=7.809 count=238303
    0 RR .13 min=6.40us avg=7.17us max=194.05us read(Gbits/sec)=6.796 write(Gbits/sec)=6.796 count=207398
    0 RR .14 min=6.40us avg=7.18us max=194.05us read(Gbits/sec)=5.632 write(Gbits/sec)=5.632 count=171890
    0 RR .15 min=6.40us avg=7.19us max=41.47us read(Gbits/sec)=4.470 write(Gbits/sec)=4.470 count=136429
    0 RR Total-Throughput read(Gbits/sec)=193.880 write(Gbits/sec)=193.880

    1 RR .0 min=6.40us avg=7.18us max=38.40us read(Gbits/sec)=4.489 write(Gbits/sec)=4.489 count=136985
    1 RR .1 min=6.40us avg=7.18us max=18.69us read(Gbits/sec)=4.492 write(Gbits/sec)=4.492 count=137071
    1 RR .2 min=6.40us avg=7.18us max=18.18us read(Gbits/sec)=4.492 write(Gbits/sec)=4.492 count=137099
    1 RR .3 min=6.40us avg=7.19us max=17.15us read(Gbits/sec)=4.488 write(Gbits/sec)=4.488 count=136959
    1 RR .4 min=6.14us avg=7.21us max=18.69us read(Gbits/sec)=4.476 write(Gbits/sec)=4.476 count=136597
    1 RR .5 min=6.40us avg=7.19us max=18.94us read(Gbits/sec)=4.490 write(Gbits/sec)=4.490 count=137021
    1 RR .6 min=6.40us avg=7.19us max=21.50us read(Gbits/sec)=4.491 write(Gbits/sec)=4.491 count=137067
    1 RR .7 min=6.40us avg=7.20us max=20.22us read(Gbits/sec)=4.484 write(Gbits/sec)=4.484 count=136839
    1 RR .8 min=6.40us avg=7.22us max=21.50us read(Gbits/sec)=4.046 write(Gbits/sec)=4.046 count=123461
    1 RR .9 min=6.40us avg=7.19us max=20.22us read(Gbits/sec)=4.489 write(Gbits/sec)=4.489 count=136998
    1 RR .10 min=6.40us avg=7.18us max=18.94us read(Gbits/sec)=4.492 write(Gbits/sec)=4.492 count=137073
    1 RR .11 min=6.40us avg=7.19us max=20.48us read(Gbits/sec)=4.485 write(Gbits/sec)=4.485 count=136879
    1 RR .12 min=6.40us avg=7.21us max=18.43us read(Gbits/sec)=4.473 write(Gbits/sec)=4.473 count=136521
    1 RR .13 min=6.14us avg=7.19us max=18.94us read(Gbits/sec)=4.489 write(Gbits/sec)=4.489 count=137001
    1 RR .14 min=6.40us avg=7.18us max=17.41us read(Gbits/sec)=4.494 write(Gbits/sec)=4.494 count=137146
    1 RR .15 min=6.40us avg=7.19us max=17.66us read(Gbits/sec)=4.487 write(Gbits/sec)=4.487 count=136941
    1 RR Total-Throughput read(Gbits/sec)=71.357 write(Gbits/sec)=71.357

    2 RR .0 min=6.14us avg=7.15us max=1050.11us read(Gbits/sec)=4.509 write(Gbits/sec)=4.509 count=137619
    2 RR .1 min=6.40us avg=8.36us max=143751.68us read(Gbits/sec)=3.869 write(Gbits/sec)=3.869 count=118060
    2 RR .2 min=6.40us avg=7.14us max=17.92us read(Gbits/sec)=4.521 write(Gbits/sec)=4.521 count=137979
    2 RR .3 min=6.14us avg=7.14us max=18.69us read(Gbits/sec)=4.517 write(Gbits/sec)=4.517 count=137865
    2 RR .4 min=6.40us avg=7.16us max=18.69us read(Gbits/sec)=4.507 write(Gbits/sec)=4.507 count=137541
    2 RR .5 min=6.40us avg=7.14us max=17.66us read(Gbits/sec)=4.520 write(Gbits/sec)=4.520 count=137942
    2 RR .6 min=6.14us avg=7.14us max=50.94us read(Gbits/sec)=4.522 write(Gbits/sec)=4.522 count=137989
    2 RR .7 min=6.40us avg=8.97us max=197950.46us read(Gbits/sec)=3.607 write(Gbits/sec)=3.607 count=110074
    2 RR .8 min=6.40us avg=10.42us max=174625.28us read(Gbits/sec)=3.407 write(Gbits/sec)=3.407 count=103965
    2 RR .9 min=6.14us avg=7.14us max=17.66us read(Gbits/sec)=4.520 write(Gbits/sec)=4.520 count=137935
    2 RR .10 min=6.40us avg=7.13us max=17.92us read(Gbits/sec)=4.522 write(Gbits/sec)=4.522 count=138017
    2 RR .11 min=6.40us avg=7.15us max=21.50us read(Gbits/sec)=4.514 write(Gbits/sec)=4.514 count=137770
    2 RR .12 min=6.14us avg=7.16us max=49.66us read(Gbits/sec)=4.504 write(Gbits/sec)=4.504 count=137467
    2 RR .13 min=6.40us avg=8.16us max=121814.02us read(Gbits/sec)=3.963 write(Gbits/sec)=3.963 count=120939
    2 RR .14 min=6.14us avg=7.13us max=31.74us read(Gbits/sec)=4.526 write(Gbits/sec)=4.526 count=138119
    2 RR .15 min=6.40us avg=7.14us max=32.77us read(Gbits/sec)=4.518 write(Gbits/sec)=4.518 count=137869
    2 RR Total-Throughput read(Gbits/sec)=69.046 write(Gbits/sec)=69.046

    3 RR .0 min=6.40us avg=7.19us max=38.40us read(Gbits/sec)=4.482 write(Gbits/sec)=4.482 count=136790
    3 RR .1 min=6.40us avg=7.19us max=19.20us read(Gbits/sec)=4.486 write(Gbits/sec)=4.486 count=136891
    3 RR .2 min=6.40us avg=7.19us max=18.94us read(Gbits/sec)=4.486 write(Gbits/sec)=4.486 count=136892
    3 RR .3 min=6.40us avg=7.20us max=17.92us read(Gbits/sec)=4.482 write(Gbits/sec)=4.482 count=136786
    3 RR .4 min=6.40us avg=7.22us max=19.20us read(Gbits/sec)=4.471 write(Gbits/sec)=4.471 count=136446
    3 RR .5 min=6.40us avg=7.20us max=18.69us read(Gbits/sec)=4.484 write(Gbits/sec)=4.484 count=136828
    3 RR .6 min=6.40us avg=7.19us max=20.22us read(Gbits/sec)=4.486 write(Gbits/sec)=4.486 count=136889
    3 RR .7 min=6.40us avg=7.21us max=18.69us read(Gbits/sec)=4.479 write(Gbits/sec)=4.479 count=136703
    3 RR .8 min=6.40us avg=7.22us max=18.69us read(Gbits/sec)=4.468 write(Gbits/sec)=4.468 count=136347
    3 RR .9 min=6.40us avg=7.20us max=18.43us read(Gbits/sec)=4.482 write(Gbits/sec)=4.482 count=136792
    3 RR .10 min=6.40us avg=7.19us max=17.41us read(Gbits/sec)=4.486 write(Gbits/sec)=4.486 count=136899
    3 RR .11 min=6.40us avg=7.21us max=19.20us read(Gbits/sec)=4.478 write(Gbits/sec)=4.478 count=136651
    3 RR .12 min=6.14us avg=7.22us max=18.94us read(Gbits/sec)=4.468 write(Gbits/sec)=4.468 count=136358
    3 RR .13 min=6.40us avg=7.20us max=19.20us read(Gbits/sec)=4.482 write(Gbits/sec)=4.482 count=136794
    3 RR .14 min=6.14us avg=7.19us max=18.94us read(Gbits/sec)=4.490 write(Gbits/sec)=4.490 count=137038
    3 RR .15 min=6.40us avg=7.20us max=19.46us read(Gbits/sec)=4.481 write(Gbits/sec)=4.481 count=136750
    3 RR Total-Throughput read(Gbits/sec)=71.691 write(Gbits/sec)=71.691

    4 RR .0 min=6.14us avg=7.19us max=927.23us read(Gbits/sec)=3.743 write(Gbits/sec)=3.743 count=114223
    4 RR .1 min=6.40us avg=7.17us max=50.43us read(Gbits/sec)=4.501 write(Gbits/sec)=4.501 count=137362
    4 RR .2 min=6.40us avg=7.17us max=18.43us read(Gbits/sec)=4.501 write(Gbits/sec)=4.501 count=137371
    4 RR .3 min=6.40us avg=8.60us max=162663.68us read(Gbits/sec)=3.760 write(Gbits/sec)=3.760 count=114760
    4 RR .4 min=6.40us avg=7.19us max=18.18us read(Gbits/sec)=4.488 write(Gbits/sec)=4.488 count=136955
    4 RR .5 min=6.40us avg=7.17us max=17.66us read(Gbits/sec)=4.499 write(Gbits/sec)=4.499 count=137287
    4 RR .6 min=6.40us avg=7.17us max=44.54us read(Gbits/sec)=4.501 write(Gbits/sec)=4.501 count=137359
    4 RR .7 min=6.40us avg=7.18us max=18.94us read(Gbits/sec)=4.495 write(Gbits/sec)=4.495 count=137171
    4 RR .8 min=6.40us avg=7.20us max=41.47us read(Gbits/sec)=4.483 write(Gbits/sec)=4.483 count=136805
    4 RR .9 min=6.40us avg=7.18us max=17.41us read(Gbits/sec)=4.497 write(Gbits/sec)=4.497 count=137253
    4 RR .10 min=6.40us avg=7.17us max=17.15us read(Gbits/sec)=4.501 write(Gbits/sec)=4.501 count=137367
    4 RR .11 min=6.40us avg=7.18us max=18.94us read(Gbits/sec)=4.494 write(Gbits/sec)=4.494 count=137152
    4 RR .12 min=6.40us avg=7.20us max=35.07us read(Gbits/sec)=4.483 write(Gbits/sec)=4.483 count=136824
    4 RR .13 min=6.14us avg=7.17us max=18.69us read(Gbits/sec)=4.498 write(Gbits/sec)=4.498 count=137266
    4 RR .14 min=6.40us avg=7.16us max=39.42us read(Gbits/sec)=4.506 write(Gbits/sec)=4.506 count=137509
    4 RR .15 min=6.40us avg=7.18us max=18.18us read(Gbits/sec)=4.496 write(Gbits/sec)=4.496 count=137210
    4 RR Total-Throughput read(Gbits/sec)=70.446 write(Gbits/sec)=70.446

    5 RR .0 min=6.40us avg=8.64us max=195846.91us read(Gbits/sec)=4.360 write(Gbits/sec)=4.360 count=133062
    5 RR .1 min=6.40us avg=7.17us max=18.94us read(Gbits/sec)=4.504 write(Gbits/sec)=4.504 count=137448
    5 RR .2 min=6.40us avg=7.16us max=18.43us read(Gbits/sec)=4.505 write(Gbits/sec)=4.505 count=137485
    5 RR .3 min=6.40us avg=8.93us max=192477.70us read(Gbits/sec)=3.623 write(Gbits/sec)=3.623 count=110559
    5 RR .4 min=6.14us avg=7.18us max=17.66us read(Gbits/sec)=4.493 write(Gbits/sec)=4.493 count=137103
    5 RR .5 min=6.40us avg=7.17us max=19.20us read(Gbits/sec)=4.501 write(Gbits/sec)=4.501 count=137360
    5 RR .6 min=6.40us avg=7.16us max=51.20us read(Gbits/sec)=4.505 write(Gbits/sec)=4.505 count=137478
    5 RR .7 min=6.40us avg=7.17us max=19.46us read(Gbits/sec)=4.499 write(Gbits/sec)=4.499 count=137286
    5 RR .8 min=6.14us avg=7.19us max=18.69us read(Gbits/sec)=4.487 write(Gbits/sec)=4.487 count=136936
    5 RR .9 min=6.40us avg=8.73us max=174462.72us read(Gbits/sec)=3.704 write(Gbits/sec)=3.704 count=113054
    5 RR .10 min=6.40us avg=7.16us max=17.92us read(Gbits/sec)=4.506 write(Gbits/sec)=4.506 count=137518
    5 RR .11 min=6.40us avg=7.17us max=40.96us read(Gbits/sec)=4.483 write(Gbits/sec)=4.483 count=136799
    5 RR .12 min=6.40us avg=7.19us max=19.46us read(Gbits/sec)=4.487 write(Gbits/sec)=4.487 count=136927
    5 RR .13 min=6.14us avg=7.17us max=19.20us read(Gbits/sec)=4.502 write(Gbits/sec)=4.502 count=137399
    5 RR .14 min=6.14us avg=7.16us max=18.18us read(Gbits/sec)=4.509 write(Gbits/sec)=4.509 count=137622
    5 RR .15 min=6.40us avg=7.17us max=39.42us read(Gbits/sec)=4.500 write(Gbits/sec)=4.500 count=137331
    5 RR Total-Throughput read(Gbits/sec)=70.167 write(Gbits/sec)=70.167

    6 RR .0 min=6.40us avg=8.58us max=162494.98us read(Gbits/sec)=3.768 write(Gbits/sec)=3.768 count=114993
    6 RR .1 min=6.14us avg=7.15us max=41.22us read(Gbits/sec)=4.510 write(Gbits/sec)=4.510 count=137636
    6 RR .2 min=6.40us avg=7.15us max=17.92us read(Gbits/sec)=4.511 write(Gbits/sec)=4.511 count=137659
    6 RR .3 min=6.40us avg=7.16us max=18.94us read(Gbits/sec)=4.505 write(Gbits/sec)=4.505 count=137497
    6 RR .4 min=6.40us avg=8.18us max=120364.80us read(Gbits/sec)=3.951 write(Gbits/sec)=3.951 count=120581
    6 RR .5 min=6.40us avg=7.16us max=18.18us read(Gbits/sec)=4.508 write(Gbits/sec)=4.508 count=137563
    6 RR .6 min=6.14us avg=7.16us max=28.93us read(Gbits/sec)=4.510 write(Gbits/sec)=4.510 count=137639
    6 RR .7 min=6.40us avg=7.17us max=17.92us read(Gbits/sec)=4.503 write(Gbits/sec)=4.503 count=137436
    6 RR .8 min=6.40us avg=7.18us max=37.89us read(Gbits/sec)=4.493 write(Gbits/sec)=4.493 count=137105
    6 RR .9 min=6.14us avg=8.06us max=109721.34us read(Gbits/sec)=4.009 write(Gbits/sec)=4.009 count=122358
    6 RR .10 min=6.40us avg=7.15us max=17.41us read(Gbits/sec)=4.512 write(Gbits/sec)=4.512 count=137699
    6 RR .11 min=6.40us avg=8.04us max=107170.05us read(Gbits/sec)=4.031 write(Gbits/sec)=4.031 count=123018
    6 RR .12 min=6.40us avg=7.18us max=23.04us read(Gbits/sec)=4.494 write(Gbits/sec)=4.494 count=137144
    6 RR .13 min=6.40us avg=7.16us max=18.69us read(Gbits/sec)=4.508 write(Gbits/sec)=4.508 count=137572
    6 RR .14 min=6.40us avg=7.15us max=36.61us read(Gbits/sec)=4.514 write(Gbits/sec)=4.514 count=137763
    6 RR .15 min=6.40us avg=7.16us max=18.94us read(Gbits/sec)=4.505 write(Gbits/sec)=4.505 count=137490
    6 RR Total-Throughput read(Gbits/sec)=69.833 write(Gbits/sec)=69.833

    7 RR .0 min=6.40us avg=7.20us max=337.92us read(Gbits/sec)=4.477 write(Gbits/sec)=4.477 count=136641
    7 RR .1 min=6.40us avg=7.20us max=18.69us read(Gbits/sec)=4.485 write(Gbits/sec)=4.485 count=136859
    7 RR .2 min=6.40us avg=7.20us max=17.92us read(Gbits/sec)=4.484 write(Gbits/sec)=4.484 count=136854
    7 RR .3 min=6.40us avg=7.20us max=18.69us read(Gbits/sec)=4.480 write(Gbits/sec)=4.480 count=136734
    7 RR .4 min=6.40us avg=7.22us max=19.20us read(Gbits/sec)=4.470 write(Gbits/sec)=4.470 count=136424
    7 RR .5 min=6.40us avg=7.20us max=18.69us read(Gbits/sec)=4.480 write(Gbits/sec)=4.480 count=136727
    7 RR .6 min=6.40us avg=7.20us max=20.74us read(Gbits/sec)=4.484 write(Gbits/sec)=4.484 count=136837
    7 RR .7 min=6.40us avg=7.21us max=19.97us read(Gbits/sec)=4.478 write(Gbits/sec)=4.478 count=136657
    7 RR .8 min=6.40us avg=7.22us max=18.43us read(Gbits/sec)=4.466 write(Gbits/sec)=4.466 count=136291
    7 RR .9 min=6.40us avg=7.20us max=17.92us read(Gbits/sec)=4.481 write(Gbits/sec)=4.481 count=136744
    7 RR .10 min=6.40us avg=7.20us max=17.66us read(Gbits/sec)=4.484 write(Gbits/sec)=4.484 count=136847
    7 RR .11 min=6.40us avg=7.21us max=36.10us read(Gbits/sec)=4.478 write(Gbits/sec)=4.478 count=136648
    7 RR .12 min=6.40us avg=7.22us max=38.91us read(Gbits/sec)=4.466 write(Gbits/sec)=4.466 count=136288
    7 RR .13 min=6.40us avg=7.20us max=18.18us read(Gbits/sec)=4.482 write(Gbits/sec)=4.482 count=136775
    7 RR .14 min=6.40us avg=7.19us max=17.92us read(Gbits/sec)=4.489 write(Gbits/sec)=4.489 count=136998
    7 RR .15 min=6.40us avg=7.20us max=19.46us read(Gbits/sec)=4.480 write(Gbits/sec)=4.480 count=136725
    7 RR Total-Throughput read(Gbits/sec)=71.664 write(Gbits/sec)=71.664

    8 RR .0 min=6.40us avg=7.16us max=1052.93us read(Gbits/sec)=4.505 write(Gbits/sec)=4.505 count=137473
    8 RR .1 min=6.40us avg=8.86us max=189695.23us read(Gbits/sec)=3.651 write(Gbits/sec)=3.651 count=111418
    8 RR .2 min=6.40us avg=7.14us max=18.18us read(Gbits/sec)=4.518 write(Gbits/sec)=4.518 count=137878
    8 RR .3 min=6.40us avg=7.15us max=18.43us read(Gbits/sec)=4.513 write(Gbits/sec)=4.513 count=137716
    8 RR .4 min=6.14us avg=7.19us max=50.43us read(Gbits/sec)=3.664 write(Gbits/sec)=3.664 count=111819
    8 RR .5 min=6.40us avg=7.15us max=47.36us read(Gbits/sec)=4.515 write(Gbits/sec)=4.515 count=137803
    8 RR .6 min=6.14us avg=7.14us max=18.94us read(Gbits/sec)=4.518 write(Gbits/sec)=4.518 count=137872
    8 RR .7 min=6.40us avg=8.23us max=127174.14us read(Gbits/sec)=3.929 write(Gbits/sec)=3.929 count=119902
    8 RR .8 min=6.40us avg=7.17us max=41.98us read(Gbits/sec)=4.502 write(Gbits/sec)=4.502 count=137382
    8 RR .9 min=6.40us avg=7.15us max=17.92us read(Gbits/sec)=4.513 write(Gbits/sec)=4.513 count=137740
    8 RR .10 min=6.14us avg=7.14us max=18.69us read(Gbits/sec)=4.518 write(Gbits/sec)=4.518 count=137876
    8 RR .11 min=6.14us avg=7.15us max=53.25us read(Gbits/sec)=4.510 write(Gbits/sec)=4.510 count=137646
    8 RR .12 min=6.40us avg=7.17us max=26.88us read(Gbits/sec)=4.499 write(Gbits/sec)=4.499 count=137311
    8 RR .13 min=6.40us avg=8.25us max=129867.52us read(Gbits/sec)=3.918 write(Gbits/sec)=3.918 count=119569
    8 RR .14 min=6.14us avg=7.14us max=44.54us read(Gbits/sec)=4.520 write(Gbits/sec)=4.520 count=137955
    8 RR .15 min=6.14us avg=7.15us max=34.56us read(Gbits/sec)=4.513 write(Gbits/sec)=4.513 count=137719
    8 RR Total-Throughput read(Gbits/sec)=69.306 write(Gbits/sec)=69.306

    9 RR .0 min=6.40us avg=7.18us max=48.90us read(Gbits/sec)=4.488 write(Gbits/sec)=4.488 count=136950
    9 RR .1 min=6.40us avg=7.18us max=18.69us read(Gbits/sec)=4.493 write(Gbits/sec)=4.493 count=137120
    9 RR .2 min=6.40us avg=7.18us max=17.41us read(Gbits/sec)=4.493 write(Gbits/sec)=4.493 count=137129
    9 RR .3 min=6.40us avg=7.19us max=18.43us read(Gbits/sec)=4.489 write(Gbits/sec)=4.489 count=137000
    9 RR .4 min=6.40us avg=8.63us max=193343.49us read(Gbits/sec)=4.436 write(Gbits/sec)=4.436 count=135377
    9 RR .5 min=6.40us avg=7.19us max=18.43us read(Gbits/sec)=4.490 write(Gbits/sec)=4.490 count=137036
    9 RR .6 min=6.40us avg=7.18us max=18.43us read(Gbits/sec)=4.493 write(Gbits/sec)=4.493 count=137121
    9 RR .7 min=6.40us avg=7.19us max=18.18us read(Gbits/sec)=4.487 write(Gbits/sec)=4.487 count=136941
    9 RR .8 min=6.40us avg=7.21us max=19.46us read(Gbits/sec)=4.475 write(Gbits/sec)=4.475 count=136569
    9 RR .9 min=6.40us avg=7.19us max=18.18us read(Gbits/sec)=4.490 write(Gbits/sec)=4.490 count=137017
    9 RR .10 min=6.40us avg=8.62us max=163132.42us read(Gbits/sec)=3.754 write(Gbits/sec)=3.754 count=114581
    9 RR .11 min=6.40us avg=7.19us max=18.43us read(Gbits/sec)=4.488 write(Gbits/sec)=4.488 count=136958
    9 RR .12 min=6.40us avg=7.21us max=18.69us read(Gbits/sec)=4.476 write(Gbits/sec)=4.476 count=136593
    9 RR .13 min=6.40us avg=7.18us max=17.66us read(Gbits/sec)=4.490 write(Gbits/sec)=4.490 count=137039
    9 RR .14 min=6.40us avg=7.18us max=20.99us read(Gbits/sec)=4.497 write(Gbits/sec)=4.497 count=137246
    9 RR .15 min=6.40us avg=7.19us max=17.66us read(Gbits/sec)=4.489 write(Gbits/sec)=4.489 count=137000
    9 RR Total-Throughput read(Gbits/sec)=71.029 write(Gbits/sec)=71.029

   10 RR .0 min=6.40us avg=7.18us max=929.02us read(Gbits/sec)=4.490 write(Gbits/sec)=4.490 count=137009
   10 RR .1 min=6.40us avg=8.99us max=198870.27us read(Gbits/sec)=3.599 write(Gbits/sec)=3.599 count=109848
   10 RR .2 min=6.40us avg=7.17us max=17.92us read(Gbits/sec)=4.501 write(Gbits/sec)=4.501 count=137351
   10 RR .3 min=6.40us avg=7.18us max=19.71us read(Gbits/sec)=4.496 write(Gbits/sec)=4.496 count=137216
   10 RR .4 min=6.40us avg=7.20us max=18.18us read(Gbits/sec)=4.485 write(Gbits/sec)=4.485 count=136885
   10 RR .5 min=6.40us avg=7.17us max=19.71us read(Gbits/sec)=4.498 write(Gbits/sec)=4.498 count=137255
   10 RR .6 min=6.40us avg=7.17us max=45.06us read(Gbits/sec)=4.501 write(Gbits/sec)=4.501 count=137362
   10 RR .7 min=6.40us avg=7.18us max=45.57us read(Gbits/sec)=4.494 write(Gbits/sec)=4.494 count=137159
   10 RR .8 min=6.40us avg=7.20us max=47.36us read(Gbits/sec)=4.482 write(Gbits/sec)=4.482 count=136778
   10 RR .9 min=6.40us avg=7.17us max=19.20us read(Gbits/sec)=4.497 write(Gbits/sec)=4.497 count=137241
   10 RR .10 min=6.40us avg=7.17us max=17.41us read(Gbits/sec)=4.499 write(Gbits/sec)=4.499 count=137314
   10 RR .11 min=6.40us avg=7.18us max=22.53us read(Gbits/sec)=4.495 write(Gbits/sec)=4.495 count=137169
   10 RR .12 min=6.14us avg=7.20us max=23.55us read(Gbits/sec)=4.482 write(Gbits/sec)=4.482 count=136769
   10 RR .13 min=6.14us avg=7.17us max=18.94us read(Gbits/sec)=4.497 write(Gbits/sec)=4.497 count=137245
   10 RR .14 min=6.40us avg=8.21us max=124751.87us read(Gbits/sec)=3.937 write(Gbits/sec)=3.937 count=120164
   10 RR .15 min=6.40us avg=7.18us max=35.58us read(Gbits/sec)=4.496 write(Gbits/sec)=4.496 count=137219
   10 RR Total-Throughput read(Gbits/sec)=70.450 write(Gbits/sec)=70.450

   11 RR .0 min=6.40us avg=7.18us max=234.24us read(Gbits/sec)=4.489 write(Gbits/sec)=4.489 count=136991
   11 RR .1 min=6.40us avg=7.18us max=18.18us read(Gbits/sec)=4.161 write(Gbits/sec)=4.161 count=126991
   11 RR .2 min=6.40us avg=7.18us max=17.92us read(Gbits/sec)=4.495 write(Gbits/sec)=4.495 count=137182
   11 RR .3 min=6.40us avg=7.18us max=19.20us read(Gbits/sec)=4.491 write(Gbits/sec)=4.491 count=137068
   11 RR .4 min=6.14us avg=7.20us max=18.69us read(Gbits/sec)=4.481 write(Gbits/sec)=4.481 count=136757
   11 RR .5 min=6.40us avg=7.18us max=18.43us read(Gbits/sec)=4.493 write(Gbits/sec)=4.493 count=137106
   11 RR .6 min=6.40us avg=7.18us max=17.92us read(Gbits/sec)=4.495 write(Gbits/sec)=4.495 count=137192
   11 RR .7 min=6.14us avg=7.19us max=18.69us read(Gbits/sec)=4.488 write(Gbits/sec)=4.488 count=136965
   11 RR .8 min=6.40us avg=7.21us max=32.26us read(Gbits/sec)=4.478 write(Gbits/sec)=4.478 count=136647
   11 RR .9 min=6.40us avg=7.18us max=17.15us read(Gbits/sec)=4.493 write(Gbits/sec)=4.493 count=137109
   11 RR .10 min=6.40us avg=7.18us max=19.97us read(Gbits/sec)=4.397 write(Gbits/sec)=4.397 count=134185
   11 RR .11 min=6.40us avg=7.18us max=19.46us read(Gbits/sec)=4.490 write(Gbits/sec)=4.490 count=137039
   11 RR .12 min=6.40us avg=7.21us max=18.43us read(Gbits/sec)=4.477 write(Gbits/sec)=4.477 count=136639
   11 RR .13 min=6.40us avg=7.18us max=19.20us read(Gbits/sec)=4.491 write(Gbits/sec)=4.491 count=137070
   11 RR .14 min=6.40us avg=7.17us max=19.46us read(Gbits/sec)=4.499 write(Gbits/sec)=4.499 count=137313
   11 RR .15 min=6.40us avg=8.37us max=137903.87us read(Gbits/sec)=3.865 write(Gbits/sec)=3.865 count=117954
   11 RR Total-Throughput read(Gbits/sec)=70.785 write(Gbits/sec)=70.785

   12 RR .0 min=6.14us avg=7.14us max=44.54us read(Gbits/sec)=4.514 write(Gbits/sec)=4.514 count=137769
   12 RR .1 min=6.40us avg=8.35us max=152305.15us read(Gbits/sec)=4.158 write(Gbits/sec)=4.158 count=126879
   12 RR .2 min=6.40us avg=8.10us max=116835.84us read(Gbits/sec)=3.989 write(Gbits/sec)=3.989 count=121741
   12 RR .3 min=6.40us avg=7.15us max=18.69us read(Gbits/sec)=4.515 write(Gbits/sec)=4.515 count=137775
   12 RR .4 min=6.40us avg=7.16us max=18.94us read(Gbits/sec)=4.505 write(Gbits/sec)=4.505 count=137490
   12 RR .5 min=6.40us avg=7.15us max=17.41us read(Gbits/sec)=4.516 write(Gbits/sec)=4.516 count=137816
   12 RR .6 min=6.40us avg=8.39us max=146170.88us read(Gbits/sec)=3.855 write(Gbits/sec)=3.855 count=117653
   12 RR .7 min=6.40us avg=8.82us max=185175.81us read(Gbits/sec)=3.667 write(Gbits/sec)=3.667 count=111921
   12 RR .8 min=6.40us avg=7.16us max=37.38us read(Gbits/sec)=4.507 write(Gbits/sec)=4.507 count=137533
   12 RR .9 min=6.40us avg=7.15us max=50.43us read(Gbits/sec)=4.515 write(Gbits/sec)=4.515 count=137803
   12 RR .10 min=6.40us avg=8.75us max=183065.34us read(Gbits/sec)=3.777 write(Gbits/sec)=3.777 count=115252
   12 RR .11 min=6.14us avg=7.15us max=18.43us read(Gbits/sec)=4.513 write(Gbits/sec)=4.513 count=137743
   12 RR .12 min=6.40us avg=7.17us max=43.26us read(Gbits/sec)=4.502 write(Gbits/sec)=4.502 count=137384
   12 RR .13 min=6.40us avg=7.15us max=18.69us read(Gbits/sec)=4.515 write(Gbits/sec)=4.515 count=137777
   12 RR .14 min=6.40us avg=7.13us max=17.92us read(Gbits/sec)=4.523 write(Gbits/sec)=4.523 count=138032
   12 RR .15 min=6.40us avg=7.15us max=50.18us read(Gbits/sec)=4.514 write(Gbits/sec)=4.514 count=137759
   12 RR Total-Throughput read(Gbits/sec)=69.085 write(Gbits/sec)=69.085

   13 RR .0 min=6.40us avg=7.18us max=1056.26us read(Gbits/sec)=4.492 write(Gbits/sec)=4.492 count=137079
   13 RR .1 min=6.40us avg=7.16us max=20.48us read(Gbits/sec)=4.505 write(Gbits/sec)=4.505 count=137468
   13 RR .2 min=6.40us avg=7.17us max=18.43us read(Gbits/sec)=4.502 write(Gbits/sec)=4.502 count=137384
   13 RR .3 min=6.40us avg=7.17us max=18.94us read(Gbits/sec)=4.400 write(Gbits/sec)=4.400 count=134272
   13 RR .4 min=6.14us avg=7.19us max=18.18us read(Gbits/sec)=4.489 write(Gbits/sec)=4.489 count=136982
   13 RR .5 min=6.40us avg=7.17us max=20.22us read(Gbits/sec)=4.499 write(Gbits/sec)=4.499 count=137313
   13 RR .6 min=6.14us avg=7.17us max=18.94us read(Gbits/sec)=4.502 write(Gbits/sec)=4.502 count=137399
   13 RR .7 min=6.40us avg=7.18us max=19.71us read(Gbits/sec)=4.495 write(Gbits/sec)=4.495 count=137193
   13 RR .8 min=6.14us avg=7.19us max=18.69us read(Gbits/sec)=4.489 write(Gbits/sec)=4.489 count=136991
   13 RR .9 min=6.40us avg=8.57us max=159096.83us read(Gbits/sec)=3.776 write(Gbits/sec)=3.776 count=115250
   13 RR .10 min=6.14us avg=7.16us max=18.43us read(Gbits/sec)=4.504 write(Gbits/sec)=4.504 count=137451
   13 RR .11 min=6.40us avg=8.80us max=180871.42us read(Gbits/sec)=3.676 write(Gbits/sec)=3.676 count=112186
   13 RR .12 min=6.40us avg=7.19us max=17.92us read(Gbits/sec)=4.489 write(Gbits/sec)=4.489 count=137002
   13 RR .13 min=6.40us avg=7.17us max=18.43us read(Gbits/sec)=4.500 write(Gbits/sec)=4.500 count=137346
   13 RR .14 min=6.40us avg=7.16us max=18.94us read(Gbits/sec)=4.507 write(Gbits/sec)=4.507 count=137550
   13 RR .15 min=6.40us avg=7.17us max=38.40us read(Gbits/sec)=4.498 write(Gbits/sec)=4.498 count=137279
   13 RR Total-Throughput read(Gbits/sec)=70.324 write(Gbits/sec)=70.324

   14 RR .0 min=6.40us avg=7.18us max=46.85us read(Gbits/sec)=4.487 write(Gbits/sec)=4.487 count=136935
   14 RR .1 min=6.40us avg=7.18us max=51.46us read(Gbits/sec)=4.492 write(Gbits/sec)=4.492 count=137095
   14 RR .2 min=6.40us avg=7.18us max=17.66us read(Gbits/sec)=4.491 write(Gbits/sec)=4.491 count=137056
   14 RR .3 min=6.40us avg=8.85us max=187290.88us read(Gbits/sec)=3.738 write(Gbits/sec)=3.738 count=114065
   14 RR .4 min=6.40us avg=7.20us max=47.87us read(Gbits/sec)=4.479 write(Gbits/sec)=4.479 count=136700
   14 RR .5 min=6.40us avg=7.19us max=18.18us read(Gbits/sec)=4.488 write(Gbits/sec)=4.488 count=136978
   14 RR .6 min=6.40us avg=7.18us max=53.50us read(Gbits/sec)=4.491 write(Gbits/sec)=4.491 count=137056
   14 RR .7 min=6.14us avg=7.19us max=17.66us read(Gbits/sec)=4.485 write(Gbits/sec)=4.485 count=136880
   14 RR .8 min=6.40us avg=7.21us max=42.75us read(Gbits/sec)=4.476 write(Gbits/sec)=4.476 count=136604
   14 RR .9 min=6.40us avg=7.19us max=18.18us read(Gbits/sec)=4.489 write(Gbits/sec)=4.489 count=136998
   14 RR .10 min=6.40us avg=7.18us max=18.43us read(Gbits/sec)=4.491 write(Gbits/sec)=4.491 count=137069
   14 RR .11 min=6.40us avg=7.19us max=52.99us read(Gbits/sec)=4.486 write(Gbits/sec)=4.486 count=136903
   14 RR .12 min=6.14us avg=7.21us max=33.79us read(Gbits/sec)=4.474 write(Gbits/sec)=4.474 count=136539
   14 RR .13 min=6.40us avg=7.19us max=17.66us read(Gbits/sec)=4.489 write(Gbits/sec)=4.489 count=136983
   14 RR .14 min=6.40us avg=7.18us max=49.66us read(Gbits/sec)=4.496 write(Gbits/sec)=4.496 count=137211
   14 RR .15 min=6.40us avg=7.19us max=19.20us read(Gbits/sec)=4.487 write(Gbits/sec)=4.487 count=136926
   14 RR Total-Throughput read(Gbits/sec)=71.040 write(Gbits/sec)=71.040

   15 RR .0 min=6.40us avg=7.19us max=974.08us read(Gbits/sec)=4.483 write(Gbits/sec)=4.483 count=136812
   15 RR .1 min=6.40us avg=7.18us max=19.20us read(Gbits/sec)=4.491 write(Gbits/sec)=4.491 count=137065
   15 RR .2 min=6.40us avg=7.19us max=17.92us read(Gbits/sec)=4.490 write(Gbits/sec)=4.490 count=137015
   15 RR .3 min=6.40us avg=7.19us max=18.94us read(Gbits/sec)=4.487 write(Gbits/sec)=4.487 count=136923
   15 RR .4 min=6.40us avg=8.33us max=131640.83us read(Gbits/sec)=3.881 write(Gbits/sec)=3.881 count=118435
   15 RR .5 min=6.14us avg=7.19us max=18.43us read(Gbits/sec)=4.489 write(Gbits/sec)=4.489 count=136987
   15 RR .6 min=6.40us avg=7.19us max=45.57us read(Gbits/sec)=4.489 write(Gbits/sec)=4.489 count=137003
   15 RR .7 min=6.40us avg=7.20us max=18.43us read(Gbits/sec)=4.484 write(Gbits/sec)=4.484 count=136850
   15 RR .8 min=6.40us avg=7.21us max=19.97us read(Gbits/sec)=4.475 write(Gbits/sec)=4.475 count=136575
   15 RR .9 min=6.40us avg=7.19us max=50.18us read(Gbits/sec)=4.487 write(Gbits/sec)=4.487 count=136921
   15 RR .10 min=6.40us avg=7.18us max=18.18us read(Gbits/sec)=4.490 write(Gbits/sec)=4.490 count=137032
   15 RR .11 min=6.40us avg=7.19us max=19.20us read(Gbits/sec)=4.485 write(Gbits/sec)=4.485 count=136888
   15 RR .12 min=6.40us avg=7.21us max=17.92us read(Gbits/sec)=4.473 write(Gbits/sec)=4.473 count=136506
   15 RR .13 min=6.40us avg=7.19us max=18.43us read(Gbits/sec)=4.487 write(Gbits/sec)=4.487 count=136941
   15 RR .14 min=6.40us avg=7.18us max=17.92us read(Gbits/sec)=4.495 write(Gbits/sec)=4.495 count=137182
   15 RR .15 min=6.40us avg=7.19us max=33.79us read(Gbits/sec)=4.485 write(Gbits/sec)=4.485 count=136874
   15 RR Total-Throughput read(Gbits/sec)=71.171 write(Gbits/sec)=71.171

   16 RR .0 min=6.40us avg=7.18us max=231.68us read(Gbits/sec)=4.489 write(Gbits/sec)=4.489 count=136988
   16 RR .1 min=6.40us avg=7.18us max=37.89us read(Gbits/sec)=4.495 write(Gbits/sec)=4.495 count=137168
   16 RR .2 min=6.40us avg=7.18us max=18.94us read(Gbits/sec)=4.493 write(Gbits/sec)=4.493 count=137116
   16 RR .3 min=6.40us avg=7.19us max=47.62us read(Gbits/sec)=4.489 write(Gbits/sec)=4.489 count=136985
   16 RR .4 min=6.40us avg=7.20us max=19.71us read(Gbits/sec)=4.479 write(Gbits/sec)=4.479 count=136696
   16 RR .5 min=6.40us avg=7.18us max=18.43us read(Gbits/sec)=4.490 write(Gbits/sec)=4.490 count=137039
   16 RR .6 min=6.40us avg=7.18us max=33.54us read(Gbits/sec)=4.494 write(Gbits/sec)=4.494 count=137143
   16 RR .7 min=6.40us avg=7.19us max=18.18us read(Gbits/sec)=4.487 write(Gbits/sec)=4.487 count=136930
   16 RR .8 min=6.40us avg=7.20us max=36.61us read(Gbits/sec)=4.479 write(Gbits/sec)=4.479 count=136690
   16 RR .9 min=6.40us avg=8.30us max=131697.41us read(Gbits/sec)=3.893 write(Gbits/sec)=3.893 count=118823
   16 RR .10 min=6.40us avg=7.18us max=52.74us read(Gbits/sec)=4.494 write(Gbits/sec)=4.494 count=137136
   16 RR .11 min=6.40us avg=7.19us max=19.71us read(Gbits/sec)=4.489 write(Gbits/sec)=4.489 count=137004
   16 RR .12 min=6.40us avg=9.05us max=199207.17us read(Gbits/sec)=3.576 write(Gbits/sec)=3.576 count=109145
   16 RR .13 min=6.40us avg=7.18us max=18.94us read(Gbits/sec)=4.492 write(Gbits/sec)=4.492 count=137085
   16 RR .14 min=6.40us avg=7.17us max=31.49us read(Gbits/sec)=4.498 write(Gbits/sec)=4.498 count=137268
   16 RR .15 min=6.40us avg=7.19us max=18.18us read(Gbits/sec)=4.490 write(Gbits/sec)=4.490 count=137023
   16 RR Total-Throughput read(Gbits/sec)=70.327 write(Gbits/sec)=70.327

   17 RR .0 min=6.40us avg=7.19us max=44.54us read(Gbits/sec)=4.483 write(Gbits/sec)=4.483 count=136800
   17 RR .1 min=6.40us avg=7.19us max=18.18us read(Gbits/sec)=4.487 write(Gbits/sec)=4.487 count=136938
   17 RR .2 min=6.40us avg=7.19us max=19.71us read(Gbits/sec)=4.486 write(Gbits/sec)=4.486 count=136902
   17 RR .3 min=6.40us avg=7.20us max=17.66us read(Gbits/sec)=4.483 write(Gbits/sec)=4.483 count=136814
   17 RR .4 min=6.40us avg=7.22us max=18.43us read(Gbits/sec)=4.471 write(Gbits/sec)=4.471 count=136440
   17 RR .5 min=6.40us avg=7.20us max=18.94us read(Gbits/sec)=4.483 write(Gbits/sec)=4.483 count=136809
   17 RR .6 min=6.40us avg=7.20us max=18.69us read(Gbits/sec)=4.485 write(Gbits/sec)=4.485 count=136871
   17 RR .7 min=6.40us avg=7.21us max=19.20us read(Gbits/sec)=4.479 write(Gbits/sec)=4.479 count=136682
   17 RR .8 min=6.40us avg=7.22us max=18.43us read(Gbits/sec)=4.472 write(Gbits/sec)=4.472 count=136467
   17 RR .9 min=6.40us avg=7.20us max=19.20us read(Gbits/sec)=4.483 write(Gbits/sec)=4.483 count=136815
   17 RR .10 min=6.40us avg=7.19us max=18.94us read(Gbits/sec)=4.486 write(Gbits/sec)=4.486 count=136902
   17 RR .11 min=6.40us avg=7.20us max=20.74us read(Gbits/sec)=4.482 write(Gbits/sec)=4.482 count=136775
   17 RR .12 min=6.40us avg=7.22us max=35.07us read(Gbits/sec)=4.468 write(Gbits/sec)=4.468 count=136365
   17 RR .13 min=6.40us avg=7.20us max=17.92us read(Gbits/sec)=4.484 write(Gbits/sec)=4.484 count=136857
   17 RR .14 min=6.40us avg=7.18us max=19.20us read(Gbits/sec)=4.491 write(Gbits/sec)=4.491 count=137056
   17 RR .15 min=6.40us avg=7.20us max=16.90us read(Gbits/sec)=4.238 write(Gbits/sec)=4.238 count=129319
   17 RR Total-Throughput read(Gbits/sec)=71.460 write(Gbits/sec)=71.460

   18 RR .0 min=6.40us avg=7.18us max=1367.55us read(Gbits/sec)=4.489 write(Gbits/sec)=4.489 count=137007
   18 RR .1 min=6.14us avg=7.17us max=18.94us read(Gbits/sec)=4.499 write(Gbits/sec)=4.499 count=137306
   18 RR .2 min=6.40us avg=7.17us max=18.43us read(Gbits/sec)=4.498 write(Gbits/sec)=4.498 count=137279
   18 RR .3 min=6.40us avg=8.12us max=113987.07us read(Gbits/sec)=3.979 write(Gbits/sec)=3.979 count=121432
   18 RR .4 min=6.14us avg=7.19us max=49.41us read(Gbits/sec)=4.486 write(Gbits/sec)=4.486 count=136902
   18 RR .5 min=6.40us avg=8.34us max=136052.74us read(Gbits/sec)=3.879 write(Gbits/sec)=3.879 count=118386
   18 RR .6 min=6.40us avg=7.17us max=18.18us read(Gbits/sec)=4.497 write(Gbits/sec)=4.497 count=137249
   18 RR .7 min=6.40us avg=7.18us max=19.20us read(Gbits/sec)=4.492 write(Gbits/sec)=4.492 count=137085
   18 RR .8 min=6.40us avg=7.20us max=36.86us read(Gbits/sec)=4.484 write(Gbits/sec)=4.484 count=136834
   18 RR .9 min=6.40us avg=7.18us max=41.73us read(Gbits/sec)=4.496 write(Gbits/sec)=4.496 count=137199
   18 RR .10 min=6.40us avg=7.17us max=17.92us read(Gbits/sec)=4.498 write(Gbits/sec)=4.498 count=137282
   18 RR .11 min=6.40us avg=7.18us max=46.08us read(Gbits/sec)=4.493 write(Gbits/sec)=4.493 count=137107
   18 RR .12 min=6.14us avg=7.20us max=53.50us read(Gbits/sec)=4.481 write(Gbits/sec)=4.481 count=136763
   18 RR .13 min=6.40us avg=7.17us max=18.43us read(Gbits/sec)=4.496 write(Gbits/sec)=4.496 count=137212
   18 RR .14 min=6.40us avg=7.17us max=39.68us read(Gbits/sec)=4.502 write(Gbits/sec)=4.502 count=137397
   18 RR .15 min=6.40us avg=8.11us max=118119.94us read(Gbits/sec)=4.202 write(Gbits/sec)=4.202 count=128240
   18 RR Total-Throughput read(Gbits/sec)=70.472 write(Gbits/sec)=70.472

   19 RR .0 min=6.14us avg=8.00us max=104713.98us read(Gbits/sec)=4.035 write(Gbits/sec)=4.035 count=123127
   19 RR .1 min=6.40us avg=8.16us max=122085.12us read(Gbits/sec)=3.962 write(Gbits/sec)=3.962 count=120902
   19 RR .2 min=6.40us avg=8.46us max=152612.61us read(Gbits/sec)=3.823 write(Gbits/sec)=3.823 count=116680
   19 RR .3 min=6.40us avg=7.15us max=18.43us read(Gbits/sec)=4.515 write(Gbits/sec)=4.515 count=137779
   19 RR .4 min=6.40us avg=7.18us max=18.18us read(Gbits/sec)=4.045 write(Gbits/sec)=4.045 count=123456
   19 RR .5 min=6.40us avg=7.14us max=19.20us read(Gbits/sec)=4.516 write(Gbits/sec)=4.516 count=137820
   19 RR .6 min=6.40us avg=7.14us max=17.15us read(Gbits/sec)=4.518 write(Gbits/sec)=4.518 count=137890
   19 RR .7 min=6.40us avg=7.15us max=20.22us read(Gbits/sec)=4.512 write(Gbits/sec)=4.512 count=137699
   19 RR .8 min=6.14us avg=8.00us max=102632.45us read(Gbits/sec)=4.041 write(Gbits/sec)=4.041 count=123312
   19 RR .9 min=6.40us avg=7.14us max=18.18us read(Gbits/sec)=4.515 write(Gbits/sec)=4.515 count=137801
   19 RR .10 min=6.14us avg=7.14us max=18.69us read(Gbits/sec)=4.518 write(Gbits/sec)=4.518 count=137890
   19 RR .11 min=6.40us avg=7.15us max=34.82us read(Gbits/sec)=4.512 write(Gbits/sec)=4.512 count=137712
   19 RR .12 min=6.14us avg=7.17us max=18.94us read(Gbits/sec)=4.500 write(Gbits/sec)=4.500 count=137347
   19 RR .13 min=6.40us avg=7.14us max=19.71us read(Gbits/sec)=4.516 write(Gbits/sec)=4.516 count=137810
   19 RR .14 min=6.14us avg=7.13us max=19.20us read(Gbits/sec)=4.523 write(Gbits/sec)=4.523 count=138025
   19 RR .15 min=6.40us avg=7.17us max=20.99us read(Gbits/sec)=3.987 write(Gbits/sec)=3.987 count=121688
   19 RR Total-Throughput read(Gbits/sec)=69.039 write(Gbits/sec)=69.039

   20 RR .0 min=6.40us avg=7.19us max=46.08us read(Gbits/sec)=4.484 write(Gbits/sec)=4.484 count=136847
   20 RR .1 min=6.40us avg=7.19us max=26.37us read(Gbits/sec)=4.488 write(Gbits/sec)=4.488 count=136978
   20 RR .2 min=6.40us avg=7.19us max=51.71us read(Gbits/sec)=4.487 write(Gbits/sec)=4.487 count=136946
   20 RR .3 min=6.40us avg=7.20us max=17.41us read(Gbits/sec)=4.482 write(Gbits/sec)=4.482 count=136789
   20 RR .4 min=6.40us avg=8.02us max=108104.96us read(Gbits/sec)=4.436 write(Gbits/sec)=4.436 count=135382
   20 RR .5 min=6.40us avg=7.20us max=19.20us read(Gbits/sec)=4.484 write(Gbits/sec)=4.484 count=136846
   20 RR .6 min=6.40us avg=7.19us max=48.64us read(Gbits/sec)=4.488 write(Gbits/sec)=4.488 count=136950
   20 RR .7 min=6.40us avg=7.20us max=21.76us read(Gbits/sec)=4.481 write(Gbits/sec)=4.481 count=136757
   20 RR .8 min=6.40us avg=7.21us max=44.03us read(Gbits/sec)=4.472 write(Gbits/sec)=4.472 count=136488
   20 RR .9 min=6.40us avg=7.20us max=19.20us read(Gbits/sec)=4.484 write(Gbits/sec)=4.484 count=136852
   20 RR .10 min=6.40us avg=7.19us max=18.43us read(Gbits/sec)=4.488 write(Gbits/sec)=4.488 count=136958
   20 RR .11 min=6.14us avg=7.20us max=17.92us read(Gbits/sec)=4.482 write(Gbits/sec)=4.482 count=136798
   20 RR .12 min=6.40us avg=7.22us max=17.92us read(Gbits/sec)=4.470 write(Gbits/sec)=4.470 count=136423
   20 RR .13 min=6.40us avg=7.20us max=18.94us read(Gbits/sec)=4.485 write(Gbits/sec)=4.485 count=136865
   20 RR .14 min=6.40us avg=7.18us max=31.74us read(Gbits/sec)=4.491 write(Gbits/sec)=4.491 count=137070
   20 RR .15 min=6.40us avg=8.63us max=178337.02us read(Gbits/sec)=4.099 write(Gbits/sec)=4.099 count=125100
   20 RR Total-Throughput read(Gbits/sec)=71.304 write(Gbits/sec)=71.304

   21 RR .0 min=6.40us avg=8.47us max=152985.09us read(Gbits/sec)=3.816 write(Gbits/sec)=3.816 count=116448
   21 RR .1 min=6.40us avg=7.13us max=18.18us read(Gbits/sec)=4.524 write(Gbits/sec)=4.524 count=138057
   21 RR .2 min=6.40us avg=7.13us max=17.66us read(Gbits/sec)=4.522 write(Gbits/sec)=4.522 count=138008
   21 RR .3 min=6.40us avg=7.14us max=18.43us read(Gbits/sec)=4.518 write(Gbits/sec)=4.518 count=137877
   21 RR .4 min=6.40us avg=8.07us max=111542.02us read(Gbits/sec)=4.002 write(Gbits/sec)=4.002 count=122141
   21 RR .5 min=6.40us avg=7.14us max=18.69us read(Gbits/sec)=4.520 write(Gbits/sec)=4.520 count=137930
   21 RR .6 min=6.14us avg=7.13us max=18.94us read(Gbits/sec)=4.522 write(Gbits/sec)=4.522 count=138001
   21 RR .7 min=6.14us avg=7.14us max=18.94us read(Gbits/sec)=4.516 write(Gbits/sec)=4.516 count=137821
   21 RR .8 min=6.14us avg=7.16us max=37.12us read(Gbits/sec)=4.508 write(Gbits/sec)=4.508 count=137576
   21 RR .9 min=6.40us avg=7.14us max=19.20us read(Gbits/sec)=4.520 write(Gbits/sec)=4.520 count=137950
   21 RR .10 min=6.40us avg=8.79us max=185839.62us read(Gbits/sec)=3.679 write(Gbits/sec)=3.679 count=112289
   21 RR .11 min=6.14us avg=7.14us max=20.22us read(Gbits/sec)=4.517 write(Gbits/sec)=4.517 count=137865
   21 RR .12 min=6.40us avg=7.16us max=17.66us read(Gbits/sec)=4.506 write(Gbits/sec)=4.506 count=137513
   21 RR .13 min=6.40us avg=8.53us max=158661.12us read(Gbits/sec)=3.794 write(Gbits/sec)=3.794 count=115780
   21 RR .14 min=6.14us avg=7.13us max=22.02us read(Gbits/sec)=4.527 write(Gbits/sec)=4.527 count=138156
   21 RR .15 min=6.40us avg=8.76us max=184688.64us read(Gbits/sec)=3.769 write(Gbits/sec)=3.769 count=115034
   21 RR Total-Throughput read(Gbits/sec)=68.760 write(Gbits/sec)=68.760

   22 RR .0 min=6.40us avg=7.18us max=231.94us read(Gbits/sec)=4.491 write(Gbits/sec)=4.491 count=137058
   22 RR .1 min=6.40us avg=7.18us max=19.46us read(Gbits/sec)=4.096 write(Gbits/sec)=4.096 count=125003
   22 RR .2 min=6.40us avg=7.18us max=18.69us read(Gbits/sec)=4.496 write(Gbits/sec)=4.496 count=137216
   22 RR .3 min=6.40us avg=7.18us max=18.18us read(Gbits/sec)=4.492 write(Gbits/sec)=4.492 count=137075
   22 RR .4 min=6.40us avg=7.20us max=18.69us read(Gbits/sec)=4.481 write(Gbits/sec)=4.481 count=136751
   22 RR .5 min=6.40us avg=8.63us max=164586.50us read(Gbits/sec)=3.747 write(Gbits/sec)=3.747 count=114365
   22 RR .6 min=6.40us avg=7.18us max=29.70us read(Gbits/sec)=4.495 write(Gbits/sec)=4.495 count=137185
   22 RR .7 min=6.40us avg=7.19us max=18.43us read(Gbits/sec)=4.490 write(Gbits/sec)=4.490 count=137012
   22 RR .8 min=6.40us avg=7.20us max=34.30us read(Gbits/sec)=4.480 write(Gbits/sec)=4.480 count=136736
   22 RR .9 min=6.40us avg=7.18us max=19.46us read(Gbits/sec)=4.494 write(Gbits/sec)=4.494 count=137143
   22 RR .10 min=6.40us avg=7.18us max=20.22us read(Gbits/sec)=4.495 write(Gbits/sec)=4.495 count=137193
   22 RR .11 min=6.40us avg=7.18us max=18.18us read(Gbits/sec)=4.491 write(Gbits/sec)=4.491 count=137054
   22 RR .12 min=6.40us avg=7.20us max=41.22us read(Gbits/sec)=4.479 write(Gbits/sec)=4.479 count=136700
   22 RR .13 min=6.14us avg=7.18us max=50.69us read(Gbits/sec)=4.492 write(Gbits/sec)=4.492 count=137102
   22 RR .14 min=6.40us avg=7.17us max=47.62us read(Gbits/sec)=4.500 write(Gbits/sec)=4.500 count=137329
   22 RR .15 min=6.14us avg=7.18us max=38.40us read(Gbits/sec)=4.491 write(Gbits/sec)=4.491 count=137044
   22 RR Total-Throughput read(Gbits/sec)=70.711 write(Gbits/sec)=70.711

   23 RR .0 min=6.40us avg=7.17us max=42.24us read(Gbits/sec)=4.493 write(Gbits/sec)=4.493 count=137130
   23 RR .1 min=6.40us avg=8.48us max=165312.00us read(Gbits/sec)=4.148 write(Gbits/sec)=4.148 count=126600
   23 RR .2 min=6.40us avg=7.17us max=18.43us read(Gbits/sec)=4.496 write(Gbits/sec)=4.496 count=137217
   23 RR .3 min=6.40us avg=7.18us max=18.69us read(Gbits/sec)=4.492 write(Gbits/sec)=4.492 count=137095
   23 RR .4 min=6.40us avg=7.20us max=22.02us read(Gbits/sec)=4.483 write(Gbits/sec)=4.483 count=136826
   23 RR .5 min=6.14us avg=7.18us max=18.69us read(Gbits/sec)=4.493 write(Gbits/sec)=4.493 count=137129
   23 RR .6 min=6.40us avg=7.17us max=20.99us read(Gbits/sec)=4.497 write(Gbits/sec)=4.497 count=137229
   23 RR .7 min=6.40us avg=8.80us max=179105.79us read(Gbits/sec)=3.679 write(Gbits/sec)=3.679 count=112271
   23 RR .8 min=6.40us avg=7.19us max=35.58us read(Gbits/sec)=4.484 write(Gbits/sec)=4.484 count=136854
   23 RR .9 min=6.40us avg=7.18us max=17.41us read(Gbits/sec)=4.495 write(Gbits/sec)=4.495 count=137183
   23 RR .10 min=6.40us avg=7.18us max=18.43us read(Gbits/sec)=4.496 write(Gbits/sec)=4.496 count=137216
   23 RR .11 min=6.40us avg=7.18us max=25.86us read(Gbits/sec)=4.491 write(Gbits/sec)=4.491 count=137066
   23 RR .12 min=6.40us avg=7.20us max=17.41us read(Gbits/sec)=4.479 write(Gbits/sec)=4.479 count=136703
   23 RR .13 min=6.40us avg=7.18us max=18.69us read(Gbits/sec)=4.493 write(Gbits/sec)=4.493 count=137132
   23 RR .14 min=6.14us avg=7.17us max=20.22us read(Gbits/sec)=4.501 write(Gbits/sec)=4.501 count=137362
   23 RR .15 min=6.40us avg=7.18us max=20.22us read(Gbits/sec)=4.491 write(Gbits/sec)=4.491 count=137047
   23 RR Total-Throughput read(Gbits/sec)=70.714 write(Gbits/sec)=70.714

   24 RR .0 min=6.40us avg=8.51us max=151077.12us read(Gbits/sec)=3.796 write(Gbits/sec)=3.796 count=115858
   24 RR .1 min=6.40us avg=7.17us max=47.87us read(Gbits/sec)=4.501 write(Gbits/sec)=4.501 count=137373
   24 RR .2 min=6.14us avg=8.58us max=158731.52us read(Gbits/sec)=3.772 write(Gbits/sec)=3.772 count=115111
   24 RR .3 min=6.40us avg=7.17us max=17.41us read(Gbits/sec)=4.496 write(Gbits/sec)=4.496 count=137217
   24 RR .4 min=6.40us avg=7.19us max=19.20us read(Gbits/sec)=4.486 write(Gbits/sec)=4.486 count=136906
   24 RR .5 min=6.40us avg=7.17us max=18.18us read(Gbits/sec)=4.498 write(Gbits/sec)=4.498 count=137258
   24 RR .6 min=6.40us avg=7.17us max=18.43us read(Gbits/sec)=4.500 write(Gbits/sec)=4.500 count=137321
   24 RR .7 min=6.40us avg=7.18us max=18.69us read(Gbits/sec)=4.494 write(Gbits/sec)=4.494 count=137148
   24 RR .8 min=6.14us avg=7.19us max=39.42us read(Gbits/sec)=4.485 write(Gbits/sec)=4.485 count=136873
   24 RR .9 min=6.14us avg=7.17us max=18.69us read(Gbits/sec)=4.498 write(Gbits/sec)=4.498 count=137274
   24 RR .10 min=6.40us avg=7.17us max=48.64us read(Gbits/sec)=4.501 write(Gbits/sec)=4.501 count=137351
   24 RR .11 min=6.14us avg=7.18us max=18.43us read(Gbits/sec)=4.495 write(Gbits/sec)=4.495 count=137167
   24 RR .12 min=6.14us avg=7.20us max=42.50us read(Gbits/sec)=4.483 write(Gbits/sec)=4.483 count=136825
   24 RR .13 min=6.40us avg=7.17us max=17.41us read(Gbits/sec)=4.497 write(Gbits/sec)=4.497 count=137253
   24 RR .14 min=6.14us avg=7.16us max=39.17us read(Gbits/sec)=4.503 write(Gbits/sec)=4.503 count=137432
   24 RR .15 min=6.40us avg=7.18us max=17.41us read(Gbits/sec)=4.494 write(Gbits/sec)=4.494 count=137161
   24 RR Total-Throughput read(Gbits/sec)=70.500 write(Gbits/sec)=70.500

   25 RR .0 min=6.14us avg=7.17us max=41.73us read(Gbits/sec)=4.493 write(Gbits/sec)=4.493 count=137103
   25 RR .1 min=6.40us avg=7.18us max=17.41us read(Gbits/sec)=4.497 write(Gbits/sec)=4.497 count=137227
   25 RR .2 min=6.40us avg=7.18us max=18.94us read(Gbits/sec)=4.496 write(Gbits/sec)=4.496 count=137210
   25 RR .3 min=6.40us avg=7.18us max=18.43us read(Gbits/sec)=4.492 write(Gbits/sec)=4.492 count=137092
   25 RR .4 min=6.40us avg=7.20us max=18.94us read(Gbits/sec)=4.482 write(Gbits/sec)=4.482 count=136769
   25 RR .5 min=6.40us avg=7.18us max=18.43us read(Gbits/sec)=4.492 write(Gbits/sec)=4.492 count=137091
   25 RR .6 min=6.40us avg=7.18us max=41.73us read(Gbits/sec)=4.495 write(Gbits/sec)=4.495 count=137184
   25 RR .7 min=6.40us avg=7.19us max=17.66us read(Gbits/sec)=4.489 write(Gbits/sec)=4.489 count=137003
   25 RR .8 min=6.40us avg=7.20us max=19.71us read(Gbits/sec)=4.480 write(Gbits/sec)=4.480 count=136726
   25 RR .9 min=6.40us avg=7.18us max=17.41us read(Gbits/sec)=4.495 write(Gbits/sec)=4.495 count=137173
   25 RR .10 min=6.40us avg=8.40us max=142606.85us read(Gbits/sec)=3.850 write(Gbits/sec)=3.850 count=117485
   25 RR .11 min=6.40us avg=7.18us max=46.85us read(Gbits/sec)=4.491 write(Gbits/sec)=4.491 count=137054
   25 RR .12 min=6.14us avg=7.20us max=18.69us read(Gbits/sec)=4.479 write(Gbits/sec)=4.479 count=136694
   25 RR .13 min=6.40us avg=7.18us max=17.92us read(Gbits/sec)=4.494 write(Gbits/sec)=4.494 count=137142
   25 RR .14 min=6.40us avg=7.17us max=18.43us read(Gbits/sec)=4.500 write(Gbits/sec)=4.500 count=137325
   25 RR .15 min=6.40us avg=8.12us max=112955.65us read(Gbits/sec)=3.979 write(Gbits/sec)=3.979 count=121448
   25 RR Total-Throughput read(Gbits/sec)=70.703 write(Gbits/sec)=70.703

   26 RR .0 min=6.40us avg=7.19us max=967.68us read(Gbits/sec)=4.483 write(Gbits/sec)=4.483 count=136809
   26 RR .1 min=6.40us avg=7.19us max=49.41us read(Gbits/sec)=4.195 write(Gbits/sec)=4.195 count=128020
   26 RR .2 min=6.14us avg=7.18us max=18.94us read(Gbits/sec)=4.492 write(Gbits/sec)=4.492 count=137081
   26 RR .3 min=6.40us avg=7.19us max=17.66us read(Gbits/sec)=4.488 write(Gbits/sec)=4.488 count=136975
   26 RR .4 min=6.40us avg=7.21us max=21.25us read(Gbits/sec)=4.478 write(Gbits/sec)=4.478 count=136649
   26 RR .5 min=6.40us avg=7.19us max=18.69us read(Gbits/sec)=4.489 write(Gbits/sec)=4.489 count=136991
   26 RR .6 min=6.40us avg=7.18us max=31.74us read(Gbits/sec)=4.492 write(Gbits/sec)=4.492 count=137087
   26 RR .7 min=6.40us avg=7.19us max=50.43us read(Gbits/sec)=4.486 write(Gbits/sec)=4.486 count=136898
   26 RR .8 min=6.40us avg=7.21us max=42.50us read(Gbits/sec)=4.477 write(Gbits/sec)=4.477 count=136643
   26 RR .9 min=6.40us avg=7.20us max=21.25us read(Gbits/sec)=4.003 write(Gbits/sec)=4.003 count=122169
   26 RR .10 min=6.14us avg=7.18us max=17.92us read(Gbits/sec)=4.494 write(Gbits/sec)=4.494 count=137138
   26 RR .11 min=6.40us avg=7.19us max=20.99us read(Gbits/sec)=4.487 write(Gbits/sec)=4.487 count=136941
   26 RR .12 min=6.40us avg=7.21us max=17.92us read(Gbits/sec)=4.477 write(Gbits/sec)=4.477 count=136633
   26 RR .13 min=6.40us avg=7.19us max=20.22us read(Gbits/sec)=4.490 write(Gbits/sec)=4.490 count=137017
   26 RR .14 min=6.40us avg=7.17us max=45.06us read(Gbits/sec)=4.497 write(Gbits/sec)=4.497 count=137227
   26 RR .15 min=6.40us avg=7.19us max=19.71us read(Gbits/sec)=4.488 write(Gbits/sec)=4.488 count=136974
   26 RR Total-Throughput read(Gbits/sec)=71.016 write(Gbits/sec)=71.016

   27 RR .0 min=6.40us avg=7.19us max=223.49us read(Gbits/sec)=4.485 write(Gbits/sec)=4.485 count=136860
   27 RR .1 min=6.40us avg=8.32us max=141509.38us read(Gbits/sec)=4.140 write(Gbits/sec)=4.140 count=126351
   27 RR .2 min=6.40us avg=7.19us max=18.18us read(Gbits/sec)=4.488 write(Gbits/sec)=4.488 count=136976
   27 RR .3 min=6.40us avg=7.20us max=18.69us read(Gbits/sec)=4.484 write(Gbits/sec)=4.484 count=136844
   27 RR .4 min=6.40us avg=7.21us max=18.69us read(Gbits/sec)=4.475 write(Gbits/sec)=4.475 count=136554
   27 RR .5 min=6.40us avg=7.20us max=17.66us read(Gbits/sec)=4.484 write(Gbits/sec)=4.484 count=136849
   27 RR .6 min=6.40us avg=7.19us max=18.43us read(Gbits/sec)=4.487 write(Gbits/sec)=4.487 count=136945
   27 RR .7 min=6.40us avg=7.20us max=18.43us read(Gbits/sec)=4.482 write(Gbits/sec)=4.482 count=136790
   27 RR .8 min=6.40us avg=7.21us max=17.66us read(Gbits/sec)=4.474 write(Gbits/sec)=4.474 count=136533
   27 RR .9 min=6.40us avg=8.13us max=125462.53us read(Gbits/sec)=4.401 write(Gbits/sec)=4.401 count=134321
   27 RR .10 min=6.40us avg=7.19us max=18.94us read(Gbits/sec)=4.489 write(Gbits/sec)=4.489 count=136985
   27 RR .11 min=6.40us avg=7.20us max=35.58us read(Gbits/sec)=4.483 write(Gbits/sec)=4.483 count=136799
   27 RR .12 min=6.40us avg=7.21us max=37.89us read(Gbits/sec)=4.472 write(Gbits/sec)=4.472 count=136491
   27 RR .13 min=6.40us avg=7.19us max=18.43us read(Gbits/sec)=4.485 write(Gbits/sec)=4.485 count=136888
   27 RR .14 min=6.40us avg=7.18us max=19.97us read(Gbits/sec)=4.492 write(Gbits/sec)=4.492 count=137100
   27 RR .15 min=6.40us avg=7.20us max=33.02us read(Gbits/sec)=4.484 write(Gbits/sec)=4.484 count=136833
   27 RR Total-Throughput read(Gbits/sec)=71.306 write(Gbits/sec)=71.306

   28 RR .0 min=6.40us avg=7.18us max=39.94us read(Gbits/sec)=4.487 write(Gbits/sec)=4.487 count=136938
   28 RR .1 min=6.40us avg=7.18us max=19.97us read(Gbits/sec)=4.491 write(Gbits/sec)=4.491 count=137060
   28 RR .2 min=6.40us avg=7.18us max=17.41us read(Gbits/sec)=4.491 write(Gbits/sec)=4.491 count=137050
   28 RR .3 min=6.40us avg=7.19us max=18.69us read(Gbits/sec)=4.486 write(Gbits/sec)=4.486 count=136909
   28 RR .4 min=6.14us avg=7.21us max=50.43us read(Gbits/sec)=4.475 write(Gbits/sec)=4.475 count=136582
   28 RR .5 min=6.40us avg=8.38us max=138210.82us read(Gbits/sec)=3.862 write(Gbits/sec)=3.862 count=117855
   28 RR .6 min=6.40us avg=7.19us max=18.18us read(Gbits/sec)=4.490 write(Gbits/sec)=4.490 count=137034
   28 RR .7 min=6.40us avg=7.20us max=19.20us read(Gbits/sec)=4.483 write(Gbits/sec)=4.483 count=136820
   28 RR .8 min=6.40us avg=7.21us max=36.35us read(Gbits/sec)=4.475 write(Gbits/sec)=4.475 count=136562
   28 RR .9 min=6.40us avg=7.19us max=17.92us read(Gbits/sec)=4.489 write(Gbits/sec)=4.489 count=136997
   28 RR .10 min=6.40us avg=7.19us max=18.18us read(Gbits/sec)=4.490 write(Gbits/sec)=4.490 count=137036
   28 RR .11 min=6.40us avg=7.19us max=39.17us read(Gbits/sec)=4.485 write(Gbits/sec)=4.485 count=136873
   28 RR .12 min=6.40us avg=7.21us max=35.84us read(Gbits/sec)=4.473 write(Gbits/sec)=4.473 count=136522
   28 RR .13 min=6.40us avg=7.19us max=49.15us read(Gbits/sec)=4.487 write(Gbits/sec)=4.487 count=136932
   28 RR .14 min=6.40us avg=7.18us max=35.58us read(Gbits/sec)=4.495 write(Gbits/sec)=4.495 count=137174
   28 RR .15 min=6.40us avg=7.20us max=19.71us read(Gbits/sec)=4.485 write(Gbits/sec)=4.485 count=136879
   28 RR Total-Throughput read(Gbits/sec)=71.145 write(Gbits/sec)=71.145

   29 RR .0 min=6.40us avg=7.18us max=1344.77us read(Gbits/sec)=4.492 write(Gbits/sec)=4.492 count=137098
   29 RR .1 min=6.40us avg=7.17us max=18.18us read(Gbits/sec)=4.503 write(Gbits/sec)=4.503 count=137416
   29 RR .2 min=6.40us avg=7.17us max=20.99us read(Gbits/sec)=4.502 write(Gbits/sec)=4.502 count=137385
   29 RR .3 min=6.40us avg=7.17us max=17.15us read(Gbits/sec)=4.499 write(Gbits/sec)=4.499 count=137289
   29 RR .4 min=6.40us avg=7.19us max=30.72us read(Gbits/sec)=4.488 write(Gbits/sec)=4.488 count=136951
   29 RR .5 min=6.40us avg=7.17us max=18.69us read(Gbits/sec)=4.499 write(Gbits/sec)=4.499 count=137314
   29 RR .6 min=6.40us avg=7.17us max=21.76us read(Gbits/sec)=4.503 write(Gbits/sec)=4.503 count=137426
   29 RR .7 min=6.40us avg=8.85us max=184446.72us read(Gbits/sec)=3.658 write(Gbits/sec)=3.658 count=111643
   29 RR .8 min=6.40us avg=7.18us max=19.20us read(Gbits/sec)=4.491 write(Gbits/sec)=4.491 count=137058
   29 RR .9 min=6.40us avg=7.17us max=18.94us read(Gbits/sec)=4.502 write(Gbits/sec)=4.502 count=137377
   29 RR .10 min=6.40us avg=7.17us max=18.18us read(Gbits/sec)=4.502 write(Gbits/sec)=4.502 count=137400
   29 RR .11 min=6.40us avg=8.72us max=172823.81us read(Gbits/sec)=3.711 write(Gbits/sec)=3.711 count=113245
   29 RR .12 min=6.40us avg=7.19us max=18.18us read(Gbits/sec)=4.489 write(Gbits/sec)=4.489 count=137010
   29 RR .13 min=6.40us avg=7.17us max=17.92us read(Gbits/sec)=4.500 write(Gbits/sec)=4.500 count=137325
   29 RR .14 min=6.40us avg=7.16us max=17.92us read(Gbits/sec)=4.506 write(Gbits/sec)=4.506 count=137519
   29 RR .15 min=6.14us avg=7.17us max=18.43us read(Gbits/sec)=4.498 write(Gbits/sec)=4.498 count=137263
   29 RR Total-Throughput read(Gbits/sec)=70.343 write(Gbits/sec)=70.343


---
 0 nr_conn=1 nr_zero_io_conn=0
 1 nr_conn=1 nr_zero_io_conn=0
 2 nr_conn=1 nr_zero_io_conn=0
 3 nr_conn=1 nr_zero_io_conn=0
 4 nr_conn=1 nr_zero_io_conn=0
 5 nr_conn=1 nr_zero_io_conn=0
 6 nr_conn=1 nr_zero_io_conn=0
 7 nr_conn=1 nr_zero_io_conn=0
 8 nr_conn=1 nr_zero_io_conn=0
 9 nr_conn=1 nr_zero_io_conn=0
10 nr_conn=1 nr_zero_io_conn=0
11 nr_conn=1 nr_zero_io_conn=0
12 nr_conn=1 nr_zero_io_conn=0
13 nr_conn=1 nr_zero_io_conn=0
14 nr_conn=1 nr_zero_io_conn=0
15 nr_conn=1 nr_zero_io_conn=0
exiting client: 13
exiting client: 0
exiting client: 14
exiting client: 4
exiting client: 11
exiting client: 5
exiting client: 15
exiting client: 6
exiting client: 8
exiting client: 10
exiting client: 12
exiting client: 2
exiting client: 3
exiting client: 1
exiting client: 7
exiting client: 9
