:: TPA_CFG='net { name=enp33s0f1np1; mac=38:25:f3:79:98:2f; ip=172.24.1.3; mask=255.255.255.0; gw=10.0.0.1; ip6=fe80::3a25:f3ff:fe79:982f/64; } dpdk { pci=0000:21:00.1; } tcp {tso = 0; } dpdk { socket-mem = 8192; mbuf_mem_size = 6GB; }'
:: cmd=/home/acclnode14/libtpa/build/bin/app/fperf -c 172.24.1.52 -p 2888 -S 0 -t rr -d 30 -n 1 -m 1024 -X 1024 -R 960 -C 1 -Z 1 -K 3 -L 1 -D /tmp/fews5jx56k
EAL: Detected CPU lcores: 64
EAL: Detected NUMA nodes: 1
EAL: Detected static linkage of DPDK
EAL: Selected IOVA mode 'VA'
EAL: Probe PCI driver: mlx5_pci (15b3:101d) device: 0000:21:00.1 (socket 0)
    0 RR .0 min=9.22us avg=9.60us max=27.90us read(Gbits/sec)=0.774 write(Gbits/sec)=0.826 count=100840
    0 RR Total-Throughput read(Gbits/sec)=0.774 write(Gbits/sec)=0.826
    1 RR .0 min=9.22us avg=9.51us max=34.05us read(Gbits/sec)=0.794 write(Gbits/sec)=0.847 count=103342
    1 RR Total-Throughput read(Gbits/sec)=0.794 write(Gbits/sec)=0.847
    2 RR .0 min=9.22us avg=9.51us max=32.77us read(Gbits/sec)=0.794 write(Gbits/sec)=0.846 count=103332
    2 RR Total-Throughput read(Gbits/sec)=0.794 write(Gbits/sec)=0.846
    3 RR .0 min=9.22us avg=9.51us max=27.65us read(Gbits/sec)=0.794 write(Gbits/sec)=0.847 count=103346
    3 RR Total-Throughput read(Gbits/sec)=0.794 write(Gbits/sec)=0.847
    4 RR .0 min=8.96us avg=9.31us max=37.63us read(Gbits/sec)=0.816 write(Gbits/sec)=0.870 count=106260
    4 RR Total-Throughput read(Gbits/sec)=0.816 write(Gbits/sec)=0.870
    5 RR .0 min=8.96us avg=9.31us max=38.91us read(Gbits/sec)=0.817 write(Gbits/sec)=0.871 count=106355
    5 RR Total-Throughput read(Gbits/sec)=0.817 write(Gbits/sec)=0.871
    6 RR .0 min=8.96us avg=9.30us max=28.16us read(Gbits/sec)=0.817 write(Gbits/sec)=0.872 count=106420
    6 RR Total-Throughput read(Gbits/sec)=0.817 write(Gbits/sec)=0.872
    7 RR .0 min=8.96us avg=9.30us max=33.02us read(Gbits/sec)=0.817 write(Gbits/sec)=0.872 count=106414
    7 RR Total-Throughput read(Gbits/sec)=0.817 write(Gbits/sec)=0.872
    8 RR .0 min=8.96us avg=9.31us max=28.16us read(Gbits/sec)=0.817 write(Gbits/sec)=0.871 count=106380
    8 RR Total-Throughput read(Gbits/sec)=0.817 write(Gbits/sec)=0.871
    9 RR .0 min=8.96us avg=9.30us max=32.00us read(Gbits/sec)=0.817 write(Gbits/sec)=0.872 count=106426
    9 RR Total-Throughput read(Gbits/sec)=0.817 write(Gbits/sec)=0.872
   10 RR .0 min=8.96us avg=9.30us max=38.14us read(Gbits/sec)=0.817 write(Gbits/sec)=0.872 count=106417
   10 RR Total-Throughput read(Gbits/sec)=0.817 write(Gbits/sec)=0.872
   11 RR .0 min=8.96us avg=9.30us max=26.88us read(Gbits/sec)=0.817 write(Gbits/sec)=0.872 count=106416
   11 RR Total-Throughput read(Gbits/sec)=0.817 write(Gbits/sec)=0.872
   12 RR .0 min=8.96us avg=9.30us max=28.16us read(Gbits/sec)=0.817 write(Gbits/sec)=0.872 count=106408
   12 RR Total-Throughput read(Gbits/sec)=0.817 write(Gbits/sec)=0.872
   13 RR .0 min=8.96us avg=9.31us max=43.26us read(Gbits/sec)=0.817 write(Gbits/sec)=0.871 count=106371
   13 RR Total-Throughput read(Gbits/sec)=0.817 write(Gbits/sec)=0.871
   14 RR .0 min=8.96us avg=9.30us max=38.40us read(Gbits/sec)=0.817 write(Gbits/sec)=0.872 count=106420
   14 RR Total-Throughput read(Gbits/sec)=0.817 write(Gbits/sec)=0.872
   15 RR .0 min=8.96us avg=9.30us max=37.63us read(Gbits/sec)=0.817 write(Gbits/sec)=0.872 count=106413
   15 RR Total-Throughput read(Gbits/sec)=0.817 write(Gbits/sec)=0.872
   16 RR .0 min=8.96us avg=9.30us max=35.07us read(Gbits/sec)=0.817 write(Gbits/sec)=0.872 count=106398
   16 RR Total-Throughput read(Gbits/sec)=0.817 write(Gbits/sec)=0.872
   17 RR .0 min=8.96us avg=9.30us max=35.84us read(Gbits/sec)=0.817 write(Gbits/sec)=0.872 count=106413
   17 RR Total-Throughput read(Gbits/sec)=0.817 write(Gbits/sec)=0.872
   18 RR .0 min=8.96us avg=9.30us max=42.50us read(Gbits/sec)=0.817 write(Gbits/sec)=0.872 count=106414
   18 RR Total-Throughput read(Gbits/sec)=0.817 write(Gbits/sec)=0.872
   19 RR .0 min=8.96us avg=9.31us max=29.95us read(Gbits/sec)=0.817 write(Gbits/sec)=0.871 count=106368
   19 RR Total-Throughput read(Gbits/sec)=0.817 write(Gbits/sec)=0.871
   20 RR .0 min=8.96us avg=9.30us max=40.19us read(Gbits/sec)=0.817 write(Gbits/sec)=0.872 count=106421
   20 RR Total-Throughput read(Gbits/sec)=0.817 write(Gbits/sec)=0.872
   21 RR .0 min=8.96us avg=9.31us max=27.39us read(Gbits/sec)=0.817 write(Gbits/sec)=0.872 count=106390
   21 RR Total-Throughput read(Gbits/sec)=0.817 write(Gbits/sec)=0.872
   22 RR .0 min=8.96us avg=9.30us max=29.44us read(Gbits/sec)=0.817 write(Gbits/sec)=0.872 count=106422
   22 RR Total-Throughput read(Gbits/sec)=0.817 write(Gbits/sec)=0.872
   23 RR .0 min=8.96us avg=9.31us max=31.74us read(Gbits/sec)=0.817 write(Gbits/sec)=0.871 count=106367
   23 RR Total-Throughput read(Gbits/sec)=0.817 write(Gbits/sec)=0.871
   24 RR .0 min=8.96us avg=9.30us max=33.28us read(Gbits/sec)=0.817 write(Gbits/sec)=0.872 count=106418
   24 RR Total-Throughput read(Gbits/sec)=0.817 write(Gbits/sec)=0.872
   25 RR .0 min=8.96us avg=9.30us max=38.14us read(Gbits/sec)=0.817 write(Gbits/sec)=0.872 count=106413
   25 RR Total-Throughput read(Gbits/sec)=0.817 write(Gbits/sec)=0.872
   26 RR .0 min=8.96us avg=9.30us max=23.81us read(Gbits/sec)=0.817 write(Gbits/sec)=0.872 count=106424
   26 RR Total-Throughput read(Gbits/sec)=0.817 write(Gbits/sec)=0.872
   27 RR .0 min=8.96us avg=9.30us max=32.77us read(Gbits/sec)=0.817 write(Gbits/sec)=0.872 count=106406
   27 RR Total-Throughput read(Gbits/sec)=0.817 write(Gbits/sec)=0.872
   28 RR .0 min=8.96us avg=9.30us max=56.83us read(Gbits/sec)=0.817 write(Gbits/sec)=0.872 count=106422
   28 RR Total-Throughput read(Gbits/sec)=0.817 write(Gbits/sec)=0.872
   29 RR .0 min=8.96us avg=9.31us max=111.10us read(Gbits/sec)=0.817 write(Gbits/sec)=0.871 count=106376
   29 RR Total-Throughput read(Gbits/sec)=0.817 write(Gbits/sec)=0.871

---
 0 nr_conn=1 nr_zero_io_conn=0
exiting client: 0
