:: TPA_CFG='net { name=enp194s0f1np1; mac=10:70:fd:c4:0e:45; ip=172.24.5.17; mask=255.255.255.0; gw=10.67.24.65; ip6=fe80::1270:fdff:fec4:e45/64; } dpdk { pci=0000:c2:00.1; } tcp {tso = 0; }'
:: cmd=/home/balasuk/tcp_bench/libtpa/build/bin/app/tperf -c 172.24.5.101 -p 2888 -d 40 -n 1 -m 1024 -R 64 -t rr -F 3 -X 1024 -Z 1
    0 RR .0 min=9.98us avg=10.30us max=506.88us read(Gbits/sec)=0.040 write(Gbits/sec)=0.638 count=77878
    0 RR Total-Throughput read(Gbits/sec)=0.040 write(Gbits/sec)=0.638
    1 RR .0 min=9.98us avg=10.57us max=1349.63us read(Gbits/sec)=0.048 write(Gbits/sec)=0.767 count=93637
    1 RR Total-Throughput read(Gbits/sec)=0.048 write(Gbits/sec)=0.767
    2 RR .0 min=10.24us avg=10.60us max=1582.34us read(Gbits/sec)=0.048 write(Gbits/sec)=0.765 count=93438
    2 RR Total-Throughput read(Gbits/sec)=0.048 write(Gbits/sec)=0.765
    3 RR .0 min=10.24us avg=10.57us max=45.06us read(Gbits/sec)=0.048 write(Gbits/sec)=0.767 count=93623
    3 RR Total-Throughput read(Gbits/sec)=0.048 write(Gbits/sec)=0.767
    4 RR .0 min=10.24us avg=10.57us max=42.50us read(Gbits/sec)=0.048 write(Gbits/sec)=0.767 count=93643
    4 RR Total-Throughput read(Gbits/sec)=0.048 write(Gbits/sec)=0.767
    5 RR .0 min=10.24us avg=10.57us max=56.06us read(Gbits/sec)=0.048 write(Gbits/sec)=0.767 count=93657
    5 RR Total-Throughput read(Gbits/sec)=0.048 write(Gbits/sec)=0.767
    6 RR .0 min=10.24us avg=10.58us max=841.47us read(Gbits/sec)=0.048 write(Gbits/sec)=0.767 count=93570
    6 RR Total-Throughput read(Gbits/sec)=0.048 write(Gbits/sec)=0.767
    7 RR .0 min=10.24us avg=10.57us max=30.46us read(Gbits/sec)=0.048 write(Gbits/sec)=0.767 count=93664
    7 RR Total-Throughput read(Gbits/sec)=0.048 write(Gbits/sec)=0.767
    8 RR .0 min=10.24us avg=10.59us max=1418.24us read(Gbits/sec)=0.048 write(Gbits/sec)=0.766 count=93518
    8 RR Total-Throughput read(Gbits/sec)=0.048 write(Gbits/sec)=0.766
    9 RR .0 min=10.24us avg=10.58us max=768.77us read(Gbits/sec)=0.048 write(Gbits/sec)=0.766 count=93548
    9 RR Total-Throughput read(Gbits/sec)=0.048 write(Gbits/sec)=0.766
   10 RR .0 min=10.24us avg=10.58us max=61.18us read(Gbits/sec)=0.048 write(Gbits/sec)=0.767 count=93614
   10 RR Total-Throughput read(Gbits/sec)=0.048 write(Gbits/sec)=0.767
   11 RR .0 min=10.24us avg=10.59us max=1288.96us read(Gbits/sec)=0.048 write(Gbits/sec)=0.766 count=93500
   11 RR Total-Throughput read(Gbits/sec)=0.048 write(Gbits/sec)=0.766
   12 RR .0 min=10.24us avg=10.58us max=37.89us read(Gbits/sec)=0.048 write(Gbits/sec)=0.767 count=93613
   12 RR Total-Throughput read(Gbits/sec)=0.048 write(Gbits/sec)=0.767
   13 RR .0 min=10.24us avg=10.59us max=803.84us read(Gbits/sec)=0.048 write(Gbits/sec)=0.766 count=93539
   13 RR Total-Throughput read(Gbits/sec)=0.048 write(Gbits/sec)=0.766
   14 RR .0 min=10.24us avg=10.58us max=53.50us read(Gbits/sec)=0.048 write(Gbits/sec)=0.767 count=93607
   14 RR Total-Throughput read(Gbits/sec)=0.048 write(Gbits/sec)=0.767
   15 RR .0 min=10.24us avg=10.59us max=1270.53us read(Gbits/sec)=0.048 write(Gbits/sec)=0.766 count=93510
   15 RR Total-Throughput read(Gbits/sec)=0.048 write(Gbits/sec)=0.766
   16 RR .0 min=10.24us avg=10.57us max=49.15us read(Gbits/sec)=0.048 write(Gbits/sec)=0.767 count=93621
   16 RR Total-Throughput read(Gbits/sec)=0.048 write(Gbits/sec)=0.767
   17 RR .0 min=10.24us avg=10.58us max=886.02us read(Gbits/sec)=0.048 write(Gbits/sec)=0.766 count=93543
   17 RR Total-Throughput read(Gbits/sec)=0.048 write(Gbits/sec)=0.766
   18 RR .0 min=10.24us avg=10.57us max=49.41us read(Gbits/sec)=0.048 write(Gbits/sec)=0.767 count=93623
   18 RR Total-Throughput read(Gbits/sec)=0.048 write(Gbits/sec)=0.767
   19 RR .0 min=10.24us avg=10.57us max=15.36us read(Gbits/sec)=0.048 write(Gbits/sec)=0.767 count=93635
   19 RR Total-Throughput read(Gbits/sec)=0.048 write(Gbits/sec)=0.767
   20 RR .0 min=10.24us avg=10.59us max=1312.00us read(Gbits/sec)=0.048 write(Gbits/sec)=0.766 count=93518
   20 RR Total-Throughput read(Gbits/sec)=0.048 write(Gbits/sec)=0.766
   21 RR .0 min=10.24us avg=10.57us max=21.25us read(Gbits/sec)=0.048 write(Gbits/sec)=0.767 count=93660
   21 RR Total-Throughput read(Gbits/sec)=0.048 write(Gbits/sec)=0.767
   22 RR .0 min=10.24us avg=10.57us max=43.26us read(Gbits/sec)=0.048 write(Gbits/sec)=0.767 count=93663
   22 RR Total-Throughput read(Gbits/sec)=0.048 write(Gbits/sec)=0.767
   23 RR .0 min=10.24us avg=10.58us max=916.99us read(Gbits/sec)=0.048 write(Gbits/sec)=0.767 count=93579
   23 RR Total-Throughput read(Gbits/sec)=0.048 write(Gbits/sec)=0.767
   24 RR .0 min=10.24us avg=10.57us max=45.06us read(Gbits/sec)=0.048 write(Gbits/sec)=0.767 count=93652
   24 RR Total-Throughput read(Gbits/sec)=0.048 write(Gbits/sec)=0.767
   25 RR .0 min=10.24us avg=10.57us max=38.14us read(Gbits/sec)=0.048 write(Gbits/sec)=0.767 count=93659
   25 RR Total-Throughput read(Gbits/sec)=0.048 write(Gbits/sec)=0.767
   26 RR .0 min=10.24us avg=10.57us max=57.60us read(Gbits/sec)=0.048 write(Gbits/sec)=0.767 count=93661
   26 RR Total-Throughput read(Gbits/sec)=0.048 write(Gbits/sec)=0.767
   27 RR .0 min=10.24us avg=10.59us max=1321.98us read(Gbits/sec)=0.048 write(Gbits/sec)=0.766 count=93542
   27 RR Total-Throughput read(Gbits/sec)=0.048 write(Gbits/sec)=0.766
   28 RR .0 min=10.24us avg=10.57us max=40.96us read(Gbits/sec)=0.048 write(Gbits/sec)=0.767 count=93658
   28 RR Total-Throughput read(Gbits/sec)=0.048 write(Gbits/sec)=0.767
   29 RR .0 min=9.98us avg=10.53us max=53.50us read(Gbits/sec)=0.048 write(Gbits/sec)=0.770 count=93979
   29 RR Total-Throughput read(Gbits/sec)=0.048 write(Gbits/sec)=0.770
   30 RR .0 min=9.98us avg=10.33us max=877.31us read(Gbits/sec)=0.049 write(Gbits/sec)=0.785 count=95846
   30 RR Total-Throughput read(Gbits/sec)=0.049 write(Gbits/sec)=0.785
   31 RR .0 min=10.24us avg=10.58us max=28.93us read(Gbits/sec)=0.048 write(Gbits/sec)=0.767 count=93588
   31 RR Total-Throughput read(Gbits/sec)=0.048 write(Gbits/sec)=0.767
   32 RR .0 min=10.24us avg=10.58us max=35.07us read(Gbits/sec)=0.048 write(Gbits/sec)=0.767 count=93579
   32 RR Total-Throughput read(Gbits/sec)=0.048 write(Gbits/sec)=0.767
   33 RR .0 min=10.24us avg=10.58us max=44.03us read(Gbits/sec)=0.048 write(Gbits/sec)=0.767 count=93602
   33 RR Total-Throughput read(Gbits/sec)=0.048 write(Gbits/sec)=0.767
   34 RR .0 min=10.24us avg=10.57us max=40.19us read(Gbits/sec)=0.048 write(Gbits/sec)=0.767 count=93645
   34 RR Total-Throughput read(Gbits/sec)=0.048 write(Gbits/sec)=0.767
   35 RR .0 min=10.24us avg=10.59us max=1311.23us read(Gbits/sec)=0.048 write(Gbits/sec)=0.766 count=93544
   35 RR Total-Throughput read(Gbits/sec)=0.048 write(Gbits/sec)=0.766
   36 RR .0 min=10.24us avg=10.57us max=40.45us read(Gbits/sec)=0.048 write(Gbits/sec)=0.767 count=93649
   36 RR Total-Throughput read(Gbits/sec)=0.048 write(Gbits/sec)=0.767
   37 RR .0 min=10.24us avg=10.57us max=51.46us read(Gbits/sec)=0.048 write(Gbits/sec)=0.767 count=93658
   37 RR Total-Throughput read(Gbits/sec)=0.048 write(Gbits/sec)=0.767
   38 RR .0 min=10.24us avg=10.57us max=30.72us read(Gbits/sec)=0.048 write(Gbits/sec)=0.767 count=93657
   38 RR Total-Throughput read(Gbits/sec)=0.048 write(Gbits/sec)=0.767
   39 RR .0 min=10.24us avg=10.57us max=15.62us read(Gbits/sec)=0.048 write(Gbits/sec)=0.767 count=93659
   39 RR Total-Throughput read(Gbits/sec)=0.048 write(Gbits/sec)=0.767

---
 0 nr_conn=1 nr_zero_io_conn=0
