:: TPA_CFG='net { name=enp33s0f1np1; mac=38:25:f3:79:98:2f; ip=172.24.1.3; mask=255.255.255.0; gw=10.0.0.1; ip6=fe80::3a25:f3ff:fe79:982f/64; } dpdk { pci=0000:21:00.1; } tcp {tso = 0; } dpdk { socket-mem = 8192; mbuf_mem_size = 6GB; }'
:: cmd=/home/acclnode14/libtpa/build/bin/app/fperf -c 172.24.1.52 -p 2888 -S 0 -t rr -d 40 -n 1 -m 1024 -X 4096 -R 64 -C 1 -Z 1 -K 0 -L 1 -D /tmp/fese68f_ej
EAL: Detected CPU lcores: 64
EAL: Detected NUMA nodes: 1
EAL: Detected static linkage of DPDK
EAL: Selected IOVA mode 'VA'
EAL: Probe PCI driver: mlx5_pci (15b3:101d) device: 0000:21:00.1 (socket 0)
    0 RR .0 min=13.31us avg=13.56us max=54.02us read(Gbits/sec)=0.037 write(Gbits/sec)=2.349 count=71689
    0 RR Total-Throughput read(Gbits/sec)=0.037 write(Gbits/sec)=2.349
    1 RR .0 min=13.31us avg=13.49us max=35.33us read(Gbits/sec)=0.037 write(Gbits/sec)=2.398 count=73176
    1 RR Total-Throughput read(Gbits/sec)=0.037 write(Gbits/sec)=2.398
    2 RR .0 min=13.31us avg=13.49us max=46.34us read(Gbits/sec)=0.037 write(Gbits/sec)=2.398 count=73175
    2 RR Total-Throughput read(Gbits/sec)=0.037 write(Gbits/sec)=2.398
    3 RR .0 min=13.31us avg=13.49us max=40.19us read(Gbits/sec)=0.037 write(Gbits/sec)=2.398 count=73174
    3 RR Total-Throughput read(Gbits/sec)=0.037 write(Gbits/sec)=2.398
    4 RR .0 min=13.31us avg=13.49us max=52.48us read(Gbits/sec)=0.037 write(Gbits/sec)=2.398 count=73168
    4 RR Total-Throughput read(Gbits/sec)=0.037 write(Gbits/sec)=2.398
    5 RR .0 min=13.31us avg=13.50us max=32.00us read(Gbits/sec)=0.037 write(Gbits/sec)=2.397 count=73136
    5 RR Total-Throughput read(Gbits/sec)=0.037 write(Gbits/sec)=2.397
    6 RR .0 min=13.31us avg=13.49us max=32.00us read(Gbits/sec)=0.037 write(Gbits/sec)=2.398 count=73170
    6 RR Total-Throughput read(Gbits/sec)=0.037 write(Gbits/sec)=2.398
    7 RR .0 min=13.31us avg=13.49us max=37.12us read(Gbits/sec)=0.037 write(Gbits/sec)=2.398 count=73170
    7 RR Total-Throughput read(Gbits/sec)=0.037 write(Gbits/sec)=2.398
    8 RR .0 min=13.31us avg=13.49us max=38.14us read(Gbits/sec)=0.037 write(Gbits/sec)=2.398 count=73173
    8 RR Total-Throughput read(Gbits/sec)=0.037 write(Gbits/sec)=2.398
    9 RR .0 min=13.31us avg=13.49us max=30.72us read(Gbits/sec)=0.037 write(Gbits/sec)=2.398 count=73179
    9 RR Total-Throughput read(Gbits/sec)=0.037 write(Gbits/sec)=2.398
   10 RR .0 min=13.31us avg=13.49us max=42.50us read(Gbits/sec)=0.037 write(Gbits/sec)=2.398 count=73187
   10 RR Total-Throughput read(Gbits/sec)=0.037 write(Gbits/sec)=2.398
   11 RR .0 min=13.31us avg=13.49us max=26.62us read(Gbits/sec)=0.037 write(Gbits/sec)=2.398 count=73181
   11 RR Total-Throughput read(Gbits/sec)=0.037 write(Gbits/sec)=2.398
   12 RR .0 min=13.31us avg=13.49us max=33.28us read(Gbits/sec)=0.037 write(Gbits/sec)=2.398 count=73175
   12 RR Total-Throughput read(Gbits/sec)=0.037 write(Gbits/sec)=2.398
   13 RR .0 min=13.31us avg=13.50us max=36.35us read(Gbits/sec)=0.037 write(Gbits/sec)=2.396 count=73134
   13 RR Total-Throughput read(Gbits/sec)=0.037 write(Gbits/sec)=2.396
   14 RR .0 min=13.31us avg=13.49us max=59.14us read(Gbits/sec)=0.037 write(Gbits/sec)=2.398 count=73176
   14 RR Total-Throughput read(Gbits/sec)=0.037 write(Gbits/sec)=2.398
   15 RR .0 min=13.31us avg=13.49us max=35.33us read(Gbits/sec)=0.037 write(Gbits/sec)=2.398 count=73180
   15 RR Total-Throughput read(Gbits/sec)=0.037 write(Gbits/sec)=2.398
   16 RR .0 min=13.31us avg=13.49us max=45.31us read(Gbits/sec)=0.037 write(Gbits/sec)=2.398 count=73182
   16 RR Total-Throughput read(Gbits/sec)=0.037 write(Gbits/sec)=2.398
   17 RR .0 min=13.31us avg=13.49us max=32.51us read(Gbits/sec)=0.037 write(Gbits/sec)=2.398 count=73182
   17 RR Total-Throughput read(Gbits/sec)=0.037 write(Gbits/sec)=2.398
   18 RR .0 min=13.31us avg=13.49us max=41.47us read(Gbits/sec)=0.037 write(Gbits/sec)=2.398 count=73176
   18 RR Total-Throughput read(Gbits/sec)=0.037 write(Gbits/sec)=2.398
   19 RR .0 min=13.31us avg=13.49us max=32.51us read(Gbits/sec)=0.037 write(Gbits/sec)=2.398 count=73175
   19 RR Total-Throughput read(Gbits/sec)=0.037 write(Gbits/sec)=2.398
   20 RR .0 min=13.31us avg=13.49us max=30.46us read(Gbits/sec)=0.037 write(Gbits/sec)=2.398 count=73181
   20 RR Total-Throughput read(Gbits/sec)=0.037 write(Gbits/sec)=2.398
   21 RR .0 min=13.31us avg=13.50us max=34.05us read(Gbits/sec)=0.037 write(Gbits/sec)=2.397 count=73154
   21 RR Total-Throughput read(Gbits/sec)=0.037 write(Gbits/sec)=2.397
   22 RR .0 min=13.31us avg=13.49us max=29.18us read(Gbits/sec)=0.037 write(Gbits/sec)=2.398 count=73180
   22 RR Total-Throughput read(Gbits/sec)=0.037 write(Gbits/sec)=2.398
   23 RR .0 min=13.31us avg=13.49us max=39.17us read(Gbits/sec)=0.037 write(Gbits/sec)=2.397 count=73160
   23 RR Total-Throughput read(Gbits/sec)=0.037 write(Gbits/sec)=2.397
   24 RR .0 min=13.31us avg=13.49us max=20.99us read(Gbits/sec)=0.037 write(Gbits/sec)=2.398 count=73170
   24 RR Total-Throughput read(Gbits/sec)=0.037 write(Gbits/sec)=2.398
   25 RR .0 min=13.31us avg=13.49us max=36.86us read(Gbits/sec)=0.037 write(Gbits/sec)=2.398 count=73173
   25 RR Total-Throughput read(Gbits/sec)=0.037 write(Gbits/sec)=2.398
   26 RR .0 min=13.06us avg=13.49us max=50.94us read(Gbits/sec)=0.037 write(Gbits/sec)=2.397 count=73162
   26 RR Total-Throughput read(Gbits/sec)=0.037 write(Gbits/sec)=2.397
   27 RR .0 min=13.31us avg=13.49us max=22.53us read(Gbits/sec)=0.037 write(Gbits/sec)=2.397 count=73164
   27 RR Total-Throughput read(Gbits/sec)=0.037 write(Gbits/sec)=2.397
   28 RR .0 min=13.31us avg=13.50us max=37.12us read(Gbits/sec)=0.037 write(Gbits/sec)=2.396 count=73130
   28 RR Total-Throughput read(Gbits/sec)=0.037 write(Gbits/sec)=2.396
   29 RR .0 min=13.06us avg=13.50us max=140.54us read(Gbits/sec)=0.037 write(Gbits/sec)=2.396 count=73132
   29 RR Total-Throughput read(Gbits/sec)=0.037 write(Gbits/sec)=2.396
   30 RR .0 min=13.31us avg=13.49us max=30.98us read(Gbits/sec)=0.037 write(Gbits/sec)=2.398 count=73170
   30 RR Total-Throughput read(Gbits/sec)=0.037 write(Gbits/sec)=2.398
   31 RR .0 min=13.31us avg=13.49us max=39.94us read(Gbits/sec)=0.037 write(Gbits/sec)=2.398 count=73166
   31 RR Total-Throughput read(Gbits/sec)=0.037 write(Gbits/sec)=2.398
   32 RR .0 min=13.31us avg=13.49us max=35.33us read(Gbits/sec)=0.037 write(Gbits/sec)=2.398 count=73169
   32 RR Total-Throughput read(Gbits/sec)=0.037 write(Gbits/sec)=2.398
   33 RR .0 min=13.31us avg=13.49us max=32.51us read(Gbits/sec)=0.037 write(Gbits/sec)=2.397 count=73165
   33 RR Total-Throughput read(Gbits/sec)=0.037 write(Gbits/sec)=2.397
   34 RR .0 min=13.31us avg=13.49us max=27.39us read(Gbits/sec)=0.037 write(Gbits/sec)=2.398 count=73171
   34 RR Total-Throughput read(Gbits/sec)=0.037 write(Gbits/sec)=2.398
   35 RR .0 min=13.31us avg=13.50us max=30.98us read(Gbits/sec)=0.037 write(Gbits/sec)=2.397 count=73147
   35 RR Total-Throughput read(Gbits/sec)=0.037 write(Gbits/sec)=2.397
   36 RR .0 min=13.31us avg=13.50us max=30.46us read(Gbits/sec)=0.037 write(Gbits/sec)=2.397 count=73149
   36 RR Total-Throughput read(Gbits/sec)=0.037 write(Gbits/sec)=2.397
   37 RR .0 min=13.31us avg=13.50us max=37.38us read(Gbits/sec)=0.037 write(Gbits/sec)=2.397 count=73149
   37 RR Total-Throughput read(Gbits/sec)=0.037 write(Gbits/sec)=2.397
   38 RR .0 min=13.31us avg=13.49us max=29.70us read(Gbits/sec)=0.037 write(Gbits/sec)=2.398 count=73168
   38 RR Total-Throughput read(Gbits/sec)=0.037 write(Gbits/sec)=2.398
   39 RR .0 min=13.31us avg=13.49us max=38.91us read(Gbits/sec)=0.037 write(Gbits/sec)=2.398 count=73166
   39 RR Total-Throughput read(Gbits/sec)=0.037 write(Gbits/sec)=2.398

---
 0 nr_conn=1 nr_zero_io_conn=0
exiting client: 0
