:: TPA_CFG='net { name=enp33s0f1np1; mac=38:25:f3:79:98:2f; ip=172.24.1.3; mask=255.255.255.0; gw=10.0.0.1; ip6=fe80::3a25:f3ff:fe79:982f/64; } dpdk { pci=0000:21:00.1; } tcp {tso = 0; } dpdk { socket-mem = 8192; mbuf_mem_size = 6GB; }'
:: cmd=/home/acclnode14/libtpa/build/bin/app/fperf -c 172.24.1.52 -p 2888 -S 0 -t rr -d 40 -n 1 -m 1024 -X 1024 -R 960 -C 1 -Z 1 -K 0 -L 1 -D /tmp/femrg9cauz
EAL: Detected CPU lcores: 64
EAL: Detected NUMA nodes: 1
EAL: Detected static linkage of DPDK
EAL: Selected IOVA mode 'VA'
EAL: Probe PCI driver: mlx5_pci (15b3:101d) device: 0000:21:00.1 (socket 0)
    0 RR .0 min=13.31us avg=13.65us max=69.63us read(Gbits/sec)=0.550 write(Gbits/sec)=0.587 count=71618
    0 RR Total-Throughput read(Gbits/sec)=0.550 write(Gbits/sec)=0.587
    1 RR .0 min=13.31us avg=13.64us max=28.16us read(Gbits/sec)=0.559 write(Gbits/sec)=0.596 count=72812
    1 RR Total-Throughput read(Gbits/sec)=0.559 write(Gbits/sec)=0.596
    2 RR .0 min=13.31us avg=13.64us max=32.51us read(Gbits/sec)=0.559 write(Gbits/sec)=0.596 count=72806
    2 RR Total-Throughput read(Gbits/sec)=0.559 write(Gbits/sec)=0.596
    3 RR .0 min=13.31us avg=13.65us max=46.34us read(Gbits/sec)=0.559 write(Gbits/sec)=0.596 count=72770
    3 RR Total-Throughput read(Gbits/sec)=0.559 write(Gbits/sec)=0.596
    4 RR .0 min=13.31us avg=13.64us max=24.32us read(Gbits/sec)=0.559 write(Gbits/sec)=0.596 count=72811
    4 RR Total-Throughput read(Gbits/sec)=0.559 write(Gbits/sec)=0.596
    5 RR .0 min=13.31us avg=13.64us max=30.21us read(Gbits/sec)=0.559 write(Gbits/sec)=0.597 count=72818
    5 RR Total-Throughput read(Gbits/sec)=0.559 write(Gbits/sec)=0.597
    6 RR .0 min=13.31us avg=13.64us max=35.58us read(Gbits/sec)=0.559 write(Gbits/sec)=0.596 count=72814
    6 RR Total-Throughput read(Gbits/sec)=0.559 write(Gbits/sec)=0.596
    7 RR .0 min=13.31us avg=13.64us max=33.28us read(Gbits/sec)=0.559 write(Gbits/sec)=0.596 count=72813
    7 RR Total-Throughput read(Gbits/sec)=0.559 write(Gbits/sec)=0.596
    8 RR .0 min=13.31us avg=13.64us max=37.89us read(Gbits/sec)=0.559 write(Gbits/sec)=0.596 count=72814
    8 RR Total-Throughput read(Gbits/sec)=0.559 write(Gbits/sec)=0.596
    9 RR .0 min=13.31us avg=13.63us max=33.28us read(Gbits/sec)=0.559 write(Gbits/sec)=0.597 count=72829
    9 RR Total-Throughput read(Gbits/sec)=0.559 write(Gbits/sec)=0.597
   10 RR .0 min=13.31us avg=13.64us max=34.05us read(Gbits/sec)=0.559 write(Gbits/sec)=0.597 count=72833
   10 RR Total-Throughput read(Gbits/sec)=0.559 write(Gbits/sec)=0.597
   11 RR .0 min=13.31us avg=13.64us max=39.42us read(Gbits/sec)=0.559 write(Gbits/sec)=0.596 count=72803
   11 RR Total-Throughput read(Gbits/sec)=0.559 write(Gbits/sec)=0.596
   12 RR .0 min=13.31us avg=13.63us max=22.02us read(Gbits/sec)=0.559 write(Gbits/sec)=0.597 count=72833
   12 RR Total-Throughput read(Gbits/sec)=0.559 write(Gbits/sec)=0.597
   13 RR .0 min=13.31us avg=13.63us max=42.75us read(Gbits/sec)=0.559 write(Gbits/sec)=0.597 count=72832
   13 RR Total-Throughput read(Gbits/sec)=0.559 write(Gbits/sec)=0.597
   14 RR .0 min=13.31us avg=13.63us max=28.93us read(Gbits/sec)=0.559 write(Gbits/sec)=0.597 count=72830
   14 RR Total-Throughput read(Gbits/sec)=0.559 write(Gbits/sec)=0.597
   15 RR .0 min=13.31us avg=13.64us max=48.90us read(Gbits/sec)=0.559 write(Gbits/sec)=0.596 count=72809
   15 RR Total-Throughput read(Gbits/sec)=0.559 write(Gbits/sec)=0.596
   16 RR .0 min=13.31us avg=13.63us max=36.35us read(Gbits/sec)=0.559 write(Gbits/sec)=0.597 count=72831
   16 RR Total-Throughput read(Gbits/sec)=0.559 write(Gbits/sec)=0.597
   17 RR .0 min=13.31us avg=13.63us max=33.28us read(Gbits/sec)=0.559 write(Gbits/sec)=0.597 count=72836
   17 RR Total-Throughput read(Gbits/sec)=0.559 write(Gbits/sec)=0.597
   18 RR .0 min=13.31us avg=13.63us max=36.61us read(Gbits/sec)=0.559 write(Gbits/sec)=0.597 count=72837
   18 RR Total-Throughput read(Gbits/sec)=0.559 write(Gbits/sec)=0.597
   19 RR .0 min=13.31us avg=13.64us max=36.35us read(Gbits/sec)=0.559 write(Gbits/sec)=0.596 count=72809
   19 RR Total-Throughput read(Gbits/sec)=0.559 write(Gbits/sec)=0.596
   20 RR .0 min=13.31us avg=13.63us max=25.86us read(Gbits/sec)=0.559 write(Gbits/sec)=0.597 count=72834
   20 RR Total-Throughput read(Gbits/sec)=0.559 write(Gbits/sec)=0.597
   21 RR .0 min=13.31us avg=13.64us max=49.92us read(Gbits/sec)=0.559 write(Gbits/sec)=0.597 count=72829
   21 RR Total-Throughput read(Gbits/sec)=0.559 write(Gbits/sec)=0.597
   22 RR .0 min=13.31us avg=13.63us max=26.37us read(Gbits/sec)=0.559 write(Gbits/sec)=0.597 count=72833
   22 RR Total-Throughput read(Gbits/sec)=0.559 write(Gbits/sec)=0.597
   23 RR .0 min=13.31us avg=13.63us max=49.92us read(Gbits/sec)=0.559 write(Gbits/sec)=0.597 count=72829
   23 RR Total-Throughput read(Gbits/sec)=0.559 write(Gbits/sec)=0.597
   24 RR .0 min=13.31us avg=13.64us max=38.40us read(Gbits/sec)=0.559 write(Gbits/sec)=0.597 count=72823
   24 RR Total-Throughput read(Gbits/sec)=0.559 write(Gbits/sec)=0.597
   25 RR .0 min=13.31us avg=13.63us max=32.51us read(Gbits/sec)=0.559 write(Gbits/sec)=0.597 count=72834
   25 RR Total-Throughput read(Gbits/sec)=0.559 write(Gbits/sec)=0.597
   26 RR .0 min=13.31us avg=13.64us max=34.05us read(Gbits/sec)=0.559 write(Gbits/sec)=0.597 count=72828
   26 RR Total-Throughput read(Gbits/sec)=0.559 write(Gbits/sec)=0.597
   27 RR .0 min=13.31us avg=13.64us max=30.46us read(Gbits/sec)=0.559 write(Gbits/sec)=0.597 count=72833
   27 RR Total-Throughput read(Gbits/sec)=0.559 write(Gbits/sec)=0.597
   28 RR .0 min=13.31us avg=13.63us max=26.11us read(Gbits/sec)=0.559 write(Gbits/sec)=0.597 count=72825
   28 RR Total-Throughput read(Gbits/sec)=0.559 write(Gbits/sec)=0.597
   29 RR .0 min=13.31us avg=13.64us max=126.98us read(Gbits/sec)=0.559 write(Gbits/sec)=0.596 count=72808
   29 RR Total-Throughput read(Gbits/sec)=0.559 write(Gbits/sec)=0.596
   30 RR .0 min=13.31us avg=13.64us max=30.72us read(Gbits/sec)=0.559 write(Gbits/sec)=0.596 count=72812
   30 RR Total-Throughput read(Gbits/sec)=0.559 write(Gbits/sec)=0.596
   31 RR .0 min=13.31us avg=13.63us max=40.45us read(Gbits/sec)=0.559 write(Gbits/sec)=0.597 count=72834
   31 RR Total-Throughput read(Gbits/sec)=0.559 write(Gbits/sec)=0.597
   32 RR .0 min=13.31us avg=13.64us max=55.81us read(Gbits/sec)=0.559 write(Gbits/sec)=0.597 count=72826
   32 RR Total-Throughput read(Gbits/sec)=0.559 write(Gbits/sec)=0.597
   33 RR .0 min=13.31us avg=13.63us max=29.44us read(Gbits/sec)=0.559 write(Gbits/sec)=0.597 count=72828
   33 RR Total-Throughput read(Gbits/sec)=0.559 write(Gbits/sec)=0.597
   34 RR .0 min=13.31us avg=13.63us max=27.90us read(Gbits/sec)=0.559 write(Gbits/sec)=0.597 count=72833
   34 RR Total-Throughput read(Gbits/sec)=0.559 write(Gbits/sec)=0.597
   35 RR .0 min=13.31us avg=13.64us max=37.38us read(Gbits/sec)=0.559 write(Gbits/sec)=0.596 count=72809
   35 RR Total-Throughput read(Gbits/sec)=0.559 write(Gbits/sec)=0.596
   36 RR .0 min=13.31us avg=13.64us max=35.58us read(Gbits/sec)=0.559 write(Gbits/sec)=0.596 count=72812
   36 RR Total-Throughput read(Gbits/sec)=0.559 write(Gbits/sec)=0.596
   37 RR .0 min=13.31us avg=13.64us max=35.07us read(Gbits/sec)=0.559 write(Gbits/sec)=0.596 count=72811
   37 RR Total-Throughput read(Gbits/sec)=0.559 write(Gbits/sec)=0.596
   38 RR .0 min=13.31us avg=13.63us max=33.79us read(Gbits/sec)=0.559 write(Gbits/sec)=0.597 count=72827
   38 RR Total-Throughput read(Gbits/sec)=0.559 write(Gbits/sec)=0.597
   39 RR .0 min=13.31us avg=13.64us max=37.89us read(Gbits/sec)=0.559 write(Gbits/sec)=0.597 count=72829
   39 RR Total-Throughput read(Gbits/sec)=0.559 write(Gbits/sec)=0.597

---
 0 nr_conn=1 nr_zero_io_conn=0
exiting client: 0
