:: TPA_CFG='net { name=enp33s0f1np1; mac=38:25:f3:79:98:2f; ip=172.24.1.3; mask=255.255.255.0; gw=10.0.0.1; ip6=fe80::3a25:f3ff:fe79:982f/64; } dpdk { pci=0000:21:00.1; } tcp {tso = 0; } dpdk { socket-mem = 8192; mbuf_mem_size = 6GB; }'
:: cmd=/home/acclnode14/libtpa/build/bin/app/fperf -c 172.24.1.52 -p 2888 -S 0 -t rr -d 40 -n 1 -m 1024 -X 1024 -R 960 -C 1 -Z 1 -K 0 -L 1 -D /tmp/feg3ffv8wd
EAL: Detected CPU lcores: 64
EAL: Detected NUMA nodes: 1
EAL: Detected static linkage of DPDK
EAL: Selected IOVA mode 'VA'
EAL: Probe PCI driver: mlx5_pci (15b3:101d) device: 0000:21:00.1 (socket 0)
    0 RR .0 min=13.82us avg=13.96us max=45.06us read(Gbits/sec)=0.538 write(Gbits/sec)=0.574 count=70055
    0 RR Total-Throughput read(Gbits/sec)=0.538 write(Gbits/sec)=0.574
    1 RR .0 min=13.82us avg=13.95us max=26.37us read(Gbits/sec)=0.547 write(Gbits/sec)=0.583 count=71194
    1 RR Total-Throughput read(Gbits/sec)=0.547 write(Gbits/sec)=0.583
    2 RR .0 min=13.82us avg=13.95us max=76.03us read(Gbits/sec)=0.547 write(Gbits/sec)=0.583 count=71183
    2 RR Total-Throughput read(Gbits/sec)=0.547 write(Gbits/sec)=0.583
    3 RR .0 min=13.82us avg=13.95us max=37.38us read(Gbits/sec)=0.547 write(Gbits/sec)=0.583 count=71189
    3 RR Total-Throughput read(Gbits/sec)=0.547 write(Gbits/sec)=0.583
    4 RR .0 min=13.82us avg=13.96us max=40.96us read(Gbits/sec)=0.546 write(Gbits/sec)=0.583 count=71150
    4 RR Total-Throughput read(Gbits/sec)=0.546 write(Gbits/sec)=0.583
    5 RR .0 min=13.82us avg=13.95us max=28.67us read(Gbits/sec)=0.547 write(Gbits/sec)=0.583 count=71194
    5 RR Total-Throughput read(Gbits/sec)=0.547 write(Gbits/sec)=0.583
    6 RR .0 min=13.82us avg=13.95us max=59.90us read(Gbits/sec)=0.547 write(Gbits/sec)=0.583 count=71199
    6 RR Total-Throughput read(Gbits/sec)=0.547 write(Gbits/sec)=0.583
    7 RR .0 min=13.57us avg=13.95us max=25.60us read(Gbits/sec)=0.547 write(Gbits/sec)=0.583 count=71204
    7 RR Total-Throughput read(Gbits/sec)=0.547 write(Gbits/sec)=0.583
    8 RR .0 min=13.82us avg=13.95us max=31.74us read(Gbits/sec)=0.547 write(Gbits/sec)=0.583 count=71201
    8 RR Total-Throughput read(Gbits/sec)=0.547 write(Gbits/sec)=0.583
    9 RR .0 min=13.82us avg=13.95us max=29.18us read(Gbits/sec)=0.547 write(Gbits/sec)=0.583 count=71193
    9 RR Total-Throughput read(Gbits/sec)=0.547 write(Gbits/sec)=0.583
   10 RR .0 min=13.82us avg=13.95us max=27.39us read(Gbits/sec)=0.547 write(Gbits/sec)=0.583 count=71204
   10 RR Total-Throughput read(Gbits/sec)=0.547 write(Gbits/sec)=0.583
   11 RR .0 min=13.57us avg=13.95us max=55.30us read(Gbits/sec)=0.547 write(Gbits/sec)=0.583 count=71197
   11 RR Total-Throughput read(Gbits/sec)=0.547 write(Gbits/sec)=0.583
   12 RR .0 min=13.82us avg=13.96us max=36.35us read(Gbits/sec)=0.547 write(Gbits/sec)=0.583 count=71165
   12 RR Total-Throughput read(Gbits/sec)=0.547 write(Gbits/sec)=0.583
   13 RR .0 min=13.57us avg=13.96us max=41.47us read(Gbits/sec)=0.547 write(Gbits/sec)=0.583 count=71168
   13 RR Total-Throughput read(Gbits/sec)=0.547 write(Gbits/sec)=0.583
   14 RR .0 min=13.82us avg=13.95us max=37.89us read(Gbits/sec)=0.547 write(Gbits/sec)=0.583 count=71183
   14 RR Total-Throughput read(Gbits/sec)=0.547 write(Gbits/sec)=0.583
   15 RR .0 min=13.82us avg=13.95us max=22.53us read(Gbits/sec)=0.547 write(Gbits/sec)=0.583 count=71191
   15 RR Total-Throughput read(Gbits/sec)=0.547 write(Gbits/sec)=0.583
   16 RR .0 min=13.82us avg=13.96us max=35.58us read(Gbits/sec)=0.547 write(Gbits/sec)=0.583 count=71184
   16 RR Total-Throughput read(Gbits/sec)=0.547 write(Gbits/sec)=0.583
   17 RR .0 min=13.82us avg=13.95us max=40.19us read(Gbits/sec)=0.547 write(Gbits/sec)=0.583 count=71184
   17 RR Total-Throughput read(Gbits/sec)=0.547 write(Gbits/sec)=0.583
   18 RR .0 min=13.82us avg=13.95us max=21.50us read(Gbits/sec)=0.547 write(Gbits/sec)=0.583 count=71189
   18 RR Total-Throughput read(Gbits/sec)=0.547 write(Gbits/sec)=0.583
   19 RR .0 min=13.82us avg=13.96us max=43.01us read(Gbits/sec)=0.547 write(Gbits/sec)=0.583 count=71174
   19 RR Total-Throughput read(Gbits/sec)=0.547 write(Gbits/sec)=0.583
   20 RR .0 min=13.82us avg=13.96us max=22.02us read(Gbits/sec)=0.547 write(Gbits/sec)=0.583 count=71162
   20 RR Total-Throughput read(Gbits/sec)=0.547 write(Gbits/sec)=0.583
   21 RR .0 min=13.82us avg=13.95us max=22.27us read(Gbits/sec)=0.547 write(Gbits/sec)=0.583 count=71181
   21 RR Total-Throughput read(Gbits/sec)=0.547 write(Gbits/sec)=0.583
   22 RR .0 min=13.82us avg=13.96us max=34.05us read(Gbits/sec)=0.547 write(Gbits/sec)=0.583 count=71180
   22 RR Total-Throughput read(Gbits/sec)=0.547 write(Gbits/sec)=0.583
   23 RR .0 min=13.82us avg=13.95us max=20.74us read(Gbits/sec)=0.547 write(Gbits/sec)=0.583 count=71187
   23 RR Total-Throughput read(Gbits/sec)=0.547 write(Gbits/sec)=0.583
   24 RR .0 min=13.82us avg=13.96us max=35.07us read(Gbits/sec)=0.547 write(Gbits/sec)=0.583 count=71174
   24 RR Total-Throughput read(Gbits/sec)=0.547 write(Gbits/sec)=0.583
   25 RR .0 min=13.82us avg=13.95us max=31.74us read(Gbits/sec)=0.547 write(Gbits/sec)=0.583 count=71179
   25 RR Total-Throughput read(Gbits/sec)=0.547 write(Gbits/sec)=0.583
   26 RR .0 min=13.82us avg=13.96us max=35.33us read(Gbits/sec)=0.547 write(Gbits/sec)=0.583 count=71173
   26 RR Total-Throughput read(Gbits/sec)=0.547 write(Gbits/sec)=0.583
   27 RR .0 min=13.82us avg=13.95us max=32.77us read(Gbits/sec)=0.547 write(Gbits/sec)=0.583 count=71190
   27 RR Total-Throughput read(Gbits/sec)=0.547 write(Gbits/sec)=0.583
   28 RR .0 min=13.82us avg=13.96us max=38.14us read(Gbits/sec)=0.547 write(Gbits/sec)=0.583 count=71173
   28 RR Total-Throughput read(Gbits/sec)=0.547 write(Gbits/sec)=0.583
   29 RR .0 min=13.82us avg=13.96us max=138.24us read(Gbits/sec)=0.547 write(Gbits/sec)=0.583 count=71159
   29 RR Total-Throughput read(Gbits/sec)=0.547 write(Gbits/sec)=0.583
   30 RR .0 min=13.82us avg=13.95us max=30.72us read(Gbits/sec)=0.547 write(Gbits/sec)=0.583 count=71196
   30 RR Total-Throughput read(Gbits/sec)=0.547 write(Gbits/sec)=0.583
   31 RR .0 min=13.82us avg=13.95us max=44.80us read(Gbits/sec)=0.547 write(Gbits/sec)=0.583 count=71196
   31 RR Total-Throughput read(Gbits/sec)=0.547 write(Gbits/sec)=0.583
   32 RR .0 min=13.82us avg=13.95us max=42.75us read(Gbits/sec)=0.547 write(Gbits/sec)=0.583 count=71194
   32 RR Total-Throughput read(Gbits/sec)=0.547 write(Gbits/sec)=0.583
   33 RR .0 min=13.82us avg=13.95us max=24.32us read(Gbits/sec)=0.547 write(Gbits/sec)=0.583 count=71184
   33 RR Total-Throughput read(Gbits/sec)=0.547 write(Gbits/sec)=0.583
   34 RR .0 min=13.82us avg=13.95us max=62.98us read(Gbits/sec)=0.547 write(Gbits/sec)=0.583 count=71181
   34 RR Total-Throughput read(Gbits/sec)=0.547 write(Gbits/sec)=0.583
   35 RR .0 min=13.82us avg=13.96us max=28.16us read(Gbits/sec)=0.547 write(Gbits/sec)=0.583 count=71165
   35 RR Total-Throughput read(Gbits/sec)=0.547 write(Gbits/sec)=0.583
   36 RR .0 min=13.82us avg=13.96us max=33.28us read(Gbits/sec)=0.547 write(Gbits/sec)=0.583 count=71163
   36 RR Total-Throughput read(Gbits/sec)=0.547 write(Gbits/sec)=0.583
   37 RR .0 min=13.57us avg=13.96us max=54.27us read(Gbits/sec)=0.546 write(Gbits/sec)=0.583 count=71157
   37 RR Total-Throughput read(Gbits/sec)=0.546 write(Gbits/sec)=0.583
   38 RR .0 min=13.82us avg=13.95us max=18.69us read(Gbits/sec)=0.547 write(Gbits/sec)=0.583 count=71192
   38 RR Total-Throughput read(Gbits/sec)=0.547 write(Gbits/sec)=0.583
   39 RR .0 min=13.82us avg=13.95us max=38.14us read(Gbits/sec)=0.547 write(Gbits/sec)=0.583 count=71179
   39 RR Total-Throughput read(Gbits/sec)=0.547 write(Gbits/sec)=0.583

---
 0 nr_conn=1 nr_zero_io_conn=0
exiting client: 0
