:: TPA_CFG='net { name=enp33s0f1np1; mac=38:25:f3:79:98:2f; ip=172.24.1.3; mask=255.255.255.0; gw=10.0.0.1; ip6=fe80::3a25:f3ff:fe79:982f/64; } dpdk { pci=0000:21:00.1; } tcp {tso = 0; } dpdk { socket-mem = 8192; mbuf_mem_size = 6GB; }'
:: cmd=/home/acclnode14/libtpa/build/bin/app/fperf -c 172.24.1.52 -p 2888 -S 0 -t rr -d 40 -n 1 -m 1024 -X 4096 -R 4032 -C 1 -Z 1 -K 0 -L 1 -D /tmp/fexmube6iu
EAL: Detected CPU lcores: 64
EAL: Detected NUMA nodes: 1
EAL: Detected static linkage of DPDK
EAL: Selected IOVA mode 'VA'
EAL: Probe PCI driver: mlx5_pci (15b3:101d) device: 0000:21:00.1 (socket 0)
    0 RR .0 min=35.07us avg=35.52us max=60.42us read(Gbits/sec)=0.890 write(Gbits/sec)=0.904 count=27579
    0 RR Total-Throughput read(Gbits/sec)=0.890 write(Gbits/sec)=0.904
    1 RR .0 min=35.07us avg=35.28us max=57.86us read(Gbits/sec)=0.910 write(Gbits/sec)=0.924 count=28204
    1 RR Total-Throughput read(Gbits/sec)=0.910 write(Gbits/sec)=0.924
    2 RR .0 min=35.07us avg=35.28us max=61.44us read(Gbits/sec)=0.910 write(Gbits/sec)=0.924 count=28210
    2 RR Total-Throughput read(Gbits/sec)=0.910 write(Gbits/sec)=0.924
    3 RR .0 min=35.07us avg=35.28us max=45.31us read(Gbits/sec)=0.910 write(Gbits/sec)=0.924 count=28208
    3 RR Total-Throughput read(Gbits/sec)=0.910 write(Gbits/sec)=0.924
    4 RR .0 min=35.07us avg=35.28us max=40.19us read(Gbits/sec)=0.910 write(Gbits/sec)=0.924 count=28205
    4 RR Total-Throughput read(Gbits/sec)=0.910 write(Gbits/sec)=0.924
    5 RR .0 min=35.07us avg=35.28us max=53.76us read(Gbits/sec)=0.910 write(Gbits/sec)=0.924 count=28208
    5 RR Total-Throughput read(Gbits/sec)=0.910 write(Gbits/sec)=0.924
    6 RR .0 min=35.07us avg=35.28us max=40.45us read(Gbits/sec)=0.910 write(Gbits/sec)=0.924 count=28208
    6 RR Total-Throughput read(Gbits/sec)=0.910 write(Gbits/sec)=0.924
    7 RR .0 min=35.07us avg=35.28us max=62.21us read(Gbits/sec)=0.910 write(Gbits/sec)=0.924 count=28209
    7 RR Total-Throughput read(Gbits/sec)=0.910 write(Gbits/sec)=0.924
    8 RR .0 min=35.07us avg=35.28us max=56.83us read(Gbits/sec)=0.910 write(Gbits/sec)=0.924 count=28210
    8 RR Total-Throughput read(Gbits/sec)=0.910 write(Gbits/sec)=0.924
    9 RR .0 min=35.07us avg=35.28us max=40.19us read(Gbits/sec)=0.910 write(Gbits/sec)=0.924 count=28211
    9 RR Total-Throughput read(Gbits/sec)=0.910 write(Gbits/sec)=0.924
   10 RR .0 min=35.07us avg=35.28us max=59.65us read(Gbits/sec)=0.910 write(Gbits/sec)=0.924 count=28206
   10 RR Total-Throughput read(Gbits/sec)=0.910 write(Gbits/sec)=0.924
   11 RR .0 min=35.07us avg=35.28us max=55.55us read(Gbits/sec)=0.910 write(Gbits/sec)=0.924 count=28208
   11 RR Total-Throughput read(Gbits/sec)=0.910 write(Gbits/sec)=0.924
   12 RR .0 min=35.07us avg=35.29us max=61.70us read(Gbits/sec)=0.910 write(Gbits/sec)=0.924 count=28200
   12 RR Total-Throughput read(Gbits/sec)=0.910 write(Gbits/sec)=0.924
   13 RR .0 min=35.07us avg=35.28us max=46.34us read(Gbits/sec)=0.910 write(Gbits/sec)=0.924 count=28209
   13 RR Total-Throughput read(Gbits/sec)=0.910 write(Gbits/sec)=0.924
   14 RR .0 min=35.07us avg=35.28us max=58.11us read(Gbits/sec)=0.910 write(Gbits/sec)=0.924 count=28208
   14 RR Total-Throughput read(Gbits/sec)=0.910 write(Gbits/sec)=0.924
   15 RR .0 min=35.07us avg=35.28us max=55.04us read(Gbits/sec)=0.910 write(Gbits/sec)=0.924 count=28207
   15 RR Total-Throughput read(Gbits/sec)=0.910 write(Gbits/sec)=0.924
   16 RR .0 min=35.07us avg=35.28us max=43.52us read(Gbits/sec)=0.910 write(Gbits/sec)=0.924 count=28210
   16 RR Total-Throughput read(Gbits/sec)=0.910 write(Gbits/sec)=0.924
   17 RR .0 min=35.07us avg=35.28us max=61.18us read(Gbits/sec)=0.910 write(Gbits/sec)=0.924 count=28209
   17 RR Total-Throughput read(Gbits/sec)=0.910 write(Gbits/sec)=0.924
   18 RR .0 min=35.07us avg=35.28us max=41.98us read(Gbits/sec)=0.910 write(Gbits/sec)=0.924 count=28208
   18 RR Total-Throughput read(Gbits/sec)=0.910 write(Gbits/sec)=0.924
   19 RR .0 min=35.07us avg=35.28us max=58.37us read(Gbits/sec)=0.910 write(Gbits/sec)=0.924 count=28207
   19 RR Total-Throughput read(Gbits/sec)=0.910 write(Gbits/sec)=0.924
   20 RR .0 min=35.07us avg=35.29us max=58.88us read(Gbits/sec)=0.910 write(Gbits/sec)=0.924 count=28203
   20 RR Total-Throughput read(Gbits/sec)=0.910 write(Gbits/sec)=0.924
   21 RR .0 min=35.07us avg=35.28us max=47.62us read(Gbits/sec)=0.910 write(Gbits/sec)=0.924 count=28210
   21 RR Total-Throughput read(Gbits/sec)=0.910 write(Gbits/sec)=0.924
   22 RR .0 min=35.07us avg=35.28us max=50.69us read(Gbits/sec)=0.910 write(Gbits/sec)=0.924 count=28209
   22 RR Total-Throughput read(Gbits/sec)=0.910 write(Gbits/sec)=0.924
   23 RR .0 min=35.07us avg=35.28us max=45.06us read(Gbits/sec)=0.910 write(Gbits/sec)=0.924 count=28210
   23 RR Total-Throughput read(Gbits/sec)=0.910 write(Gbits/sec)=0.924
   24 RR .0 min=35.07us avg=35.28us max=52.74us read(Gbits/sec)=0.910 write(Gbits/sec)=0.924 count=28206
   24 RR Total-Throughput read(Gbits/sec)=0.910 write(Gbits/sec)=0.924
   25 RR .0 min=35.07us avg=35.28us max=76.03us read(Gbits/sec)=0.910 write(Gbits/sec)=0.924 count=28209
   25 RR Total-Throughput read(Gbits/sec)=0.910 write(Gbits/sec)=0.924
   26 RR .0 min=35.07us avg=35.28us max=41.47us read(Gbits/sec)=0.910 write(Gbits/sec)=0.924 count=28207
   26 RR Total-Throughput read(Gbits/sec)=0.910 write(Gbits/sec)=0.924
   27 RR .0 min=35.07us avg=35.28us max=48.64us read(Gbits/sec)=0.910 write(Gbits/sec)=0.924 count=28211
   27 RR Total-Throughput read(Gbits/sec)=0.910 write(Gbits/sec)=0.924
   28 RR .0 min=35.07us avg=35.27us max=47.10us read(Gbits/sec)=0.910 write(Gbits/sec)=0.924 count=28213
   28 RR Total-Throughput read(Gbits/sec)=0.910 write(Gbits/sec)=0.924
   29 RR .0 min=35.07us avg=35.28us max=139.52us read(Gbits/sec)=0.910 write(Gbits/sec)=0.924 count=28206
   29 RR Total-Throughput read(Gbits/sec)=0.910 write(Gbits/sec)=0.924
   30 RR .0 min=35.07us avg=35.28us max=47.87us read(Gbits/sec)=0.910 write(Gbits/sec)=0.924 count=28204
   30 RR Total-Throughput read(Gbits/sec)=0.910 write(Gbits/sec)=0.924
   31 RR .0 min=35.07us avg=35.28us max=49.92us read(Gbits/sec)=0.910 write(Gbits/sec)=0.924 count=28211
   31 RR Total-Throughput read(Gbits/sec)=0.910 write(Gbits/sec)=0.924
   32 RR .0 min=35.07us avg=35.28us max=54.02us read(Gbits/sec)=0.910 write(Gbits/sec)=0.924 count=28210
   32 RR Total-Throughput read(Gbits/sec)=0.910 write(Gbits/sec)=0.924
   33 RR .0 min=35.07us avg=35.28us max=41.98us read(Gbits/sec)=0.910 write(Gbits/sec)=0.924 count=28211
   33 RR Total-Throughput read(Gbits/sec)=0.910 write(Gbits/sec)=0.924
   34 RR .0 min=35.07us avg=35.28us max=69.89us read(Gbits/sec)=0.910 write(Gbits/sec)=0.924 count=28208
   34 RR Total-Throughput read(Gbits/sec)=0.910 write(Gbits/sec)=0.924
   35 RR .0 min=35.07us avg=35.28us max=62.46us read(Gbits/sec)=0.910 write(Gbits/sec)=0.924 count=28206
   35 RR Total-Throughput read(Gbits/sec)=0.910 write(Gbits/sec)=0.924
   36 RR .0 min=35.07us avg=35.28us max=42.75us read(Gbits/sec)=0.910 write(Gbits/sec)=0.924 count=28207
   36 RR Total-Throughput read(Gbits/sec)=0.910 write(Gbits/sec)=0.924
   37 RR .0 min=35.07us avg=35.28us max=46.34us read(Gbits/sec)=0.910 write(Gbits/sec)=0.924 count=28203
   37 RR Total-Throughput read(Gbits/sec)=0.910 write(Gbits/sec)=0.924
   38 RR .0 min=35.07us avg=35.27us max=41.47us read(Gbits/sec)=0.910 write(Gbits/sec)=0.924 count=28213
   38 RR Total-Throughput read(Gbits/sec)=0.910 write(Gbits/sec)=0.924
   39 RR .0 min=35.07us avg=35.27us max=43.26us read(Gbits/sec)=0.910 write(Gbits/sec)=0.924 count=28213
   39 RR Total-Throughput read(Gbits/sec)=0.910 write(Gbits/sec)=0.924

---
 0 nr_conn=1 nr_zero_io_conn=0
exiting client: 0
