:: TPA_CFG='net { name=enp33s0f1np1; mac=38:25:f3:79:98:2f; ip=172.24.1.3; mask=255.255.255.0; gw=10.0.0.1; ip6=fe80::3a25:f3ff:fe79:982f/64; } dpdk { pci=0000:21:00.1; } tcp {tso = 0; } dpdk { socket-mem = 8192; mbuf_mem_size = 6GB; }'
:: cmd=/home/acclnode14/libtpa/build/bin/app/fperf -c 172.24.1.52 -p 2888 -S 0 -t rr -d 40 -n 1 -m 1024 -X 2048 -R 64 -C 1 -Z 1 -K 0 -L 1 -D /tmp/fesepd544k
EAL: Detected CPU lcores: 64
EAL: Detected NUMA nodes: 1
EAL: Detected static linkage of DPDK
EAL: Selected IOVA mode 'VA'
EAL: Probe PCI driver: mlx5_pci (15b3:101d) device: 0000:21:00.1 (socket 0)
    0 RR .0 min=9.98us avg=10.46us max=31.74us read(Gbits/sec)=0.048 write(Gbits/sec)=1.524 count=93008
    0 RR Total-Throughput read(Gbits/sec)=0.048 write(Gbits/sec)=1.524
    1 RR .0 min=9.98us avg=10.36us max=31.74us read(Gbits/sec)=0.049 write(Gbits/sec)=1.564 count=95467
    1 RR Total-Throughput read(Gbits/sec)=0.049 write(Gbits/sec)=1.564
    2 RR .0 min=9.98us avg=10.36us max=38.40us read(Gbits/sec)=0.049 write(Gbits/sec)=1.564 count=95464
    2 RR Total-Throughput read(Gbits/sec)=0.049 write(Gbits/sec)=1.564
    3 RR .0 min=9.98us avg=10.36us max=21.25us read(Gbits/sec)=0.049 write(Gbits/sec)=1.564 count=95461
    3 RR Total-Throughput read(Gbits/sec)=0.049 write(Gbits/sec)=1.564
    4 RR .0 min=9.98us avg=10.36us max=39.17us read(Gbits/sec)=0.049 write(Gbits/sec)=1.564 count=95462
    4 RR Total-Throughput read(Gbits/sec)=0.049 write(Gbits/sec)=1.564
    5 RR .0 min=9.98us avg=10.36us max=29.44us read(Gbits/sec)=0.049 write(Gbits/sec)=1.563 count=95419
    5 RR Total-Throughput read(Gbits/sec)=0.049 write(Gbits/sec)=1.563
    6 RR .0 min=9.98us avg=10.36us max=39.68us read(Gbits/sec)=0.049 write(Gbits/sec)=1.564 count=95464
    6 RR Total-Throughput read(Gbits/sec)=0.049 write(Gbits/sec)=1.564
    7 RR .0 min=9.98us avg=10.36us max=25.60us read(Gbits/sec)=0.049 write(Gbits/sec)=1.564 count=95467
    7 RR Total-Throughput read(Gbits/sec)=0.049 write(Gbits/sec)=1.564
    8 RR .0 min=9.98us avg=10.35us max=28.67us read(Gbits/sec)=0.049 write(Gbits/sec)=1.564 count=95474
    8 RR Total-Throughput read(Gbits/sec)=0.049 write(Gbits/sec)=1.564
    9 RR .0 min=9.98us avg=10.36us max=33.02us read(Gbits/sec)=0.049 write(Gbits/sec)=1.564 count=95470
    9 RR Total-Throughput read(Gbits/sec)=0.049 write(Gbits/sec)=1.564
   10 RR .0 min=9.98us avg=10.36us max=35.58us read(Gbits/sec)=0.049 write(Gbits/sec)=1.564 count=95469
   10 RR Total-Throughput read(Gbits/sec)=0.049 write(Gbits/sec)=1.564
   11 RR .0 min=9.98us avg=10.36us max=27.65us read(Gbits/sec)=0.049 write(Gbits/sec)=1.564 count=95462
   11 RR Total-Throughput read(Gbits/sec)=0.049 write(Gbits/sec)=1.564
   12 RR .0 min=9.98us avg=10.36us max=57.60us read(Gbits/sec)=0.049 write(Gbits/sec)=1.563 count=95425
   12 RR Total-Throughput read(Gbits/sec)=0.049 write(Gbits/sec)=1.563
   13 RR .0 min=9.98us avg=10.36us max=27.39us read(Gbits/sec)=0.049 write(Gbits/sec)=1.563 count=95407
   13 RR Total-Throughput read(Gbits/sec)=0.049 write(Gbits/sec)=1.563
   14 RR .0 min=9.98us avg=10.36us max=27.65us read(Gbits/sec)=0.049 write(Gbits/sec)=1.564 count=95455
   14 RR Total-Throughput read(Gbits/sec)=0.049 write(Gbits/sec)=1.564
   15 RR .0 min=9.98us avg=10.36us max=33.02us read(Gbits/sec)=0.049 write(Gbits/sec)=1.564 count=95467
   15 RR Total-Throughput read(Gbits/sec)=0.049 write(Gbits/sec)=1.564
   16 RR .0 min=9.98us avg=10.36us max=33.02us read(Gbits/sec)=0.049 write(Gbits/sec)=1.564 count=95467
   16 RR Total-Throughput read(Gbits/sec)=0.049 write(Gbits/sec)=1.564
   17 RR .0 min=9.98us avg=10.36us max=34.82us read(Gbits/sec)=0.049 write(Gbits/sec)=1.564 count=95464
   17 RR Total-Throughput read(Gbits/sec)=0.049 write(Gbits/sec)=1.564
   18 RR .0 min=9.98us avg=10.36us max=23.30us read(Gbits/sec)=0.049 write(Gbits/sec)=1.564 count=95462
   18 RR Total-Throughput read(Gbits/sec)=0.049 write(Gbits/sec)=1.564
   19 RR .0 min=9.98us avg=10.36us max=33.28us read(Gbits/sec)=0.049 write(Gbits/sec)=1.564 count=95465
   19 RR Total-Throughput read(Gbits/sec)=0.049 write(Gbits/sec)=1.564
   20 RR .0 min=9.98us avg=10.36us max=33.79us read(Gbits/sec)=0.049 write(Gbits/sec)=1.564 count=95463
   20 RR Total-Throughput read(Gbits/sec)=0.049 write(Gbits/sec)=1.564
   21 RR .0 min=9.98us avg=10.36us max=25.86us read(Gbits/sec)=0.049 write(Gbits/sec)=1.563 count=95427
   21 RR Total-Throughput read(Gbits/sec)=0.049 write(Gbits/sec)=1.563
   22 RR .0 min=9.98us avg=10.36us max=36.10us read(Gbits/sec)=0.049 write(Gbits/sec)=1.564 count=95457
   22 RR Total-Throughput read(Gbits/sec)=0.049 write(Gbits/sec)=1.564
   23 RR .0 min=9.98us avg=10.36us max=34.56us read(Gbits/sec)=0.049 write(Gbits/sec)=1.564 count=95457
   23 RR Total-Throughput read(Gbits/sec)=0.049 write(Gbits/sec)=1.564
   24 RR .0 min=9.98us avg=10.36us max=19.97us read(Gbits/sec)=0.049 write(Gbits/sec)=1.564 count=95455
   24 RR Total-Throughput read(Gbits/sec)=0.049 write(Gbits/sec)=1.564
   25 RR .0 min=9.98us avg=10.36us max=30.72us read(Gbits/sec)=0.049 write(Gbits/sec)=1.564 count=95444
   25 RR Total-Throughput read(Gbits/sec)=0.049 write(Gbits/sec)=1.564
   26 RR .0 min=9.98us avg=10.36us max=25.60us read(Gbits/sec)=0.049 write(Gbits/sec)=1.564 count=95443
   26 RR Total-Throughput read(Gbits/sec)=0.049 write(Gbits/sec)=1.564
   27 RR .0 min=9.98us avg=10.36us max=22.27us read(Gbits/sec)=0.049 write(Gbits/sec)=1.563 count=95421
   27 RR Total-Throughput read(Gbits/sec)=0.049 write(Gbits/sec)=1.563
   28 RR .0 min=9.98us avg=10.36us max=50.94us read(Gbits/sec)=0.049 write(Gbits/sec)=1.564 count=95444
   28 RR Total-Throughput read(Gbits/sec)=0.049 write(Gbits/sec)=1.564
   29 RR .0 min=9.98us avg=10.36us max=105.73us read(Gbits/sec)=0.049 write(Gbits/sec)=1.563 count=95414
   29 RR Total-Throughput read(Gbits/sec)=0.049 write(Gbits/sec)=1.563
   30 RR .0 min=9.98us avg=10.36us max=32.51us read(Gbits/sec)=0.049 write(Gbits/sec)=1.564 count=95463
   30 RR Total-Throughput read(Gbits/sec)=0.049 write(Gbits/sec)=1.564
   31 RR .0 min=9.98us avg=10.36us max=28.93us read(Gbits/sec)=0.049 write(Gbits/sec)=1.564 count=95459
   31 RR Total-Throughput read(Gbits/sec)=0.049 write(Gbits/sec)=1.564
   32 RR .0 min=9.98us avg=10.36us max=33.79us read(Gbits/sec)=0.049 write(Gbits/sec)=1.564 count=95447
   32 RR Total-Throughput read(Gbits/sec)=0.049 write(Gbits/sec)=1.564
   33 RR .0 min=9.98us avg=10.36us max=29.18us read(Gbits/sec)=0.049 write(Gbits/sec)=1.564 count=95452
   33 RR Total-Throughput read(Gbits/sec)=0.049 write(Gbits/sec)=1.564
   34 RR .0 min=9.98us avg=10.36us max=27.90us read(Gbits/sec)=0.049 write(Gbits/sec)=1.564 count=95454
   34 RR Total-Throughput read(Gbits/sec)=0.049 write(Gbits/sec)=1.564
   35 RR .0 min=9.98us avg=10.36us max=37.63us read(Gbits/sec)=0.049 write(Gbits/sec)=1.563 count=95417
   35 RR Total-Throughput read(Gbits/sec)=0.049 write(Gbits/sec)=1.563
   36 RR .0 min=9.98us avg=10.36us max=33.54us read(Gbits/sec)=0.049 write(Gbits/sec)=1.566 count=95581
   36 RR Total-Throughput read(Gbits/sec)=0.049 write(Gbits/sec)=1.566
   37 RR .0 min=9.98us avg=10.35us max=31.23us read(Gbits/sec)=0.049 write(Gbits/sec)=1.571 count=95870
   37 RR Total-Throughput read(Gbits/sec)=0.049 write(Gbits/sec)=1.571
   38 RR .0 min=9.98us avg=10.35us max=23.04us read(Gbits/sec)=0.049 write(Gbits/sec)=1.571 count=95903
   38 RR Total-Throughput read(Gbits/sec)=0.049 write(Gbits/sec)=1.571
   39 RR .0 min=9.98us avg=10.35us max=50.18us read(Gbits/sec)=0.049 write(Gbits/sec)=1.571 count=95894
   39 RR Total-Throughput read(Gbits/sec)=0.049 write(Gbits/sec)=1.571

---
 0 nr_conn=1 nr_zero_io_conn=0
exiting client: 0
